[   11461ms] [WARNING] [2026-09-04T12:40:02.296Z]  @firebase/auth: Auth (12.6.0): Error while retrieving App Check token: FirebaseError: AppCheck: ReCAPTCHA error. (appCheck/recaptcha-error). @ https://outrun.co.il/_next/static/chunks/2532-16f59635ee5a761a.js:14
[   11854ms] [WARNING] [2026-09-04T12:40:02.690Z]  @firebase/auth: Auth (12.6.0): Error while retrieving App Check token: FirebaseError: AppCheck: ReCAPTCHA error. (appCheck/recaptcha-error). @ https://outrun.co.il/_next/static/chunks/2532-16f59635ee5a761a.js:14
[   12270ms] [WARNING] [2026-09-04T12:40:03.105Z]  @firebase/auth: Auth (12.6.0): Error while retrieving App Check token: FirebaseError: AppCheck: ReCAPTCHA error. (appCheck/recaptcha-error). @ https://outrun.co.il/_next/static/chunks/2532-16f59635ee5a761a.js:14
[   12270ms] [WARNING] [2026-09-04T12:40:03.105Z]  @firebase/auth: Auth (12.6.0): Error while retrieving App Check token: FirebaseError: AppCheck: ReCAPTCHA error. (appCheck/recaptcha-error). @ https://outrun.co.il/_next/static/chunks/2532-16f59635ee5a761a.js:14
[   12887ms] [LOG] [getAuthoritiesByManager] Super Admin — returning all 79 top-level authorities @ https://outrun.co.il/_next/static/chunks/7034-b1a93b0ebc513a87.js:0
[   14135ms] [LOG] [getAuthoritiesByManager] Super Admin — returning all 79 top-level authorities @ https://outrun.co.il/_next/static/chunks/7034-b1a93b0ebc513a87.js:0
[   14897ms] [LOG] [getAuthoritiesByManager] Super Admin — returning all 79 top-level authorities @ https://outrun.co.il/_next/static/chunks/7034-b1a93b0ebc513a87.js:0
[   17202ms] [LOG] [getAuthoritiesByManager] Super Admin — returning all 79 top-level authorities @ https://outrun.co.il/_next/static/chunks/7034-b1a93b0ebc513a87.js:0
[   17296ms] [LOG] [getAuthoritiesByManager] Super Admin — returning all 79 top-level authorities @ https://outrun.co.il/_next/static/chunks/7034-b1a93b0ebc513a87.js:0
[   43844ms] [LOG] [getAuthoritiesByManager] Super Admin — returning all 79 top-level authorities @ https://outrun.co.il/_next/static/chunks/7034-b1a93b0ebc513a87.js:0
[   55800ms] [LOG] [getAuthoritiesByManager] Super Admin — returning all 79 top-level authorities @ https://outrun.co.il/_next/static/chunks/7034-b1a93b0ebc513a87.js:0
[ 2183106ms] [LOG] [getAuthoritiesByManager] Super Admin — returning all 79 top-level authorities @ https://outrun.co.il/_next/static/chunks/7034-b1a93b0ebc513a87.js:0
[ 3014857ms] [WARNING] [2026-09-04T13:30:05.688Z]  @firebase/auth: Auth (12.6.0): Error while retrieving App Check token: FirebaseError: AppCheck: ReCAPTCHA error. (appCheck/recaptcha-error). @ https://outrun.co.il/_next/static/chunks/2532-16f59635ee5a761a.js:14
[ 3311942ms] [WARNING] [2026-09-04T13:35:02.778Z]  @firebase/auth: Auth (12.6.0): Error while retrieving App Check token: FirebaseError: AppCheck: ReCAPTCHA error. (appCheck/recaptcha-error). @ https://outrun.co.il/_next/static/chunks/2532-16f59635ee5a761a.js:14
[ 3312354ms] [WARNING] [2026-09-04T13:35:03.190Z]  @firebase/auth: Auth (12.6.0): Error while retrieving App Check token: FirebaseError: AppCheck: ReCAPTCHA error. (appCheck/recaptcha-error). @ https://outrun.co.il/_next/static/chunks/2532-16f59635ee5a761a.js:14
[ 6014813ms] [WARNING] [2026-09-04T14:20:05.645Z]  @firebase/auth: Auth (12.6.0): Error while retrieving App Check token: FirebaseError: AppCheck: ReCAPTCHA error. (appCheck/recaptcha-error). @ https://outrun.co.il/_next/static/chunks/2532-16f59635ee5a761a.js:14
[ 6612230ms] [WARNING] [2026-09-04T14:30:03.065Z]  @firebase/auth: Auth (12.6.0): Error while retrieving App Check token: FirebaseError: AppCheck: ReCAPTCHA error. (appCheck/recaptcha-error). @ https://outrun.co.il/_next/static/chunks/2532-16f59635ee5a761a.js:14
[ 6614441ms] [WARNING] [2026-09-04T14:30:05.276Z]  @firebase/auth: Auth (12.6.0): Error while retrieving App Check token: FirebaseError: AppCheck: ReCAPTCHA error. (appCheck/recaptcha-error). @ https://outrun.co.il/_next/static/chunks/2532-16f59635ee5a761a.js:14
[ 7663433ms] [ERROR] Failed to load resource: the server responded with a status of 404 () @ https://outrun.co.il/admin/unreachable-exercises:0
[ 7664251ms] [WARNING] [2026-09-04T14:47:35.087Z]  @firebase/auth: Auth (12.6.0): Error while retrieving App Check token: FirebaseError: AppCheck: ReCAPTCHA error. (appCheck/recaptcha-error). @ https://outrun.co.il/_next/static/chunks/2532-16f59635ee5a761a.js:14
[ 7667719ms] [ERROR] Failed to load resource: the server responded with a status of 404 () @ https://outrun.co.il/admin/unreachable-exercises:0
[ 7667934ms] [WARNING] [2026-09-04T14:47:38.769Z]  @firebase/auth: Auth (12.6.0): Error while retrieving App Check token: FirebaseError: AppCheck: ReCAPTCHA error. (appCheck/recaptcha-error). @ https://outrun.co.il/_next/static/chunks/2532-16f59635ee5a761a.js:14
[ 8698628ms] [WARNING] [2026-09-04T15:04:49.463Z]  @firebase/auth: Auth (12.6.0): Error while retrieving App Check token: FirebaseError: AppCheck: ReCAPTCHA error. (appCheck/recaptcha-error). @ https://outrun.co.il/_next/static/chunks/2532-16f59635ee5a761a.js:14
[ 8698993ms] [WARNING] [2026-09-04T15:04:49.828Z]  @firebase/auth: Auth (12.6.0): Error while retrieving App Check token: FirebaseError: AppCheck: ReCAPTCHA error. (appCheck/recaptcha-error). @ https://outrun.co.il/_next/static/chunks/2532-16f59635ee5a761a.js:14
[ 8698993ms] [WARNING] [2026-09-04T15:04:49.828Z]  @firebase/auth: Auth (12.6.0): Error while retrieving App Check token: FirebaseError: AppCheck: ReCAPTCHA error. (appCheck/recaptcha-error). @ https://outrun.co.il/_next/static/chunks/2532-16f59635ee5a761a.js:14
[ 8700754ms] [LOG] [getAuthoritiesByManager] Super Admin — returning all 79 top-level authorities @ https://outrun.co.il/_next/static/chunks/7034-b1a93b0ebc513a87.js:0
[ 8701753ms] [LOG] [getAuthoritiesByManager] Super Admin — returning all 79 top-level authorities @ https://outrun.co.il/_next/static/chunks/7034-b1a93b0ebc513a87.js:0
[ 8702619ms] [LOG] [getAuthoritiesByManager] Super Admin — returning all 79 top-level authorities @ https://outrun.co.il/_next/static/chunks/7034-b1a93b0ebc513a87.js:0
[ 8704264ms] [LOG] [getAuthoritiesByManager] Super Admin — returning all 79 top-level authorities @ https://outrun.co.il/_next/static/chunks/7034-b1a93b0ebc513a87.js:0
[ 8704431ms] [LOG] [getAuthoritiesByManager] Super Admin — returning all 79 top-level authorities @ https://outrun.co.il/_next/static/chunks/7034-b1a93b0ebc513a87.js:0
[ 8707543ms] [LOG] [getAuthoritiesByManager] Super Admin — returning all 79 top-level authorities @ https://outrun.co.il/_next/static/chunks/7034-b1a93b0ebc513a87.js:0
[ 9914790ms] [WARNING] [2026-09-04T15:25:05.622Z]  @firebase/auth: Auth (12.6.0): Error while retrieving App Check token: FirebaseError: AppCheck: ReCAPTCHA error. (appCheck/recaptcha-error). @ https://outrun.co.il/_next/static/chunks/2532-16f59635ee5a761a.js:14
[11701229ms] [WARNING] [2026-09-04T15:54:52.063Z]  @firebase/auth: Auth (12.6.0): Error while retrieving App Check token: FirebaseError: AppCheck: ReCAPTCHA error. (appCheck/recaptcha-error). @ https://outrun.co.il/_next/static/chunks/2532-16f59635ee5a761a.js:14
[11999111ms] [WARNING] [2026-09-04T15:59:49.943Z]  @firebase/auth: Auth (12.6.0): Error while retrieving App Check token: FirebaseError: AppCheck: ReCAPTCHA error. (appCheck/recaptcha-error). @ https://outrun.co.il/_next/static/chunks/2532-16f59635ee5a761a.js:14
