[    4300ms] [INFO] %cDownload the React DevTools for a better development experience: https://reactjs.org/link/react-devtools font-weight:bold @ webpack-internal:///(app-pages-browser)/./node_modules/next/dist/compiled/react-dom/cjs/react-dom.development.js:38559
[    5631ms] [INFO] [firebase] App Check bypass: hostname="localhost" treated as local development. initializeAppCheck() will NOT be invoked — this prevents reCAPTCHA Enterprise 403s from crashing the Firestore snapshot listener. Set NEXT_PUBLIC_APP_CHECK_DEBUG_TOKEN to a token registered in the Firebase console (App Check → Apps → Manage debug tokens) if you need a real App Check handshake. @ webpack-internal:///(app-pages-browser)/./src/lib/firebase.ts:135
[    6092ms] [LOG] [A2-SPIKE][useGPS] hook mounted {isNative: false, callSite: useMapLogic.ts} @ webpack-internal:///(app-pages-browser)/./src/features/parks/core/hooks/useGPS.ts:156
[    6094ms] [LOG] [A2-SPIKE][useGPS] watch-effect run {simulationActive: false, gpsPaused: false, isForeground: true, workoutActive: false, sessionStatus: idle} @ webpack-internal:///(app-pages-browser)/./src/features/parks/core/hooks/useGPS.ts:240
[    6095ms] [LOG] [PresenceHeartbeat] mount OK — heartbeat will tick now and every 2 min {userId: jny2lmdOcfXOE0yVKUVIf63fZKD2, currentLocation: null, privacyMode: ghost, ageGroup: adult} @ webpack-internal:///(app-pages-browser)/./src/features/safecity/hooks/usePresenceLayer.ts:228
[    6095ms] [LOG] [PresenceHeartbeat] dev fallback location active (Tel Aviv) — tick 1 @ webpack-internal:///(app-pages-browser)/./src/features/safecity/hooks/usePresenceLayer.ts:258
[    6095ms] [LOG] [PresenceHeartbeat] tick WRITING presence {tickCount: 1, uid: jny2lmdOcfXOE0yVKUVIf63fZKD2, mode: ghost, liveGroupId: null, ageGroup: adult} @ webpack-internal:///(app-pages-browser)/./src/features/safecity/hooks/usePresenceLayer.ts:315
[    6096ms] [LOG] [Presence.updatePresence] mode=ghost → clearPresence (deleting doc) {uid: jny2lmdOcfXOE0yVKUVIf63fZKD2} @ webpack-internal:///(app-pages-browser)/./src/features/safecity/services/presence.service.ts:91
[    6096ms] [LOG] [PresenceHeartbeat] dev fallback location active (Tel Aviv) — tick 2 @ webpack-internal:///(app-pages-browser)/./src/features/safecity/hooks/usePresenceLayer.ts:258
[    6096ms] [LOG] [PresenceHeartbeat] tick WRITING presence {tickCount: 2, uid: jny2lmdOcfXOE0yVKUVIf63fZKD2, mode: ghost, liveGroupId: null, ageGroup: adult} @ webpack-internal:///(app-pages-browser)/./src/features/safecity/hooks/usePresenceLayer.ts:315
[    6096ms] [LOG] [Presence.updatePresence] mode=ghost → clearPresence (deleting doc) {uid: jny2lmdOcfXOE0yVKUVIf63fZKD2} @ webpack-internal:///(app-pages-browser)/./src/features/safecity/services/presence.service.ts:91
[    6096ms] [LOG] [useGroupPresence] subscribe {currentUid: null, groupSessionId: null} @ webpack-internal:///(app-pages-browser)/./src/features/parks/core/hooks/useGroupPresence.ts:207
[    6097ms] [LOG] [MapShell] mode= discover isWorkoutActive= false runMode= plan @ webpack-internal:///(app-pages-browser)/./src/app/map/MapShell.tsx:357
[    6097ms] [LOG] [A2-SPIKE][useGPS] hook UNMOUNTED @ webpack-internal:///(app-pages-browser)/./src/features/parks/core/hooks/useGPS.ts:161
[    6097ms] [LOG] [PresenceHeartbeat] unmount — stopping heartbeat + clearing presence {userId: jny2lmdOcfXOE0yVKUVIf63fZKD2} @ webpack-internal:///(app-pages-browser)/./src/features/safecity/hooks/usePresenceLayer.ts:346
[    6098ms] [LOG] [A2-SPIKE][useGPS] hook mounted {isNative: false, callSite: useMapLogic.ts} @ webpack-internal:///(app-pages-browser)/./src/features/parks/core/hooks/useGPS.ts:156
[    6098ms] [LOG] [A2-SPIKE][useGPS] watch-effect run {simulationActive: false, gpsPaused: false, isForeground: true, workoutActive: false, sessionStatus: idle} @ webpack-internal:///(app-pages-browser)/./src/features/parks/core/hooks/useGPS.ts:240
[    6098ms] [LOG] [PresenceHeartbeat] mount OK — heartbeat will tick now and every 2 min {userId: jny2lmdOcfXOE0yVKUVIf63fZKD2, currentLocation: null, privacyMode: ghost, ageGroup: adult} @ webpack-internal:///(app-pages-browser)/./src/features/safecity/hooks/usePresenceLayer.ts:228
[    6098ms] [LOG] [PresenceHeartbeat] dev fallback location active (Tel Aviv) — tick 1 @ webpack-internal:///(app-pages-browser)/./src/features/safecity/hooks/usePresenceLayer.ts:258
[    6098ms] [LOG] [PresenceHeartbeat] tick WRITING presence {tickCount: 1, uid: jny2lmdOcfXOE0yVKUVIf63fZKD2, mode: ghost, liveGroupId: null, ageGroup: adult} @ webpack-internal:///(app-pages-browser)/./src/features/safecity/hooks/usePresenceLayer.ts:315
[    6098ms] [LOG] [Presence.updatePresence] mode=ghost → clearPresence (deleting doc) {uid: jny2lmdOcfXOE0yVKUVIf63fZKD2} @ webpack-internal:///(app-pages-browser)/./src/features/safecity/services/presence.service.ts:91
[    6098ms] [LOG] [PresenceHeartbeat] dev fallback location active (Tel Aviv) — tick 2 @ webpack-internal:///(app-pages-browser)/./src/features/safecity/hooks/usePresenceLayer.ts:258
[    6098ms] [LOG] [PresenceHeartbeat] tick WRITING presence {tickCount: 2, uid: jny2lmdOcfXOE0yVKUVIf63fZKD2, mode: ghost, liveGroupId: null, ageGroup: adult} @ webpack-internal:///(app-pages-browser)/./src/features/safecity/hooks/usePresenceLayer.ts:315
[    6098ms] [LOG] [Presence.updatePresence] mode=ghost → clearPresence (deleting doc) {uid: jny2lmdOcfXOE0yVKUVIf63fZKD2} @ webpack-internal:///(app-pages-browser)/./src/features/safecity/services/presence.service.ts:91
[    6098ms] [LOG] [useGroupPresence] subscribe {currentUid: null, groupSessionId: null} @ webpack-internal:///(app-pages-browser)/./src/features/parks/core/hooks/useGroupPresence.ts:207
[    6098ms] [LOG] [MapShell] mode= discover isWorkoutActive= false runMode= plan @ webpack-internal:///(app-pages-browser)/./src/app/map/MapShell.tsx:357
[    6132ms] [LOG] [Cam] wazePadding: card=TOP, H=727px, top=364px, bottom=0 → user dot at ~25% from bottom (default Waze framing) @ webpack-internal:///(app-pages-browser)/./src/features/parks/core/hooks/useCameraController.ts:482
[    6133ms] [LOG] [Cam] wazePadding: card=TOP, H=727px, top=364px, bottom=0 → user dot at ~25% from bottom (default Waze framing) @ webpack-internal:///(app-pages-browser)/./src/features/parks/core/hooks/useCameraController.ts:482
[    6138ms] [LOG] [Cam] wazePadding: card=TOP, H=727px, top=364px, bottom=0 → user dot at ~25% from bottom (default Waze framing) @ webpack-internal:///(app-pages-browser)/./src/features/parks/core/hooks/useCameraController.ts:482
[    6138ms] [LOG] [Cam] wazePadding: card=TOP, H=727px, top=364px, bottom=0 → user dot at ~25% from bottom (default Waze framing) @ webpack-internal:///(app-pages-browser)/./src/features/parks/core/hooks/useCameraController.ts:482
[    6156ms] [LOG] [Cam] wazePadding: card=TOP, H=727px, top=364px, bottom=0 → user dot at ~25% from bottom (default Waze framing) @ webpack-internal:///(app-pages-browser)/./src/features/parks/core/hooks/useCameraController.ts:482
[    6156ms] [LOG] [Cam] wazePadding: card=TOP, H=727px, top=364px, bottom=0 → user dot at ~25% from bottom (default Waze framing) @ webpack-internal:///(app-pages-browser)/./src/features/parks/core/hooks/useCameraController.ts:482
[    6159ms] [LOG] [A2-SPIKE][useGPS] fix accepted {lat: 32.055576571070155, lng: 34.775782498539094, ts: 1789581250083} @ webpack-internal:///(app-pages-browser)/./src/features/parks/core/hooks/useGPS.ts:219
[    6160ms] [LOG] [Cam] wazePadding: card=TOP, H=727px, top=364px, bottom=0 → user dot at ~25% from bottom (default Waze framing) @ webpack-internal:///(app-pages-browser)/./src/features/parks/core/hooks/useCameraController.ts:482
[    6160ms] [LOG] [Cam] wazePadding: card=TOP, H=727px, top=364px, bottom=0 → user dot at ~25% from bottom (default Waze framing) @ webpack-internal:///(app-pages-browser)/./src/features/parks/core/hooks/useCameraController.ts:482
[    6166ms] [LOG] [PresenceHeartbeat] tick WRITING presence {tickCount: 3, uid: jny2lmdOcfXOE0yVKUVIf63fZKD2, mode: ghost, liveGroupId: null, ageGroup: adult} @ webpack-internal:///(app-pages-browser)/./src/features/safecity/hooks/usePresenceLayer.ts:315
[    6166ms] [LOG] [PresenceHeartbeat] first-fix write triggered by GPS store @ webpack-internal:///(app-pages-browser)/./src/features/safecity/hooks/usePresenceLayer.ts:341
[    6166ms] [LOG] [Presence.updatePresence] mode=ghost → clearPresence (deleting doc) {uid: jny2lmdOcfXOE0yVKUVIf63fZKD2} @ webpack-internal:///(app-pages-browser)/./src/features/safecity/services/presence.service.ts:91
[    6166ms] [LOG] [useGroupPresence] subscribe {currentUid: null, groupSessionId: null} @ webpack-internal:///(app-pages-browser)/./src/features/parks/core/hooks/useGroupPresence.ts:207
[    6339ms] [LOG] [useSuggestionEngineStore] runSuggestionEngine took 174ms (6 candidates) @ webpack-internal:///(app-pages-browser)/./src/features/workout-engine/core/store/useSuggestionEngineStore.ts:85
[    6806ms] [LOG] [Cam] listeners wired @ webpack-internal:///(app-pages-browser)/./src/features/parks/core/hooks/useCameraController.ts:1128
[    7356ms] [LOG] [Map] declutter:request source=onboarding-map-load @ webpack-internal:///(app-pages-browser)/./src/features/parks/core/components/mapStyleConfig.ts:135
[    7356ms] [LOG] !!! MAP CLEANUP STARTING !!! @ webpack-internal:///(app-pages-browser)/./src/features/parks/core/components/mapStyleConfig.ts:145
[    7356ms] [WARNING] [FitnessMapStyle] Aborted — style not loaded (source=onboarding-map-load) @ webpack-internal:///(app-pages-browser)/./src/features/parks/core/components/mapStyleConfig.ts:148
[    7403ms] [LOG] [Map] declutter:request source=idle-safety @ webpack-internal:///(app-pages-browser)/./src/features/parks/core/components/mapStyleConfig.ts:135
[    7403ms] [LOG] !!! MAP CLEANUP STARTING !!! @ webpack-internal:///(app-pages-browser)/./src/features/parks/core/components/mapStyleConfig.ts:145
[    7403ms] [LOG] [FitnessMapStyle] Hard-hide pass: 2/5 target layers hidden @ webpack-internal:///(app-pages-browser)/./src/features/parks/core/components/mapStyleConfig.ts:176
[    7403ms] [LOG] [FitnessMapStyle] Nuclear sweep: hid 14 stray label layers (kept 6 matching park/natural/water/waterway/place/road) @ webpack-internal:///(app-pages-browser)/./src/features/parks/core/components/mapStyleConfig.ts:203
[    7404ms] [LOG] [Map] Declutter complete (source=idle-safety): Minor roads hidden, POIs removed. @ webpack-internal:///(app-pages-browser)/./src/features/parks/core/components/mapStyleConfig.ts:338
[    7594ms] [LOG] [Map] declutter:request source=watchdog @ webpack-internal:///(app-pages-browser)/./src/features/parks/core/components/mapStyleConfig.ts:135
[    7594ms] [LOG] [Map] declutter:skip source=watchdog (already done) @ webpack-internal:///(app-pages-browser)/./src/features/parks/core/components/mapStyleConfig.ts:142
[    8744ms] [LOG] [Routes] Fetched 98 published official routes from Firestore @ webpack-internal:///(app-pages-browser)/./src/features/parks/core/hooks/useRouteGeneration.ts:59
[    8745ms] [LOG] [ActivityStore] No Firestore data, created new day @ webpack-internal:///(app-pages-browser)/./src/features/activity/store/useActivityStore.ts:675
[    8745ms] [LOG] [ActivityStore] No Firestore data, created new day @ webpack-internal:///(app-pages-browser)/./src/features/activity/store/useActivityStore.ts:675
[    8749ms] [LOG] [useCommunityEnrichment] Subscribing for route IDs: [CCQLHULB0xNa5pI5Zxa6, TUtGCtmxwjGnoR0KH4B9, CY5KMrNMD90UAyuU3wom] @ webpack-internal:///(app-pages-browser)/./src/features/parks/core/hooks/useCommunityEnrichment.ts:308
[    8828ms] [LOG] [useCommunityEnrichment] Broad groups query returned: 12 groups @ webpack-internal:///(app-pages-browser)/./src/features/parks/core/hooks/useCommunityEnrichment.ts:405
[    8829ms] [LOG] [groupDocToEnrichments] Group has no slots: HZBAz5d3UKEcs20R6EIC צו הכושר תלאביב בית הלוחם @ webpack-internal:///(app-pages-browser)/./src/features/parks/core/hooks/useCommunityEnrichment.ts:176
[    8829ms] [LOG] [groupDocToEnrichments] Group has no slots: URny7sxvFrMLD2ojYizb צו כושר — תל אביב (פרישמן) @ webpack-internal:///(app-pages-browser)/./src/features/parks/core/hooks/useCommunityEnrichment.ts:176
[    8829ms] [LOG] [groupDocToEnrichments] Group has no slots: YkgYRwbzfr9mhWP2Ygy9 צו כושר — חבל יבנה @ webpack-internal:///(app-pages-browser)/./src/features/parks/core/hooks/useCommunityEnrichment.ts:176
[    8829ms] [LOG] [groupDocToEnrichments] Group has no slots: YuVmdYGrty8jhkwaQfrS צו כושר — מודיעין @ webpack-internal:///(app-pages-browser)/./src/features/parks/core/hooks/useCommunityEnrichment.ts:176
[    8829ms] [LOG] [groupDocToEnrichments] Group has no slots: ZvxBost3Fls1sZJzNgpe צו כושר — באר שבע @ webpack-internal:///(app-pages-browser)/./src/features/parks/core/hooks/useCommunityEnrichment.ts:176
[    8829ms] [LOG] [groupDocToEnrichments] Group has no slots: gUuTsQXfrZjVyVDsATb5 צו כושר פרדס חנה @ webpack-internal:///(app-pages-browser)/./src/features/parks/core/hooks/useCommunityEnrichment.ts:176
[    8829ms] [LOG] [groupDocToEnrichments] Group has no slots: qwaFSYaEJpt5ocOVWyvS צו כושר — קרית גת @ webpack-internal:///(app-pages-browser)/./src/features/parks/core/hooks/useCommunityEnrichment.ts:176
[    8829ms] [LOG] [groupDocToEnrichments] Group has no slots: uzkKafajk1BXQxgV5dcj צו כושר — חיפה @ webpack-internal:///(app-pages-browser)/./src/features/parks/core/hooks/useCommunityEnrichment.ts:176
[    8829ms] [LOG] [groupDocToEnrichments] Group has no slots: vmnhuDF6URJ4ayz3siBF צו כושר — הרצליה @ webpack-internal:///(app-pages-browser)/./src/features/parks/core/hooks/useCommunityEnrichment.ts:176
[    8829ms] [LOG] [groupDocToEnrichments] Group has no slots: wbVnvDagAqiZmMiqYsLZ צו כושר — קיבוץ עלומים @ webpack-internal:///(app-pages-browser)/./src/features/parks/core/hooks/useCommunityEnrichment.ts:176
[    8829ms] [LOG] [groupDocToEnrichments] Group has no slots: xTJueGB3t94K7cFZUCCT צו כושר — רחובות @ webpack-internal:///(app-pages-browser)/./src/features/parks/core/hooks/useCommunityEnrichment.ts:176
[    8829ms] [LOG] [useCommunityEnrichment] Groups resolved: 0 routes with recurring sessions @ webpack-internal:///(app-pages-browser)/./src/features/parks/core/hooks/useCommunityEnrichment.ts:409
[    9051ms] [WARNING] [useCommunityEnrichment] arrivals error: FirebaseError: The query requires an index. You can create it here: https://console.firebase.google.com/v1/r/project/appout-1/firestore/indexes?create_composite=ClFwcm9qZWN0cy9hcHBvdXQtMS9kYXRhYmFzZXMvKGRlZmF1bHQpL2NvbGxlY3Rpb25Hcm91cHMvcGxhbm5lZF9zZXNzaW9ucy9pbmRleGVzL18QARoLCgdyb3V0ZUlkEAEaDQoJZXhwaXJlc0F0EAEaDAoIX19uYW1lX18QAQ @ webpack-internal:///(app-pages-browser)/./src/features/parks/core/hooks/useCommunityEnrichment.ts:350
[    9074ms] [LOG] [useCommunityEnrichment] Events resolved: 0 routes with real events @ webpack-internal:///(app-pages-browser)/./src/features/parks/core/hooks/useCommunityEnrichment.ts:368
[    9074ms] [LOG] [useCommunityEnrichment] Broad groups query returned: 21 groups @ webpack-internal:///(app-pages-browser)/./src/features/parks/core/hooks/useCommunityEnrichment.ts:405
[    9074ms] [LOG] [groupDocToEnrichments] Group has no slots: 2VHJfwOe0D6Tgwz2gh0U הליכה מתוזמנת @ webpack-internal:///(app-pages-browser)/./src/features/parks/core/hooks/useCommunityEnrichment.ts:176
[    9074ms] [LOG] [groupDocToEnrichments] Group has no slots: 5wJ66moZcncaLwpB2eh3 הליכה מתוזמנת @ webpack-internal:///(app-pages-browser)/./src/features/parks/core/hooks/useCommunityEnrichment.ts:176
[    9074ms] [LOG] [groupDocToEnrichments] Group has no slots: 91OJbugQf5ELVx3XIr43 Joseph family steps @ webpack-internal:///(app-pages-browser)/./src/features/parks/core/hooks/useCommunityEnrichment.ts:176
[    9074ms] [LOG] [groupDocToEnrichments] Group has no slots: A4unlXH75xtJ3yQsLg42 קובצת הליכה ניר עוז @ webpack-internal:///(app-pages-browser)/./src/features/parks/core/hooks/useCommunityEnrichment.ts:176
[    9074ms] [LOG] [groupDocToEnrichments] Group has no slots: HZBAz5d3UKEcs20R6EIC צו הכושר תלאביב בית הלוחם @ webpack-internal:///(app-pages-browser)/./src/features/parks/core/hooks/useCommunityEnrichment.ts:176
[    9074ms] [LOG] [groupDocToEnrichments] Group has no slots: URny7sxvFrMLD2ojYizb צו כושר — תל אביב (פרישמן) @ webpack-internal:///(app-pages-browser)/./src/features/parks/core/hooks/useCommunityEnrichment.ts:176
[    9074ms] [LOG] [groupDocToEnrichments] Group has no slots: WlrV1YO6VfEdeHi1nin1 הליכה מתוזמנת @ webpack-internal:///(app-pages-browser)/./src/features/parks/core/hooks/useCommunityEnrichment.ts:176
[    9074ms] [LOG] [groupDocToEnrichments] Group has no slots: YkgYRwbzfr9mhWP2Ygy9 צו כושר — חבל יבנה @ webpack-internal:///(app-pages-browser)/./src/features/parks/core/hooks/useCommunityEnrichment.ts:176
[    9074ms] [LOG] [groupDocToEnrichments] Group has no slots: YuVmdYGrty8jhkwaQfrS צו כושר — מודיעין @ webpack-internal:///(app-pages-browser)/./src/features/parks/core/hooks/useCommunityEnrichment.ts:176
[    9074ms] [LOG] [groupDocToEnrichments] Group has no slots: ZvxBost3Fls1sZJzNgpe צו כושר — באר שבע @ webpack-internal:///(app-pages-browser)/./src/features/parks/core/hooks/useCommunityEnrichment.ts:176
[    9074ms] [LOG] [groupDocToEnrichments] Group has no slots: gUuTsQXfrZjVyVDsATb5 צו כושר פרדס חנה @ webpack-internal:///(app-pages-browser)/./src/features/parks/core/hooks/useCommunityEnrichment.ts:176
[    9075ms] [LOG] [groupDocToEnrichments] Group has no slots: maccabiah_lsit_2026 אתגר ה-L-Sit · מכביה 2026 @ webpack-internal:///(app-pages-browser)/./src/features/parks/core/hooks/useCommunityEnrichment.ts:176
[    9075ms] [LOG] [groupDocToEnrichments] Group has no slots: qwaFSYaEJpt5ocOVWyvS צו כושר — קרית גת @ webpack-internal:///(app-pages-browser)/./src/features/parks/core/hooks/useCommunityEnrichment.ts:176
[    9075ms] [LOG] [groupDocToEnrichments] Group has no slots: uzkKafajk1BXQxgV5dcj צו כושר — חיפה @ webpack-internal:///(app-pages-browser)/./src/features/parks/core/hooks/useCommunityEnrichment.ts:176
[    9075ms] [LOG] [groupDocToEnrichments] Group has no slots: vmnhuDF6URJ4ayz3siBF צו כושר — הרצליה @ webpack-internal:///(app-pages-browser)/./src/features/parks/core/hooks/useCommunityEnrichment.ts:176
[    9075ms] [LOG] [groupDocToEnrichments] Group has no slots: wbVnvDagAqiZmMiqYsLZ צו כושר — קיבוץ עלומים @ webpack-internal:///(app-pages-browser)/./src/features/parks/core/hooks/useCommunityEnrichment.ts:176
[    9075ms] [LOG] [groupDocToEnrichments] Group has no slots: xTJueGB3t94K7cFZUCCT צו כושר — רחובות @ webpack-internal:///(app-pages-browser)/./src/features/parks/core/hooks/useCommunityEnrichment.ts:176
[    9075ms] [LOG] [useCommunityEnrichment] Groups resolved: 0 routes with recurring sessions @ webpack-internal:///(app-pages-browser)/./src/features/parks/core/hooks/useCommunityEnrichment.ts:409
[    9075ms] [LOG] [ActivityStore] Loaded from Firestore - Streak: 0 @ webpack-internal:///(app-pages-browser)/./src/features/activity/store/useActivityStore.ts:808
[    9077ms] [LOG] [ActivityStore] Loaded from Firestore - Streak: 0 @ webpack-internal:///(app-pages-browser)/./src/features/activity/store/useActivityStore.ts:808
[    9792ms] [WARNING] Expected value to be of type number, but found null instead. @ blob:http://localhost:3000/d6d5187e-8efb-4d98-8598-765ea0ddbfb9:0
[   11712ms] [LOG] [Cam] initial dive — real GPS fix @ webpack-internal:///(app-pages-browser)/./src/features/parks/core/hooks/useCameraController.ts:910
[   26148ms] [LOG] [A2-SPIKE][useGPS] fix accepted {lat: 32.055686257812035, lng: 34.77586476563816, ts: 1789581270073} @ webpack-internal:///(app-pages-browser)/./src/features/parks/core/hooks/useGPS.ts:219
[   50794ms] [INFO] [User Service] User jny2lmdOcfXOE0yVKUVIf63fZKD2 has missing or empty equipment profile. This may affect Smart Swap functionality. Please update user equipment in the admin panel. @ webpack-internal:///(app-pages-browser)/./src/lib/firestore.service.ts:71
[   91728ms] [WARNING] [ParkDetailSheet] TRIPWIRE: fallback render with incomplete park data — missing [description, featureTags, city, gymEquipment], park pLJAZD5wdxUb7ftbXH13, point-fetch not yet resolved or failed @ webpack-internal:///(app-pages-browser)/./src/features/parks/client/components/park-detail/ParkDetailSheet.tsx:388
[   91729ms] [LOG] [ParkDetail] Park: pLJAZD5wdxUb7ftbXH13 גינת כושר הר ציון - תל אביב | Events found: 0 [] @ webpack-internal:///(app-pages-browser)/./src/features/parks/client/components/park-detail/ParkDetailSheet.tsx:444
[   91998ms] [WARNING] [Contributions] Index not ready for park reviews, returning empty. @ webpack-internal:///(app-pages-browser)/./src/features/parks/core/services/contribution.service.ts:128
[   92176ms] [LOG] [useParkEvents] Groups resolved: 0 recurring sessions for park pLJAZD5wdxUb7ftbXH13 @ webpack-internal:///(app-pages-browser)/./src/features/parks/core/hooks/useCommunityEnrichment.ts:616
[   92176ms] [LOG] [useParkEvents] Arrivals resolved: 0 personal arrivals for park pLJAZD5wdxUb7ftbXH13 @ webpack-internal:///(app-pages-browser)/./src/features/parks/core/hooks/useCommunityEnrichment.ts:689
[   92180ms] [LOG] [ParkDetail] Park: pLJAZD5wdxUb7ftbXH13 גינת כושר הר ציון - תל אביב | Events found: 0 [] @ webpack-internal:///(app-pages-browser)/./src/features/parks/client/components/park-detail/ParkDetailSheet.tsx:444
[  106147ms] [LOG] [A2-SPIKE][useGPS] fix accepted {lat: 32.05590454999011, lng: 34.775617300883184, ts: 1789581350069} @ webpack-internal:///(app-pages-browser)/./src/features/parks/core/hooks/useGPS.ts:219
[  126100ms] [LOG] [PresenceHeartbeat] tick WRITING presence {tickCount: 4, uid: jny2lmdOcfXOE0yVKUVIf63fZKD2, mode: ghost, liveGroupId: null, ageGroup: adult} @ webpack-internal:///(app-pages-browser)/./src/features/safecity/hooks/usePresenceLayer.ts:315
[  126101ms] [LOG] [Presence.updatePresence] mode=ghost → clearPresence (deleting doc) {uid: jny2lmdOcfXOE0yVKUVIf63fZKD2} @ webpack-internal:///(app-pages-browser)/./src/features/safecity/services/presence.service.ts:91
[  126153ms] [LOG] [A2-SPIKE][useGPS] fix accepted {lat: 32.05581788861182, lng: 34.77556186541541, ts: 1789581370077} @ webpack-internal:///(app-pages-browser)/./src/features/parks/core/hooks/useGPS.ts:219
