[     745ms] [LOG] [DEBUG-PAGE] pathConfig.path: skills | categories passed to VisualSlider: [front_lever, core] | skipTier: true @ https://outrun.co.il/_next/static/chunks/app/onboarding-new/assessment-visual/page-dbf274f6785e72db.js:0
[     914ms] [WARNING] [2026-09-24T17:33:16.274Z]  @firebase/auth: Auth (12.6.0): Error while retrieving App Check token: FirebaseError: AppCheck: ReCAPTCHA error. (appCheck/recaptcha-error). @ https://outrun.co.il/_next/static/chunks/2532-16f59635ee5a761a.js:14
[    1343ms] [LOG] [DEBUG-RESOLVER] loadCategoryMap built: {human_flag: EtY8YCol0qpF6DzgcTx1, push: J0fLpmJhG0KDN2tQouxh, core: kDMpobbKsuVTByTIKUpe, pull: UPDBtTdCvX748dtBlWYj, one_arm_pullup: cC0BOmm6KIqYAyQynEIo} @ https://outrun.co.il/_next/static/chunks/2390-dc57abc8d12f6b2f.js:0
[    1343ms] [LOG] [DEBUG-RESOLVER] Incoming Category: front_lever Resolved Candidate IDs: [front_lever, mFcuYlNgKXLqWVUFo0zt] @ https://outrun.co.il/_next/static/chunks/2390-dc57abc8d12f6b2f.js:0
[    1343ms] [LOG] [DEBUG-RESOLVER] loadCategoryMap built: {human_flag: EtY8YCol0qpF6DzgcTx1, push: J0fLpmJhG0KDN2tQouxh, core: kDMpobbKsuVTByTIKUpe, pull: UPDBtTdCvX748dtBlWYj, one_arm_pullup: cC0BOmm6KIqYAyQynEIo} @ https://outrun.co.il/_next/static/chunks/2390-dc57abc8d12f6b2f.js:0
[    1343ms] [LOG] [DEBUG-RESOLVER] Incoming Category: core Resolved Candidate IDs: [core, kDMpobbKsuVTByTIKUpe] @ https://outrun.co.il/_next/static/chunks/2390-dc57abc8d12f6b2f.js:0
[    1487ms] [LOG] [DEBUG-PAGE] pathConfig.path: skills | categories passed to VisualSlider: [front_lever, core] | skipTier: true @ https://outrun.co.il/_next/static/chunks/app/onboarding-new/assessment-visual/page-dbf274f6785e72db.js:0
[    1488ms] [LOG] [DEBUG-RESOLVER] Incoming Category: front_lever Resolved Candidate IDs: [front_lever, mFcuYlNgKXLqWVUFo0zt] @ https://outrun.co.il/_next/static/chunks/2390-dc57abc8d12f6b2f.js:0
[    1488ms] [LOG] [DEBUG-RESOLVER] Incoming Category: core Resolved Candidate IDs: [core, kDMpobbKsuVTByTIKUpe] @ https://outrun.co.il/_next/static/chunks/2390-dc57abc8d12f6b2f.js:0
[    1538ms] [LOG] [DEBUG-FIRESTORE] Querying IDs: [front_lever, mFcuYlNgKXLqWVUFo0zt] Snapshot size returned: 15 @ https://outrun.co.il/_next/static/chunks/2390-dc57abc8d12f6b2f.js:0
[    1538ms] [LOG] [DEBUG-FIRESTORE] showInOnboarding=true levels: [1, 3, 5, 7, 9, 11, 13] (7 total) @ https://outrun.co.il/_next/static/chunks/2390-dc57abc8d12f6b2f.js:0
[    1538ms] [LOG] [DEBUG-RESOLVER] Final onboarding levels for "front_lever": [1, 3, 5, 7, 9, 11, 13] (7 total) @ https://outrun.co.il/_next/static/chunks/2390-dc57abc8d12f6b2f.js:0
[    1539ms] [LOG] [DEBUG-RESOLVER] resolveContent("front_lever", 1) → programId="mFcuYlNgKXLqWVUFo0zt" @ https://outrun.co.il/_next/static/chunks/2390-dc57abc8d12f6b2f.js:0
[    1539ms] [LOG] [DEBUG-RESOLVER] resolveContent("front_lever", 3) → programId="mFcuYlNgKXLqWVUFo0zt" @ https://outrun.co.il/_next/static/chunks/2390-dc57abc8d12f6b2f.js:0
[    1539ms] [LOG] [DEBUG-FIRESTORE] Querying IDs: [front_lever, mFcuYlNgKXLqWVUFo0zt] Snapshot size returned: 15 @ https://outrun.co.il/_next/static/chunks/2390-dc57abc8d12f6b2f.js:0
[    1539ms] [LOG] [DEBUG-FIRESTORE] showInOnboarding=true levels: [1, 3, 5, 7, 9, 11, 13] (7 total) @ https://outrun.co.il/_next/static/chunks/2390-dc57abc8d12f6b2f.js:0
[    1539ms] [LOG] [DEBUG-RESOLVER] Final onboarding levels for "front_lever": [1, 3, 5, 7, 9, 11, 13] (7 total) @ https://outrun.co.il/_next/static/chunks/2390-dc57abc8d12f6b2f.js:0
[    1539ms] [LOG] [DEBUG-RESOLVER] resolveContent("front_lever", 1) → programId="mFcuYlNgKXLqWVUFo0zt" @ https://outrun.co.il/_next/static/chunks/2390-dc57abc8d12f6b2f.js:0
[    1539ms] [LOG] [DEBUG-RESOLVER] resolveContent("front_lever", 3) → programId="mFcuYlNgKXLqWVUFo0zt" @ https://outrun.co.il/_next/static/chunks/2390-dc57abc8d12f6b2f.js:0
[    1539ms] [LOG] [DEBUG-FIRESTORE] Querying IDs: [core, kDMpobbKsuVTByTIKUpe] Snapshot size returned: 20 @ https://outrun.co.il/_next/static/chunks/2390-dc57abc8d12f6b2f.js:0
[    1539ms] [LOG] [DEBUG-FIRESTORE] showInOnboarding=true levels: [1, 3, 5, 7, 8, 10, 11, 14] (8 total) @ https://outrun.co.il/_next/static/chunks/2390-dc57abc8d12f6b2f.js:0
[    1539ms] [LOG] [DEBUG-RESOLVER] Final onboarding levels for "core": [1, 3, 5, 7, 8, 10, 11, 14] (8 total) @ https://outrun.co.il/_next/static/chunks/2390-dc57abc8d12f6b2f.js:0
[    1539ms] [LOG] [DEBUG-RESOLVER] resolveContent("core", 1) → programId="kDMpobbKsuVTByTIKUpe" @ https://outrun.co.il/_next/static/chunks/2390-dc57abc8d12f6b2f.js:0
[    1539ms] [LOG] [DEBUG-RESOLVER] resolveContent("core", 3) → programId="kDMpobbKsuVTByTIKUpe" @ https://outrun.co.il/_next/static/chunks/2390-dc57abc8d12f6b2f.js:0
[    1539ms] [LOG] [DEBUG-FIRESTORE] Querying IDs: [core, kDMpobbKsuVTByTIKUpe] Snapshot size returned: 20 @ https://outrun.co.il/_next/static/chunks/2390-dc57abc8d12f6b2f.js:0
[    1539ms] [LOG] [DEBUG-FIRESTORE] showInOnboarding=true levels: [1, 3, 5, 7, 8, 10, 11, 14] (8 total) @ https://outrun.co.il/_next/static/chunks/2390-dc57abc8d12f6b2f.js:0
[    1540ms] [LOG] [DEBUG-RESOLVER] Final onboarding levels for "core": [1, 3, 5, 7, 8, 10, 11, 14] (8 total) @ https://outrun.co.il/_next/static/chunks/2390-dc57abc8d12f6b2f.js:0
[    1540ms] [LOG] [DEBUG-RESOLVER] resolveContent("core", 1) → programId="kDMpobbKsuVTByTIKUpe" @ https://outrun.co.il/_next/static/chunks/2390-dc57abc8d12f6b2f.js:0
[    1540ms] [LOG] [DEBUG-RESOLVER] resolveContent("core", 3) → programId="kDMpobbKsuVTByTIKUpe" @ https://outrun.co.il/_next/static/chunks/2390-dc57abc8d12f6b2f.js:0
[    1666ms] [LOG] [VisualContentService] docToContent "mFcuYlNgKXLqWVUFo0zt_1": {hasVideoVariantsField: true, hasVariantsField: false, rawType: array[0], parsedVariantsCount: 0, allTopLevelKeys: Array(14)} @ https://outrun.co.il/_next/static/chunks/2390-dc57abc8d12f6b2f.js:0
[    1666ms] [LOG] [DEBUG-RESOLVER] attempt1 getVisualContentItem("mFcuYlNgKXLqWVUFo0zt", 1) → FOUND @ https://outrun.co.il/_next/static/chunks/2390-dc57abc8d12f6b2f.js:0
[    1666ms] [LOG] [VisualContentService] docToContent "mFcuYlNgKXLqWVUFo0zt_1": {hasVideoVariantsField: true, hasVariantsField: false, rawType: array[0], parsedVariantsCount: 0, allTopLevelKeys: Array(14)} @ https://outrun.co.il/_next/static/chunks/2390-dc57abc8d12f6b2f.js:0
[    1666ms] [LOG] [DEBUG-RESOLVER] attempt1 getVisualContentItem("mFcuYlNgKXLqWVUFo0zt", 1) → FOUND @ https://outrun.co.il/_next/static/chunks/2390-dc57abc8d12f6b2f.js:0
[    1666ms] [LOG] [VisualContentService] docToContent "mFcuYlNgKXLqWVUFo0zt_3": {hasVideoVariantsField: true, hasVariantsField: false, rawType: array[0], parsedVariantsCount: 0, allTopLevelKeys: Array(14)} @ https://outrun.co.il/_next/static/chunks/2390-dc57abc8d12f6b2f.js:0
[    1666ms] [LOG] [DEBUG-RESOLVER] attempt1 getVisualContentItem("mFcuYlNgKXLqWVUFo0zt", 3) → FOUND @ https://outrun.co.il/_next/static/chunks/2390-dc57abc8d12f6b2f.js:0
[    1666ms] [LOG] [VisualContentService] docToContent "mFcuYlNgKXLqWVUFo0zt_3": {hasVideoVariantsField: true, hasVariantsField: false, rawType: array[0], parsedVariantsCount: 0, allTopLevelKeys: Array(14)} @ https://outrun.co.il/_next/static/chunks/2390-dc57abc8d12f6b2f.js:0
[    1666ms] [LOG] [DEBUG-RESOLVER] attempt1 getVisualContentItem("mFcuYlNgKXLqWVUFo0zt", 3) → FOUND @ https://outrun.co.il/_next/static/chunks/2390-dc57abc8d12f6b2f.js:0
[    1676ms] [LOG] [VisualContentService] docToContent "kDMpobbKsuVTByTIKUpe_1": {hasVideoVariantsField: true, hasVariantsField: false, rawType: array[0], parsedVariantsCount: 0, allTopLevelKeys: Array(14)} @ https://outrun.co.il/_next/static/chunks/2390-dc57abc8d12f6b2f.js:0
[    1676ms] [LOG] [DEBUG-RESOLVER] attempt1 getVisualContentItem("kDMpobbKsuVTByTIKUpe", 1) → FOUND @ https://outrun.co.il/_next/static/chunks/2390-dc57abc8d12f6b2f.js:0
[    1676ms] [LOG] [VisualContentService] docToContent "kDMpobbKsuVTByTIKUpe_1": {hasVideoVariantsField: true, hasVariantsField: false, rawType: array[0], parsedVariantsCount: 0, allTopLevelKeys: Array(14)} @ https://outrun.co.il/_next/static/chunks/2390-dc57abc8d12f6b2f.js:0
[    1676ms] [LOG] [DEBUG-RESOLVER] attempt1 getVisualContentItem("kDMpobbKsuVTByTIKUpe", 1) → FOUND @ https://outrun.co.il/_next/static/chunks/2390-dc57abc8d12f6b2f.js:0
[    1676ms] [LOG] [VisualContentService] docToContent "kDMpobbKsuVTByTIKUpe_3": {hasVideoVariantsField: true, hasVariantsField: false, rawType: array[0], parsedVariantsCount: 0, allTopLevelKeys: Array(14)} @ https://outrun.co.il/_next/static/chunks/2390-dc57abc8d12f6b2f.js:0
[    1676ms] [LOG] [DEBUG-RESOLVER] attempt1 getVisualContentItem("kDMpobbKsuVTByTIKUpe", 3) → FOUND @ https://outrun.co.il/_next/static/chunks/2390-dc57abc8d12f6b2f.js:0
[    1676ms] [LOG] [VisualContentService] docToContent "kDMpobbKsuVTByTIKUpe_3": {hasVideoVariantsField: true, hasVariantsField: false, rawType: array[0], parsedVariantsCount: 0, allTopLevelKeys: Array(14)} @ https://outrun.co.il/_next/static/chunks/2390-dc57abc8d12f6b2f.js:0
[    1676ms] [LOG] [DEBUG-RESOLVER] attempt1 getVisualContentItem("kDMpobbKsuVTByTIKUpe", 3) → FOUND @ https://outrun.co.il/_next/static/chunks/2390-dc57abc8d12f6b2f.js:0
[    1847ms] [LOG] [ContentResolver] Level 1 — exercise video resolved: "מתח סופינציה" → https://vz-b17872ab-7a7.b-cdn.net/6f2db76f-5634-4fe6-bfa8-b1… @ https://outrun.co.il/_next/static/chunks/2390-dc57abc8d12f6b2f.js:0
[    1847ms] [LOG] [ContentResolver] Level 1 — exercise video resolved: "מתח סופינציה" → https://vz-b17872ab-7a7.b-cdn.net/6f2db76f-5634-4fe6-bfa8-b1… @ https://outrun.co.il/_next/static/chunks/2390-dc57abc8d12f6b2f.js:0
[    1847ms] [LOG] [ContentResolver] Level 3 — exercise video resolved: "מתח רחב" → https://vz-b17872ab-7a7.b-cdn.net/b94feac8-97fa-407e-844e-cc… @ https://outrun.co.il/_next/static/chunks/2390-dc57abc8d12f6b2f.js:0
[    1847ms] [LOG] [ContentResolver] Level 3 — exercise video resolved: "מתח רחב" → https://vz-b17872ab-7a7.b-cdn.net/b94feac8-97fa-407e-844e-cc… @ https://outrun.co.il/_next/static/chunks/2390-dc57abc8d12f6b2f.js:0
[    1848ms] [LOG] [ContentResolver] Level 1 — exercise video resolved: "פלאנק על הברכיים" → https://vz-b17872ab-7a7.b-cdn.net/3011b6ff-f251-4c7b-81f4-e2… @ https://outrun.co.il/_next/static/chunks/2390-dc57abc8d12f6b2f.js:0
[    1848ms] [LOG] [ContentResolver] Level 1 — exercise video resolved: "פלאנק על הברכיים" → https://vz-b17872ab-7a7.b-cdn.net/3011b6ff-f251-4c7b-81f4-e2… @ https://outrun.co.il/_next/static/chunks/2390-dc57abc8d12f6b2f.js:0
[    1848ms] [LOG] [ContentResolver] Level 3 — exercise video resolved: "פלאנק עליות ונגיעות בכתפיים" → https://vz-b17872ab-7a7.b-cdn.net/4d5bc37c-3994-4574-ace7-12… @ https://outrun.co.il/_next/static/chunks/2390-dc57abc8d12f6b2f.js:0
[    1848ms] [LOG] [ContentResolver] Level 3 — exercise video resolved: "פלאנק עליות ונגיעות בכתפיים" → https://vz-b17872ab-7a7.b-cdn.net/4d5bc37c-3994-4574-ace7-12… @ https://outrun.co.il/_next/static/chunks/2390-dc57abc8d12f6b2f.js:0
