[ 3699257ms] [ERROR] Failed to load resource: net::ERR_NAME_NOT_RESOLVED @ https://calendar.google.com/calendar/u/0/sync.sync:0
[ 3699367ms] [ERROR] Failed to load resource: net::ERR_NAME_NOT_RESOLVED @ https://calendar.google.com/calendar/u/0/sync.sync:0
[ 3699548ms] [ERROR] Failed to load resource: net::ERR_INTERNET_DISCONNECTED @ https://calendar.google.com/calendar/u/0/jserror?cwuik=10&script=https%3A%2F%2Fcalendar.google.com%2Fcalendar%2Fu%2F0%2Fr%3Fpli%3D1&error=iV&line=Not%20available:0
[ 3699552ms] [ERROR] Failed to load resource: net::ERR_INTERNET_DISCONNECTED @ https://calendar.google.com/calendar/u/0/hello?cwuik=10:0
[ 3701340ms] [ERROR] Failed to load resource: net::ERR_INTERNET_DISCONNECTED @ https://calendar.google.com/calendar/u/0/hello?cwuik=10:0
[ 3701559ms] [ERROR] Failed to load resource: net::ERR_INTERNET_DISCONNECTED @ https://calendar.google.com/calendar/u/0/hello?cwuik=10:0
[ 3711829ms] [ERROR] Failed to load resource: net::ERR_INTERNET_DISCONNECTED @ https://calendar.google.com/calendar/u/0/hello?cwuik=10:0
[ 3711840ms] [ERROR] Failed to load resource: net::ERR_INTERNET_DISCONNECTED @ https://calendar.google.com/calendar/u/0/hello?cwuik=10:0
[ 3711840ms] [ERROR] Failed to load resource: net::ERR_INTERNET_DISCONNECTED @ https://calendar.google.com/calendar/u/0/hello?cwuik=10:0
[ 3712762ms] [ERROR] Failed to load resource: net::ERR_QUIC_PROTOCOL_ERROR.QUIC_PACKET_WRITE_ERROR @ https://signaler-pa.clients6.google.com/punctual/multi-watch/channel?VER=8&gsessionid=6Qo3Jhc4lcuCMM_Ye2KGFjf_peygC87YlMmHBPnNeWg&key=AIzaSyA7GKm43l8WNxlLTjsldq9z9n80CL6KW4U&RID=rpc&SID=Y4DkKLI3mugmyVo7t-gjTg&AID=14&CI=0&TYPE=xmlhttp&zx=tw2qzl52yxyr&t=1:0
[ 3712762ms] [ERROR] Failed to load resource: net::ERR_QUIC_PROTOCOL_ERROR.QUIC_PACKET_WRITE_ERROR @ https://signaler-pa.clients6.google.com/punctual/multi-watch/channel?VER=8&gsessionid=sAw_-soTrmSbkfGOy9maaOrM5NPzY_NFEZ-URDSHBs4&key=AIzaSyA7GKm43l8WNxlLTjsldq9z9n80CL6KW4U&RID=rpc&SID=YBgxwBO2HnAZvvB7fOZhVw&AID=27&CI=0&TYPE=xmlhttp&zx=2qbid1qwle0k&t=1:0
[ 3713379ms] [ERROR] Failed to load resource: the server responded with a status of 400 () @ https://signaler-pa.clients6.google.com/punctual/multi-watch/channel?VER=8&gsessionid=sAw_-soTrmSbkfGOy9maaOrM5NPzY_NFEZ-URDSHBs4&key=AIzaSyA7GKm43l8WNxlLTjsldq9z9n80CL6KW4U&RID=rpc&SID=YBgxwBO2HnAZvvB7fOZhVw&AID=32&CI=0&TYPE=xmlhttp&zx=r0eogerm2m9c&t=2:0
[ 3713460ms] [ERROR] Failed to load resource: the server responded with a status of 400 () @ https://signaler-pa.clients6.google.com/punctual/multi-watch/channel?VER=8&gsessionid=6Qo3Jhc4lcuCMM_Ye2KGFjf_peygC87YlMmHBPnNeWg&key=AIzaSyA7GKm43l8WNxlLTjsldq9z9n80CL6KW4U&RID=rpc&SID=Y4DkKLI3mugmyVo7t-gjTg&AID=22&CI=0&TYPE=xmlhttp&zx=nk03up8x82vq&t=2:0
[ 5153056ms] [ERROR] Failed to load resource: net::ERR_QUIC_PROTOCOL_ERROR.QUIC_TOO_MANY_RTOS @ https://signaler-pa.clients6.google.com/punctual/multi-watch/channel?VER=8&gsessionid=OgiEC3DDvAVri6zFg37-1u7cd7m4g_jqV-pvvHJNxXs&key=AIzaSyA7GKm43l8WNxlLTjsldq9z9n80CL6KW4U&RID=rpc&SID=8_XZIL89WcKsY6p0omDjHA&AID=0&CI=0&TYPE=xmlhttp&zx=ovfdstag3r07&t=1:0
[ 5153057ms] [ERROR] Failed to load resource: net::ERR_QUIC_PROTOCOL_ERROR.QUIC_TOO_MANY_RTOS @ https://signaler-pa.clients6.google.com/punctual/multi-watch/channel?VER=8&gsessionid=bhdBarxEkev1AUiD-ZnDQl25SPmA5qVH5bOLAimrITA&key=AIzaSyA7GKm43l8WNxlLTjsldq9z9n80CL6KW4U&RID=rpc&SID=sZjXKGhZNnfvnRKe56EpHw&AID=0&CI=0&TYPE=xmlhttp&zx=odh9qt4n6pex&t=1:0
[ 5153627ms] [ERROR] Failed to load resource: the server responded with a status of 400 () @ https://signaler-pa.clients6.google.com/punctual/multi-watch/channel?VER=8&gsessionid=OgiEC3DDvAVri6zFg37-1u7cd7m4g_jqV-pvvHJNxXs&key=AIzaSyA7GKm43l8WNxlLTjsldq9z9n80CL6KW4U&RID=rpc&SID=8_XZIL89WcKsY6p0omDjHA&AID=12&CI=0&TYPE=xmlhttp&zx=lpoufykztdar&t=2:0
[ 5252577ms] [ERROR] Failed to load resource: net::ERR_QUIC_PROTOCOL_ERROR.QUIC_TOO_MANY_RTOS @ https://signaler-pa.clients6.google.com/punctual/multi-watch/channel?VER=8&gsessionid=lsXMArw6-1az4_HE_Q5mzLGdIKFOdhdintKEWicIofs&key=AIzaSyA7GKm43l8WNxlLTjsldq9z9n80CL6KW4U&RID=rpc&SID=i1ovS-9rF5GHlbKRyDMmww&AID=0&CI=0&TYPE=xmlhttp&zx=efpsnurx1sy4&t=1:0
[ 5252577ms] [ERROR] Failed to load resource: net::ERR_QUIC_PROTOCOL_ERROR.QUIC_TOO_MANY_RTOS @ https://signaler-pa.clients6.google.com/punctual/multi-watch/channel?VER=8&gsessionid=bhdBarxEkev1AUiD-ZnDQl25SPmA5qVH5bOLAimrITA&key=AIzaSyA7GKm43l8WNxlLTjsldq9z9n80CL6KW4U&RID=rpc&SID=sZjXKGhZNnfvnRKe56EpHw&AID=10&CI=0&TYPE=xmlhttp&zx=qes010jmuw48&t=2:0
[ 5495070ms] [ERROR] Failed to load resource: net::ERR_QUIC_PROTOCOL_ERROR.QUIC_TOO_MANY_RTOS @ https://signaler-pa.clients6.google.com/punctual/multi-watch/channel?VER=8&gsessionid=lsXMArw6-1az4_HE_Q5mzLGdIKFOdhdintKEWicIofs&key=AIzaSyA7GKm43l8WNxlLTjsldq9z9n80CL6KW4U&RID=rpc&SID=i1ovS-9rF5GHlbKRyDMmww&AID=3&CI=0&TYPE=xmlhttp&zx=p8jv7is5r6su&t=2:0
[ 5495070ms] [ERROR] Failed to load resource: net::ERR_QUIC_PROTOCOL_ERROR.QUIC_TOO_MANY_RTOS @ https://signaler-pa.clients6.google.com/punctual/multi-watch/channel?VER=8&gsessionid=bhdBarxEkev1AUiD-ZnDQl25SPmA5qVH5bOLAimrITA&key=AIzaSyA7GKm43l8WNxlLTjsldq9z9n80CL6KW4U&RID=rpc&SID=sZjXKGhZNnfvnRKe56EpHw&AID=17&CI=0&TYPE=xmlhttp&zx=f86axcwu4lvf&t=3:0
[ 5641207ms] [ERROR] Failed to load resource: net::ERR_QUIC_PROTOCOL_ERROR.QUIC_TOO_MANY_RTOS @ https://signaler-pa.clients6.google.com/punctual/multi-watch/channel?VER=8&gsessionid=lsXMArw6-1az4_HE_Q5mzLGdIKFOdhdintKEWicIofs&key=AIzaSyA7GKm43l8WNxlLTjsldq9z9n80CL6KW4U&RID=rpc&SID=i1ovS-9rF5GHlbKRyDMmww&AID=9&CI=0&TYPE=xmlhttp&zx=fdr9fl56pks&t=3:0
[ 5641208ms] [ERROR] Failed to load resource: net::ERR_QUIC_PROTOCOL_ERROR.QUIC_TOO_MANY_RTOS @ https://signaler-pa.clients6.google.com/punctual/multi-watch/channel?VER=8&gsessionid=bhdBarxEkev1AUiD-ZnDQl25SPmA5qVH5bOLAimrITA&key=AIzaSyA7GKm43l8WNxlLTjsldq9z9n80CL6KW4U&RID=rpc&SID=sZjXKGhZNnfvnRKe56EpHw&AID=23&CI=0&TYPE=xmlhttp&zx=hl8n98vaq6pl&t=4:0
[ 5789502ms] [ERROR] Failed to load resource: net::ERR_QUIC_PROTOCOL_ERROR.QUIC_TOO_MANY_RTOS @ https://signaler-pa.clients6.google.com/punctual/multi-watch/channel?VER=8&gsessionid=bhdBarxEkev1AUiD-ZnDQl25SPmA5qVH5bOLAimrITA&key=AIzaSyA7GKm43l8WNxlLTjsldq9z9n80CL6KW4U&RID=rpc&SID=sZjXKGhZNnfvnRKe56EpHw&AID=36&CI=0&TYPE=xmlhttp&zx=z2g358dskgih&t=5:0
[ 5789502ms] [ERROR] Failed to load resource: net::ERR_QUIC_PROTOCOL_ERROR.QUIC_TOO_MANY_RTOS @ https://signaler-pa.clients6.google.com/punctual/multi-watch/channel?VER=8&gsessionid=lsXMArw6-1az4_HE_Q5mzLGdIKFOdhdintKEWicIofs&key=AIzaSyA7GKm43l8WNxlLTjsldq9z9n80CL6KW4U&RID=rpc&SID=i1ovS-9rF5GHlbKRyDMmww&AID=22&CI=0&TYPE=xmlhttp&zx=1z7mnx5akksj&t=4:0
[ 5941367ms] [ERROR] Failed to load resource: net::ERR_QUIC_PROTOCOL_ERROR.QUIC_TOO_MANY_RTOS @ https://signaler-pa.clients6.google.com/punctual/multi-watch/channel?VER=8&gsessionid=bhdBarxEkev1AUiD-ZnDQl25SPmA5qVH5bOLAimrITA&key=AIzaSyA7GKm43l8WNxlLTjsldq9z9n80CL6KW4U&RID=rpc&SID=sZjXKGhZNnfvnRKe56EpHw&AID=44&CI=0&TYPE=xmlhttp&zx=bkrvi8n3xwf&t=6:0
[ 5941371ms] [ERROR] Failed to load resource: net::ERR_QUIC_PROTOCOL_ERROR.QUIC_TOO_MANY_RTOS @ https://signaler-pa.clients6.google.com/punctual/multi-watch/channel?VER=8&gsessionid=lsXMArw6-1az4_HE_Q5mzLGdIKFOdhdintKEWicIofs&key=AIzaSyA7GKm43l8WNxlLTjsldq9z9n80CL6KW4U&RID=rpc&SID=i1ovS-9rF5GHlbKRyDMmww&AID=30&CI=0&TYPE=xmlhttp&zx=kz7wcml39y59&t=5:0
[ 6087272ms] [ERROR] Failed to load resource: net::ERR_QUIC_PROTOCOL_ERROR.QUIC_TOO_MANY_RTOS @ https://signaler-pa.clients6.google.com/punctual/multi-watch/channel?VER=8&gsessionid=lsXMArw6-1az4_HE_Q5mzLGdIKFOdhdintKEWicIofs&key=AIzaSyA7GKm43l8WNxlLTjsldq9z9n80CL6KW4U&RID=rpc&SID=i1ovS-9rF5GHlbKRyDMmww&AID=39&CI=0&TYPE=xmlhttp&zx=h7baicduxisx&t=6:0
[ 6087273ms] [ERROR] Failed to load resource: net::ERR_QUIC_PROTOCOL_ERROR.QUIC_TOO_MANY_RTOS @ https://signaler-pa.clients6.google.com/punctual/multi-watch/channel?VER=8&gsessionid=bhdBarxEkev1AUiD-ZnDQl25SPmA5qVH5bOLAimrITA&key=AIzaSyA7GKm43l8WNxlLTjsldq9z9n80CL6KW4U&RID=rpc&SID=sZjXKGhZNnfvnRKe56EpHw&AID=52&CI=0&TYPE=xmlhttp&zx=r8gz4b73j5ob&t=7:0
[ 6205747ms] [ERROR] Failed to load resource: net::ERR_NAME_NOT_RESOLVED @ https://calendar.google.com/calendar/u/0/sync.sync:0
[ 6205768ms] [ERROR] Failed to load resource: net::ERR_NAME_NOT_RESOLVED @ https://calendar.google.com/calendar/u/0/sync.sync:0
[ 6205769ms] [ERROR] Failed to load resource: net::ERR_NAME_NOT_RESOLVED @ https://calendar.google.com/calendar/u/0/jserror?cwuik=10&script=https%3A%2F%2Fcalendar.google.com%2Fcalendar%2Fu%2F0%2Fr%3Fpli%3D1&error=iV&line=Not%20available:0
[ 6205826ms] [ERROR] Failed to load resource: net::ERR_INTERNET_DISCONNECTED @ https://calendar.google.com/calendar/u/0/hello?cwuik=10:0
[ 6207765ms] [ERROR] Failed to load resource: net::ERR_INTERNET_DISCONNECTED @ https://calendar.google.com/calendar/u/0/hello?cwuik=10:0
[ 6207833ms] [ERROR] Failed to load resource: net::ERR_INTERNET_DISCONNECTED @ https://calendar.google.com/calendar/u/0/hello?cwuik=10:0
[ 6215774ms] [ERROR] Failed to load resource: net::ERR_INTERNET_DISCONNECTED @ https://play.google.com/log?hasfast=true&auth=SAPISIDHASH+d7864c2a9630f5582e71cf19e3b4ccbd5f6a3a51+SAPISID1PHASH+d7864c2a9630f5582e71cf19e3b4ccbd5f6a3a51+SAPISID3PHASH+d7864c2a9630f5582e71cf19e3b4ccbd5f6a3a51&authuser=0&format=json:0
[ 6217795ms] [ERROR] Failed to load resource: net::ERR_INTERNET_DISCONNECTED @ https://calendar.google.com/calendar/u/0/hello?cwuik=10:0
[ 6217798ms] [ERROR] Failed to load resource: net::ERR_INTERNET_DISCONNECTED @ https://play.google.com/log?format=json&hasfast=true&authuser=0:0
[ 6219480ms] [ERROR] Failed to load resource: net::ERR_QUIC_PROTOCOL_ERROR.QUIC_PACKET_WRITE_ERROR @ https://signaler-pa.clients6.google.com/punctual/multi-watch/channel?VER=8&gsessionid=cut0crH43DaTxLrCm3TyzHvBHEcHtOlwVeDN2JtHrQ4&key=AIzaSyA7GKm43l8WNxlLTjsldq9z9n80CL6KW4U&RID=rpc&SID=3NPKncBds9p7d9OJBLMstg&AID=0&CI=0&TYPE=xmlhttp&zx=3pvf3zbhjk5v&t=1:0
[ 6219481ms] [ERROR] Failed to load resource: net::ERR_QUIC_PROTOCOL_ERROR.QUIC_PACKET_WRITE_ERROR @ https://signaler-pa.clients6.google.com/punctual/multi-watch/channel?VER=8&gsessionid=lsXMArw6-1az4_HE_Q5mzLGdIKFOdhdintKEWicIofs&key=AIzaSyA7GKm43l8WNxlLTjsldq9z9n80CL6KW4U&RID=rpc&SID=i1ovS-9rF5GHlbKRyDMmww&AID=47&CI=0&TYPE=xmlhttp&zx=t9kljal2dggz&t=7:0
[ 6219484ms] [ERROR] Failed to load resource: net::ERR_INTERNET_DISCONNECTED @ https://signaler-pa.clients6.google.com/punctual/multi-watch/channel?VER=8&gsessionid=lsXMArw6-1az4_HE_Q5mzLGdIKFOdhdintKEWicIofs&key=AIzaSyA7GKm43l8WNxlLTjsldq9z9n80CL6KW4U&RID=rpc&SID=i1ovS-9rF5GHlbKRyDMmww&AID=55&CI=0&TYPE=xmlhttp&zx=iffakkg1bs7y&t=8:0
[ 6219484ms] [ERROR] Failed to load resource: net::ERR_INTERNET_DISCONNECTED @ https://signaler-pa.clients6.google.com/punctual/multi-watch/channel?VER=8&gsessionid=cut0crH43DaTxLrCm3TyzHvBHEcHtOlwVeDN2JtHrQ4&key=AIzaSyA7GKm43l8WNxlLTjsldq9z9n80CL6KW4U&RID=rpc&SID=3NPKncBds9p7d9OJBLMstg&AID=3&CI=0&TYPE=xmlhttp&zx=ghr3tcul2lzd&t=2:0
[ 6227476ms] [ERROR] Failed to load resource: net::ERR_INTERNET_DISCONNECTED @ https://signaler-pa.clients6.google.com/punctual/multi-watch/channel?VER=8&gsessionid=lsXMArw6-1az4_HE_Q5mzLGdIKFOdhdintKEWicIofs&key=AIzaSyA7GKm43l8WNxlLTjsldq9z9n80CL6KW4U&RID=rpc&SID=i1ovS-9rF5GHlbKRyDMmww&AID=55&CI=0&TYPE=xmlhttp&zx=z2phras6y04&t=9:0
[ 6227772ms] [ERROR] Failed to load resource: net::ERR_INTERNET_DISCONNECTED @ https://calendar.google.com/calendar/u/0/hello?cwuik=10:0
[ 6230422ms] [ERROR] Failed to load resource: net::ERR_INTERNET_DISCONNECTED @ https://signaler-pa.clients6.google.com/punctual/multi-watch/channel?VER=8&gsessionid=cut0crH43DaTxLrCm3TyzHvBHEcHtOlwVeDN2JtHrQ4&key=AIzaSyA7GKm43l8WNxlLTjsldq9z9n80CL6KW4U&RID=rpc&SID=3NPKncBds9p7d9OJBLMstg&AID=3&CI=0&TYPE=xmlhttp&zx=b99kth3qi24t&t=3:0
[ 6237772ms] [ERROR] Failed to load resource: net::ERR_INTERNET_DISCONNECTED @ https://calendar.google.com/calendar/u/0/hello?cwuik=10:0
[ 6238990ms] [ERROR] Failed to load resource: net::ERR_INTERNET_DISCONNECTED @ https://play.google.com/log?format=json&hasfast=true&authuser=0:0
[ 6247773ms] [ERROR] Failed to load resource: net::ERR_INTERNET_DISCONNECTED @ https://calendar.google.com/calendar/u/0/hello?cwuik=10:0
[ 6248340ms] [ERROR] Failed to load resource: net::ERR_INTERNET_DISCONNECTED @ https://signaler-pa.clients6.google.com/punctual/multi-watch/channel?VER=8&gsessionid=lsXMArw6-1az4_HE_Q5mzLGdIKFOdhdintKEWicIofs&key=AIzaSyA7GKm43l8WNxlLTjsldq9z9n80CL6KW4U&RID=rpc&SID=i1ovS-9rF5GHlbKRyDMmww&AID=55&CI=0&TYPE=xmlhttp&zx=na66mqctfftt&t=10:0
[ 6248342ms] [ERROR] Failed to load resource: net::ERR_INTERNET_DISCONNECTED @ https://www.google.com/images/cleardot.gif?zx=bze1pvfixc7f:0
[ 6248344ms] [ERROR] Failed to load resource: net::ERR_INTERNET_DISCONNECTED @ https://signaler-pa.clients6.google.com/punctual/v1/chooseServer?key=AIzaSyA7GKm43l8WNxlLTjsldq9z9n80CL6KW4U:0
[ 6248783ms] [ERROR] Failed to load resource: net::ERR_INTERNET_DISCONNECTED @ https://signaler-pa.clients6.google.com/punctual/v1/chooseServer?key=AIzaSyA7GKm43l8WNxlLTjsldq9z9n80CL6KW4U:0
[ 6249684ms] [ERROR] Failed to load resource: net::ERR_INTERNET_DISCONNECTED @ https://signaler-pa.clients6.google.com/punctual/v1/chooseServer?key=AIzaSyA7GKm43l8WNxlLTjsldq9z9n80CL6KW4U:0
[ 6250021ms] [ERROR] Failed to load resource: net::ERR_INTERNET_DISCONNECTED @ https://signaler-pa.clients6.google.com/punctual/multi-watch/channel?VER=8&gsessionid=cut0crH43DaTxLrCm3TyzHvBHEcHtOlwVeDN2JtHrQ4&key=AIzaSyA7GKm43l8WNxlLTjsldq9z9n80CL6KW4U&RID=rpc&SID=3NPKncBds9p7d9OJBLMstg&AID=3&CI=0&TYPE=xmlhttp&zx=14d28ae2igd6&t=4:0
[ 6250023ms] [ERROR] Failed to load resource: net::ERR_INTERNET_DISCONNECTED @ https://www.google.com/images/cleardot.gif?zx=8d4fpy7d7873:0
[ 6250024ms] [ERROR] Failed to load resource: net::ERR_INTERNET_DISCONNECTED @ https://signaler-pa.clients6.google.com/punctual/v1/chooseServer?key=AIzaSyA7GKm43l8WNxlLTjsldq9z9n80CL6KW4U:0
[ 6250451ms] [ERROR] Failed to load resource: net::ERR_INTERNET_DISCONNECTED @ https://signaler-pa.clients6.google.com/punctual/v1/chooseServer?key=AIzaSyA7GKm43l8WNxlLTjsldq9z9n80CL6KW4U:0
[ 6250501ms] [ERROR] Failed to load resource: net::ERR_INTERNET_DISCONNECTED @ https://play.google.com/log?format=json&hasfast=true&authuser=0:0
[ 6251275ms] [ERROR] Failed to load resource: net::ERR_INTERNET_DISCONNECTED @ https://signaler-pa.clients6.google.com/punctual/v1/chooseServer?key=AIzaSyA7GKm43l8WNxlLTjsldq9z9n80CL6KW4U:0
[ 6251590ms] [ERROR] Failed to load resource: net::ERR_INTERNET_DISCONNECTED @ https://signaler-pa.clients6.google.com/punctual/v1/chooseServer?key=AIzaSyA7GKm43l8WNxlLTjsldq9z9n80CL6KW4U:0
[ 7169995ms] [ERROR] Failed to load resource: net::ERR_INTERNET_DISCONNECTED @ https://calendar.google.com/calendar/u/0/sync.sync:0
[ 7170014ms] [ERROR] Failed to load resource: net::ERR_INTERNET_DISCONNECTED @ https://calendar.google.com/calendar/u/0/sync.sync:0
[ 7170021ms] [ERROR] Failed to load resource: net::ERR_INTERNET_DISCONNECTED @ https://calendar.google.com/calendar/u/0/jserror?cwuik=10&script=https%3A%2F%2Fcalendar.google.com%2Fcalendar%2Fu%2F0%2Fr%3Fpli%3D1&error=iV&line=Not%20available:0
[ 7171080ms] [ERROR] Failed to load resource: net::ERR_INTERNET_DISCONNECTED @ https://signaler-pa.clients6.google.com/punctual/v1/chooseServer?key=AIzaSyA7GKm43l8WNxlLTjsldq9z9n80CL6KW4U:0
[ 7172970ms] [ERROR] Failed to load resource: net::ERR_INTERNET_DISCONNECTED @ https://signaler-pa.clients6.google.com/punctual/v1/chooseServer?key=AIzaSyA7GKm43l8WNxlLTjsldq9z9n80CL6KW4U:0
[ 7175045ms] [ERROR] Failed to load resource: net::ERR_INTERNET_DISCONNECTED @ https://signaler-pa.clients6.google.com/punctual/v1/chooseServer?key=AIzaSyA7GKm43l8WNxlLTjsldq9z9n80CL6KW4U:0
[ 8221486ms] [ERROR] Failed to load resource: net::ERR_INTERNET_DISCONNECTED @ https://calendar.google.com/calendar/u/0/hello?cwuik=10:0
[ 8221783ms] [ERROR] Failed to load resource: net::ERR_INTERNET_DISCONNECTED @ https://calendar.google.com/calendar/u/0/sync.sync:0
[ 8221817ms] [ERROR] Failed to load resource: net::ERR_INTERNET_DISCONNECTED @ https://calendar.google.com/calendar/u/0/sync.sync:0
[ 8221822ms] [ERROR] Failed to load resource: net::ERR_INTERNET_DISCONNECTED @ https://calendar.google.com/calendar/u/0/jserror?cwuik=10&script=https%3A%2F%2Fcalendar.google.com%2Fcalendar%2Fu%2F0%2Fr%3Fpli%3D1&error=iV&line=Not%20available:0
[ 8225764ms] [ERROR] Failed to load resource: net::ERR_INTERNET_DISCONNECTED @ https://play.google.com/log?hasfast=true&auth=SAPISIDHASH+d7864c2a9630f5582e71cf19e3b4ccbd5f6a3a51+SAPISID1PHASH+d7864c2a9630f5582e71cf19e3b4ccbd5f6a3a51+SAPISID3PHASH+d7864c2a9630f5582e71cf19e3b4ccbd5f6a3a51&authuser=0&format=json:0
[ 8226018ms] [ERROR] Failed to load resource: net::ERR_INTERNET_DISCONNECTED @ https://signaler-pa.clients6.google.com/punctual/v1/chooseServer?key=AIzaSyA7GKm43l8WNxlLTjsldq9z9n80CL6KW4U:0
[ 9212577ms] [ERROR] Failed to load resource: net::ERR_INTERNET_DISCONNECTED @ https://calendar.google.com/calendar/u/0/sync.sync:0
[ 9212592ms] [ERROR] Failed to load resource: net::ERR_INTERNET_DISCONNECTED @ https://calendar.google.com/calendar/u/0/sync.sync:0
[ 9212594ms] [ERROR] Failed to load resource: net::ERR_INTERNET_DISCONNECTED @ https://calendar.google.com/calendar/u/0/jserror?cwuik=10&script=https%3A%2F%2Fcalendar.google.com%2Fcalendar%2Fu%2F0%2Fr%3Fpli%3D1&error=iV&line=Not%20available:0
[ 9214435ms] [ERROR] Failed to load resource: net::ERR_INTERNET_DISCONNECTED @ https://signaler-pa.clients6.google.com/punctual/v1/chooseServer?key=AIzaSyA7GKm43l8WNxlLTjsldq9z9n80CL6KW4U:0
[ 9266034ms] [ERROR] Failed to load resource: net::ERR_INTERNET_DISCONNECTED @ https://calendar.google.com/calendar/u/0/hello?cwuik=10:0
[ 9271401ms] [ERROR] Failed to load resource: net::ERR_INTERNET_DISCONNECTED @ https://play.google.com/log?hasfast=true&auth=SAPISIDHASH+d7864c2a9630f5582e71cf19e3b4ccbd5f6a3a51+SAPISID1PHASH+d7864c2a9630f5582e71cf19e3b4ccbd5f6a3a51+SAPISID3PHASH+d7864c2a9630f5582e71cf19e3b4ccbd5f6a3a51&authuser=0&format=json:0
[ 9275184ms] [ERROR] Failed to load resource: net::ERR_INTERNET_DISCONNECTED @ https://signaler-pa.clients6.google.com/punctual/v1/chooseServer?key=AIzaSyA7GKm43l8WNxlLTjsldq9z9n80CL6KW4U:0
[ 9276018ms] [ERROR] Failed to load resource: net::ERR_INTERNET_DISCONNECTED @ https://calendar.google.com/calendar/u/0/hello?cwuik=10:0
[ 9277192ms] [ERROR] Failed to load resource: net::ERR_INTERNET_DISCONNECTED @ https://signaler-pa.clients6.google.com/punctual/v1/chooseServer?key=AIzaSyA7GKm43l8WNxlLTjsldq9z9n80CL6KW4U:0
[ 9277896ms] [ERROR] Failed to load resource: net::ERR_INTERNET_DISCONNECTED @ https://waa-pa.clients6.google.com/$rpc/google.internal.waa.v1.Waa/Ping:0
[ 9277896ms] [ERROR] Failed to load resource: net::ERR_INTERNET_DISCONNECTED @ https://play.google.com/log?hasfast=true&auth=SAPISIDHASH+d7864c2a9630f5582e71cf19e3b4ccbd5f6a3a51+SAPISID1PHASH+d7864c2a9630f5582e71cf19e3b4ccbd5f6a3a51+SAPISID3PHASH+d7864c2a9630f5582e71cf19e3b4ccbd5f6a3a51&authuser=0&format=json:0
[ 9277896ms] [ERROR] Failed to load resource: net::ERR_INTERNET_DISCONNECTED @ https://play.google.com/log?format=json&hasfast=true&authuser=0:0
[ 9278012ms] [ERROR] Failed to load resource: net::ERR_INTERNET_DISCONNECTED @ https://play.google.com/log?format=json&hasfast=true&authuser=0:0
[ 9278902ms] [ERROR] Failed to load resource: net::ERR_INTERNET_DISCONNECTED @ https://waa-pa.googleapis.com/$rpc/google.internal.waa.v1.Waa/Ping:0
[ 9286019ms] [ERROR] Failed to load resource: net::ERR_INTERNET_DISCONNECTED @ https://calendar.google.com/calendar/u/0/hello?cwuik=10:0
[ 9296018ms] [ERROR] Failed to load resource: net::ERR_INTERNET_DISCONNECTED @ https://calendar.google.com/calendar/u/0/hello?cwuik=10:0
[ 9298237ms] [ERROR] Failed to load resource: net::ERR_INTERNET_DISCONNECTED @ https://play.google.com/log?format=json&hasfast=true&authuser=0:0
[ 9301493ms] [ERROR] Failed to load resource: net::ERR_INTERNET_DISCONNECTED @ https://signaler-pa.clients6.google.com/punctual/v1/chooseServer?key=AIzaSyA7GKm43l8WNxlLTjsldq9z9n80CL6KW4U:0
[ 9306017ms] [ERROR] Failed to load resource: net::ERR_INTERNET_DISCONNECTED @ https://calendar.google.com/calendar/u/0/hello?cwuik=10:0
[ 9308756ms] [ERROR] Failed to load resource: net::ERR_INTERNET_DISCONNECTED @ https://signaler-pa.clients6.google.com/punctual/v1/chooseServer?key=AIzaSyA7GKm43l8WNxlLTjsldq9z9n80CL6KW4U:0
[ 9316021ms] [ERROR] Failed to load resource: net::ERR_INTERNET_DISCONNECTED @ https://calendar.google.com/calendar/u/0/hello?cwuik=10:0
[ 9326019ms] [ERROR] Failed to load resource: net::ERR_INTERNET_DISCONNECTED @ https://calendar.google.com/calendar/u/0/hello?cwuik=10:0
[ 9336020ms] [ERROR] Failed to load resource: net::ERR_INTERNET_DISCONNECTED @ https://calendar.google.com/calendar/u/0/hello?cwuik=10:0
[ 9346023ms] [ERROR] Failed to load resource: net::ERR_INTERNET_DISCONNECTED @ https://calendar.google.com/calendar/u/0/hello?cwuik=10:0
[ 9356019ms] [ERROR] Failed to load resource: net::ERR_INTERNET_DISCONNECTED @ https://calendar.google.com/calendar/u/0/hello?cwuik=10:0
[ 9361637ms] [ERROR] Failed to load resource: net::ERR_INTERNET_DISCONNECTED @ https://signaler-pa.clients6.google.com/punctual/v1/chooseServer?key=AIzaSyA7GKm43l8WNxlLTjsldq9z9n80CL6KW4U:0
[ 9363097ms] [ERROR] Failed to load resource: net::ERR_INTERNET_DISCONNECTED @ https://play.google.com/log?format=json&hasfast=true&authuser=0:0
[ 9365353ms] [ERROR] Failed to load resource: net::ERR_INTERNET_DISCONNECTED @ https://signaler-pa.clients6.google.com/punctual/v1/chooseServer?key=AIzaSyA7GKm43l8WNxlLTjsldq9z9n80CL6KW4U:0
[ 9366018ms] [ERROR] Failed to load resource: net::ERR_INTERNET_DISCONNECTED @ https://calendar.google.com/calendar/u/0/hello?cwuik=10:0
[ 9536221ms] [ERROR] Failed to load resource: net::ERR_INTERNET_DISCONNECTED @ https://calendar.google.com/calendar/u/0/hello?cwuik=10:0
[ 9538233ms] [ERROR] Failed to load resource: net::ERR_INTERNET_DISCONNECTED @ https://calendar.google.com/calendar/u/0/hello?cwuik=10:0
[ 9540247ms] [ERROR] Failed to load resource: net::ERR_INTERNET_DISCONNECTED @ https://calendar.google.com/calendar/u/0/hello?cwuik=10:0
[ 9544426ms] [ERROR] Failed to load resource: net::ERR_QUIC_PROTOCOL_ERROR.QUIC_PACKET_WRITE_ERROR @ https://signaler-pa.clients6.google.com/punctual/multi-watch/channel?VER=8&gsessionid=Qh3k4EiOErl7jX7ogdmdXpfkeg700cFDKpWPESOuVdw&key=AIzaSyA7GKm43l8WNxlLTjsldq9z9n80CL6KW4U&RID=rpc&SID=NdkL0AgTEYIYx50CF9nozQ&AID=0&CI=0&TYPE=xmlhttp&zx=afb8txn3zoav&t=1:0
[ 9544432ms] [ERROR] Failed to load resource: net::ERR_QUIC_PROTOCOL_ERROR.QUIC_PACKET_WRITE_ERROR @ https://signaler-pa.clients6.google.com/punctual/multi-watch/channel?VER=8&gsessionid=MJN3CZlxKMJrz8nJw7H3Ih0HUc-VI4Pz0CZzGesbIjM&key=AIzaSyA7GKm43l8WNxlLTjsldq9z9n80CL6KW4U&RID=rpc&SID=gDhSJRDwcGZm54WFhmQlGA&AID=0&CI=0&TYPE=xmlhttp&zx=mncrt9q4udws&t=1:0
[ 9544438ms] [ERROR] Failed to load resource: net::ERR_INTERNET_DISCONNECTED @ https://signaler-pa.clients6.google.com/punctual/multi-watch/channel?VER=8&gsessionid=Qh3k4EiOErl7jX7ogdmdXpfkeg700cFDKpWPESOuVdw&key=AIzaSyA7GKm43l8WNxlLTjsldq9z9n80CL6KW4U&RID=rpc&SID=NdkL0AgTEYIYx50CF9nozQ&AID=6&CI=0&TYPE=xmlhttp&zx=ezw0ue6td28z&t=2:0
[ 9544438ms] [ERROR] Failed to load resource: net::ERR_INTERNET_DISCONNECTED @ https://signaler-pa.clients6.google.com/punctual/multi-watch/channel?VER=8&gsessionid=MJN3CZlxKMJrz8nJw7H3Ih0HUc-VI4Pz0CZzGesbIjM&key=AIzaSyA7GKm43l8WNxlLTjsldq9z9n80CL6KW4U&RID=rpc&SID=gDhSJRDwcGZm54WFhmQlGA&AID=6&CI=0&TYPE=xmlhttp&zx=zgmbzsldia8c&t=2:0
[ 9550258ms] [ERROR] Failed to load resource: net::ERR_INTERNET_DISCONNECTED @ https://play.google.com/log?format=json&hasfast=true&authuser=0:0
[ 9550260ms] [ERROR] Failed to load resource: net::ERR_INTERNET_DISCONNECTED @ https://calendar.google.com/calendar/u/0/hello?cwuik=10:0
[ 9552234ms] [ERROR] Failed to load resource: net::ERR_INTERNET_DISCONNECTED @ https://signaler-pa.clients6.google.com/punctual/multi-watch/channel?VER=8&gsessionid=MJN3CZlxKMJrz8nJw7H3Ih0HUc-VI4Pz0CZzGesbIjM&key=AIzaSyA7GKm43l8WNxlLTjsldq9z9n80CL6KW4U&RID=rpc&SID=gDhSJRDwcGZm54WFhmQlGA&AID=6&CI=0&TYPE=xmlhttp&zx=fymr3oz0y00f&t=3:0
[ 9558703ms] [ERROR] Failed to load resource: net::ERR_INTERNET_DISCONNECTED @ https://signaler-pa.clients6.google.com/punctual/multi-watch/channel?VER=8&gsessionid=Qh3k4EiOErl7jX7ogdmdXpfkeg700cFDKpWPESOuVdw&key=AIzaSyA7GKm43l8WNxlLTjsldq9z9n80CL6KW4U&RID=rpc&SID=NdkL0AgTEYIYx50CF9nozQ&AID=6&CI=0&TYPE=xmlhttp&zx=nh81frmx0ewv&t=3:0
[ 9560253ms] [ERROR] Failed to load resource: net::ERR_INTERNET_DISCONNECTED @ https://calendar.google.com/calendar/u/0/hello?cwuik=10:0
[ 9563817ms] [ERROR] Failed to load resource: net::ERR_INTERNET_DISCONNECTED @ https://signaler-pa.clients6.google.com/punctual/multi-watch/channel?VER=8&gsessionid=MJN3CZlxKMJrz8nJw7H3Ih0HUc-VI4Pz0CZzGesbIjM&key=AIzaSyA7GKm43l8WNxlLTjsldq9z9n80CL6KW4U&RID=rpc&SID=gDhSJRDwcGZm54WFhmQlGA&AID=6&CI=0&TYPE=xmlhttp&zx=y76xdfl8lyo&t=4:0
[ 9563820ms] [ERROR] Failed to load resource: net::ERR_INTERNET_DISCONNECTED @ https://www.google.com/images/cleardot.gif?zx=9xecukoohnln:0
[ 9563822ms] [ERROR] Failed to load resource: net::ERR_INTERNET_DISCONNECTED @ https://signaler-pa.clients6.google.com/punctual/v1/chooseServer?key=AIzaSyA7GKm43l8WNxlLTjsldq9z9n80CL6KW4U:0
[ 9564326ms] [ERROR] Failed to load resource: net::ERR_INTERNET_DISCONNECTED @ https://signaler-pa.clients6.google.com/punctual/v1/chooseServer?key=AIzaSyA7GKm43l8WNxlLTjsldq9z9n80CL6KW4U:0
[ 9565211ms] [ERROR] Failed to load resource: net::ERR_INTERNET_DISCONNECTED @ https://signaler-pa.clients6.google.com/punctual/v1/chooseServer?key=AIzaSyA7GKm43l8WNxlLTjsldq9z9n80CL6KW4U:0
[ 9567156ms] [ERROR] Failed to load resource: net::ERR_INTERNET_DISCONNECTED @ https://signaler-pa.clients6.google.com/punctual/v1/chooseServer?key=AIzaSyA7GKm43l8WNxlLTjsldq9z9n80CL6KW4U:0
[ 9569196ms] [ERROR] Failed to load resource: net::ERR_INTERNET_DISCONNECTED @ https://play.google.com/log?format=json&hasfast=true&authuser=0:0
[ 9570255ms] [ERROR] Failed to load resource: net::ERR_INTERNET_DISCONNECTED @ https://calendar.google.com/calendar/u/0/hello?cwuik=10:0
[ 9570796ms] [ERROR] Failed to load resource: net::ERR_INTERNET_DISCONNECTED @ https://signaler-pa.clients6.google.com/punctual/v1/chooseServer?key=AIzaSyA7GKm43l8WNxlLTjsldq9z9n80CL6KW4U:0
[ 9571922ms] [ERROR] Failed to load resource: net::ERR_INTERNET_DISCONNECTED @ https://signaler-pa.clients6.google.com/punctual/multi-watch/channel?VER=8&gsessionid=Qh3k4EiOErl7jX7ogdmdXpfkeg700cFDKpWPESOuVdw&key=AIzaSyA7GKm43l8WNxlLTjsldq9z9n80CL6KW4U&RID=rpc&SID=NdkL0AgTEYIYx50CF9nozQ&AID=6&CI=0&TYPE=xmlhttp&zx=2ih4mtrfwr6m&t=4:0
[ 9571927ms] [ERROR] Failed to load resource: net::ERR_INTERNET_DISCONNECTED @ https://signaler-pa.clients6.google.com/punctual/v1/chooseServer?key=AIzaSyA7GKm43l8WNxlLTjsldq9z9n80CL6KW4U:0
[ 9571928ms] [ERROR] Failed to load resource: net::ERR_INTERNET_DISCONNECTED @ https://www.google.com/images/cleardot.gif?zx=21jf89yql1yw:0
[ 9572420ms] [ERROR] Failed to load resource: net::ERR_INTERNET_DISCONNECTED @ https://signaler-pa.clients6.google.com/punctual/v1/chooseServer?key=AIzaSyA7GKm43l8WNxlLTjsldq9z9n80CL6KW4U:0
[ 9573259ms] [ERROR] Failed to load resource: net::ERR_INTERNET_DISCONNECTED @ https://signaler-pa.clients6.google.com/punctual/v1/chooseServer?key=AIzaSyA7GKm43l8WNxlLTjsldq9z9n80CL6KW4U:0
[ 9575042ms] [ERROR] Failed to load resource: net::ERR_INTERNET_DISCONNECTED @ https://signaler-pa.clients6.google.com/punctual/v1/chooseServer?key=AIzaSyA7GKm43l8WNxlLTjsldq9z9n80CL6KW4U:0
[ 9577259ms] [ERROR] Failed to load resource: net::ERR_INTERNET_DISCONNECTED @ https://play.google.com/log?format=json&hasfast=true&authuser=0:0
[ 9577914ms] [ERROR] Failed to load resource: net::ERR_INTERNET_DISCONNECTED @ https://waa-pa.clients6.google.com/$rpc/google.internal.waa.v1.Waa/Ping:0
[ 9577914ms] [ERROR] Failed to load resource: net::ERR_INTERNET_DISCONNECTED @ https://play.google.com/log?format=json&hasfast=true&authuser=0:0
[ 9577915ms] [ERROR] Failed to load resource: net::ERR_INTERNET_DISCONNECTED @ https://play.google.com/log?hasfast=true&auth=SAPISIDHASH+d7864c2a9630f5582e71cf19e3b4ccbd5f6a3a51+SAPISID1PHASH+d7864c2a9630f5582e71cf19e3b4ccbd5f6a3a51+SAPISID3PHASH+d7864c2a9630f5582e71cf19e3b4ccbd5f6a3a51&authuser=0&format=json:0
[ 9578068ms] [ERROR] Failed to load resource: net::ERR_INTERNET_DISCONNECTED @ https://signaler-pa.clients6.google.com/punctual/v1/chooseServer?key=AIzaSyA7GKm43l8WNxlLTjsldq9z9n80CL6KW4U:0
[ 9578806ms] [ERROR] Failed to load resource: net::ERR_INTERNET_DISCONNECTED @ https://signaler-pa.clients6.google.com/punctual/v1/chooseServer?key=AIzaSyA7GKm43l8WNxlLTjsldq9z9n80CL6KW4U:0
[ 9578920ms] [ERROR] Failed to load resource: net::ERR_INTERNET_DISCONNECTED @ https://waa-pa.googleapis.com/$rpc/google.internal.waa.v1.Waa/Ping:0
[ 9580253ms] [ERROR] Failed to load resource: net::ERR_INTERNET_DISCONNECTED @ https://calendar.google.com/calendar/u/0/hello?cwuik=10:0
[ 9585971ms] [ERROR] Failed to load resource: net::ERR_INTERNET_DISCONNECTED @ https://signaler-pa.clients6.google.com/punctual/v1/chooseServer?key=AIzaSyA7GKm43l8WNxlLTjsldq9z9n80CL6KW4U:0
[ 9589898ms] [ERROR] Failed to load resource: net::ERR_INTERNET_DISCONNECTED @ https://play.google.com/log?format=json&hasfast=true&authuser=0:0
[ 9590253ms] [ERROR] Failed to load resource: net::ERR_INTERNET_DISCONNECTED @ https://calendar.google.com/calendar/u/0/hello?cwuik=10:0
[ 9593186ms] [ERROR] Failed to load resource: net::ERR_INTERNET_DISCONNECTED @ https://signaler-pa.clients6.google.com/punctual/v1/chooseServer?key=AIzaSyA7GKm43l8WNxlLTjsldq9z9n80CL6KW4U:0
[ 9600254ms] [ERROR] Failed to load resource: net::ERR_INTERNET_DISCONNECTED @ https://calendar.google.com/calendar/u/0/hello?cwuik=10:0
[ 9601421ms] [ERROR] Failed to load resource: net::ERR_INTERNET_DISCONNECTED @ https://signaler-pa.clients6.google.com/punctual/v1/chooseServer?key=AIzaSyA7GKm43l8WNxlLTjsldq9z9n80CL6KW4U:0
[11378347ms] [ERROR] Failed to load resource: net::ERR_NAME_NOT_RESOLVED @ https://calendar.google.com/calendar/u/0/sync.sync:0
[11378366ms] [ERROR] Failed to load resource: net::ERR_NAME_NOT_RESOLVED @ https://calendar.google.com/calendar/u/0/sync.sync:0
[11378407ms] [ERROR] Failed to load resource: net::ERR_QUIC_PROTOCOL_ERROR.QUIC_PACKET_WRITE_ERROR @ https://signaler-pa.clients6.google.com/punctual/multi-watch/channel?VER=8&gsessionid=KVrTgfQfhyrQ2k3ORVZf-mGteEzvqpBr6fYmHG-zSeQ&key=AIzaSyA7GKm43l8WNxlLTjsldq9z9n80CL6KW4U&RID=rpc&SID=xqxOp7Md2UnLskBgRYvNKQ&AID=40&CI=0&TYPE=xmlhttp&zx=7pesu4tfkwu6&t=1:0
[11378408ms] [ERROR] Failed to load resource: net::ERR_QUIC_PROTOCOL_ERROR.QUIC_PACKET_WRITE_ERROR @ https://signaler-pa.clients6.google.com/punctual/multi-watch/channel?VER=8&gsessionid=OTBEs7N-GfKkJfFIHWJ8ajHjJGkfjG9vid1sbnKi4L4&key=AIzaSyA7GKm43l8WNxlLTjsldq9z9n80CL6KW4U&RID=rpc&SID=5hwZUhH-fnU9UOwCUlf-ZQ&AID=40&CI=0&TYPE=xmlhttp&zx=u27eb62kedms&t=1:0
[11378418ms] [ERROR] Failed to load resource: net::ERR_INTERNET_DISCONNECTED @ https://calendar.google.com/calendar/u/0/hello?cwuik=10:0
[11378425ms] [ERROR] Failed to load resource: net::ERR_INTERNET_DISCONNECTED @ https://calendar.google.com/calendar/u/0/jserror?cwuik=10&script=https%3A%2F%2Fcalendar.google.com%2Fcalendar%2Fu%2F0%2Fr%3Fpli%3D1&error=iV&line=Not%20available:0
[11378427ms] [ERROR] Failed to load resource: net::ERR_INTERNET_DISCONNECTED @ https://signaler-pa.clients6.google.com/punctual/multi-watch/channel?VER=8&gsessionid=KVrTgfQfhyrQ2k3ORVZf-mGteEzvqpBr6fYmHG-zSeQ&key=AIzaSyA7GKm43l8WNxlLTjsldq9z9n80CL6KW4U&RID=rpc&SID=xqxOp7Md2UnLskBgRYvNKQ&AID=42&CI=0&TYPE=xmlhttp&zx=b3pky6359jjj&t=2:0
[11378428ms] [ERROR] Failed to load resource: net::ERR_INTERNET_DISCONNECTED @ https://signaler-pa.clients6.google.com/punctual/multi-watch/channel?VER=8&gsessionid=OTBEs7N-GfKkJfFIHWJ8ajHjJGkfjG9vid1sbnKi4L4&key=AIzaSyA7GKm43l8WNxlLTjsldq9z9n80CL6KW4U&RID=rpc&SID=5hwZUhH-fnU9UOwCUlf-ZQ&AID=43&CI=0&TYPE=xmlhttp&zx=id9m84j0xkj0&t=2:0
[11380364ms] [ERROR] Failed to load resource: net::ERR_INTERNET_DISCONNECTED @ https://calendar.google.com/calendar/u/0/hello?cwuik=10:0
[11380424ms] [ERROR] Failed to load resource: net::ERR_INTERNET_DISCONNECTED @ https://calendar.google.com/calendar/u/0/hello?cwuik=10:0
[12361142ms] [ERROR] Failed to load resource: net::ERR_INTERNET_DISCONNECTED @ https://calendar.google.com/calendar/u/0/sync.sync:0
[12361151ms] [ERROR] Failed to load resource: net::ERR_INTERNET_DISCONNECTED @ https://calendar.google.com/calendar/u/0/sync.sync:0
[12361152ms] [ERROR] Failed to load resource: net::ERR_INTERNET_DISCONNECTED @ https://calendar.google.com/calendar/u/0/jserror?cwuik=10&script=https%3A%2F%2Fcalendar.google.com%2Fcalendar%2Fu%2F0%2Fr%3Fpli%3D1&error=iV&line=Not%20available:0
[12363065ms] [ERROR] Failed to load resource: net::ERR_INTERNET_DISCONNECTED @ https://signaler-pa.clients6.google.com/punctual/multi-watch/channel?VER=8&gsessionid=OTBEs7N-GfKkJfFIHWJ8ajHjJGkfjG9vid1sbnKi4L4&key=AIzaSyA7GKm43l8WNxlLTjsldq9z9n80CL6KW4U&RID=rpc&SID=5hwZUhH-fnU9UOwCUlf-ZQ&AID=43&CI=0&TYPE=xmlhttp&zx=g6n76cr3j60v&t=3:0
[12365567ms] [ERROR] Failed to load resource: net::ERR_INTERNET_DISCONNECTED @ https://signaler-pa.clients6.google.com/punctual/multi-watch/channel?VER=8&gsessionid=KVrTgfQfhyrQ2k3ORVZf-mGteEzvqpBr6fYmHG-zSeQ&key=AIzaSyA7GKm43l8WNxlLTjsldq9z9n80CL6KW4U&RID=rpc&SID=xqxOp7Md2UnLskBgRYvNKQ&AID=42&CI=0&TYPE=xmlhttp&zx=yo3aa62a3smb&t=3:0
[13316889ms] [ERROR] Failed to load resource: net::ERR_INTERNET_DISCONNECTED @ https://play.google.com/log?hasfast=true&auth=SAPISIDHASH+d7864c2a9630f5582e71cf19e3b4ccbd5f6a3a51+SAPISID1PHASH+d7864c2a9630f5582e71cf19e3b4ccbd5f6a3a51+SAPISID3PHASH+d7864c2a9630f5582e71cf19e3b4ccbd5f6a3a51&authuser=0&format=json:0
[13316926ms] [ERROR] Failed to load resource: net::ERR_INTERNET_DISCONNECTED @ https://calendar.google.com/calendar/u/0/sync.sync:0
[13316948ms] [ERROR] Failed to load resource: net::ERR_INTERNET_DISCONNECTED @ https://calendar.google.com/calendar/u/0/sync.sync:0
[13316965ms] [ERROR] Failed to load resource: net::ERR_INTERNET_DISCONNECTED @ https://calendar.google.com/calendar/u/0/jserror?cwuik=10&script=https%3A%2F%2Fcalendar.google.com%2Fcalendar%2Fu%2F0%2Fr%3Fpli%3D1&error=iV&line=Not%20available:0
[13318880ms] [ERROR] Failed to load resource: net::ERR_INTERNET_DISCONNECTED @ https://calendar.google.com/calendar/u/0/hello?cwuik=10:0
[13318880ms] [ERROR] Failed to load resource: net::ERR_INTERNET_DISCONNECTED @ https://play.google.com/log?format=json&hasfast=true&authuser=0:0
[14338840ms] [ERROR] Failed to load resource: net::ERR_INTERNET_DISCONNECTED @ https://calendar.google.com/calendar/u/0/sync.sync:0
[14338858ms] [ERROR] Failed to load resource: net::ERR_INTERNET_DISCONNECTED @ https://calendar.google.com/calendar/u/0/sync.sync:0
[14338863ms] [ERROR] Failed to load resource: net::ERR_INTERNET_DISCONNECTED @ https://calendar.google.com/calendar/u/0/jserror?cwuik=10&script=https%3A%2F%2Fcalendar.google.com%2Fcalendar%2Fu%2F0%2Fr%3Fpli%3D1&error=iV&line=Not%20available:0
[14343707ms] [ERROR] Failed to load resource: net::ERR_INTERNET_DISCONNECTED @ https://play.google.com/log?hasfast=true&auth=SAPISIDHASH+d7864c2a9630f5582e71cf19e3b4ccbd5f6a3a51+SAPISID1PHASH+d7864c2a9630f5582e71cf19e3b4ccbd5f6a3a51+SAPISID3PHASH+d7864c2a9630f5582e71cf19e3b4ccbd5f6a3a51&authuser=0&format=json:0
[15378842ms] [ERROR] Failed to load resource: net::ERR_INTERNET_DISCONNECTED @ https://signaler-pa.clients6.google.com/punctual/multi-watch/channel?VER=8&gsessionid=OTBEs7N-GfKkJfFIHWJ8ajHjJGkfjG9vid1sbnKi4L4&key=AIzaSyA7GKm43l8WNxlLTjsldq9z9n80CL6KW4U&RID=rpc&SID=5hwZUhH-fnU9UOwCUlf-ZQ&AID=43&CI=0&TYPE=xmlhttp&zx=sda1ybgvu57d&t=4:0
[15378862ms] [ERROR] Failed to load resource: net::ERR_INTERNET_DISCONNECTED @ https://www.google.com/images/cleardot.gif?zx=kb24vkc4skmr:0
[15378864ms] [ERROR] Failed to load resource: net::ERR_INTERNET_DISCONNECTED @ https://signaler-pa.clients6.google.com/punctual/v1/chooseServer?key=AIzaSyA7GKm43l8WNxlLTjsldq9z9n80CL6KW4U:0
[15379346ms] [ERROR] Failed to load resource: net::ERR_INTERNET_DISCONNECTED @ https://signaler-pa.clients6.google.com/punctual/v1/chooseServer?key=AIzaSyA7GKm43l8WNxlLTjsldq9z9n80CL6KW4U:0
[15379621ms] [ERROR] Failed to load resource: net::ERR_INTERNET_DISCONNECTED @ https://calendar.google.com/calendar/u/0/sync.sync:0
[15379635ms] [ERROR] Failed to load resource: net::ERR_INTERNET_DISCONNECTED @ https://calendar.google.com/calendar/u/0/sync.sync:0
[15379637ms] [ERROR] Failed to load resource: net::ERR_INTERNET_DISCONNECTED @ https://calendar.google.com/calendar/u/0/jserror?cwuik=10&script=https%3A%2F%2Fcalendar.google.com%2Fcalendar%2Fu%2F0%2Fr%3Fpli%3D1&error=iV&line=Not%20available:0
[15380279ms] [ERROR] Failed to load resource: net::ERR_INTERNET_DISCONNECTED @ https://signaler-pa.clients6.google.com/punctual/v1/chooseServer?key=AIzaSyA7GKm43l8WNxlLTjsldq9z9n80CL6KW4U:0
[15380359ms] [ERROR] Failed to load resource: net::ERR_INTERNET_DISCONNECTED @ https://calendar.google.com/calendar/u/0/hello?cwuik=10:0
[15381925ms] [ERROR] Failed to load resource: net::ERR_INTERNET_DISCONNECTED @ https://signaler-pa.clients6.google.com/punctual/v1/chooseServer?key=AIzaSyA7GKm43l8WNxlLTjsldq9z9n80CL6KW4U:0
[16386413ms] [ERROR] Failed to load resource: net::ERR_INTERNET_DISCONNECTED @ https://calendar.google.com/calendar/u/0/sync.sync:0
[16386425ms] [ERROR] Failed to load resource: net::ERR_INTERNET_DISCONNECTED @ https://calendar.google.com/calendar/u/0/sync.sync:0
[16386427ms] [ERROR] Failed to load resource: net::ERR_INTERNET_DISCONNECTED @ https://calendar.google.com/calendar/u/0/jserror?cwuik=10&script=https%3A%2F%2Fcalendar.google.com%2Fcalendar%2Fu%2F0%2Fr%3Fpli%3D1&error=iV&line=Not%20available:0
[16387009ms] [ERROR] Failed to load resource: net::ERR_INTERNET_DISCONNECTED @ https://signaler-pa.clients6.google.com/punctual/v1/chooseServer?key=AIzaSyA7GKm43l8WNxlLTjsldq9z9n80CL6KW4U:0
[17304857ms] [ERROR] Failed to load resource: net::ERR_INTERNET_DISCONNECTED @ https://play.google.com/log?hasfast=true&auth=SAPISIDHASH+d7864c2a9630f5582e71cf19e3b4ccbd5f6a3a51+SAPISID1PHASH+d7864c2a9630f5582e71cf19e3b4ccbd5f6a3a51+SAPISID3PHASH+d7864c2a9630f5582e71cf19e3b4ccbd5f6a3a51&authuser=0&format=json:0
[17304883ms] [ERROR] Failed to load resource: net::ERR_INTERNET_DISCONNECTED @ https://calendar.google.com/calendar/u/0/sync.sync:0
[17304904ms] [ERROR] Failed to load resource: net::ERR_INTERNET_DISCONNECTED @ https://calendar.google.com/calendar/u/0/sync.sync:0
[17304926ms] [ERROR] Failed to load resource: net::ERR_INTERNET_DISCONNECTED @ https://calendar.google.com/calendar/u/0/jserror?cwuik=10&script=https%3A%2F%2Fcalendar.google.com%2Fcalendar%2Fu%2F0%2Fr%3Fpli%3D1&error=iV&line=Not%20available:0
[17305547ms] [ERROR] Failed to load resource: net::ERR_INTERNET_DISCONNECTED @ https://calendar.google.com/calendar/u/0/hello?cwuik=10:0
[17307144ms] [ERROR] Failed to load resource: net::ERR_INTERNET_DISCONNECTED @ https://play.google.com/log?format=json&hasfast=true&authuser=0:0
[17307328ms] [ERROR] Failed to load resource: net::ERR_INTERNET_DISCONNECTED @ https://signaler-pa.clients6.google.com/punctual/v1/chooseServer?key=AIzaSyA7GKm43l8WNxlLTjsldq9z9n80CL6KW4U:0
[17307428ms] [ERROR] Failed to load resource: net::ERR_INTERNET_DISCONNECTED @ https://play.google.com/log?format=json&hasfast=true&authuser=0:0
[17650098ms] [ERROR] Failed to load resource: net::ERR_INTERNET_DISCONNECTED @ https://signaler-pa.clients6.google.com/punctual/multi-watch/channel?VER=8&gsessionid=KVrTgfQfhyrQ2k3ORVZf-mGteEzvqpBr6fYmHG-zSeQ&key=AIzaSyA7GKm43l8WNxlLTjsldq9z9n80CL6KW4U&RID=rpc&SID=xqxOp7Md2UnLskBgRYvNKQ&AID=42&CI=0&TYPE=xmlhttp&zx=egeh6hx0xqun&t=4:0
[17650101ms] [ERROR] Failed to load resource: net::ERR_INTERNET_DISCONNECTED @ https://signaler-pa.clients6.google.com/punctual/v1/chooseServer?key=AIzaSyA7GKm43l8WNxlLTjsldq9z9n80CL6KW4U:0
[17650101ms] [ERROR] Failed to load resource: net::ERR_INTERNET_DISCONNECTED @ https://www.google.com/images/cleardot.gif?zx=fhzy24eec1z1:0
[17650523ms] [ERROR] Failed to load resource: net::ERR_INTERNET_DISCONNECTED @ https://signaler-pa.clients6.google.com/punctual/v1/chooseServer?key=AIzaSyA7GKm43l8WNxlLTjsldq9z9n80CL6KW4U:0
[17651409ms] [ERROR] Failed to load resource: net::ERR_INTERNET_DISCONNECTED @ https://signaler-pa.clients6.google.com/punctual/v1/chooseServer?key=AIzaSyA7GKm43l8WNxlLTjsldq9z9n80CL6KW4U:0
[17652648ms] [ERROR] Failed to load resource: net::ERR_INTERNET_DISCONNECTED @ https://play.google.com/log?hasfast=true&auth=SAPISIDHASH+d7864c2a9630f5582e71cf19e3b4ccbd5f6a3a51+SAPISID1PHASH+d7864c2a9630f5582e71cf19e3b4ccbd5f6a3a51+SAPISID3PHASH+d7864c2a9630f5582e71cf19e3b4ccbd5f6a3a51&authuser=0&format=json:0
[17653284ms] [ERROR] Failed to load resource: net::ERR_INTERNET_DISCONNECTED @ https://calendar.google.com/calendar/u/0/hello?cwuik=10:0
[17653357ms] [ERROR] Failed to load resource: net::ERR_INTERNET_DISCONNECTED @ https://signaler-pa.clients6.google.com/punctual/v1/chooseServer?key=AIzaSyA7GKm43l8WNxlLTjsldq9z9n80CL6KW4U:0
[17656680ms] [ERROR] Failed to load resource: net::ERR_INTERNET_DISCONNECTED @ https://signaler-pa.clients6.google.com/punctual/v1/chooseServer?key=AIzaSyA7GKm43l8WNxlLTjsldq9z9n80CL6KW4U:0
[17660670ms] [ERROR] Failed to load resource: net::ERR_INTERNET_DISCONNECTED @ https://signaler-pa.clients6.google.com/punctual/v1/chooseServer?key=AIzaSyA7GKm43l8WNxlLTjsldq9z9n80CL6KW4U:0
[17663286ms] [ERROR] Failed to load resource: net::ERR_INTERNET_DISCONNECTED @ https://calendar.google.com/calendar/u/0/hello?cwuik=10:0
[17663890ms] [ERROR] Failed to load resource: net::ERR_INTERNET_DISCONNECTED @ https://signaler-pa.clients6.google.com/punctual/v1/chooseServer?key=AIzaSyA7GKm43l8WNxlLTjsldq9z9n80CL6KW4U:0
[17672920ms] [ERROR] Failed to load resource: net::ERR_INTERNET_DISCONNECTED @ https://play.google.com/log?format=json&hasfast=true&authuser=0:0
[17673283ms] [ERROR] Failed to load resource: net::ERR_INTERNET_DISCONNECTED @ https://calendar.google.com/calendar/u/0/hello?cwuik=10:0
[17679559ms] [ERROR] Failed to load resource: net::ERR_INTERNET_DISCONNECTED @ https://signaler-pa.clients6.google.com/punctual/v1/chooseServer?key=AIzaSyA7GKm43l8WNxlLTjsldq9z9n80CL6KW4U:0
[17683283ms] [ERROR] Failed to load resource: net::ERR_INTERNET_DISCONNECTED @ https://calendar.google.com/calendar/u/0/hello?cwuik=10:0
[17684081ms] [ERROR] Failed to load resource: net::ERR_INTERNET_DISCONNECTED @ https://play.google.com/log?format=json&hasfast=true&authuser=0:0
[17692265ms] [ERROR] Failed to load resource: net::ERR_INTERNET_DISCONNECTED @ https://signaler-pa.clients6.google.com/punctual/v1/chooseServer?key=AIzaSyA7GKm43l8WNxlLTjsldq9z9n80CL6KW4U:0
[17693285ms] [ERROR] Failed to load resource: net::ERR_INTERNET_DISCONNECTED @ https://calendar.google.com/calendar/u/0/hello?cwuik=10:0
[17693944ms] [ERROR] Failed to load resource: net::ERR_INTERNET_DISCONNECTED @ https://waa-pa.clients6.google.com/$rpc/google.internal.waa.v1.Waa/Ping:0
[17693944ms] [ERROR] Failed to load resource: net::ERR_INTERNET_DISCONNECTED @ https://play.google.com/log?format=json&hasfast=true&authuser=0:0
[17693945ms] [ERROR] Failed to load resource: net::ERR_INTERNET_DISCONNECTED @ https://play.google.com/log?hasfast=true&auth=SAPISIDHASH+d7864c2a9630f5582e71cf19e3b4ccbd5f6a3a51+SAPISID1PHASH+d7864c2a9630f5582e71cf19e3b4ccbd5f6a3a51+SAPISID3PHASH+d7864c2a9630f5582e71cf19e3b4ccbd5f6a3a51&authuser=0&format=json:0
[18755924ms] [ERROR] Failed to load resource: net::ERR_INTERNET_DISCONNECTED @ https://calendar.google.com/calendar/u/0/sync.sync:0
[18755934ms] [ERROR] Failed to load resource: net::ERR_INTERNET_DISCONNECTED @ https://calendar.google.com/calendar/u/0/sync.sync:0
[18755936ms] [ERROR] Failed to load resource: net::ERR_INTERNET_DISCONNECTED @ https://calendar.google.com/calendar/u/0/jserror?cwuik=10&script=https%3A%2F%2Fcalendar.google.com%2Fcalendar%2Fu%2F0%2Fr%3Fpli%3D1&error=iV&line=Not%20available:0
[18756027ms] [ERROR] Failed to load resource: net::ERR_INTERNET_DISCONNECTED @ https://waa-pa.googleapis.com/$rpc/google.internal.waa.v1.Waa/Ping:0
[19786752ms] [ERROR] Failed to load resource: net::ERR_INTERNET_DISCONNECTED @ https://calendar.google.com/calendar/u/0/sync.sync:0
[19786766ms] [ERROR] Failed to load resource: net::ERR_INTERNET_DISCONNECTED @ https://calendar.google.com/calendar/u/0/sync.sync:0
[19786769ms] [ERROR] Failed to load resource: net::ERR_INTERNET_DISCONNECTED @ https://calendar.google.com/calendar/u/0/jserror?cwuik=10&script=https%3A%2F%2Fcalendar.google.com%2Fcalendar%2Fu%2F0%2Fr%3Fpli%3D1&error=iV&line=Not%20available:0
[19790117ms] [ERROR] Failed to load resource: net::ERR_INTERNET_DISCONNECTED @ https://calendar.google.com/calendar/u/0/hello?cwuik=10:0
[19790541ms] [ERROR] Failed to load resource: net::ERR_INTERNET_DISCONNECTED @ https://play.google.com/log?hasfast=true&auth=SAPISIDHASH+d7864c2a9630f5582e71cf19e3b4ccbd5f6a3a51+SAPISID1PHASH+d7864c2a9630f5582e71cf19e3b4ccbd5f6a3a51+SAPISID3PHASH+d7864c2a9630f5582e71cf19e3b4ccbd5f6a3a51&authuser=0&format=json:0
[20793560ms] [ERROR] Failed to load resource: net::ERR_INTERNET_DISCONNECTED @ https://calendar.google.com/calendar/u/0/sync.sync:0
[20793573ms] [ERROR] Failed to load resource: net::ERR_INTERNET_DISCONNECTED @ https://calendar.google.com/calendar/u/0/sync.sync:0
[20793576ms] [ERROR] Failed to load resource: net::ERR_INTERNET_DISCONNECTED @ https://calendar.google.com/calendar/u/0/jserror?cwuik=10&script=https%3A%2F%2Fcalendar.google.com%2Fcalendar%2Fu%2F0%2Fr%3Fpli%3D1&error=iV&line=Not%20available:0
[20795948ms] [ERROR] Failed to load resource: net::ERR_INTERNET_DISCONNECTED @ https://signaler-pa.clients6.google.com/punctual/v1/chooseServer?key=AIzaSyA7GKm43l8WNxlLTjsldq9z9n80CL6KW4U:0
[21310625ms] [ERROR] Failed to load resource: net::ERR_INTERNET_DISCONNECTED @ https://calendar.google.com/calendar/u/0/hello?cwuik=10:0
[21313325ms] [ERROR] Failed to load resource: net::ERR_INTERNET_DISCONNECTED @ https://play.google.com/log?hasfast=true&auth=SAPISIDHASH+d7864c2a9630f5582e71cf19e3b4ccbd5f6a3a51+SAPISID1PHASH+d7864c2a9630f5582e71cf19e3b4ccbd5f6a3a51+SAPISID3PHASH+d7864c2a9630f5582e71cf19e3b4ccbd5f6a3a51&authuser=0&format=json:0
[21319657ms] [ERROR] Failed to load resource: net::ERR_INTERNET_DISCONNECTED @ https://play.google.com/log?format=json&hasfast=true&authuser=0:0
[21320623ms] [ERROR] Failed to load resource: net::ERR_INTERNET_DISCONNECTED @ https://calendar.google.com/calendar/u/0/hello?cwuik=10:0
[21330628ms] [ERROR] Failed to load resource: net::ERR_INTERNET_DISCONNECTED @ https://calendar.google.com/calendar/u/0/hello?cwuik=10:0
[21340623ms] [ERROR] Failed to load resource: net::ERR_INTERNET_DISCONNECTED @ https://calendar.google.com/calendar/u/0/hello?cwuik=10:0
[21347709ms] [ERROR] Failed to load resource: net::ERR_INTERNET_DISCONNECTED @ https://signaler-pa.clients6.google.com/punctual/v1/chooseServer?key=AIzaSyA7GKm43l8WNxlLTjsldq9z9n80CL6KW4U:0
[21350623ms] [ERROR] Failed to load resource: net::ERR_INTERNET_DISCONNECTED @ https://calendar.google.com/calendar/u/0/hello?cwuik=10:0
[21351204ms] [ERROR] Failed to load resource: net::ERR_INTERNET_DISCONNECTED @ https://calendar.google.com/calendar/u/0/sync.sync:0
[21351218ms] [ERROR] Failed to load resource: net::ERR_INTERNET_DISCONNECTED @ https://calendar.google.com/calendar/u/0/sync.sync:0
[21351221ms] [ERROR] Failed to load resource: net::ERR_INTERNET_DISCONNECTED @ https://calendar.google.com/calendar/u/0/jserror?cwuik=10&script=https%3A%2F%2Fcalendar.google.com%2Fcalendar%2Fu%2F0%2Fr%3Fpli%3D1&error=iV&line=Not%20available:0
[22372305ms] [ERROR] Failed to load resource: net::ERR_INTERNET_DISCONNECTED @ https://calendar.google.com/calendar/u/0/sync.sync:0
[22372313ms] [ERROR] Failed to load resource: net::ERR_INTERNET_DISCONNECTED @ https://calendar.google.com/calendar/u/0/sync.sync:0
[22372314ms] [ERROR] Failed to load resource: net::ERR_INTERNET_DISCONNECTED @ https://calendar.google.com/calendar/u/0/jserror?cwuik=10&script=https%3A%2F%2Fcalendar.google.com%2Fcalendar%2Fu%2F0%2Fr%3Fpli%3D1&error=iV&line=Not%20available:0
[23342075ms] [ERROR] Failed to load resource: net::ERR_INTERNET_DISCONNECTED @ https://calendar.google.com/calendar/u/0/sync.sync:0
[23342095ms] [ERROR] Failed to load resource: net::ERR_INTERNET_DISCONNECTED @ https://calendar.google.com/calendar/u/0/sync.sync:0
[23342097ms] [ERROR] Failed to load resource: net::ERR_INTERNET_DISCONNECTED @ https://calendar.google.com/calendar/u/0/jserror?cwuik=10&script=https%3A%2F%2Fcalendar.google.com%2Fcalendar%2Fu%2F0%2Fr%3Fpli%3D1&error=iV&line=Not%20available:0
[23342438ms] [ERROR] Failed to load resource: net::ERR_INTERNET_DISCONNECTED @ https://calendar.google.com/calendar/u/0/hello?cwuik=10:0
[23343041ms] [ERROR] Failed to load resource: net::ERR_INTERNET_DISCONNECTED @ https://play.google.com/log?hasfast=true&auth=SAPISIDHASH+d7864c2a9630f5582e71cf19e3b4ccbd5f6a3a51+SAPISID1PHASH+d7864c2a9630f5582e71cf19e3b4ccbd5f6a3a51+SAPISID3PHASH+d7864c2a9630f5582e71cf19e3b4ccbd5f6a3a51&authuser=0&format=json:0
[23344199ms] [ERROR] Failed to load resource: net::ERR_INTERNET_DISCONNECTED @ https://signaler-pa.clients6.google.com/punctual/v1/chooseServer?key=AIzaSyA7GKm43l8WNxlLTjsldq9z9n80CL6KW4U:0
[24405857ms] [ERROR] Failed to load resource: net::ERR_INTERNET_DISCONNECTED @ https://calendar.google.com/calendar/u/0/sync.sync:0
[24405868ms] [ERROR] Failed to load resource: net::ERR_INTERNET_DISCONNECTED @ https://calendar.google.com/calendar/u/0/sync.sync:0
[24405869ms] [ERROR] Failed to load resource: net::ERR_INTERNET_DISCONNECTED @ https://calendar.google.com/calendar/u/0/jserror?cwuik=10&script=https%3A%2F%2Fcalendar.google.com%2Fcalendar%2Fu%2F0%2Fr%3Fpli%3D1&error=iV&line=Not%20available:0
[24409187ms] [ERROR] Failed to load resource: net::ERR_INTERNET_DISCONNECTED @ https://play.google.com/log?format=json&hasfast=true&authuser=0:0
[24967928ms] [ERROR] Failed to load resource: net::ERR_INTERNET_DISCONNECTED @ https://calendar.google.com/calendar/u/0/hello?cwuik=10:0
[24971546ms] [ERROR] Failed to load resource: net::ERR_INTERNET_DISCONNECTED @ https://accounts.google.com/RotateCookies:0
[24972625ms] [ERROR] Failed to load resource: net::ERR_INTERNET_DISCONNECTED @ https://play.google.com/log?hasfast=true&auth=SAPISIDHASH+d7864c2a9630f5582e71cf19e3b4ccbd5f6a3a51+SAPISID1PHASH+d7864c2a9630f5582e71cf19e3b4ccbd5f6a3a51+SAPISID3PHASH+d7864c2a9630f5582e71cf19e3b4ccbd5f6a3a51&authuser=0&format=json:0
[24977935ms] [ERROR] Failed to load resource: net::ERR_INTERNET_DISCONNECTED @ https://calendar.google.com/calendar/u/0/hello?cwuik=10:0
[24986292ms] [ERROR] Failed to load resource: net::ERR_INTERNET_DISCONNECTED @ https://calendar.google.com/calendar/u/0/sync.sync:0
[24986320ms] [ERROR] Failed to load resource: net::ERR_INTERNET_DISCONNECTED @ https://calendar.google.com/calendar/u/0/sync.sync:0
[24986323ms] [ERROR] Failed to load resource: net::ERR_INTERNET_DISCONNECTED @ https://calendar.google.com/calendar/u/0/jserror?cwuik=10&script=https%3A%2F%2Fcalendar.google.com%2Fcalendar%2Fu%2F0%2Fr%3Fpli%3D1&error=iV&line=Not%20available:0
[24987928ms] [ERROR] Failed to load resource: net::ERR_INTERNET_DISCONNECTED @ https://calendar.google.com/calendar/u/0/hello?cwuik=10:0
[24996329ms] [ERROR] Failed to load resource: net::ERR_INTERNET_DISCONNECTED @ https://play.google.com/log?hasfast=true&auth=SAPISIDHASH+d7864c2a9630f5582e71cf19e3b4ccbd5f6a3a51+SAPISID1PHASH+d7864c2a9630f5582e71cf19e3b4ccbd5f6a3a51+SAPISID3PHASH+d7864c2a9630f5582e71cf19e3b4ccbd5f6a3a51&authuser=0&format=json:0
[24997930ms] [ERROR] Failed to load resource: net::ERR_INTERNET_DISCONNECTED @ https://calendar.google.com/calendar/u/0/hello?cwuik=10:0
[25006459ms] [ERROR] Failed to load resource: net::ERR_INTERNET_DISCONNECTED @ https://play.google.com/log?format=json&hasfast=true&authuser=0:0
[25007929ms] [ERROR] Failed to load resource: net::ERR_INTERNET_DISCONNECTED @ https://calendar.google.com/calendar/u/0/hello?cwuik=10:0
[25009360ms] [ERROR] Failed to load resource: net::ERR_INTERNET_DISCONNECTED @ https://calendar.google.com/googlecalendar/images/favicons_2026/calendar_31_256.ico:0
[25961471ms] [ERROR] Failed to load resource: net::ERR_INTERNET_DISCONNECTED @ https://calendar.google.com/calendar/u/0/sync.sync:0
[25961485ms] [ERROR] Failed to load resource: net::ERR_INTERNET_DISCONNECTED @ https://calendar.google.com/calendar/u/0/sync.sync:0
[25961486ms] [ERROR] Failed to load resource: net::ERR_INTERNET_DISCONNECTED @ https://calendar.google.com/calendar/u/0/jserror?cwuik=10&script=https%3A%2F%2Fcalendar.google.com%2Fcalendar%2Fu%2F0%2Fr%3Fpli%3D1&error=iV&line=Not%20available:0
[25964004ms] [ERROR] Failed to load resource: net::ERR_INTERNET_DISCONNECTED @ https://calendar.google.com/calendar/u/0/hello?cwuik=10:0
[26953268ms] [ERROR] Failed to load resource: net::ERR_INTERNET_DISCONNECTED @ https://calendar.google.com/calendar/u/0/sync.sync:0
[26953276ms] [ERROR] Failed to load resource: net::ERR_INTERNET_DISCONNECTED @ https://calendar.google.com/calendar/u/0/sync.sync:0
[26953278ms] [ERROR] Failed to load resource: net::ERR_INTERNET_DISCONNECTED @ https://calendar.google.com/calendar/u/0/jserror?cwuik=10&script=https%3A%2F%2Fcalendar.google.com%2Fcalendar%2Fu%2F0%2Fr%3Fpli%3D1&error=iV&line=Not%20available:0
[26966257ms] [ERROR] Failed to load resource: net::ERR_INTERNET_DISCONNECTED @ https://play.google.com/log?hasfast=true&auth=SAPISIDHASH+d7864c2a9630f5582e71cf19e3b4ccbd5f6a3a51+SAPISID1PHASH+d7864c2a9630f5582e71cf19e3b4ccbd5f6a3a51+SAPISID3PHASH+d7864c2a9630f5582e71cf19e3b4ccbd5f6a3a51&authuser=0&format=json:0
[26968771ms] [ERROR] Failed to load resource: net::ERR_INTERNET_DISCONNECTED @ https://calendar.google.com/calendar/u/0/hello?cwuik=10:0
[26978770ms] [ERROR] Failed to load resource: net::ERR_INTERNET_DISCONNECTED @ https://calendar.google.com/calendar/u/0/hello?cwuik=10:0
[26988771ms] [ERROR] Failed to load resource: net::ERR_INTERNET_DISCONNECTED @ https://calendar.google.com/calendar/u/0/hello?cwuik=10:0
[26998771ms] [ERROR] Failed to load resource: net::ERR_INTERNET_DISCONNECTED @ https://calendar.google.com/calendar/u/0/hello?cwuik=10:0
[27008771ms] [ERROR] Failed to load resource: net::ERR_INTERNET_DISCONNECTED @ https://calendar.google.com/calendar/u/0/hello?cwuik=10:0
[27008933ms] [ERROR] Failed to load resource: net::ERR_INTERNET_DISCONNECTED @ https://signaler-pa.clients6.google.com/punctual/v1/chooseServer?key=AIzaSyA7GKm43l8WNxlLTjsldq9z9n80CL6KW4U:0
[27957259ms] [ERROR] Failed to load resource: net::ERR_INTERNET_DISCONNECTED @ https://calendar.google.com/calendar/u/0/sync.sync:0
[27957272ms] [ERROR] Failed to load resource: net::ERR_INTERNET_DISCONNECTED @ https://calendar.google.com/calendar/u/0/sync.sync:0
[27957274ms] [ERROR] Failed to load resource: net::ERR_INTERNET_DISCONNECTED @ https://calendar.google.com/calendar/u/0/jserror?cwuik=10&script=https%3A%2F%2Fcalendar.google.com%2Fcalendar%2Fu%2F0%2Fr%3Fpli%3D1&error=iV&line=Not%20available:0
[27970242ms] [ERROR] Failed to load resource: net::ERR_INTERNET_DISCONNECTED @ https://calendar.google.com/calendar/u/0/hello?cwuik=10:0
[27974865ms] [ERROR] Failed to load resource: net::ERR_INTERNET_DISCONNECTED @ https://signaler-pa.clients6.google.com/punctual/v1/chooseServer?key=AIzaSyA7GKm43l8WNxlLTjsldq9z9n80CL6KW4U:0
[27974894ms] [ERROR] Failed to load resource: net::ERR_INTERNET_DISCONNECTED @ https://play.google.com/log?hasfast=true&auth=SAPISIDHASH+d7864c2a9630f5582e71cf19e3b4ccbd5f6a3a51+SAPISID1PHASH+d7864c2a9630f5582e71cf19e3b4ccbd5f6a3a51+SAPISID3PHASH+d7864c2a9630f5582e71cf19e3b4ccbd5f6a3a51&authuser=0&format=json:0
[27980242ms] [ERROR] Failed to load resource: net::ERR_INTERNET_DISCONNECTED @ https://calendar.google.com/calendar/u/0/hello?cwuik=10:0
[27990242ms] [ERROR] Failed to load resource: net::ERR_INTERNET_DISCONNECTED @ https://calendar.google.com/calendar/u/0/hello?cwuik=10:0
[28000241ms] [ERROR] Failed to load resource: net::ERR_INTERNET_DISCONNECTED @ https://calendar.google.com/calendar/u/0/hello?cwuik=10:0
[28010240ms] [ERROR] Failed to load resource: net::ERR_INTERNET_DISCONNECTED @ https://calendar.google.com/calendar/u/0/hello?cwuik=10:0
[28024677ms] [ERROR] Failed to load resource: net::ERR_INTERNET_DISCONNECTED @ https://play.google.com/log?format=json&hasfast=true&authuser=0:0
[28027619ms] [ERROR] Failed to load resource: net::ERR_INTERNET_DISCONNECTED @ https://calendar.google.com/calendar/u/0/hello?cwuik=10:0
[28035933ms] [ERROR] Failed to load resource: net::ERR_INTERNET_DISCONNECTED @ https://calendar.google.com/calendar/u/0/check:0
[28035936ms] [ERROR] Failed to load resource: net::ERR_INTERNET_DISCONNECTED @ https://calendar.google.com/calendar/u/0/check:0
[28037618ms] [ERROR] Failed to load resource: net::ERR_INTERNET_DISCONNECTED @ https://calendar.google.com/calendar/u/0/hello?cwuik=10:0
[28047617ms] [ERROR] Failed to load resource: net::ERR_INTERNET_DISCONNECTED @ https://calendar.google.com/calendar/u/0/hello?cwuik=10:0
[28057616ms] [ERROR] Failed to load resource: net::ERR_INTERNET_DISCONNECTED @ https://calendar.google.com/calendar/u/0/hello?cwuik=10:0
[28067617ms] [ERROR] Failed to load resource: net::ERR_INTERNET_DISCONNECTED @ https://calendar.google.com/calendar/u/0/hello?cwuik=10:0
[28084900ms] [ERROR] Failed to load resource: net::ERR_INTERNET_DISCONNECTED @ https://calendar.google.com/calendar/u/0/hello?cwuik=10:0
[28094865ms] [ERROR] Failed to load resource: net::ERR_INTERNET_DISCONNECTED @ https://play.google.com/log?format=json&hasfast=true&authuser=0:0
[28094901ms] [ERROR] Failed to load resource: net::ERR_INTERNET_DISCONNECTED @ https://calendar.google.com/calendar/u/0/hello?cwuik=10:0
[28094919ms] [ERROR] Failed to load resource: net::ERR_INTERNET_DISCONNECTED @ https://play.google.com/log?format=json&hasfast=true&authuser=0:0
[28095571ms] [ERROR] Failed to load resource: net::ERR_INTERNET_DISCONNECTED @ https://play.google.com/log?format=json&hasfast=true&authuser=0:0
[28095571ms] [ERROR] Failed to load resource: net::ERR_INTERNET_DISCONNECTED @ https://waa-pa.clients6.google.com/$rpc/google.internal.waa.v1.Waa/Ping:0
[28095571ms] [ERROR] Failed to load resource: net::ERR_INTERNET_DISCONNECTED @ https://play.google.com/log?hasfast=true&auth=SAPISIDHASH+d7864c2a9630f5582e71cf19e3b4ccbd5f6a3a51+SAPISID1PHASH+d7864c2a9630f5582e71cf19e3b4ccbd5f6a3a51+SAPISID3PHASH+d7864c2a9630f5582e71cf19e3b4ccbd5f6a3a51&authuser=0&format=json:0
[28096582ms] [ERROR] Failed to load resource: net::ERR_INTERNET_DISCONNECTED @ https://waa-pa.googleapis.com/$rpc/google.internal.waa.v1.Waa/Ping:0
[28104901ms] [ERROR] Failed to load resource: net::ERR_INTERNET_DISCONNECTED @ https://calendar.google.com/calendar/u/0/hello?cwuik=10:0
[28114901ms] [ERROR] Failed to load resource: net::ERR_INTERNET_DISCONNECTED @ https://calendar.google.com/calendar/u/0/hello?cwuik=10:0
[28131733ms] [ERROR] Failed to load resource: net::ERR_INTERNET_DISCONNECTED @ https://calendar.google.com/calendar/u/0/hello?cwuik=10:0
[28141735ms] [ERROR] Failed to load resource: net::ERR_INTERNET_DISCONNECTED @ https://calendar.google.com/calendar/u/0/hello?cwuik=10:0
[28151731ms] [ERROR] Failed to load resource: net::ERR_INTERNET_DISCONNECTED @ https://calendar.google.com/calendar/u/0/hello?cwuik=10:0
[28161734ms] [ERROR] Failed to load resource: net::ERR_INTERNET_DISCONNECTED @ https://calendar.google.com/calendar/u/0/hello?cwuik=10:0
[28171735ms] [ERROR] Failed to load resource: net::ERR_INTERNET_DISCONNECTED @ https://calendar.google.com/calendar/u/0/hello?cwuik=10:0
[28628019ms] [ERROR] Failed to load resource: net::ERR_INTERNET_DISCONNECTED @ https://calendar.google.com/calendar/u/0/sync.sync:0
[28628047ms] [ERROR] Failed to load resource: net::ERR_INTERNET_DISCONNECTED @ https://calendar.google.com/calendar/u/0/sync.sync:0
[28628049ms] [ERROR] Failed to load resource: net::ERR_INTERNET_DISCONNECTED @ https://calendar.google.com/calendar/u/0/jserror?cwuik=10&script=https%3A%2F%2Fcalendar.google.com%2Fcalendar%2Fu%2F0%2Fr%3Fpli%3D1&error=iV&line=Not%20available:0
[28630853ms] [ERROR] Failed to load resource: net::ERR_INTERNET_DISCONNECTED @ https://calendar.google.com/calendar/u/0/hello?cwuik=10:0
[28638052ms] [ERROR] Failed to load resource: net::ERR_INTERNET_DISCONNECTED @ https://play.google.com/log?hasfast=true&auth=SAPISIDHASH+d7864c2a9630f5582e71cf19e3b4ccbd5f6a3a51+SAPISID1PHASH+d7864c2a9630f5582e71cf19e3b4ccbd5f6a3a51+SAPISID3PHASH+d7864c2a9630f5582e71cf19e3b4ccbd5f6a3a51&authuser=0&format=json:0
[28640853ms] [ERROR] Failed to load resource: net::ERR_INTERNET_DISCONNECTED @ https://calendar.google.com/calendar/u/0/hello?cwuik=10:0
[28650855ms] [ERROR] Failed to load resource: net::ERR_INTERNET_DISCONNECTED @ https://calendar.google.com/calendar/u/0/hello?cwuik=10:0
[28660853ms] [ERROR] Failed to load resource: net::ERR_INTERNET_DISCONNECTED @ https://calendar.google.com/calendar/u/0/hello?cwuik=10:0
[28661626ms] [ERROR] Failed to load resource: net::ERR_INTERNET_DISCONNECTED @ https://signaler-pa.clients6.google.com/punctual/v1/chooseServer?key=AIzaSyA7GKm43l8WNxlLTjsldq9z9n80CL6KW4U:0
[28670854ms] [ERROR] Failed to load resource: net::ERR_INTERNET_DISCONNECTED @ https://calendar.google.com/calendar/u/0/hello?cwuik=10:0
[28955807ms] [ERROR] Failed to load resource: net::ERR_INTERNET_DISCONNECTED @ https://calendar.google.com/calendar/u/0/hello?cwuik=10:0
