[     722ms] [WARNING] [2026-09-23T15:22:35.299Z]  @firebase/auth: Auth (12.6.0): Error while retrieving App Check token: FirebaseError: AppCheck: ReCAPTCHA error. (appCheck/recaptcha-error). @ https://out-run-app-git-worktree-streng-98e01f-davids-projects-0d6e1f97.vercel.app/_next/static/chunks/2532-16f59635ee5a761a.js:14
[     982ms] [ERROR] Access to manifest at 'https://vercel.com/sso-api?url=https%3A%2F%2Fout-run-app-git-worktree-streng-98e01f-davids-projects-0d6e1f97.vercel.app%2Fmanifest.json&nonce=84d9da06199c3d21d818f742d553bbe767c3c7b3c161fa1d897ef74b71eebb3b' (redirected from 'https://out-run-app-git-worktree-streng-98e01f-davids-projects-0d6e1f97.vercel.app/manifest.json') from origin 'https://out-run-app-git-worktree-streng-98e01f-davids-projects-0d6e1f97.vercel.app' has been blocked by CORS policy: No 'Access-Control-Allow-Origin' header is present on the requested resource. @ https://out-run-app-git-worktree-streng-98e01f-davids-projects-0d6e1f97.vercel.app/onboarding-new/program-path:0
[     982ms] [ERROR] Failed to load resource: net::ERR_FAILED @ https://vercel.com/sso-api?url=https%3A%2F%2Fout-run-app-git-worktree-streng-98e01f-davids-projects-0d6e1f97.vercel.app%2Fmanifest.json&nonce=84d9da06199c3d21d818f742d553bbe767c3c7b3c161fa1d897ef74b71eebb3b:0
[   70408ms] [ERROR] Failed to load resource: net::ERR_QUIC_PROTOCOL_ERROR.QUIC_TOO_MANY_RTOS @ https://firestore.googleapis.com/google.firestore.v1.Firestore/Listen/channel?gsessionid=qpfFFUczat6vQV0hytzFGMHrza1Qtonc1pE_-F3CJgxgTxZsYxSW8g&VER=8&database=projects%2Fappout-1%2Fdatabases%2F(default)&RID=rpc&SID=sWmiIUzB8_ZPG_zgT3N_hA&AID=33&CI=0&TYPE=xmlhttp&zx=85ww56ume5nn&t=1:0
[  251423ms] [ERROR] Failed to load resource: net::ERR_NETWORK_CHANGED @ https://out-run-app-git-worktree-streng-98e01f-davids-projects-0d6e1f97.vercel.app/icons/programs/muscle.svg:0
[  251470ms] [ERROR] Failed to load resource: net::ERR_NAME_NOT_RESOLVED @ https://out-run-app-git-worktree-streng-98e01f-davids-projects-0d6e1f97.vercel.app/icons/programs/handstand.svg:0
[  251470ms] [ERROR] Failed to load resource: net::ERR_NAME_NOT_RESOLVED @ https://out-run-app-git-worktree-streng-98e01f-davids-projects-0d6e1f97.vercel.app/icons/programs/front_lever.svg:0
[  251471ms] [ERROR] Failed to load resource: net::ERR_NAME_NOT_RESOLVED @ https://out-run-app-git-worktree-streng-98e01f-davids-projects-0d6e1f97.vercel.app/icons/programs/muscle_up_bar.svg:0
[  251472ms] [ERROR] Failed to load resource: net::ERR_NAME_NOT_RESOLVED @ https://out-run-app-git-worktree-streng-98e01f-davids-projects-0d6e1f97.vercel.app/icons/programs/planche.svg:0
[  251472ms] [ERROR] Failed to load resource: net::ERR_NAME_NOT_RESOLVED @ https://out-run-app-git-worktree-streng-98e01f-davids-projects-0d6e1f97.vercel.app/icons/programs/one_arm_pullup.svg:0
[  251472ms] [ERROR] Failed to load resource: net::ERR_NAME_NOT_RESOLVED @ https://out-run-app-git-worktree-streng-98e01f-davids-projects-0d6e1f97.vercel.app/icons/programs/hspu.svg:0
[  251480ms] [ERROR] Failed to load resource: net::ERR_NAME_NOT_RESOLVED @ https://out-run-app-git-worktree-streng-98e01f-davids-projects-0d6e1f97.vercel.app/assets/icons/muscles/chest.svg:0
[  251480ms] [ERROR] Failed to load resource: net::ERR_NAME_NOT_RESOLVED @ https://out-run-app-git-worktree-streng-98e01f-davids-projects-0d6e1f97.vercel.app/assets/icons/muscles/back.svg:0
[  251481ms] [ERROR] Failed to load resource: net::ERR_NAME_NOT_RESOLVED @ https://out-run-app-git-worktree-streng-98e01f-davids-projects-0d6e1f97.vercel.app/assets/icons/muscles/shoulders.svg:0
[  251481ms] [ERROR] Failed to load resource: net::ERR_NAME_NOT_RESOLVED @ https://out-run-app-git-worktree-streng-98e01f-davids-projects-0d6e1f97.vercel.app/assets/icons/muscles/biceps.svg:0
[  251481ms] [ERROR] Failed to load resource: net::ERR_NAME_NOT_RESOLVED @ https://out-run-app-git-worktree-streng-98e01f-davids-projects-0d6e1f97.vercel.app/assets/icons/muscles/triceps.svg:0
[  251489ms] [ERROR] Failed to load resource: net::ERR_NAME_NOT_RESOLVED @ https://out-run-app-git-worktree-streng-98e01f-davids-projects-0d6e1f97.vercel.app/assets/icons/muscles/quads.svg:0
[  251491ms] [ERROR] Failed to load resource: net::ERR_NAME_NOT_RESOLVED @ https://out-run-app-git-worktree-streng-98e01f-davids-projects-0d6e1f97.vercel.app/icons/muscles/glutes.svg:0
[  251491ms] [ERROR] Failed to load resource: net::ERR_NAME_NOT_RESOLVED @ https://out-run-app-git-worktree-streng-98e01f-davids-projects-0d6e1f97.vercel.app/assets/icons/muscles/abs.svg:0
[  251538ms] [ERROR] Failed to load resource: net::ERR_CONNECTION_CLOSED @ https://firestore.googleapis.com/google.firestore.v1.Firestore/Listen/channel?VER=8&database=projects%2Fappout-1%2Fdatabases%2F(default)&gsessionid=qpfFFUczat6vQV0hytzFGMHrza1Qtonc1pE_-F3CJgxgTxZsYxSW8g&SID=sWmiIUzB8_ZPG_zgT3N_hA&RID=96588&TYPE=terminate&zx=q1dog43jsr7i:0
[  251575ms] [ERROR] Failed to load resource: net::ERR_INTERNET_DISCONNECTED @ https://www.google.com/recaptcha/enterprise/clr?k=6Lf3d9UsAAAAAILBqo6A909pmhyvtYmDoxaKtfMV:0
[  251580ms] [ERROR] Failed to load resource: net::ERR_INTERNET_DISCONNECTED @ https://firestore.googleapis.com/google.firestore.v1.Firestore/Listen/channel?VER=8&database=projects%2Fappout-1%2Fdatabases%2F(default)&RID=64324&CVER=22&X-HTTP-Session-Id=gsessionid&zx=3ta3ooem0kk6&t=1:0
[  251580ms] [WARNING] [2026-09-23T15:26:46.158Z]  @firebase/firestore: Firestore (12.6.0): WebChannelConnection RPC 'Listen' stream 0x44eaa1ac transport errored. Name: undefined Message: undefined @ https://out-run-app-git-worktree-streng-98e01f-davids-projects-0d6e1f97.vercel.app/_next/static/chunks/2532-16f59635ee5a761a.js:14
[  251588ms] [ERROR] Failed to load resource: net::ERR_INTERNET_DISCONNECTED @ https://firestore.googleapis.com/google.firestore.v1.Firestore/Listen/channel?VER=8&database=projects%2Fappout-1%2Fdatabases%2F(default)&RID=12248&CVER=22&X-HTTP-Session-Id=gsessionid&zx=to1a0e334jcq&t=1:0
[  251588ms] [WARNING] [2026-09-23T15:26:46.166Z]  @firebase/firestore: Firestore (12.6.0): WebChannelConnection RPC 'Listen' stream 0x44eaa1ad transport errored. Name: undefined Message: undefined @ https://out-run-app-git-worktree-streng-98e01f-davids-projects-0d6e1f97.vercel.app/_next/static/chunks/2532-16f59635ee5a761a.js:14
[  251588ms] [ERROR] Failed to load resource: net::ERR_INTERNET_DISCONNECTED @ https://www.google.com/recaptcha/enterprise/clr?k=6Lf3d9UsAAAAAILBqo6A909pmhyvtYmDoxaKtfMV:0
[  251589ms] [ERROR] Failed to load resource: net::ERR_INTERNET_DISCONNECTED @ https://www.google.com/images/cleardot.gif?zx=lvgpt0uhbyii:0
[  251595ms] [ERROR] Failed to load resource: net::ERR_INTERNET_DISCONNECTED @ https://www.google.com/recaptcha/enterprise/clr?k=6Lf3d9UsAAAAAILBqo6A909pmhyvtYmDoxaKtfMV:0
[  251597ms] [ERROR] Failed to load resource: net::ERR_INTERNET_DISCONNECTED @ https://www.google.com/images/cleardot.gif?zx=2aub9wdy130j:0
[  251597ms] [ERROR] Failed to load resource: net::ERR_INTERNET_DISCONNECTED @ https://www.google.com/recaptcha/enterprise/clr?k=6Lf3d9UsAAAAAILBqo6A909pmhyvtYmDoxaKtfMV:0
[  251599ms] [ERROR] Failed to load resource: net::ERR_INTERNET_DISCONNECTED @ https://www.google.com/recaptcha/enterprise/clr?k=6Lf3d9UsAAAAAILBqo6A909pmhyvtYmDoxaKtfMV:0
[  251600ms] [ERROR] Failed to load resource: net::ERR_INTERNET_DISCONNECTED @ https://www.google.com/recaptcha/enterprise/clr?k=6Lf3d9UsAAAAAILBqo6A909pmhyvtYmDoxaKtfMV:0
[  251601ms] [ERROR] Failed to load resource: net::ERR_INTERNET_DISCONNECTED @ https://www.google.com/recaptcha/enterprise/clr?k=6Lf3d9UsAAAAAILBqo6A909pmhyvtYmDoxaKtfMV:0
[  251602ms] [ERROR] Failed to load resource: net::ERR_INTERNET_DISCONNECTED @ https://www.google.com/recaptcha/enterprise/clr?k=6Lf3d9UsAAAAAILBqo6A909pmhyvtYmDoxaKtfMV:0
[  252446ms] [ERROR] Failed to load resource: net::ERR_INTERNET_DISCONNECTED @ https://www.google.com/recaptcha/enterprise/clr?k=6Lf3d9UsAAAAAILBqo6A909pmhyvtYmDoxaKtfMV:0
[  252447ms] [ERROR] Failed to load resource: net::ERR_INTERNET_DISCONNECTED @ https://firestore.googleapis.com/google.firestore.v1.Firestore/Listen/channel?VER=8&database=projects%2Fappout-1%2Fdatabases%2F(default)&RID=75739&CVER=22&X-HTTP-Session-Id=gsessionid&zx=2fqdmlyser4w&t=1:0
[  252448ms] [WARNING] [2026-09-23T15:26:47.025Z]  @firebase/firestore: Firestore (12.6.0): WebChannelConnection RPC 'Listen' stream 0x44eaa1ae transport errored. Name: undefined Message: undefined @ https://out-run-app-git-worktree-streng-98e01f-davids-projects-0d6e1f97.vercel.app/_next/static/chunks/2532-16f59635ee5a761a.js:14
[  252450ms] [ERROR] Failed to load resource: net::ERR_INTERNET_DISCONNECTED @ https://www.google.com/recaptcha/enterprise/clr?k=6Lf3d9UsAAAAAILBqo6A909pmhyvtYmDoxaKtfMV:0
[  252451ms] [ERROR] Failed to load resource: net::ERR_INTERNET_DISCONNECTED @ https://www.google.com/images/cleardot.gif?zx=srkwgsks5ju:0
[  252453ms] [ERROR] Failed to load resource: net::ERR_INTERNET_DISCONNECTED @ https://www.google.com/recaptcha/enterprise/clr?k=6Lf3d9UsAAAAAILBqo6A909pmhyvtYmDoxaKtfMV:0
[  252456ms] [ERROR] Failed to load resource: net::ERR_INTERNET_DISCONNECTED @ https://www.google.com/recaptcha/enterprise/clr?k=6Lf3d9UsAAAAAILBqo6A909pmhyvtYmDoxaKtfMV:0
[  253537ms] [ERROR] Failed to load resource: net::ERR_INTERNET_DISCONNECTED @ https://firestore.googleapis.com/google.firestore.v1.Firestore/Listen/channel?VER=8&database=projects%2Fappout-1%2Fdatabases%2F(default)&RID=48516&CVER=22&X-HTTP-Session-Id=gsessionid&zx=ddpuzv68q4tm&t=1:0
[  253538ms] [WARNING] [2026-09-23T15:26:48.115Z]  @firebase/firestore: Firestore (12.6.0): WebChannelConnection RPC 'Listen' stream 0x44eaa1af transport errored. Name: undefined Message: undefined @ https://out-run-app-git-worktree-streng-98e01f-davids-projects-0d6e1f97.vercel.app/_next/static/chunks/2532-16f59635ee5a761a.js:14
[  253539ms] [ERROR] Failed to load resource: net::ERR_INTERNET_DISCONNECTED @ https://www.google.com/recaptcha/enterprise/clr?k=6Lf3d9UsAAAAAILBqo6A909pmhyvtYmDoxaKtfMV:0
[  253541ms] [ERROR] Failed to load resource: net::ERR_INTERNET_DISCONNECTED @ https://www.google.com/images/cleardot.gif?zx=39vcw3v5d0qq:0
[  253542ms] [ERROR] Failed to load resource: net::ERR_INTERNET_DISCONNECTED @ https://www.google.com/recaptcha/enterprise/clr?k=6Lf3d9UsAAAAAILBqo6A909pmhyvtYmDoxaKtfMV:0
[  253545ms] [ERROR] Failed to load resource: net::ERR_INTERNET_DISCONNECTED @ https://www.google.com/recaptcha/enterprise/clr?k=6Lf3d9UsAAAAAILBqo6A909pmhyvtYmDoxaKtfMV:0
[  253549ms] [ERROR] Failed to load resource: net::ERR_INTERNET_DISCONNECTED @ https://www.google.com/recaptcha/enterprise/clr?k=6Lf3d9UsAAAAAILBqo6A909pmhyvtYmDoxaKtfMV:0
[  255615ms] [ERROR] Failed to load resource: net::ERR_INTERNET_DISCONNECTED @ https://www.google.com/recaptcha/enterprise/clr?k=6Lf3d9UsAAAAAILBqo6A909pmhyvtYmDoxaKtfMV:0
[  255616ms] [ERROR] Failed to load resource: net::ERR_INTERNET_DISCONNECTED @ https://firestore.googleapis.com/google.firestore.v1.Firestore/Listen/channel?VER=8&database=projects%2Fappout-1%2Fdatabases%2F(default)&RID=20637&CVER=22&X-HTTP-Session-Id=gsessionid&zx=kx5aqokz90kn&t=1:0
[  255617ms] [WARNING] [2026-09-23T15:26:50.194Z]  @firebase/firestore: Firestore (12.6.0): WebChannelConnection RPC 'Listen' stream 0x44eaa1b0 transport errored. Name: undefined Message: undefined @ https://out-run-app-git-worktree-streng-98e01f-davids-projects-0d6e1f97.vercel.app/_next/static/chunks/2532-16f59635ee5a761a.js:14
[  255627ms] [ERROR] Failed to load resource: net::ERR_INTERNET_DISCONNECTED @ https://www.google.com/recaptcha/enterprise/clr?k=6Lf3d9UsAAAAAILBqo6A909pmhyvtYmDoxaKtfMV:0
[  255629ms] [ERROR] Failed to load resource: net::ERR_INTERNET_DISCONNECTED @ https://www.google.com/images/cleardot.gif?zx=qcgxgwcnt3wt:0
[  255629ms] [ERROR] Failed to load resource: net::ERR_INTERNET_DISCONNECTED @ https://www.google.com/recaptcha/enterprise/clr?k=6Lf3d9UsAAAAAILBqo6A909pmhyvtYmDoxaKtfMV:0
[  255632ms] [ERROR] Failed to load resource: net::ERR_INTERNET_DISCONNECTED @ https://www.google.com/recaptcha/enterprise/clr?k=6Lf3d9UsAAAAAILBqo6A909pmhyvtYmDoxaKtfMV:0
[  257462ms] [ERROR] Failed to load resource: net::ERR_INTERNET_DISCONNECTED @ https://firestore.googleapis.com/google.firestore.v1.Firestore/Listen/channel?VER=8&database=projects%2Fappout-1%2Fdatabases%2F(default)&RID=85972&CVER=22&X-HTTP-Session-Id=gsessionid&zx=nmcphkfnokrs&t=1:0
[  257462ms] [WARNING] [2026-09-23T15:26:52.040Z]  @firebase/firestore: Firestore (12.6.0): WebChannelConnection RPC 'Listen' stream 0x44eaa1b1 transport errored. Name: undefined Message: undefined @ https://out-run-app-git-worktree-streng-98e01f-davids-projects-0d6e1f97.vercel.app/_next/static/chunks/2532-16f59635ee5a761a.js:14
[  257463ms] [ERROR] Failed to load resource: net::ERR_INTERNET_DISCONNECTED @ https://www.google.com/recaptcha/enterprise/clr?k=6Lf3d9UsAAAAAILBqo6A909pmhyvtYmDoxaKtfMV:0
[  257466ms] [ERROR] Failed to load resource: net::ERR_INTERNET_DISCONNECTED @ https://www.google.com/images/cleardot.gif?zx=hsuj04fjthp2:0
[  257466ms] [ERROR] Failed to load resource: net::ERR_INTERNET_DISCONNECTED @ https://www.google.com/recaptcha/enterprise/clr?k=6Lf3d9UsAAAAAILBqo6A909pmhyvtYmDoxaKtfMV:0
[  257470ms] [ERROR] Failed to load resource: net::ERR_INTERNET_DISCONNECTED @ https://www.google.com/recaptcha/enterprise/clr?k=6Lf3d9UsAAAAAILBqo6A909pmhyvtYmDoxaKtfMV:0
[  257474ms] [ERROR] Failed to load resource: net::ERR_INTERNET_DISCONNECTED @ https://www.google.com/recaptcha/enterprise/clr?k=6Lf3d9UsAAAAAILBqo6A909pmhyvtYmDoxaKtfMV:0
[  263979ms] [ERROR] Failed to load resource: net::ERR_INTERNET_DISCONNECTED @ https://www.google.com/recaptcha/enterprise/clr?k=6Lf3d9UsAAAAAILBqo6A909pmhyvtYmDoxaKtfMV:0
[  263980ms] [ERROR] Failed to load resource: net::ERR_INTERNET_DISCONNECTED @ https://firestore.googleapis.com/google.firestore.v1.Firestore/Listen/channel?VER=8&database=projects%2Fappout-1%2Fdatabases%2F(default)&RID=99465&CVER=22&X-HTTP-Session-Id=gsessionid&zx=we1b6xdwlzoq&t=1:0
[  263981ms] [WARNING] [2026-09-23T15:26:58.558Z]  @firebase/firestore: Firestore (12.6.0): WebChannelConnection RPC 'Listen' stream 0x44eaa1b2 transport errored. Name: undefined Message: undefined @ https://out-run-app-git-worktree-streng-98e01f-davids-projects-0d6e1f97.vercel.app/_next/static/chunks/2532-16f59635ee5a761a.js:14
[  263984ms] [ERROR] Failed to load resource: net::ERR_INTERNET_DISCONNECTED @ https://www.google.com/recaptcha/enterprise/clr?k=6Lf3d9UsAAAAAILBqo6A909pmhyvtYmDoxaKtfMV:0
[  263985ms] [ERROR] Failed to load resource: net::ERR_INTERNET_DISCONNECTED @ https://www.google.com/images/cleardot.gif?zx=9bmv4ybnky0v:0
[  263989ms] [ERROR] Failed to load resource: net::ERR_INTERNET_DISCONNECTED @ https://www.google.com/recaptcha/enterprise/clr?k=6Lf3d9UsAAAAAILBqo6A909pmhyvtYmDoxaKtfMV:0
[  263996ms] [ERROR] Failed to load resource: net::ERR_INTERNET_DISCONNECTED @ https://www.google.com/recaptcha/enterprise/clr?k=6Lf3d9UsAAAAAILBqo6A909pmhyvtYmDoxaKtfMV:0
[  266013ms] [ERROR] Failed to load resource: net::ERR_NAME_NOT_RESOLVED @ https://firestore.googleapis.com/google.firestore.v1.Firestore/Listen/channel?VER=8&database=projects%2Fappout-1%2Fdatabases%2F(default)&RID=91497&CVER=22&X-HTTP-Session-Id=gsessionid&zx=fedqqm3krffn&t=1:0
[  266013ms] [WARNING] [2026-09-23T15:27:00.591Z]  @firebase/firestore: Firestore (12.6.0): WebChannelConnection RPC 'Listen' stream 0x44eaa1b3 transport errored. Name: undefined Message: undefined @ https://out-run-app-git-worktree-streng-98e01f-davids-projects-0d6e1f97.vercel.app/_next/static/chunks/2532-16f59635ee5a761a.js:14
[  266014ms] [ERROR] Failed to load resource: net::ERR_NAME_NOT_RESOLVED @ https://www.google.com/recaptcha/enterprise/clr?k=6Lf3d9UsAAAAAILBqo6A909pmhyvtYmDoxaKtfMV:0
[  352271ms] [ERROR] Failed to load resource: net::ERR_QUIC_PROTOCOL_ERROR.QUIC_NETWORK_IDLE_TIMEOUT @ https://firestore.googleapis.com/google.firestore.v1.Firestore/Listen/channel?gsessionid=hEVdoMF9Trz4LHW9ZaDD74OQGiNFnFTlUrqZkSePxLvpkM4W82YB8Q&VER=8&database=projects%2Fappout-1%2Fdatabases%2F(default)&RID=rpc&SID=B0pNWII2K7N7yCrXeU7m_A&AID=0&CI=0&TYPE=xmlhttp&zx=f50bh82fe5p8&t=1:0
[  399065ms] [ERROR] Failed to load resource: net::ERR_TIMED_OUT @ https://firestore.googleapis.com/google.firestore.v1.Firestore/Listen/channel?gsessionid=hEVdoMF9Trz4LHW9ZaDD74OQGiNFnFTlUrqZkSePxLvpkM4W82YB8Q&VER=8&database=projects%2Fappout-1%2Fdatabases%2F(default)&RID=rpc&SID=B0pNWII2K7N7yCrXeU7m_A&AID=12&CI=0&TYPE=xmlhttp&zx=ufrtu0tt3l9e&t=2:0
