[   11571ms] [INFO] %cDownload the React DevTools for a better development experience: https://reactjs.org/link/react-devtools font-weight:bold @ webpack-internal:///(app-pages-browser)/../../../node_modules/next/dist/compiled/react-dom/cjs/react-dom.development.js:38559
[   14319ms] [INFO] [firebase] App Check bypass: hostname="localhost" treated as local development. initializeAppCheck() will NOT be invoked — this prevents reCAPTCHA Enterprise 403s from crashing the Firestore snapshot listener. Set NEXT_PUBLIC_APP_CHECK_DEBUG_TOKEN to a token registered in the Firebase console (App Check → Apps → Manage debug tokens) if you need a real App Check handshake. @ webpack-internal:///(app-pages-browser)/./src/lib/firebase.ts:125
[   14335ms] [WARNING] [bunny] NEXT_PUBLIC_BUNNY_CDN_HOSTNAME is not set — falling back to hardcoded hostname. Set this variable in your Vercel project environment settings to silence this warning. @ webpack-internal:///(app-pages-browser)/./src/lib/bunny/bunny.config.ts:38
[   15731ms] [LOG] [buildIdToSlugMap] Built 14 entries: [EtY8YCol…→human_flag, J0fLpmJh…→push, H2279XsR…→full_body, kDMpobbK…→core, UPDBtTdC…→pull, cC0BOmm6…→one_arm_pullup, fTLWzjP9…→muscle_up, IOfBZFeo…→handstand, pCI5NHXp…→planche, 47smw26h…→upper_body, OrAmOH3F…→legs, mFcuYlNg…→front_lever, JCac76p4…→calisthenics_upper, PAxprHuT…→handstand_pushup] @ webpack-internal:///(app-pages-browser)/./src/features/workout-engine/services/program-hierarchy.utils.ts:121
[   15742ms] [LOG] [HomeWorkout] 🏞️ No location specified → "park" (PARK FORCE active) @ webpack-internal:///(app-pages-browser)/./src/features/workout-engine/services/home-workout.service.ts:1223
[   15742ms] [LOG] [HomeWorkout] scheduledProgramIds normalised: [] → [] @ webpack-internal:///(app-pages-browser)/./src/features/workout-engine/services/home-workout.service.ts:1236
[   15744ms] [LOG] [home] scoreBreakdown "safety-net" (score=0): {goalMatch: 0, gapFilling: 0, stepDeficit: 0, preferenceMatch: 0, recoveryMatch: 0} @ webpack-internal:///(app-pages-browser)/./src/app/home/page.tsx:1436
[   15744ms] [LOG] [home][DIAG safety-net] {healthConnected: true, freshCoords: null, todayGoal: strength, stepsRemaining: 8000} @ webpack-internal:///(app-pages-browser)/./src/app/home/page.tsx:1377
[   15745ms] [LOG] [ActivityStore] No Firestore data, created new day @ webpack-internal:///(app-pages-browser)/./src/features/activity/store/useActivityStore.ts:672
[   15745ms] [LOG] [ActivityStore] No Firestore data, created new day @ webpack-internal:///(app-pages-browser)/./src/features/activity/store/useActivityStore.ts:672
[   15745ms] [LOG] [ActivityStore] No Firestore data, created new day @ webpack-internal:///(app-pages-browser)/./src/features/activity/store/useActivityStore.ts:672
[   16450ms] [LOG] [buildIdToSlugMap] Built 14 entries: [EtY8YCol…→human_flag, J0fLpmJh…→push, H2279XsR…→full_body, kDMpobbK…→core, UPDBtTdC…→pull, cC0BOmm6…→one_arm_pullup, fTLWzjP9…→muscle_up, IOfBZFeo…→handstand, pCI5NHXp…→planche, 47smw26h…→upper_body, OrAmOH3F…→legs, mFcuYlNg…→front_lever, JCac76p4…→calisthenics_upper, PAxprHuT…→handstand_pushup] @ webpack-internal:///(app-pages-browser)/./src/features/workout-engine/services/program-hierarchy.utils.ts:121
[   16451ms] [LOG] [HomeWorkout] Empty equipment profile for location "park" — defaulting to bodyweight @ webpack-internal:///(app-pages-browser)/./src/features/workout-engine/services/user-profile.utils.ts:130
[   16451ms] [WARNING] [InputSanitizer] ⚠️ No park inventory resolved — ESSENTIAL_PARK_GEAR fallback active @ webpack-internal:///(app-pages-browser)/./src/features/workout-engine/core/middleware/InputSanitizerMiddleware.ts:110
[   16451ms] [LOG] [buildIdToSlugMap] Built 14 entries: [EtY8YCol…→human_flag, J0fLpmJh…→push, H2279XsR…→full_body, kDMpobbK…→core, UPDBtTdC…→pull, cC0BOmm6…→one_arm_pullup, fTLWzjP9…→muscle_up, IOfBZFeo…→handstand, pCI5NHXp…→planche, 47smw26h…→upper_body, OrAmOH3F…→legs, mFcuYlNg…→front_lever, JCac76p4…→calisthenics_upper, PAxprHuT…→handstand_pushup] @ webpack-internal:///(app-pages-browser)/./src/features/workout-engine/services/program-hierarchy.utils.ts:121
[   16452ms] [LOG] [buildIdToSlugMap] Built 14 entries: [EtY8YCol…→human_flag, J0fLpmJh…→push, H2279XsR…→full_body, kDMpobbK…→core, UPDBtTdC…→pull, cC0BOmm6…→one_arm_pullup, fTLWzjP9…→muscle_up, IOfBZFeo…→handstand, pCI5NHXp…→planche, 47smw26h…→upper_body, OrAmOH3F…→legs, mFcuYlNg…→front_lever, JCac76p4…→calisthenics_upper, PAxprHuT…→handstand_pushup] @ webpack-internal:///(app-pages-browser)/./src/features/workout-engine/services/program-hierarchy.utils.ts:121
[   16452ms] [LOG] [buildIdToSlugMap] Built 14 entries: [EtY8YCol…→human_flag, J0fLpmJh…→push, H2279XsR…→full_body, kDMpobbK…→core, UPDBtTdC…→pull, cC0BOmm6…→one_arm_pullup, fTLWzjP9…→muscle_up, IOfBZFeo…→handstand, pCI5NHXp…→planche, 47smw26h…→upper_body, OrAmOH3F…→legs, mFcuYlNg…→front_lever, JCac76p4…→calisthenics_upper, PAxprHuT…→handstand_pushup] @ webpack-internal:///(app-pages-browser)/./src/features/workout-engine/services/program-hierarchy.utils.ts:121
[   16452ms] [LOG] [buildIdToSlugMap] Built 14 entries: [EtY8YCol…→human_flag, J0fLpmJh…→push, H2279XsR…→full_body, kDMpobbK…→core, UPDBtTdC…→pull, cC0BOmm6…→one_arm_pullup, fTLWzjP9…→muscle_up, IOfBZFeo…→handstand, pCI5NHXp…→planche, 47smw26h…→upper_body, OrAmOH3F…→legs, mFcuYlNg…→front_lever, JCac76p4…→calisthenics_upper, PAxprHuT…→handstand_pushup] @ webpack-internal:///(app-pages-browser)/./src/features/workout-engine/services/program-hierarchy.utils.ts:121
[   16452ms] [LOG] [buildIdToSlugMap] Built 14 entries: [EtY8YCol…→human_flag, J0fLpmJh…→push, H2279XsR…→full_body, kDMpobbK…→core, UPDBtTdC…→pull, cC0BOmm6…→one_arm_pullup, fTLWzjP9…→muscle_up, IOfBZFeo…→handstand, pCI5NHXp…→planche, 47smw26h…→upper_body, OrAmOH3F…→legs, mFcuYlNg…→front_lever, JCac76p4…→calisthenics_upper, PAxprHuT…→handstand_pushup] @ webpack-internal:///(app-pages-browser)/./src/features/workout-engine/services/program-hierarchy.utils.ts:121
[   16452ms] [LOG] [DomainBudget] activeProgramId="undefined" slug="" resolvedChildDomains=[] isFullBodyMaster=false isCalisthenicsUpperMaster=false isUpperBodyMaster=false @ webpack-internal:///(app-pages-browser)/./src/features/workout-engine/services/home-workout.service.ts:1387
[   16453ms] [LOG] activeProgramId: undefined @ webpack-internal:///(app-pages-browser)/./src/features/workout-engine/services/split-decision/SplitDecisionService.ts:407
[   16453ms] [LOG] progression.tracks: (none) @ webpack-internal:///(app-pages-browser)/./src/features/workout-engine/services/split-decision/SplitDecisionService.ts:409
[   16453ms] [LOG] progression.domains: {} @ webpack-internal:///(app-pages-browser)/./src/features/workout-engine/services/split-decision/SplitDecisionService.ts:411
[   16453ms] [LOG] progression.activePrograms: [] @ webpack-internal:///(app-pages-browser)/./src/features/workout-engine/services/split-decision/SplitDecisionService.ts:413
[   16453ms] [LOG] progression.skillFocusIds: (none) @ webpack-internal:///(app-pages-browser)/./src/features/workout-engine/services/split-decision/SplitDecisionService.ts:415
[   16453ms] [LOG] progression.masterProgramSubLevels: (none) @ webpack-internal:///(app-pages-browser)/./src/features/workout-engine/services/split-decision/SplitDecisionService.ts:417
[   16453ms] [LOG] Derived userLevel (base): 1 @ webpack-internal:///(app-pages-browser)/./src/features/workout-engine/services/split-decision/SplitDecisionService.ts:418
[   16453ms] [LOG] scheduleDays count: 2 @ webpack-internal:///(app-pages-browser)/./src/features/workout-engine/services/split-decision/SplitDecisionService.ts:419
[   16453ms] [LOG] Base User Level: 1 @ webpack-internal:///(app-pages-browser)/./src/features/workout-engine/services/split-decision/SplitDecisionService.ts:490
[   16453ms] [LOG] Schedule Days (total / remaining): 2 / 2 @ webpack-internal:///(app-pages-browser)/./src/features/workout-engine/services/split-decision/SplitDecisionService.ts:491
[   16453ms] [LOG] Source: Admin Panel (ProgramLevelSettings) @ webpack-internal:///(app-pages-browser)/./src/features/workout-engine/services/split-decision/SplitDecisionService.ts:492
[   16453ms] [LOG] Effective Weekly Budget: 4 @ webpack-internal:///(app-pages-browser)/./src/features/workout-engine/services/split-decision/SplitDecisionService.ts:493
[   16453ms] [LOG] Completed This Week (all domains): 0 @ webpack-internal:///(app-pages-browser)/./src/features/workout-engine/services/split-decision/SplitDecisionService.ts:494
[   16453ms] [LOG] Remaining Sets: 4 = 4 − 0 @ webpack-internal:///(app-pages-browser)/./src/features/workout-engine/services/split-decision/SplitDecisionService.ts:495
[   16453ms] [LOG] Daily Budget: ceil(4 / 2) = 2 @ webpack-internal:///(app-pages-browser)/./src/features/workout-engine/services/split-decision/SplitDecisionService.ts:496
[   16453ms] [LOG] Final dailySetBudget (min 2): 2 @ webpack-internal:///(app-pages-browser)/./src/features/workout-engine/services/split-decision/SplitDecisionService.ts:497
[   16454ms] [LOG] [Periodization] No active program startDate — defaulting to Week 1 (Build) @ webpack-internal:///(app-pages-browser)/./src/features/workout-engine/services/periodization.service.ts:44
[   16454ms] [LOG]   Inputs:        cycleWeek=1, gapDays=0 @ webpack-internal:///(app-pages-browser)/./src/features/workout-engine/services/periodization.service.ts:225
[   16454ms] [LOG]   Volume mult:   x1 @ webpack-internal:///(app-pages-browser)/./src/features/workout-engine/services/periodization.service.ts:226
[   16454ms] [LOG]   Δ override:    none @ webpack-internal:///(app-pages-browser)/./src/features/workout-engine/services/periodization.service.ts:228
[   16454ms] [LOG]   Protocol mult: x1 @ webpack-internal:///(app-pages-browser)/./src/features/workout-engine/services/periodization.service.ts:229
[   16454ms] [LOG]   SA cap:        none @ webpack-internal:///(app-pages-browser)/./src/features/workout-engine/services/periodization.service.ts:231
[   16454ms] [LOG]   Detraining:    false @ webpack-internal:///(app-pages-browser)/./src/features/workout-engine/services/periodization.service.ts:232
[   16454ms] [LOG]   Default focus: Normal(1) @ webpack-internal:///(app-pages-browser)/./src/features/workout-engine/services/periodization.service.ts:233
[   16454ms] [LOG]   Restart cycle: false @ webpack-internal:///(app-pages-browser)/./src/features/workout-engine/services/periodization.service.ts:238
[   16455ms] [WARNING] [home-workout] ⑨ compose reached with NO assessed domain for the requested program(s) [(none)] (empty active filters) — short-circuiting to an explicit needs-assessment result instead of composing a blank workout. @ webpack-internal:///(app-pages-browser)/./src/features/workout-engine/services/home-workout.service.ts:1647
[   16455ms] [LOG] [WorkoutTrio] Shared pipeline: SKIPPED scoring (371 exercises) — needs-assessment short-circuit, see warning above @ webpack-internal:///(app-pages-browser)/./src/features/workout-engine/services/home-workout.service.ts:1755
[   16455ms] [LOG] [WorkoutTrio] Settings resolved → protocols: ⚠️  none (straight sets — check Firestore doc) | goals: none | tabata: off @ webpack-internal:///(app-pages-browser)/./src/features/workout-engine/services/home-workout.service.ts:1941
[   16455ms] [LOG] [WorkoutTrio] Exercise history loaded: 0/0 exercises have prior session data (David Staircase floor active). @ webpack-internal:///(app-pages-browser)/./src/features/workout-engine/services/home-workout.service.ts:1965
[   16455ms] [LOG] [WorkoutTrio] Protocol probability passed to generator: 0.00 (base=0, multiplier=1, week=1) @ webpack-internal:///(app-pages-browser)/./src/features/workout-engine/services/home-workout.service.ts:2002
[   16455ms] [WARNING] [WorkoutTrio] ⑨ needs-assessment short-circuit — requested domains [(none)] have no assessed level. Returning an explicit needs-assessment result instead of composing a blank workout. @ webpack-internal:///(app-pages-browser)/./src/features/workout-engine/services/home-workout.service.ts:711
[   16457ms] [LOG] [ActivityStore] Loaded from Firestore - Streak: 0 @ webpack-internal:///(app-pages-browser)/./src/features/activity/store/useActivityStore.ts:805
[   16478ms] [LOG] [ActivityStore] Loaded from Firestore - Streak: 0 @ webpack-internal:///(app-pages-browser)/./src/features/activity/store/useActivityStore.ts:805
[   16489ms] [LOG] [ActivityStore] Loaded from Firestore - Streak: 0 @ webpack-internal:///(app-pages-browser)/./src/features/activity/store/useActivityStore.ts:805
[   16769ms] [LOG] [home][DIAG safety-net] {healthConnected: true, freshCoords: null, todayGoal: strength, stepsRemaining: 8000} @ webpack-internal:///(app-pages-browser)/./src/app/home/page.tsx:1377
[   16959ms] [LOG] [ActivityStore] No Firestore data, created new day @ webpack-internal:///(app-pages-browser)/./src/features/activity/store/useActivityStore.ts:672
[   16959ms] [LOG] [ActivityStore] No Firestore data, created new day @ webpack-internal:///(app-pages-browser)/./src/features/activity/store/useActivityStore.ts:672
[   16959ms] [LOG] [ActivityStore] No Firestore data, created new day @ webpack-internal:///(app-pages-browser)/./src/features/activity/store/useActivityStore.ts:672
[   17087ms] [LOG] [ActivityStore] Loaded from Firestore - Streak: 0 @ webpack-internal:///(app-pages-browser)/./src/features/activity/store/useActivityStore.ts:805
[   17093ms] [LOG] [ActivityStore] Loaded from Firestore - Streak: 0 @ webpack-internal:///(app-pages-browser)/./src/features/activity/store/useActivityStore.ts:805
[   17096ms] [LOG] [ActivityStore] Loaded from Firestore - Streak: 0 @ webpack-internal:///(app-pages-browser)/./src/features/activity/store/useActivityStore.ts:805
[ 4507915ms] [ERROR] Failed to load resource: net::ERR_NETWORK_IO_SUSPENDED @ https://firestore.googleapis.com/google.firestore.v1.Firestore/Listen/channel?gsessionid=ZUt-5js--uJahwK66POXNUntI-WJqOfvD-n3I5MwtS2w8F8La_U01g&VER=8&database=projects%2Fappout-1%2Fdatabases%2F(default)&RID=rpc&SID=L1TSqXFlUBs1W5pkYm84FA&AID=147&CI=1&TYPE=xmlhttp&zx=ohmyzu5b7z5w&t=1:0
[ 5551549ms] [ERROR] Failed to load resource: net::ERR_CONNECTION_RESET @ https://firestore.googleapis.com/google.firestore.v1.Firestore/Listen/channel?gsessionid=ZUt-5js--uJahwK66POXNUntI-WJqOfvD-n3I5MwtS2w8F8La_U01g&VER=8&database=projects%2Fappout-1%2Fdatabases%2F(default)&RID=rpc&SID=L1TSqXFlUBs1W5pkYm84FA&AID=148&CI=1&TYPE=xmlhttp&zx=gy9dxime44ln&t=1:0
[ 5552268ms] [ERROR] Failed to load resource: the server responded with a status of 400 () @ https://firestore.googleapis.com/google.firestore.v1.Firestore/Listen/channel?gsessionid=ZUt-5js--uJahwK66POXNUntI-WJqOfvD-n3I5MwtS2w8F8La_U01g&VER=8&database=projects%2Fappout-1%2Fdatabases%2F(default)&RID=rpc&SID=L1TSqXFlUBs1W5pkYm84FA&AID=149&CI=1&TYPE=xmlhttp&zx=bsrh8n7jb9t0&t=1:0
[ 5552273ms] [WARNING] [2026-09-04T10:55:00.574Z]  @firebase/firestore: Firestore (12.6.0): WebChannelConnection RPC 'Listen' stream 0x1463b68e transport errored. Name: undefined Message: undefined @ webpack-internal:///(app-pages-browser)/../../../node_modules/@firebase/logger/dist/esm/index.esm.js:84
[ 5728538ms] [ERROR] Failed to load resource: net::ERR_NETWORK_CHANGED @ https://firestore.googleapis.com/google.firestore.v1.Firestore/Listen/channel?gsessionid=EyojmfyrHcPNMQlMg8AtwnkTcI8rMKDKDVXdnZARxWPZi4-JAHDyyA&VER=8&database=projects%2Fappout-1%2Fdatabases%2F(default)&RID=rpc&SID=V_DeaMAg9LYRAE_eO8IvUw&AID=37&CI=1&TYPE=xmlhttp&zx=dms6q85ts4uz&t=1:0
[ 5728558ms] [ERROR] Failed to load resource: net::ERR_NETWORK_CHANGED @ https://firestore.googleapis.com/google.firestore.v1.Firestore/Listen/channel?gsessionid=EyojmfyrHcPNMQlMg8AtwnkTcI8rMKDKDVXdnZARxWPZi4-JAHDyyA&VER=8&database=projects%2Fappout-1%2Fdatabases%2F(default)&RID=rpc&SID=V_DeaMAg9LYRAE_eO8IvUw&AID=38&CI=1&TYPE=xmlhttp&zx=4e2upqnocn1c&t=1:0
[ 5728683ms] [ERROR] Failed to load resource: net::ERR_NETWORK_CHANGED @ https://firestore.googleapis.com/google.firestore.v1.Firestore/Listen/channel?gsessionid=EyojmfyrHcPNMQlMg8AtwnkTcI8rMKDKDVXdnZARxWPZi4-JAHDyyA&VER=8&database=projects%2Fappout-1%2Fdatabases%2F(default)&RID=rpc&SID=V_DeaMAg9LYRAE_eO8IvUw&AID=38&CI=1&TYPE=xmlhttp&zx=pvkdjbe0v8po&t=2:0
[ 5739569ms] [ERROR] Failed to load resource: the server responded with a status of 400 () @ https://firestore.googleapis.com/google.firestore.v1.Firestore/Listen/channel?gsessionid=EyojmfyrHcPNMQlMg8AtwnkTcI8rMKDKDVXdnZARxWPZi4-JAHDyyA&VER=8&database=projects%2Fappout-1%2Fdatabases%2F(default)&RID=rpc&SID=V_DeaMAg9LYRAE_eO8IvUw&AID=38&CI=1&TYPE=xmlhttp&zx=5utg1we80n7k&t=3:0
[ 5739570ms] [WARNING] [2026-09-04T10:58:07.872Z]  @firebase/firestore: Firestore (12.6.0): WebChannelConnection RPC 'Listen' stream 0x1463b68f transport errored. Name: undefined Message: undefined @ webpack-internal:///(app-pages-browser)/../../../node_modules/@firebase/logger/dist/esm/index.esm.js:84
[ 6602269ms] [ERROR] Failed to load resource: net::ERR_NETWORK_CHANGED @ https://firestore.googleapis.com/google.firestore.v1.Firestore/Listen/channel?gsessionid=_DfM6SmAKxycV8Ggd2XCa7NfWuxC6fUyateLYD0bGgEtWSjP_L6eMw&VER=8&database=projects%2Fappout-1%2Fdatabases%2F(default)&RID=rpc&SID=FbiEaKS93FTGeVC3tx5ksA&AID=0&CI=0&TYPE=xmlhttp&zx=va0mqepn9lad&t=1:0
[ 6602346ms] [ERROR] Failed to load resource: net::ERR_INTERNET_DISCONNECTED @ https://firestore.googleapis.com/google.firestore.v1.Firestore/Listen/channel?VER=8&database=projects%2Fappout-1%2Fdatabases%2F(default)&RID=92380&CVER=22&X-HTTP-Session-Id=gsessionid&zx=eihvioerfvko&t=1:0
[ 6602347ms] [WARNING] [2026-09-04T11:12:30.649Z]  @firebase/firestore: Firestore (12.6.0): WebChannelConnection RPC 'Listen' stream 0x1463b691 transport errored. Name: undefined Message: undefined @ webpack-internal:///(app-pages-browser)/../../../node_modules/@firebase/logger/dist/esm/index.esm.js:84
[ 6602349ms] [ERROR] Failed to load resource: net::ERR_INTERNET_DISCONNECTED @ https://firestore.googleapis.com/google.firestore.v1.Firestore/Listen/channel?VER=8&database=projects%2Fappout-1%2Fdatabases%2F(default)&gsessionid=_DfM6SmAKxycV8Ggd2XCa7NfWuxC6fUyateLYD0bGgEtWSjP_L6eMw&SID=FbiEaKS93FTGeVC3tx5ksA&RID=37240&TYPE=terminate&zx=qsdor6w6jhsh:0
[ 6602352ms] [ERROR] Failed to load resource: net::ERR_INTERNET_DISCONNECTED @ https://firestore.googleapis.com/google.firestore.v1.Firestore/Listen/channel?VER=8&database=projects%2Fappout-1%2Fdatabases%2F(default)&RID=10209&CVER=22&X-HTTP-Session-Id=gsessionid&zx=oajui1hf6wul&t=1:0
[ 6602353ms] [WARNING] [2026-09-04T11:12:30.654Z]  @firebase/firestore: Firestore (12.6.0): WebChannelConnection RPC 'Listen' stream 0x1463b692 transport errored. Name: undefined Message: undefined @ webpack-internal:///(app-pages-browser)/../../../node_modules/@firebase/logger/dist/esm/index.esm.js:84
[ 6602354ms] [ERROR] Failed to load resource: net::ERR_INTERNET_DISCONNECTED @ https://www.google.com/images/cleardot.gif?zx=au7muo2cvr5u:0
[ 6602357ms] [ERROR] Failed to load resource: net::ERR_INTERNET_DISCONNECTED @ https://www.google.com/images/cleardot.gif?zx=8tp8srz0xrgy:0
[ 6603016ms] [ERROR] Failed to load resource: net::ERR_INTERNET_DISCONNECTED @ https://firestore.googleapis.com/google.firestore.v1.Firestore/Listen/channel?VER=8&database=projects%2Fappout-1%2Fdatabases%2F(default)&RID=44525&CVER=22&X-HTTP-Session-Id=gsessionid&zx=afpdcaadrmra&t=1:0
[ 6603017ms] [WARNING] [2026-09-04T11:12:31.318Z]  @firebase/firestore: Firestore (12.6.0): WebChannelConnection RPC 'Listen' stream 0x1463b693 transport errored. Name: undefined Message: undefined @ webpack-internal:///(app-pages-browser)/../../../node_modules/@firebase/logger/dist/esm/index.esm.js:84
[ 6603024ms] [ERROR] Failed to load resource: net::ERR_INTERNET_DISCONNECTED @ https://www.google.com/images/cleardot.gif?zx=74s2dlofgln6:0
[ 6604114ms] [ERROR] Failed to load resource: net::ERR_INTERNET_DISCONNECTED @ https://firestore.googleapis.com/google.firestore.v1.Firestore/Listen/channel?VER=8&database=projects%2Fappout-1%2Fdatabases%2F(default)&RID=96876&CVER=22&X-HTTP-Session-Id=gsessionid&zx=ld81y8ysoz8z&t=1:0
[ 6604114ms] [WARNING] [2026-09-04T11:12:32.415Z]  @firebase/firestore: Firestore (12.6.0): WebChannelConnection RPC 'Listen' stream 0x1463b694 transport errored. Name: undefined Message: undefined @ webpack-internal:///(app-pages-browser)/../../../node_modules/@firebase/logger/dist/esm/index.esm.js:84
[ 6604116ms] [ERROR] Failed to load resource: net::ERR_INTERNET_DISCONNECTED @ https://www.google.com/images/cleardot.gif?zx=w9j7w0auo8zy:0
[ 6606049ms] [ERROR] Failed to load resource: net::ERR_INTERNET_DISCONNECTED @ https://firestore.googleapis.com/google.firestore.v1.Firestore/Listen/channel?VER=8&database=projects%2Fappout-1%2Fdatabases%2F(default)&RID=70952&CVER=22&X-HTTP-Session-Id=gsessionid&zx=aw6k9fh77jzm&t=1:0
[ 6606049ms] [WARNING] [2026-09-04T11:12:34.351Z]  @firebase/firestore: Firestore (12.6.0): WebChannelConnection RPC 'Listen' stream 0x1463b695 transport errored. Name: undefined Message: undefined @ webpack-internal:///(app-pages-browser)/../../../node_modules/@firebase/logger/dist/esm/index.esm.js:84
[ 6606052ms] [ERROR] Failed to load resource: net::ERR_INTERNET_DISCONNECTED @ https://www.google.com/images/cleardot.gif?zx=end80lhhbha3:0
[ 6607974ms] [ERROR] Failed to load resource: net::ERR_INTERNET_DISCONNECTED @ https://firestore.googleapis.com/google.firestore.v1.Firestore/Listen/channel?VER=8&database=projects%2Fappout-1%2Fdatabases%2F(default)&RID=44925&CVER=22&X-HTTP-Session-Id=gsessionid&zx=hsy6jhkwq124&t=1:0
[ 6607974ms] [WARNING] [2026-09-04T11:12:36.276Z]  @firebase/firestore: Firestore (12.6.0): WebChannelConnection RPC 'Listen' stream 0x1463b696 transport errored. Name: undefined Message: undefined @ webpack-internal:///(app-pages-browser)/../../../node_modules/@firebase/logger/dist/esm/index.esm.js:84
[ 6607977ms] [ERROR] Failed to load resource: net::ERR_INTERNET_DISCONNECTED @ https://www.google.com/images/cleardot.gif?zx=fyyxzeatojfq:0
[ 6613619ms] [ERROR] Failed to load resource: net::ERR_INTERNET_DISCONNECTED @ https://firestore.googleapis.com/google.firestore.v1.Firestore/Listen/channel?VER=8&database=projects%2Fappout-1%2Fdatabases%2F(default)&RID=22186&CVER=22&X-HTTP-Session-Id=gsessionid&zx=pay4l98mgfa8&t=1:0
[ 6613619ms] [WARNING] [2026-09-04T11:12:41.920Z]  @firebase/firestore: Firestore (12.6.0): WebChannelConnection RPC 'Listen' stream 0x1463b697 transport errored. Name: undefined Message: undefined @ webpack-internal:///(app-pages-browser)/../../../node_modules/@firebase/logger/dist/esm/index.esm.js:84
[ 6613621ms] [ERROR] Failed to load resource: net::ERR_INTERNET_DISCONNECTED @ https://www.google.com/images/cleardot.gif?zx=wi361u8qufit:0
[ 6620081ms] [ERROR] Failed to load resource: net::ERR_INTERNET_DISCONNECTED @ https://firestore.googleapis.com/google.firestore.v1.Firestore/Listen/channel?VER=8&database=projects%2Fappout-1%2Fdatabases%2F(default)&RID=28311&CVER=22&X-HTTP-Session-Id=gsessionid&zx=legjahx17rtx&t=1:0
[ 6620081ms] [WARNING] [2026-09-04T11:12:48.382Z]  @firebase/firestore: Firestore (12.6.0): WebChannelConnection RPC 'Listen' stream 0x1463b698 transport errored. Name: undefined Message: undefined @ webpack-internal:///(app-pages-browser)/../../../node_modules/@firebase/logger/dist/esm/index.esm.js:84
[ 6620083ms] [ERROR] Failed to load resource: net::ERR_INTERNET_DISCONNECTED @ https://www.google.com/images/cleardot.gif?zx=splj2rv997j5:0
[ 6632284ms] [LOG] [ActivityStore] No Firestore data, created new day @ webpack-internal:///(app-pages-browser)/./src/features/activity/store/useActivityStore.ts:672
[ 6632284ms] [LOG] [ActivityStore] No Firestore data, created new day @ webpack-internal:///(app-pages-browser)/./src/features/activity/store/useActivityStore.ts:672
[ 6632284ms] [LOG] [ActivityStore] No Firestore data, created new day @ webpack-internal:///(app-pages-browser)/./src/features/activity/store/useActivityStore.ts:672
[ 6632473ms] [LOG] [ActivityStore] Loaded from Firestore - Streak: 0 @ webpack-internal:///(app-pages-browser)/./src/features/activity/store/useActivityStore.ts:805
[ 6632478ms] [LOG] [ActivityStore] Loaded from Firestore - Streak: 0 @ webpack-internal:///(app-pages-browser)/./src/features/activity/store/useActivityStore.ts:805
[ 6632482ms] [LOG] [ActivityStore] Loaded from Firestore - Streak: 0 @ webpack-internal:///(app-pages-browser)/./src/features/activity/store/useActivityStore.ts:805
[ 6632878ms] [ERROR] Failed to load resource: net::ERR_NETWORK_CHANGED @ https://firestore.googleapis.com/google.firestore.v1.Firestore/Listen/channel?gsessionid=9NO_b0std4A3rLdM4JhwcE99Au1Ik8x2Ao0lskHilfqi8cE5gFqP4g&VER=8&database=projects%2Fappout-1%2Fdatabases%2F(default)&RID=rpc&SID=ruamf1U0jFgiLPY2oCLHkQ&AID=0&CI=0&TYPE=xmlhttp&zx=e4gtbtds9jy2&t=1:0
[ 6632927ms] [ERROR] Failed to load resource: net::ERR_NAME_NOT_RESOLVED @ https://firestore.googleapis.com/google.firestore.v1.Firestore/Listen/channel?gsessionid=9NO_b0std4A3rLdM4JhwcE99Au1Ik8x2Ao0lskHilfqi8cE5gFqP4g&VER=8&database=projects%2Fappout-1%2Fdatabases%2F(default)&RID=rpc&SID=ruamf1U0jFgiLPY2oCLHkQ&AID=40&CI=0&TYPE=xmlhttp&zx=chz9ei71fhh7&t=1:0
[ 8028318ms] [ERROR] Failed to load resource: net::ERR_NETWORK_IO_SUSPENDED @ https://firestore.googleapis.com/google.firestore.v1.Firestore/Listen/channel?gsessionid=tpCbPXc22jljkn-IjWWmuyBRHGAFc4Jk8eM6kWtUPH5cIrLviaGeGw&VER=8&database=projects%2Fappout-1%2Fdatabases%2F(default)&RID=rpc&SID=7t3jv4iXRLrfY7-D2RSRAg&AID=112&CI=0&TYPE=xmlhttp&zx=tlnmhr9wa42q&t=1:0
[ 8054202ms] [ERROR] Failed to load resource: net::ERR_NETWORK_CHANGED @ https://firestore.googleapis.com/google.firestore.v1.Firestore/Listen/channel?gsessionid=tpCbPXc22jljkn-IjWWmuyBRHGAFc4Jk8eM6kWtUPH5cIrLviaGeGw&VER=8&database=projects%2Fappout-1%2Fdatabases%2F(default)&RID=rpc&SID=7t3jv4iXRLrfY7-D2RSRAg&AID=114&CI=0&TYPE=xmlhttp&zx=fo8k527k8okk&t=1:0
[ 8054355ms] [ERROR] Failed to load resource: net::ERR_NETWORK_CHANGED @ https://firestore.googleapis.com/google.firestore.v1.Firestore/Listen/channel?gsessionid=tpCbPXc22jljkn-IjWWmuyBRHGAFc4Jk8eM6kWtUPH5cIrLviaGeGw&VER=8&database=projects%2Fappout-1%2Fdatabases%2F(default)&RID=rpc&SID=7t3jv4iXRLrfY7-D2RSRAg&AID=116&CI=0&TYPE=xmlhttp&zx=gagpxuz2nw6e&t=1:0
[ 8084028ms] [ERROR] Failed to load resource: net::ERR_NETWORK_CHANGED @ https://firestore.googleapis.com/google.firestore.v1.Firestore/Listen/channel?gsessionid=tpCbPXc22jljkn-IjWWmuyBRHGAFc4Jk8eM6kWtUPH5cIrLviaGeGw&VER=8&database=projects%2Fappout-1%2Fdatabases%2F(default)&RID=rpc&SID=7t3jv4iXRLrfY7-D2RSRAg&AID=116&CI=0&TYPE=xmlhttp&zx=umugpd3kk0cr&t=2:0
[ 8084094ms] [ERROR] Failed to load resource: net::ERR_NETWORK_CHANGED @ https://firestore.googleapis.com/google.firestore.v1.Firestore/Listen/channel?gsessionid=tpCbPXc22jljkn-IjWWmuyBRHGAFc4Jk8eM6kWtUPH5cIrLviaGeGw&VER=8&database=projects%2Fappout-1%2Fdatabases%2F(default)&RID=rpc&SID=7t3jv4iXRLrfY7-D2RSRAg&AID=117&CI=0&TYPE=xmlhttp&zx=sowie4qe8sut&t=1:0
[ 8223239ms] [ERROR] Failed to load resource: net::ERR_NETWORK_CHANGED @ https://firestore.googleapis.com/google.firestore.v1.Firestore/Listen/channel?gsessionid=tpCbPXc22jljkn-IjWWmuyBRHGAFc4Jk8eM6kWtUPH5cIrLviaGeGw&VER=8&database=projects%2Fappout-1%2Fdatabases%2F(default)&RID=rpc&SID=7t3jv4iXRLrfY7-D2RSRAg&AID=117&CI=0&TYPE=xmlhttp&zx=aeusaog9qrvu&t=2:0
[ 8223296ms] [ERROR] Failed to load resource: net::ERR_NAME_NOT_RESOLVED @ https://firestore.googleapis.com/google.firestore.v1.Firestore/Listen/channel?gsessionid=tpCbPXc22jljkn-IjWWmuyBRHGAFc4Jk8eM6kWtUPH5cIrLviaGeGw&VER=8&database=projects%2Fappout-1%2Fdatabases%2F(default)&RID=rpc&SID=7t3jv4iXRLrfY7-D2RSRAg&AID=121&CI=0&TYPE=xmlhttp&zx=4pmjew1kwyor&t=1:0
[ 8223889ms] [ERROR] Failed to load resource: the server responded with a status of 400 () @ https://firestore.googleapis.com/google.firestore.v1.Firestore/Listen/channel?gsessionid=tpCbPXc22jljkn-IjWWmuyBRHGAFc4Jk8eM6kWtUPH5cIrLviaGeGw&VER=8&database=projects%2Fappout-1%2Fdatabases%2F(default)&RID=rpc&SID=7t3jv4iXRLrfY7-D2RSRAg&AID=121&CI=0&TYPE=xmlhttp&zx=g5ohskj14zye&t=2:0
[ 8223904ms] [WARNING] [2026-09-04T11:39:32.200Z]  @firebase/firestore: Firestore (12.6.0): WebChannelConnection RPC 'Listen' stream 0x1463b69a transport errored. Name: undefined Message: undefined @ webpack-internal:///(app-pages-browser)/../../../node_modules/@firebase/logger/dist/esm/index.esm.js:84
[ 8453916ms] [ERROR] Failed to load resource: the server responded with a status of 400 () @ https://firestore.googleapis.com/google.firestore.v1.Firestore/Listen/channel?gsessionid=SORFesHkohLAeuQnmisXdJQwkXpytrNKSE-3TzI6DJmMXlbPZjxAIg&VER=8&database=projects%2Fappout-1%2Fdatabases%2F(default)&RID=rpc&SID=L0Q2RLZPJASbaA1291AuMw&AID=46&CI=0&TYPE=xmlhttp&zx=4ek49vvfq4ev&t=1:0
[ 8453923ms] [WARNING] [2026-09-04T11:43:22.224Z]  @firebase/firestore: Firestore (12.6.0): WebChannelConnection RPC 'Listen' stream 0x1463b69b transport errored. Name: undefined Message: undefined @ webpack-internal:///(app-pages-browser)/../../../node_modules/@firebase/logger/dist/esm/index.esm.js:84
[ 8453977ms] [ERROR] Failed to load resource: net::ERR_NAME_NOT_RESOLVED @ https://firestore.googleapis.com/google.firestore.v1.Firestore/Listen/channel?VER=8&database=projects%2Fappout-1%2Fdatabases%2F(default)&RID=90155&CVER=22&X-HTTP-Session-Id=gsessionid&zx=vdf4cox96oza&t=1:0
[ 8454020ms] [WARNING] [2026-09-04T11:43:22.321Z]  @firebase/firestore: Firestore (12.6.0): WebChannelConnection RPC 'Listen' stream 0x1463b69c transport errored. Name: undefined Message: undefined @ webpack-internal:///(app-pages-browser)/../../../node_modules/@firebase/logger/dist/esm/index.esm.js:84
[ 8455604ms] [ERROR] Failed to load resource: net::ERR_NETWORK_CHANGED @ https://firestore.googleapis.com/google.firestore.v1.Firestore/Listen/channel?gsessionid=Ewy1BBwlParJTaMVS1dZyDzug-DuPZiohQD08VATOOFs4Tydr-fDiA&VER=8&database=projects%2Fappout-1%2Fdatabases%2F(default)&RID=rpc&SID=MC7VylxhzbbnX897qFkpgg&AID=0&CI=0&TYPE=xmlhttp&zx=9r8usjgqg21c&t=1:0
[ 8455659ms] [ERROR] Failed to load resource: net::ERR_NAME_NOT_RESOLVED @ https://firestore.googleapis.com/google.firestore.v1.Firestore/Listen/channel?gsessionid=Ewy1BBwlParJTaMVS1dZyDzug-DuPZiohQD08VATOOFs4Tydr-fDiA&VER=8&database=projects%2Fappout-1%2Fdatabases%2F(default)&RID=rpc&SID=MC7VylxhzbbnX897qFkpgg&AID=42&CI=0&TYPE=xmlhttp&zx=7dlf1h6e0ruh&t=1:0
[ 8624083ms] [ERROR] Failed to load resource: net::ERR_NETWORK_CHANGED @ https://firestore.googleapis.com/google.firestore.v1.Firestore/Listen/channel?gsessionid=Ewy1BBwlParJTaMVS1dZyDzug-DuPZiohQD08VATOOFs4Tydr-fDiA&VER=8&database=projects%2Fappout-1%2Fdatabases%2F(default)&RID=rpc&SID=MC7VylxhzbbnX897qFkpgg&AID=42&CI=0&TYPE=xmlhttp&zx=fd7awfw7fq51&t=2:0
[ 8624132ms] [ERROR] Failed to load resource: net::ERR_NAME_NOT_RESOLVED @ https://firestore.googleapis.com/google.firestore.v1.Firestore/Listen/channel?gsessionid=Ewy1BBwlParJTaMVS1dZyDzug-DuPZiohQD08VATOOFs4Tydr-fDiA&VER=8&database=projects%2Fappout-1%2Fdatabases%2F(default)&RID=rpc&SID=MC7VylxhzbbnX897qFkpgg&AID=44&CI=0&TYPE=xmlhttp&zx=6rqjojwfu1a9&t=1:0
[ 8624146ms] [ERROR] Failed to load resource: net::ERR_NETWORK_CHANGED @ https://firestore.googleapis.com/google.firestore.v1.Firestore/Listen/channel?gsessionid=Ewy1BBwlParJTaMVS1dZyDzug-DuPZiohQD08VATOOFs4Tydr-fDiA&VER=8&database=projects%2Fappout-1%2Fdatabases%2F(default)&RID=rpc&SID=MC7VylxhzbbnX897qFkpgg&AID=44&CI=0&TYPE=xmlhttp&zx=1mlhawfx2ttx&t=2:0
[ 8636409ms] [ERROR] Failed to load resource: the server responded with a status of 400 () @ https://firestore.googleapis.com/google.firestore.v1.Firestore/Listen/channel?gsessionid=Ewy1BBwlParJTaMVS1dZyDzug-DuPZiohQD08VATOOFs4Tydr-fDiA&VER=8&database=projects%2Fappout-1%2Fdatabases%2F(default)&RID=rpc&SID=MC7VylxhzbbnX897qFkpgg&AID=44&CI=0&TYPE=xmlhttp&zx=2qubu3byj51j&t=3:0
[ 8636410ms] [WARNING] [2026-09-04T11:46:24.711Z]  @firebase/firestore: Firestore (12.6.0): WebChannelConnection RPC 'Listen' stream 0x1463b69d transport errored. Name: undefined Message: undefined @ webpack-internal:///(app-pages-browser)/../../../node_modules/@firebase/logger/dist/esm/index.esm.js:84
[ 8695662ms] [ERROR] Failed to load resource: net::ERR_NETWORK_CHANGED @ https://firestore.googleapis.com/google.firestore.v1.Firestore/Listen/channel?gsessionid=nH227jYCzUDGmLqFwACV7n42FeECANuhH92xllsK8_EySuLg8yLLeQ&VER=8&database=projects%2Fappout-1%2Fdatabases%2F(default)&RID=rpc&SID=9HnYwwYCa9OufxLJsMbDGA&AID=0&CI=0&TYPE=xmlhttp&zx=icr41qgialak&t=1:0
[ 8696027ms] [ERROR] Failed to load resource: net::ERR_NETWORK_CHANGED @ https://firestore.googleapis.com/google.firestore.v1.Firestore/Listen/channel?gsessionid=nH227jYCzUDGmLqFwACV7n42FeECANuhH92xllsK8_EySuLg8yLLeQ&VER=8&database=projects%2Fappout-1%2Fdatabases%2F(default)&RID=rpc&SID=9HnYwwYCa9OufxLJsMbDGA&AID=43&CI=0&TYPE=xmlhttp&zx=suu9nk91ubj4&t=1:0
[ 9017734ms] [ERROR] Failed to load resource: net::ERR_NETWORK_CHANGED @ https://firestore.googleapis.com/google.firestore.v1.Firestore/Listen/channel?gsessionid=nH227jYCzUDGmLqFwACV7n42FeECANuhH92xllsK8_EySuLg8yLLeQ&VER=8&database=projects%2Fappout-1%2Fdatabases%2F(default)&RID=rpc&SID=9HnYwwYCa9OufxLJsMbDGA&AID=43&CI=0&TYPE=xmlhttp&zx=mr6ofrkd74f0&t=2:0
[ 9017750ms] [ERROR] Failed to load resource: net::ERR_NAME_NOT_RESOLVED @ https://firestore.googleapis.com/google.firestore.v1.Firestore/Listen/channel?gsessionid=nH227jYCzUDGmLqFwACV7n42FeECANuhH92xllsK8_EySuLg8yLLeQ&VER=8&database=projects%2Fappout-1%2Fdatabases%2F(default)&RID=rpc&SID=9HnYwwYCa9OufxLJsMbDGA&AID=46&CI=0&TYPE=xmlhttp&zx=baaje0ekfl10&t=1:0
[ 9017752ms] [ERROR] Failed to load resource: net::ERR_NAME_NOT_RESOLVED @ https://firestore.googleapis.com/google.firestore.v1.Firestore/Listen/channel?gsessionid=nH227jYCzUDGmLqFwACV7n42FeECANuhH92xllsK8_EySuLg8yLLeQ&VER=8&database=projects%2Fappout-1%2Fdatabases%2F(default)&RID=rpc&SID=9HnYwwYCa9OufxLJsMbDGA&AID=46&CI=0&TYPE=xmlhttp&zx=9rsx7dt3tckr&t=2:0
[ 9017863ms] [ERROR] Failed to load resource: net::ERR_INTERNET_DISCONNECTED @ https://firestore.googleapis.com/google.firestore.v1.Firestore/Listen/channel?VER=8&database=projects%2Fappout-1%2Fdatabases%2F(default)&gsessionid=nH227jYCzUDGmLqFwACV7n42FeECANuhH92xllsK8_EySuLg8yLLeQ&SID=9HnYwwYCa9OufxLJsMbDGA&RID=83248&TYPE=terminate&zx=ox7yqahovj7d:0
[ 9017866ms] [ERROR] Failed to load resource: net::ERR_INTERNET_DISCONNECTED @ https://firestore.googleapis.com/google.firestore.v1.Firestore/Listen/channel?VER=8&database=projects%2Fappout-1%2Fdatabases%2F(default)&RID=65033&CVER=22&X-HTTP-Session-Id=gsessionid&zx=bh1znztczeub&t=1:0
[ 9017866ms] [WARNING] [2026-09-04T11:52:46.168Z]  @firebase/firestore: Firestore (12.6.0): WebChannelConnection RPC 'Listen' stream 0x1463b69f transport errored. Name: undefined Message: undefined @ webpack-internal:///(app-pages-browser)/../../../node_modules/@firebase/logger/dist/esm/index.esm.js:84
[ 9017869ms] [ERROR] Failed to load resource: net::ERR_INTERNET_DISCONNECTED @ https://firestore.googleapis.com/google.firestore.v1.Firestore/Listen/channel?VER=8&database=projects%2Fappout-1%2Fdatabases%2F(default)&RID=17901&CVER=22&X-HTTP-Session-Id=gsessionid&zx=vqad38isx0ab&t=1:0
[ 9017869ms] [WARNING] [2026-09-04T11:52:46.171Z]  @firebase/firestore: Firestore (12.6.0): WebChannelConnection RPC 'Listen' stream 0x1463b6a0 transport errored. Name: undefined Message: undefined @ webpack-internal:///(app-pages-browser)/../../../node_modules/@firebase/logger/dist/esm/index.esm.js:84
[ 9017870ms] [ERROR] Failed to load resource: net::ERR_INTERNET_DISCONNECTED @ https://www.google.com/images/cleardot.gif?zx=w6y3rqeyu47u:0
[ 9017872ms] [ERROR] Failed to load resource: net::ERR_INTERNET_DISCONNECTED @ https://www.google.com/images/cleardot.gif?zx=7k19p63jce4t:0
[ 9018577ms] [ERROR] Failed to load resource: net::ERR_INTERNET_DISCONNECTED @ https://firestore.googleapis.com/google.firestore.v1.Firestore/Listen/channel?VER=8&database=projects%2Fappout-1%2Fdatabases%2F(default)&RID=28619&CVER=22&X-HTTP-Session-Id=gsessionid&zx=noe99k1hgtzj&t=1:0
[ 9018577ms] [WARNING] [2026-09-04T11:52:46.879Z]  @firebase/firestore: Firestore (12.6.0): WebChannelConnection RPC 'Listen' stream 0x1463b6a1 transport errored. Name: undefined Message: undefined @ webpack-internal:///(app-pages-browser)/../../../node_modules/@firebase/logger/dist/esm/index.esm.js:84
[ 9018580ms] [ERROR] Failed to load resource: net::ERR_INTERNET_DISCONNECTED @ https://www.google.com/images/cleardot.gif?zx=m2zfa7mfolys:0
[ 9020408ms] [ERROR] Failed to load resource: net::ERR_INTERNET_DISCONNECTED @ https://firestore.googleapis.com/google.firestore.v1.Firestore/Listen/channel?VER=8&database=projects%2Fappout-1%2Fdatabases%2F(default)&RID=53996&CVER=22&X-HTTP-Session-Id=gsessionid&zx=l98na3jt4f9e&t=1:0
[ 9020409ms] [WARNING] [2026-09-04T11:52:48.710Z]  @firebase/firestore: Firestore (12.6.0): WebChannelConnection RPC 'Listen' stream 0x1463b6a2 transport errored. Name: undefined Message: undefined @ webpack-internal:///(app-pages-browser)/../../../node_modules/@firebase/logger/dist/esm/index.esm.js:84
[ 9020413ms] [ERROR] Failed to load resource: net::ERR_INTERNET_DISCONNECTED @ https://www.google.com/images/cleardot.gif?zx=l5w7h4lgtunm:0
[ 9022389ms] [ERROR] Failed to load resource: net::ERR_INTERNET_DISCONNECTED @ https://firestore.googleapis.com/google.firestore.v1.Firestore/Listen/channel?VER=8&database=projects%2Fappout-1%2Fdatabases%2F(default)&RID=19757&CVER=22&X-HTTP-Session-Id=gsessionid&zx=c4ss25rz41qg&t=1:0
[ 9022390ms] [WARNING] [2026-09-04T11:52:50.691Z]  @firebase/firestore: Firestore (12.6.0): WebChannelConnection RPC 'Listen' stream 0x1463b6a3 transport errored. Name: undefined Message: undefined @ webpack-internal:///(app-pages-browser)/../../../node_modules/@firebase/logger/dist/esm/index.esm.js:84
[ 9022393ms] [ERROR] Failed to load resource: net::ERR_INTERNET_DISCONNECTED @ https://www.google.com/images/cleardot.gif?zx=rilan17bv4s2:0
[ 9024118ms] [ERROR] Failed to load resource: net::ERR_INTERNET_DISCONNECTED @ https://firestore.googleapis.com/google.firestore.v1.Firestore/Listen/channel?VER=8&database=projects%2Fappout-1%2Fdatabases%2F(default)&RID=5044&CVER=22&X-HTTP-Session-Id=gsessionid&zx=bxq15s62i0vo&t=1:0
[ 9024118ms] [WARNING] [2026-09-04T11:52:52.420Z]  @firebase/firestore: Firestore (12.6.0): WebChannelConnection RPC 'Listen' stream 0x1463b6a4 transport errored. Name: undefined Message: undefined @ webpack-internal:///(app-pages-browser)/../../../node_modules/@firebase/logger/dist/esm/index.esm.js:84
[ 9024121ms] [ERROR] Failed to load resource: net::ERR_INTERNET_DISCONNECTED @ https://www.google.com/images/cleardot.gif?zx=50zng772394l:0
[ 9027860ms] [ERROR] Failed to load resource: net::ERR_INTERNET_DISCONNECTED @ https://firestore.googleapis.com/google.firestore.v1.Firestore/Listen/channel?VER=8&database=projects%2Fappout-1%2Fdatabases%2F(default)&RID=53426&CVER=22&X-HTTP-Session-Id=gsessionid&zx=e0bmkgw8992w&t=1:0
[ 9027860ms] [WARNING] [2026-09-04T11:52:56.161Z]  @firebase/firestore: Firestore (12.6.0): WebChannelConnection RPC 'Listen' stream 0x1463b6a5 transport errored. Name: undefined Message: undefined @ webpack-internal:///(app-pages-browser)/../../../node_modules/@firebase/logger/dist/esm/index.esm.js:84
[ 9027862ms] [ERROR] Failed to load resource: net::ERR_INTERNET_DISCONNECTED @ https://www.google.com/images/cleardot.gif?zx=sgxs5mz12z58:0
[ 9036046ms] [ERROR] Failed to load resource: net::ERR_INTERNET_DISCONNECTED @ https://firestore.googleapis.com/google.firestore.v1.Firestore/Listen/channel?VER=8&database=projects%2Fappout-1%2Fdatabases%2F(default)&RID=54420&CVER=22&X-HTTP-Session-Id=gsessionid&zx=3xroxs5kkd69&t=1:0
[ 9036047ms] [WARNING] [2026-09-04T11:53:04.348Z]  @firebase/firestore: Firestore (12.6.0): WebChannelConnection RPC 'Listen' stream 0x1463b6a6 transport errored. Name: undefined Message: undefined @ webpack-internal:///(app-pages-browser)/../../../node_modules/@firebase/logger/dist/esm/index.esm.js:84
[ 9036050ms] [ERROR] Failed to load resource: net::ERR_INTERNET_DISCONNECTED @ https://www.google.com/images/cleardot.gif?zx=t3xh6z2j7ht9:0
[ 9043881ms] [ERROR] Failed to load resource: net::ERR_INTERNET_DISCONNECTED @ https://firestore.googleapis.com/google.firestore.v1.Firestore/Listen/channel?VER=8&database=projects%2Fappout-1%2Fdatabases%2F(default)&RID=7969&CVER=22&X-HTTP-Session-Id=gsessionid&zx=k3tqk6lai1jg&t=1:0
[ 9043881ms] [WARNING] [2026-09-04T11:53:12.183Z]  @firebase/firestore: Firestore (12.6.0): WebChannelConnection RPC 'Listen' stream 0x1463b6a7 transport errored. Name: undefined Message: undefined @ webpack-internal:///(app-pages-browser)/../../../node_modules/@firebase/logger/dist/esm/index.esm.js:84
[ 9043884ms] [ERROR] Failed to load resource: net::ERR_INTERNET_DISCONNECTED @ https://www.google.com/images/cleardot.gif?zx=hfgaou4gg0me:0
[ 9063165ms] [ERROR] Failed to load resource: net::ERR_INTERNET_DISCONNECTED @ https://firestore.googleapis.com/google.firestore.v1.Firestore/Listen/channel?VER=8&database=projects%2Fappout-1%2Fdatabases%2F(default)&RID=9617&CVER=22&X-HTTP-Session-Id=gsessionid&zx=a9uxk7jtp49h&t=1:0
[ 9063166ms] [WARNING] [2026-09-04T11:53:31.467Z]  @firebase/firestore: Firestore (12.6.0): WebChannelConnection RPC 'Listen' stream 0x1463b6a8 transport errored. Name: undefined Message: undefined @ webpack-internal:///(app-pages-browser)/../../../node_modules/@firebase/logger/dist/esm/index.esm.js:84
[ 9063167ms] [ERROR] Failed to load resource: net::ERR_INTERNET_DISCONNECTED @ https://www.google.com/images/cleardot.gif?zx=meb8m2npkd44:0
[ 9248043ms] [ERROR] Failed to load resource: net::ERR_NETWORK_CHANGED @ https://firestore.googleapis.com/google.firestore.v1.Firestore/Listen/channel?VER=8&database=projects%2Fappout-1%2Fdatabases%2F(default)&RID=72312&CVER=22&X-HTTP-Session-Id=gsessionid&zx=nvz8ilsntlem&t=1:0
[ 9248044ms] [WARNING] [2026-09-04T11:56:36.345Z]  @firebase/firestore: Firestore (12.6.0): WebChannelConnection RPC 'Listen' stream 0x1463b6a9 transport errored. Name: undefined Message: undefined @ webpack-internal:///(app-pages-browser)/../../../node_modules/@firebase/logger/dist/esm/index.esm.js:84
[ 9248046ms] [ERROR] [ActivityStore] Error loading from Firestore: Failed to get document because the client is offline. @ webpack-internal:///(app-pages-browser)/../../../node_modules/next/dist/client/app-index.js:32
[ 9248047ms] [ERROR] Firestore error code: unavailable @ webpack-internal:///(app-pages-browser)/../../../node_modules/next/dist/client/app-index.js:32
[ 9248054ms] [ERROR] [ActivityStore] Error loading from Firestore: Failed to get document because the client is offline. @ webpack-internal:///(app-pages-browser)/../../../node_modules/next/dist/client/app-index.js:32
[ 9248054ms] [ERROR] Firestore error code: unavailable @ webpack-internal:///(app-pages-browser)/../../../node_modules/next/dist/client/app-index.js:32
[ 9248057ms] [ERROR] [ActivityStore] Error loading from Firestore: Failed to get document because the client is offline. @ webpack-internal:///(app-pages-browser)/../../../node_modules/next/dist/client/app-index.js:32
[ 9248057ms] [ERROR] Firestore error code: unavailable @ webpack-internal:///(app-pages-browser)/../../../node_modules/next/dist/client/app-index.js:32
[ 9248059ms] [ERROR] Failed to load resource: net::ERR_ADDRESS_UNREACHABLE @ https://www.google.com/images/cleardot.gif?zx=iywv8hx24b3i:0
[ 9248079ms] [ERROR] Failed to load resource: net::ERR_NAME_NOT_RESOLVED @ https://firestore.googleapis.com/google.firestore.v1.Firestore/Listen/channel?VER=8&database=projects%2Fappout-1%2Fdatabases%2F(default)&RID=63167&CVER=22&X-HTTP-Session-Id=gsessionid&zx=rcy95je3plep&t=1:0
[ 9248079ms] [WARNING] [2026-09-04T11:56:36.381Z]  @firebase/firestore: Firestore (12.6.0): WebChannelConnection RPC 'Listen' stream 0x1463b6aa transport errored. Name: undefined Message: undefined @ webpack-internal:///(app-pages-browser)/../../../node_modules/@firebase/logger/dist/esm/index.esm.js:84
[ 9248081ms] [ERROR] Failed to load resource: net::ERR_ADDRESS_UNREACHABLE @ https://www.google.com/images/cleardot.gif?zx=26lgvdt9jwtx:0
[ 9248107ms] [ERROR] Failed to load resource: net::ERR_INTERNET_DISCONNECTED @ https://firestore.googleapis.com/google.firestore.v1.Firestore/Listen/channel?VER=8&database=projects%2Fappout-1%2Fdatabases%2F(default)&RID=56585&CVER=22&X-HTTP-Session-Id=gsessionid&zx=8l7lu4xyog81&t=1:0
[ 9248107ms] [WARNING] [2026-09-04T11:56:36.408Z]  @firebase/firestore: Firestore (12.6.0): WebChannelConnection RPC 'Listen' stream 0x1463b6ab transport errored. Name: undefined Message: undefined @ webpack-internal:///(app-pages-browser)/../../../node_modules/@firebase/logger/dist/esm/index.esm.js:84
[ 9248109ms] [ERROR] Failed to load resource: net::ERR_INTERNET_DISCONNECTED @ https://firestore.googleapis.com/google.firestore.v1.Firestore/Listen/channel?VER=8&database=projects%2Fappout-1%2Fdatabases%2F(default)&RID=40918&CVER=22&X-HTTP-Session-Id=gsessionid&zx=55y12nbava68&t=1:0
[ 9248109ms] [WARNING] [2026-09-04T11:56:36.411Z]  @firebase/firestore: Firestore (12.6.0): WebChannelConnection RPC 'Listen' stream 0x1463b6ac transport errored. Name: undefined Message: undefined @ webpack-internal:///(app-pages-browser)/../../../node_modules/@firebase/logger/dist/esm/index.esm.js:84
[ 9248109ms] [ERROR] Failed to load resource: net::ERR_INTERNET_DISCONNECTED @ https://www.google.com/images/cleardot.gif?zx=nl4wnwt416wp:0
[ 9248250ms] [ERROR] Failed to load resource: net::ERR_INTERNET_DISCONNECTED @ https://www.google.com/images/cleardot.gif?zx=g6jfv25k3fr3:0
[ 9248969ms] [ERROR] Failed to load resource: net::ERR_NETWORK_CHANGED @ https://firestore.googleapis.com/google.firestore.v1.Firestore/Listen/channel?gsessionid=RGZ3SK-EJCTP-w0UWgmj_dimoqq6CgiGZ5Q2v9kSPlIgzBfHI8x4zg&VER=8&database=projects%2Fappout-1%2Fdatabases%2F(default)&RID=rpc&SID=c2EzEj9dU_4CFgZ177nHvA&AID=0&CI=0&TYPE=xmlhttp&zx=7zibmb6yxjs3&t=1:0
[ 9249914ms] [LOG] [ActivityStore] No Firestore data, created new day @ webpack-internal:///(app-pages-browser)/./src/features/activity/store/useActivityStore.ts:672
[ 9249914ms] [LOG] [ActivityStore] No Firestore data, created new day @ webpack-internal:///(app-pages-browser)/./src/features/activity/store/useActivityStore.ts:672
[ 9249914ms] [LOG] [ActivityStore] No Firestore data, created new day @ webpack-internal:///(app-pages-browser)/./src/features/activity/store/useActivityStore.ts:672
[ 9250072ms] [LOG] [ActivityStore] Loaded from Firestore - Streak: 0 @ webpack-internal:///(app-pages-browser)/./src/features/activity/store/useActivityStore.ts:805
[ 9250074ms] [LOG] [ActivityStore] Loaded from Firestore - Streak: 0 @ webpack-internal:///(app-pages-browser)/./src/features/activity/store/useActivityStore.ts:805
[ 9250076ms] [LOG] [ActivityStore] Loaded from Firestore - Streak: 0 @ webpack-internal:///(app-pages-browser)/./src/features/activity/store/useActivityStore.ts:805
