[     885ms] [ERROR] Failed to load resource: the server responded with a status of 404 () @ https://appout-1.firebaseapp.com/__/firebase/init.json:0
[     887ms] [ERROR] Failed to load resource: the server responded with a status of 404 () @ https://appout-1.firebaseapp.com/favicon.ico:0
[    5482ms] [INFO] %cDownload the React DevTools for a better development experience: https://reactjs.org/link/react-devtools font-weight:bold @ webpack-internal:///(app-pages-browser)/./node_modules/next/dist/compiled/react-dom/cjs/react-dom.development.js:38559
[    6318ms] [INFO] [firebase] App Check bypass: hostname="localhost" treated as local development. initializeAppCheck() will NOT be invoked — this prevents reCAPTCHA Enterprise 403s from crashing the Firestore snapshot listener. Set NEXT_PUBLIC_APP_CHECK_DEBUG_TOKEN to a token registered in the Firebase console (App Check → Apps → Manage debug tokens) if you need a real App Check handshake. @ webpack-internal:///(app-pages-browser)/./src/lib/firebase.ts:125
[    7603ms] [INFO] [User Service] User w4Uph9w0p7TNDfuf4LuqAl1PqfU2 has missing or empty equipment profile. This may affect Smart Swap functionality. Please update user equipment in the admin panel. @ webpack-internal:///(app-pages-browser)/./src/lib/firestore.service.ts:71
[    8116ms] [INFO] [User Service] User w4Uph9w0p7TNDfuf4LuqAl1PqfU2 has missing or empty equipment profile. This may affect Smart Swap functionality. Please update user equipment in the admin panel. @ webpack-internal:///(app-pages-browser)/./src/lib/firestore.service.ts:71
[    8439ms] [WARNING] Login logging failed: FirebaseError: Missing or insufficient permissions. @ webpack-internal:///(app-pages-browser)/./src/features/admin/services/auth.service.ts:158
[    8577ms] [INFO] [User Service] User w4Uph9w0p7TNDfuf4LuqAl1PqfU2 has missing or empty equipment profile. This may affect Smart Swap functionality. Please update user equipment in the admin panel. @ webpack-internal:///(app-pages-browser)/./src/lib/firestore.service.ts:71
[    9008ms] [INFO] [User Service] User w4Uph9w0p7TNDfuf4LuqAl1PqfU2 has missing or empty equipment profile. This may affect Smart Swap functionality. Please update user equipment in the admin panel. @ webpack-internal:///(app-pages-browser)/./src/lib/firestore.service.ts:71
[    9380ms] [WARNING] Login logging failed: FirebaseError: Missing or insufficient permissions. @ webpack-internal:///(app-pages-browser)/./src/features/admin/services/auth.service.ts:158
[    9507ms] [INFO] [User Service] User w4Uph9w0p7TNDfuf4LuqAl1PqfU2 has missing or empty equipment profile. This may affect Smart Swap functionality. Please update user equipment in the admin panel. @ webpack-internal:///(app-pages-browser)/./src/lib/firestore.service.ts:71
[    9951ms] [INFO] [User Service] User w4Uph9w0p7TNDfuf4LuqAl1PqfU2 has missing or empty equipment profile. This may affect Smart Swap functionality. Please update user equipment in the admin panel. @ webpack-internal:///(app-pages-browser)/./src/lib/firestore.service.ts:71
[   10261ms] [WARNING] Login logging failed: FirebaseError: Missing or insufficient permissions. @ webpack-internal:///(app-pages-browser)/./src/features/admin/services/auth.service.ts:158
[   11704ms] [LOG] [getAuthoritiesByManager] Super Admin — returning all 79 top-level authorities @ webpack-internal:///(app-pages-browser)/./src/features/admin/services/authority.service.ts:811
[   11818ms] [LOG] [getAuthoritiesByManager] Super Admin — returning all 79 top-level authorities @ webpack-internal:///(app-pages-browser)/./src/features/admin/services/authority.service.ts:811
[   12601ms] [LOG] [getAuthoritiesByManager] Super Admin — returning all 79 top-level authorities @ webpack-internal:///(app-pages-browser)/./src/features/admin/services/authority.service.ts:811
[   12825ms] [LOG] [getAuthoritiesByManager] Super Admin — returning all 79 top-level authorities @ webpack-internal:///(app-pages-browser)/./src/features/admin/services/authority.service.ts:811
[   12825ms] [LOG] [getAuthoritiesByManager] Super Admin — returning all 79 top-level authorities @ webpack-internal:///(app-pages-browser)/./src/features/admin/services/authority.service.ts:811
[   13095ms] [LOG] [getAuthoritiesByManager] Super Admin — returning all 79 top-level authorities @ webpack-internal:///(app-pages-browser)/./src/features/admin/services/authority.service.ts:811
[   13210ms] [LOG] [getAuthoritiesByManager] Super Admin — returning all 79 top-level authorities @ webpack-internal:///(app-pages-browser)/./src/features/admin/services/authority.service.ts:811
[   13211ms] [LOG] [getAuthoritiesByManager] Super Admin — returning all 79 top-level authorities @ webpack-internal:///(app-pages-browser)/./src/features/admin/services/authority.service.ts:811
[   13434ms] [LOG] [getAuthoritiesByManager] Super Admin — returning all 79 top-level authorities @ webpack-internal:///(app-pages-browser)/./src/features/admin/services/authority.service.ts:811
[   13484ms] [LOG] [Fast Refresh] rebuilding @ webpack-internal:///(app-pages-browser)/./node_modules/next/dist/client/components/react-dev-overlay/app/hot-reloader-client.js:186
[   15301ms] [LOG] [getAuthoritiesByManager] Super Admin — returning all 79 top-level authorities @ webpack-internal:///(app-pages-browser)/./src/features/admin/services/authority.service.ts:811
[   18574ms] [LOG] [Fast Refresh] done in 5091ms @ webpack-internal:///(app-pages-browser)/./node_modules/next/dist/client/components/react-dev-overlay/app/hot-reloader-client.js:43
[   19928ms] [LOG] [getAuthoritiesByManager] Super Admin — returning all 79 top-level authorities @ webpack-internal:///(app-pages-browser)/./src/features/admin/services/authority.service.ts:811
[   20258ms] [LOG] [Authority Manager] Super Admin - Selected authority: אופקים (default first) @ webpack-internal:///(app-pages-browser)/./src/app/admin/authority-manager/page.tsx:84
[   20265ms] [WARNING] Timer 'DashboardLoad' already exists @ webpack-internal:///(app-pages-browser)/./src/features/admin/components/authority-manager/AnalyticsDashboard.tsx:165
[   20895ms] [LOG] [DAU] authority=8zjZxYzxvr394PshoOvt | userCount=0 | date=2026-08-31 @ webpack-internal:///(app-pages-browser)/./src/features/admin/services/analytics.service.ts:174
[   20895ms] [WARNING] [DAU] No users for authority 8zjZxYzxvr394PshoOvt. Returning 0. @ webpack-internal:///(app-pages-browser)/./src/features/admin/services/analytics.service.ts:176
[   20895ms] [LOG] [MAU] authority=8zjZxYzxvr394PshoOvt | userCount=0 | month=2026-08 @ webpack-internal:///(app-pages-browser)/./src/features/admin/services/analytics.service.ts:217
[   20895ms] [WARNING] [MAU] No users for authority 8zjZxYzxvr394PshoOvt. Returning 0. @ webpack-internal:///(app-pages-browser)/./src/features/admin/services/analytics.service.ts:219
[   20897ms] [LOG] [Trend] authority=8zjZxYzxvr394PshoOvt | userCount=0 | days=30 @ webpack-internal:///(app-pages-browser)/./src/features/admin/services/analytics.service.ts:403
[   20899ms] [LOG] [DAU] authority=8zjZxYzxvr394PshoOvt | userCount=0 | date=2026-08-31 @ webpack-internal:///(app-pages-browser)/./src/features/admin/services/analytics.service.ts:174
[   20899ms] [WARNING] [DAU] No users for authority 8zjZxYzxvr394PshoOvt. Returning 0. @ webpack-internal:///(app-pages-browser)/./src/features/admin/services/analytics.service.ts:176
[   20899ms] [LOG] [MAU] authority=8zjZxYzxvr394PshoOvt | userCount=0 | month=2026-08 @ webpack-internal:///(app-pages-browser)/./src/features/admin/services/analytics.service.ts:217
[   20899ms] [WARNING] [MAU] No users for authority 8zjZxYzxvr394PshoOvt. Returning 0. @ webpack-internal:///(app-pages-browser)/./src/features/admin/services/analytics.service.ts:219
[   20899ms] [LOG] [Trend] authority=8zjZxYzxvr394PshoOvt | userCount=0 | days=30 @ webpack-internal:///(app-pages-browser)/./src/features/admin/services/analytics.service.ts:403
[   21291ms] [LOG] [Neighborhood] 14 neighborhoods | 0 total city users | 0 unassigned (no neighborhoodId — pre-fix accounts or city-only picks) @ webpack-internal:///(app-pages-browser)/./src/features/admin/services/analytics.service.ts:573
[   21292ms] [TIMEEND] DashboardLoad: 1027.89111328125 ms @ webpack-internal:///(app-pages-browser)/./src/features/admin/components/authority-manager/AnalyticsDashboard.tsx:222
[   21292ms] [LOG] [Neighborhood] 14 neighborhoods | 0 total city users | 0 unassigned (no neighborhoodId — pre-fix accounts or city-only picks) @ webpack-internal:///(app-pages-browser)/./src/features/admin/services/analytics.service.ts:573
[   21292ms] [WARNING] Timer 'DashboardLoad' does not exist @ webpack-internal:///(app-pages-browser)/./src/features/admin/components/authority-manager/AnalyticsDashboard.tsx:222
[   42026ms] [LOG] [Fast Refresh] rebuilding @ webpack-internal:///(app-pages-browser)/./node_modules/next/dist/client/components/react-dev-overlay/app/hot-reloader-client.js:186
[   44938ms] [LOG] [Fast Refresh] done in 2912ms @ webpack-internal:///(app-pages-browser)/./node_modules/next/dist/client/components/react-dev-overlay/app/hot-reloader-client.js:43
[   56285ms] [LOG] [Fast Refresh] rebuilding @ webpack-internal:///(app-pages-browser)/./node_modules/next/dist/client/components/react-dev-overlay/app/hot-reloader-client.js:186
[   59852ms] [LOG] [Fast Refresh] done in 3566ms @ webpack-internal:///(app-pages-browser)/./node_modules/next/dist/client/components/react-dev-overlay/app/hot-reloader-client.js:43
[   61625ms] [WARNING] [EditExercisePage] Sanitized methodName from object: גוד מורנינג בישיבה בפארק @ webpack-internal:///(app-pages-browser)/./src/app/admin/exercises/[id]/page.tsx:60
[   61626ms] [WARNING] [EditExercisePage] Sanitized methodName from object: גוד מורנינג בישיבה בבית @ webpack-internal:///(app-pages-browser)/./src/app/admin/exercises/[id]/page.tsx:60
[   61626ms] [WARNING] [EditExercisePage] Sanitized methodName from object: גוד מורנינג בישיבה במשרד @ webpack-internal:///(app-pages-browser)/./src/app/admin/exercises/[id]/page.tsx:60
[   61626ms] [WARNING] [EditExercisePage] Sanitized methodName from object: גוד מורנינג בישיבה בפארק @ webpack-internal:///(app-pages-browser)/./src/app/admin/exercises/[id]/page.tsx:60
[   61626ms] [WARNING] [EditExercisePage] Sanitized methodName from object: גוד מורנינג בישיבה בבית @ webpack-internal:///(app-pages-browser)/./src/app/admin/exercises/[id]/page.tsx:60
[   61626ms] [WARNING] [EditExercisePage] Sanitized methodName from object: גוד מורנינג בישיבה במשרד @ webpack-internal:///(app-pages-browser)/./src/app/admin/exercises/[id]/page.tsx:60
[   61700ms] [LOG] [ExerciseEditorForm] Loading initial data with ALL metadata fields: {primaryMuscle: hamstrings, secondaryMuscles: Array(2), movementGroup: hinge, movementType: compound, symmetry: bilateral} @ webpack-internal:///(app-pages-browser)/./src/features/content/exercises/admin/ExerciseEditorForm.tsx:346
[   61701ms] [LOG] [ExerciseEditorForm] Loading initial data with ALL metadata fields: {primaryMuscle: hamstrings, secondaryMuscles: Array(2), movementGroup: hinge, movementType: compound, symmetry: bilateral} @ webpack-internal:///(app-pages-browser)/./src/features/content/exercises/admin/ExerciseEditorForm.tsx:346
[   63715ms] [LOG] [useMethodsAutosave] Draft saved to localStorage {exerciseId: 6kRZiBHmQI34xaUcysBi, methodCount: 3, timestamp: 2026-08-31T18:54:33.794Z} @ webpack-internal:///(app-pages-browser)/./src/features/content/exercises/admin/hooks/useMethodsAutosave.ts:66
