[   17934ms] Invalid or unexpected token
[   18180ms] [INFO] %cDownload the React DevTools for a better development experience: https://reactjs.org/link/react-devtools font-weight:bold @ webpack-internal:///(app-pages-browser)/../../../node_modules/next/dist/compiled/react-dom/cjs/react-dom.development.js:38559
[   21381ms] [INFO] [firebase] App Check bypass: hostname="localhost" treated as local development. initializeAppCheck() will NOT be invoked — this prevents reCAPTCHA Enterprise 403s from crashing the Firestore snapshot listener. Set NEXT_PUBLIC_APP_CHECK_DEBUG_TOKEN to a token registered in the Firebase console (App Check → Apps → Manage debug tokens) if you need a real App Check handshake. @ webpack-internal:///(app-pages-browser)/./src/lib/firebase.ts:135
[   21452ms] [WARNING] [bunny] NEXT_PUBLIC_BUNNY_CDN_HOSTNAME is not set — falling back to hardcoded hostname. Set this variable in your Vercel project environment settings to silence this warning. @ webpack-internal:///(app-pages-browser)/./src/lib/bunny/bunny.config.ts:38
[  138236ms] ChunkLoadError: Loading chunk app/layout failed.
(timeout: http://localhost:3001/_next/static/chunks/app/layout.js)
    at __webpack_require__.f.j (http://localhost:3001/_next/static/chunks/webpack.js?v=1789572444297:852:29)
    at http://localhost:3001/_next/static/chunks/webpack.js?v=1789572444297:155:40
    at Array.reduce (<anonymous>)
    at __webpack_require__.e (http://localhost:3001/_next/static/chunks/webpack.js?v=1789572444297:154:67)
    at fn.e (http://localhost:3001/_next/static/chunks/webpack.js?v=1789572444297:391:50)
    at loadChunk (webpack-internal:///(app-pages-browser)/../../../node_modules/next/dist/compiled/react-server-dom-webpack/cjs/react-server-dom-webpack-client.browser.development.js:251:30)
    at preloadModule (webpack-internal:///(app-pages-browser)/../../../node_modules/next/dist/compiled/react-server-dom-webpack/cjs/react-server-dom-webpack-client.browser.development.js:173:22)
    at resolveModule (webpack-internal:///(app-pages-browser)/../../../node_modules/next/dist/compiled/react-server-dom-webpack/cjs/react-server-dom-webpack-client.browser.development.js:1819:17)
    at processFullRow (webpack-internal:///(app-pages-browser)/../../../node_modules/next/dist/compiled/react-server-dom-webpack/cjs/react-server-dom-webpack-client.browser.development.js:1908:9)
    at processBinaryChunk (webpack-internal:///(app-pages-browser)/../../../node_modules/next/dist/compiled/react-server-dom-webpack/cjs/react-server-dom-webpack-client.browser.development.js:2078:7)
[  138242ms] [ERROR] Warning: An error occurred during hydration. The server HTML was replaced with client content in <%s>. #document @ webpack-internal:///(app-pages-browser)/../../../node_modules/next/dist/client/app-index.js:32
[  138245ms] ChunkLoadError: Loading chunk app/layout failed.
(timeout: http://localhost:3001/_next/static/chunks/app/layout.js)
    at __webpack_require__.f.j (http://localhost:3001/_next/static/chunks/webpack.js?v=1789572444297:852:29)
    at http://localhost:3001/_next/static/chunks/webpack.js?v=1789572444297:155:40
    at Array.reduce (<anonymous>)
    at __webpack_require__.e (http://localhost:3001/_next/static/chunks/webpack.js?v=1789572444297:154:67)
    at fn.e (http://localhost:3001/_next/static/chunks/webpack.js?v=1789572444297:391:50)
    at loadChunk (webpack-internal:///(app-pages-browser)/../../../node_modules/next/dist/compiled/react-server-dom-webpack/cjs/react-server-dom-webpack-client.browser.development.js:251:30)
    at preloadModule (webpack-internal:///(app-pages-browser)/../../../node_modules/next/dist/compiled/react-server-dom-webpack/cjs/react-server-dom-webpack-client.browser.development.js:173:22)
    at resolveModule (webpack-internal:///(app-pages-browser)/../../../node_modules/next/dist/compiled/react-server-dom-webpack/cjs/react-server-dom-webpack-client.browser.development.js:1819:17)
    at processFullRow (webpack-internal:///(app-pages-browser)/../../../node_modules/next/dist/compiled/react-server-dom-webpack/cjs/react-server-dom-webpack-client.browser.development.js:1908:9)
    at processBinaryChunk (webpack-internal:///(app-pages-browser)/../../../node_modules/next/dist/compiled/react-server-dom-webpack/cjs/react-server-dom-webpack-client.browser.development.js:2078:7)
[  138246ms] ChunkLoadError: Loading chunk app/layout failed.
(timeout: http://localhost:3001/_next/static/chunks/app/layout.js)
    at __webpack_require__.f.j (http://localhost:3001/_next/static/chunks/webpack.js?v=1789572444297:852:29)
    at http://localhost:3001/_next/static/chunks/webpack.js?v=1789572444297:155:40
    at Array.reduce (<anonymous>)
    at __webpack_require__.e (http://localhost:3001/_next/static/chunks/webpack.js?v=1789572444297:154:67)
    at fn.e (http://localhost:3001/_next/static/chunks/webpack.js?v=1789572444297:391:50)
    at loadChunk (webpack-internal:///(app-pages-browser)/../../../node_modules/next/dist/compiled/react-server-dom-webpack/cjs/react-server-dom-webpack-client.browser.development.js:251:30)
    at preloadModule (webpack-internal:///(app-pages-browser)/../../../node_modules/next/dist/compiled/react-server-dom-webpack/cjs/react-server-dom-webpack-client.browser.development.js:173:22)
    at resolveModule (webpack-internal:///(app-pages-browser)/../../../node_modules/next/dist/compiled/react-server-dom-webpack/cjs/react-server-dom-webpack-client.browser.development.js:1819:17)
    at processFullRow (webpack-internal:///(app-pages-browser)/../../../node_modules/next/dist/compiled/react-server-dom-webpack/cjs/react-server-dom-webpack-client.browser.development.js:1908:9)
    at processBinaryChunk (webpack-internal:///(app-pages-browser)/../../../node_modules/next/dist/compiled/react-server-dom-webpack/cjs/react-server-dom-webpack-client.browser.development.js:2078:7)
[  138248ms] ChunkLoadError: Loading chunk app/layout failed.
(timeout: http://localhost:3001/_next/static/chunks/app/layout.js)
    at __webpack_require__.f.j (http://localhost:3001/_next/static/chunks/webpack.js?v=1789572444297:852:29)
    at http://localhost:3001/_next/static/chunks/webpack.js?v=1789572444297:155:40
    at Array.reduce (<anonymous>)
    at __webpack_require__.e (http://localhost:3001/_next/static/chunks/webpack.js?v=1789572444297:154:67)
    at fn.e (http://localhost:3001/_next/static/chunks/webpack.js?v=1789572444297:391:50)
    at loadChunk (webpack-internal:///(app-pages-browser)/../../../node_modules/next/dist/compiled/react-server-dom-webpack/cjs/react-server-dom-webpack-client.browser.development.js:251:30)
    at preloadModule (webpack-internal:///(app-pages-browser)/../../../node_modules/next/dist/compiled/react-server-dom-webpack/cjs/react-server-dom-webpack-client.browser.development.js:173:22)
    at resolveModule (webpack-internal:///(app-pages-browser)/../../../node_modules/next/dist/compiled/react-server-dom-webpack/cjs/react-server-dom-webpack-client.browser.development.js:1819:17)
    at processFullRow (webpack-internal:///(app-pages-browser)/../../../node_modules/next/dist/compiled/react-server-dom-webpack/cjs/react-server-dom-webpack-client.browser.development.js:1908:9)
    at processBinaryChunk (webpack-internal:///(app-pages-browser)/../../../node_modules/next/dist/compiled/react-server-dom-webpack/cjs/react-server-dom-webpack-client.browser.development.js:2078:7)
[  138250ms] [ERROR] The above error occurred in the <NotFoundErrorBoundary> component:

    at Lazy
    at body
    at html
    at RootLayout (Server)
    at RedirectErrorBoundary (webpack-internal:///(app-pages-browser)/../../../node_modules/next/dist/client/components/redirect-boundary.js:74:9)
    at RedirectBoundary (webpack-internal:///(app-pages-browser)/../../../node_modules/next/dist/client/components/redirect-boundary.js:82:11)
    at NotFoundErrorBoundary (webpack-internal:///(app-pages-browser)/../../../node_modules/next/dist/client/components/not-found-boundary.js:76:9)
    at NotFoundBoundary (webpack-internal:///(app-pages-browser)/../../../node_modules/next/dist/client/components/not-found-boundary.js:84:11)
    at DevRootNotFoundBoundary (webpack-internal:///(app-pages-browser)/../../../node_modules/next/dist/client/components/dev-root-not-found-boundary.js:33:11)
    at ReactDevOverlay (webpack-internal:///(app-pages-browser)/../../../node_modules/next/dist/client/components/react-dev-overlay/app/ReactDevOverlay.js:87:9)
    at HotReload (webpack-internal:///(app-pages-browser)/../../../node_modules/next/dist/client/components/react-dev-overlay/app/hot-reloader-client.js:321:11)
    at Router (webpack-internal:///(app-pages-browser)/../../../node_modules/next/dist/client/components/app-router.js:207:11)
    at ErrorBoundaryHandler (webpack-internal:///(app-pages-browser)/../../../node_modules/next/dist/client/components/error-boundary.js:113:9)
    at ErrorBoundary (webpack-internal:///(app-pages-browser)/../../../node_modules/next/dist/client/components/error-boundary.js:160:11)
    at AppRouter (webpack-internal:///(app-pages-browser)/../../../node_modules/next/dist/client/components/app-router.js:585:13)
    at ServerRoot (webpack-internal:///(app-pages-browser)/../../../node_modules/next/dist/client/app-index.js:112:27)
    at Root (webpack-internal:///(app-pages-browser)/../../../node_modules/next/dist/client/app-index.js:117:11)

React will try to recreate this component tree from scratch using the error boundary you provided, ReactDevOverlay. @ webpack-internal:///(app-pages-browser)/../../../node_modules/next/dist/client/app-index.js:32
[  138260ms] Error: There was an error while hydrating. Because the error happened outside of a Suspense boundary, the entire root will switch to client rendering.
See more info here: https://nextjs.org/docs/messages/react-hydration-error
    at updateHostRoot (webpack-internal:///(app-pages-browser)/../../../node_modules/next/dist/compiled/react-dom/cjs/react-dom.development.js:16571:57)
    at beginWork$1 (webpack-internal:///(app-pages-browser)/../../../node_modules/next/dist/compiled/react-dom/cjs/react-dom.development.js:18486:14)
    at beginWork (webpack-internal:///(app-pages-browser)/../../../node_modules/next/dist/compiled/react-dom/cjs/react-dom.development.js:26927:14)
    at performUnitOfWork (webpack-internal:///(app-pages-browser)/../../../node_modules/next/dist/compiled/react-dom/cjs/react-dom.development.js:25748:12)
    at workLoopSync (webpack-internal:///(app-pages-browser)/../../../node_modules/next/dist/compiled/react-dom/cjs/react-dom.development.js:25464:5)
    at renderRootSync (webpack-internal:///(app-pages-browser)/../../../node_modules/next/dist/compiled/react-dom/cjs/react-dom.development.js:25419:7)
    at recoverFromConcurrentError (webpack-internal:///(app-pages-browser)/../../../node_modules/next/dist/compiled/react-dom/cjs/react-dom.development.js:24597:20)
    at performConcurrentWorkOnRoot (webpack-internal:///(app-pages-browser)/../../../node_modules/next/dist/compiled/react-dom/cjs/react-dom.development.js:24542:26)
    at workLoop (webpack-internal:///(app-pages-browser)/../../../node_modules/next/dist/compiled/scheduler/cjs/scheduler.development.js:256:34)
    at flushWork (webpack-internal:///(app-pages-browser)/../../../node_modules/next/dist/compiled/scheduler/cjs/scheduler.development.js:225:14)
    at MessagePort.performWorkUntilDeadline (webpack-internal:///(app-pages-browser)/../../../node_modules/next/dist/compiled/scheduler/cjs/scheduler.development.js:534:21)
