[     835ms] [WARNING] [2026-09-23T13:48:15.138Z]  @firebase/auth: Auth (12.6.0): Error while retrieving App Check token: FirebaseError: AppCheck: ReCAPTCHA error. (appCheck/recaptcha-error). @ https://out-run-app-git-worktree-streng-98e01f-davids-projects-0d6e1f97.vercel.app/_next/static/chunks/2532-16f59635ee5a761a.js:14
[    1445ms] [ERROR] Access to manifest at 'https://vercel.com/sso-api?url=https%3A%2F%2Fout-run-app-git-worktree-streng-98e01f-davids-projects-0d6e1f97.vercel.app%2Fmanifest.json&nonce=244e09b229b1d172d4b31f6b2285232ebb4eecc8506fc96c8044ff2f831709b1' (redirected from 'https://out-run-app-git-worktree-streng-98e01f-davids-projects-0d6e1f97.vercel.app/manifest.json') from origin 'https://out-run-app-git-worktree-streng-98e01f-davids-projects-0d6e1f97.vercel.app' has been blocked by CORS policy: No 'Access-Control-Allow-Origin' header is present on the requested resource. @ https://out-run-app-git-worktree-streng-98e01f-davids-projects-0d6e1f97.vercel.app/onboarding-new/profile:0
[    1445ms] [ERROR] Failed to load resource: net::ERR_FAILED @ https://vercel.com/sso-api?url=https%3A%2F%2Fout-run-app-git-worktree-streng-98e01f-davids-projects-0d6e1f97.vercel.app%2Fmanifest.json&nonce=244e09b229b1d172d4b31f6b2285232ebb4eecc8506fc96c8044ff2f831709b1:0
[  182891ms] [LOG] [DEBUG-PAGE] pathConfig.path: body_focus | categories passed to VisualSlider: [push, pull] | skipTier: true @ https://out-run-app-git-worktree-streng-98e01f-davids-projects-0d6e1f97.vercel.app/_next/static/chunks/app/onboarding-new/assessment-visual/page-409b79241f638119.js:0
[  183115ms] [LOG] [DEBUG-RESOLVER] loadCategoryMap built: {human_flag: EtY8YCol0qpF6DzgcTx1, push: J0fLpmJhG0KDN2tQouxh, core: kDMpobbKsuVTByTIKUpe, pull: UPDBtTdCvX748dtBlWYj, one_arm_pullup: cC0BOmm6KIqYAyQynEIo} @ https://out-run-app-git-worktree-streng-98e01f-davids-projects-0d6e1f97.vercel.app/_next/static/chunks/5677-5539fdbd5d964d2a.js:0
[  183115ms] [LOG] [DEBUG-RESOLVER] Incoming Category: push Resolved Candidate IDs: [push, J0fLpmJhG0KDN2tQouxh] @ https://out-run-app-git-worktree-streng-98e01f-davids-projects-0d6e1f97.vercel.app/_next/static/chunks/5677-5539fdbd5d964d2a.js:0
[  183116ms] [LOG] [DEBUG-RESOLVER] loadCategoryMap built: {human_flag: EtY8YCol0qpF6DzgcTx1, push: J0fLpmJhG0KDN2tQouxh, core: kDMpobbKsuVTByTIKUpe, pull: UPDBtTdCvX748dtBlWYj, one_arm_pullup: cC0BOmm6KIqYAyQynEIo} @ https://out-run-app-git-worktree-streng-98e01f-davids-projects-0d6e1f97.vercel.app/_next/static/chunks/5677-5539fdbd5d964d2a.js:0
[  183116ms] [LOG] [DEBUG-RESOLVER] Incoming Category: pull Resolved Candidate IDs: [pull, UPDBtTdCvX748dtBlWYj] @ https://out-run-app-git-worktree-streng-98e01f-davids-projects-0d6e1f97.vercel.app/_next/static/chunks/5677-5539fdbd5d964d2a.js:0
[  183116ms] [LOG] [DEBUG-PAGE] pathConfig.path: body_focus | categories passed to VisualSlider: [push, pull] | skipTier: true @ https://out-run-app-git-worktree-streng-98e01f-davids-projects-0d6e1f97.vercel.app/_next/static/chunks/app/onboarding-new/assessment-visual/page-409b79241f638119.js:0
[  183116ms] [LOG] [DEBUG-RESOLVER] Incoming Category: push Resolved Candidate IDs: [push, J0fLpmJhG0KDN2tQouxh] @ https://out-run-app-git-worktree-streng-98e01f-davids-projects-0d6e1f97.vercel.app/_next/static/chunks/5677-5539fdbd5d964d2a.js:0
[  183117ms] [LOG] [DEBUG-RESOLVER] Incoming Category: pull Resolved Candidate IDs: [pull, UPDBtTdCvX748dtBlWYj] @ https://out-run-app-git-worktree-streng-98e01f-davids-projects-0d6e1f97.vercel.app/_next/static/chunks/5677-5539fdbd5d964d2a.js:0
[  183371ms] [LOG] [DEBUG-FIRESTORE] Querying IDs: [push, J0fLpmJhG0KDN2tQouxh] Snapshot size returned: 25 @ https://out-run-app-git-worktree-streng-98e01f-davids-projects-0d6e1f97.vercel.app/_next/static/chunks/5677-5539fdbd5d964d2a.js:0
[  183371ms] [LOG] [DEBUG-FIRESTORE] showInOnboarding=true levels: [1, 4, 6, 9, 12, 14, 16, 18, 19, 20] (10 total) @ https://out-run-app-git-worktree-streng-98e01f-davids-projects-0d6e1f97.vercel.app/_next/static/chunks/5677-5539fdbd5d964d2a.js:0
[  183371ms] [LOG] [DEBUG-RESOLVER] Final onboarding levels for "push": [1, 4, 6, 9, 12, 14, 16, 18, 19, 20] (10 total) @ https://out-run-app-git-worktree-streng-98e01f-davids-projects-0d6e1f97.vercel.app/_next/static/chunks/5677-5539fdbd5d964d2a.js:0
[  183371ms] [LOG] [DEBUG-RESOLVER] resolveContent("push", 1) → programId="J0fLpmJhG0KDN2tQouxh" @ https://out-run-app-git-worktree-streng-98e01f-davids-projects-0d6e1f97.vercel.app/_next/static/chunks/5677-5539fdbd5d964d2a.js:0
[  183371ms] [LOG] [DEBUG-RESOLVER] resolveContent("push", 4) → programId="J0fLpmJhG0KDN2tQouxh" @ https://out-run-app-git-worktree-streng-98e01f-davids-projects-0d6e1f97.vercel.app/_next/static/chunks/5677-5539fdbd5d964d2a.js:0
[  183372ms] [LOG] [DEBUG-FIRESTORE] Querying IDs: [push, J0fLpmJhG0KDN2tQouxh] Snapshot size returned: 25 @ https://out-run-app-git-worktree-streng-98e01f-davids-projects-0d6e1f97.vercel.app/_next/static/chunks/5677-5539fdbd5d964d2a.js:0
[  183372ms] [LOG] [DEBUG-FIRESTORE] showInOnboarding=true levels: [1, 4, 6, 9, 12, 14, 16, 18, 19, 20] (10 total) @ https://out-run-app-git-worktree-streng-98e01f-davids-projects-0d6e1f97.vercel.app/_next/static/chunks/5677-5539fdbd5d964d2a.js:0
[  183372ms] [LOG] [DEBUG-RESOLVER] Final onboarding levels for "push": [1, 4, 6, 9, 12, 14, 16, 18, 19, 20] (10 total) @ https://out-run-app-git-worktree-streng-98e01f-davids-projects-0d6e1f97.vercel.app/_next/static/chunks/5677-5539fdbd5d964d2a.js:0
[  183372ms] [LOG] [DEBUG-RESOLVER] resolveContent("push", 1) → programId="J0fLpmJhG0KDN2tQouxh" @ https://out-run-app-git-worktree-streng-98e01f-davids-projects-0d6e1f97.vercel.app/_next/static/chunks/5677-5539fdbd5d964d2a.js:0
[  183372ms] [LOG] [DEBUG-RESOLVER] resolveContent("push", 4) → programId="J0fLpmJhG0KDN2tQouxh" @ https://out-run-app-git-worktree-streng-98e01f-davids-projects-0d6e1f97.vercel.app/_next/static/chunks/5677-5539fdbd5d964d2a.js:0
[  183434ms] [LOG] [DEBUG-FIRESTORE] Querying IDs: [pull, UPDBtTdCvX748dtBlWYj] Snapshot size returned: 25 @ https://out-run-app-git-worktree-streng-98e01f-davids-projects-0d6e1f97.vercel.app/_next/static/chunks/5677-5539fdbd5d964d2a.js:0
[  183435ms] [LOG] [DEBUG-FIRESTORE] showInOnboarding=true levels: [1, 4, 6, 10, 14, 17, 19, 20] (8 total) @ https://out-run-app-git-worktree-streng-98e01f-davids-projects-0d6e1f97.vercel.app/_next/static/chunks/5677-5539fdbd5d964d2a.js:0
[  183435ms] [LOG] [DEBUG-RESOLVER] Final onboarding levels for "pull": [1, 4, 6, 10, 14, 17, 19, 20] (8 total) @ https://out-run-app-git-worktree-streng-98e01f-davids-projects-0d6e1f97.vercel.app/_next/static/chunks/5677-5539fdbd5d964d2a.js:0
[  183435ms] [LOG] [DEBUG-RESOLVER] resolveContent("pull", 1) → programId="UPDBtTdCvX748dtBlWYj" @ https://out-run-app-git-worktree-streng-98e01f-davids-projects-0d6e1f97.vercel.app/_next/static/chunks/5677-5539fdbd5d964d2a.js:0
[  183435ms] [LOG] [DEBUG-RESOLVER] resolveContent("pull", 4) → programId="UPDBtTdCvX748dtBlWYj" @ https://out-run-app-git-worktree-streng-98e01f-davids-projects-0d6e1f97.vercel.app/_next/static/chunks/5677-5539fdbd5d964d2a.js:0
[  183435ms] [LOG] [DEBUG-FIRESTORE] Querying IDs: [pull, UPDBtTdCvX748dtBlWYj] Snapshot size returned: 25 @ https://out-run-app-git-worktree-streng-98e01f-davids-projects-0d6e1f97.vercel.app/_next/static/chunks/5677-5539fdbd5d964d2a.js:0
[  183435ms] [LOG] [DEBUG-FIRESTORE] showInOnboarding=true levels: [1, 4, 6, 10, 14, 17, 19, 20] (8 total) @ https://out-run-app-git-worktree-streng-98e01f-davids-projects-0d6e1f97.vercel.app/_next/static/chunks/5677-5539fdbd5d964d2a.js:0
[  183435ms] [LOG] [DEBUG-RESOLVER] Final onboarding levels for "pull": [1, 4, 6, 10, 14, 17, 19, 20] (8 total) @ https://out-run-app-git-worktree-streng-98e01f-davids-projects-0d6e1f97.vercel.app/_next/static/chunks/5677-5539fdbd5d964d2a.js:0
[  183435ms] [LOG] [DEBUG-RESOLVER] resolveContent("pull", 1) → programId="UPDBtTdCvX748dtBlWYj" @ https://out-run-app-git-worktree-streng-98e01f-davids-projects-0d6e1f97.vercel.app/_next/static/chunks/5677-5539fdbd5d964d2a.js:0
[  183435ms] [LOG] [DEBUG-RESOLVER] resolveContent("pull", 4) → programId="UPDBtTdCvX748dtBlWYj" @ https://out-run-app-git-worktree-streng-98e01f-davids-projects-0d6e1f97.vercel.app/_next/static/chunks/5677-5539fdbd5d964d2a.js:0
[  183543ms] [LOG] [VisualContentService] docToContent "J0fLpmJhG0KDN2tQouxh_1": {hasVideoVariantsField: true, hasVariantsField: false, rawType: array[0], parsedVariantsCount: 0, allTopLevelKeys: Array(14)} @ https://out-run-app-git-worktree-streng-98e01f-davids-projects-0d6e1f97.vercel.app/_next/static/chunks/5677-5539fdbd5d964d2a.js:0
[  183543ms] [LOG] [DEBUG-RESOLVER] attempt1 getVisualContentItem("J0fLpmJhG0KDN2tQouxh", 1) → FOUND @ https://out-run-app-git-worktree-streng-98e01f-davids-projects-0d6e1f97.vercel.app/_next/static/chunks/5677-5539fdbd5d964d2a.js:0
[  183543ms] [LOG] [VisualContentService] docToContent "J0fLpmJhG0KDN2tQouxh_1": {hasVideoVariantsField: true, hasVariantsField: false, rawType: array[0], parsedVariantsCount: 0, allTopLevelKeys: Array(14)} @ https://out-run-app-git-worktree-streng-98e01f-davids-projects-0d6e1f97.vercel.app/_next/static/chunks/5677-5539fdbd5d964d2a.js:0
[  183543ms] [LOG] [DEBUG-RESOLVER] attempt1 getVisualContentItem("J0fLpmJhG0KDN2tQouxh", 1) → FOUND @ https://out-run-app-git-worktree-streng-98e01f-davids-projects-0d6e1f97.vercel.app/_next/static/chunks/5677-5539fdbd5d964d2a.js:0
[  183543ms] [LOG] [VisualContentService] docToContent "J0fLpmJhG0KDN2tQouxh_4": {hasVideoVariantsField: true, hasVariantsField: false, rawType: array[0], parsedVariantsCount: 0, allTopLevelKeys: Array(14)} @ https://out-run-app-git-worktree-streng-98e01f-davids-projects-0d6e1f97.vercel.app/_next/static/chunks/5677-5539fdbd5d964d2a.js:0
[  183543ms] [LOG] [DEBUG-RESOLVER] attempt1 getVisualContentItem("J0fLpmJhG0KDN2tQouxh", 4) → FOUND @ https://out-run-app-git-worktree-streng-98e01f-davids-projects-0d6e1f97.vercel.app/_next/static/chunks/5677-5539fdbd5d964d2a.js:0
[  183543ms] [LOG] [VisualContentService] docToContent "J0fLpmJhG0KDN2tQouxh_4": {hasVideoVariantsField: true, hasVariantsField: false, rawType: array[0], parsedVariantsCount: 0, allTopLevelKeys: Array(14)} @ https://out-run-app-git-worktree-streng-98e01f-davids-projects-0d6e1f97.vercel.app/_next/static/chunks/5677-5539fdbd5d964d2a.js:0
[  183543ms] [LOG] [DEBUG-RESOLVER] attempt1 getVisualContentItem("J0fLpmJhG0KDN2tQouxh", 4) → FOUND @ https://out-run-app-git-worktree-streng-98e01f-davids-projects-0d6e1f97.vercel.app/_next/static/chunks/5677-5539fdbd5d964d2a.js:0
[  183629ms] [LOG] [VisualContentService] docToContent "UPDBtTdCvX748dtBlWYj_1": {hasVideoVariantsField: true, hasVariantsField: false, rawType: array[0], parsedVariantsCount: 0, allTopLevelKeys: Array(14)} @ https://out-run-app-git-worktree-streng-98e01f-davids-projects-0d6e1f97.vercel.app/_next/static/chunks/5677-5539fdbd5d964d2a.js:0
[  183629ms] [LOG] [DEBUG-RESOLVER] attempt1 getVisualContentItem("UPDBtTdCvX748dtBlWYj", 1) → FOUND @ https://out-run-app-git-worktree-streng-98e01f-davids-projects-0d6e1f97.vercel.app/_next/static/chunks/5677-5539fdbd5d964d2a.js:0
[  183629ms] [LOG] [VisualContentService] docToContent "UPDBtTdCvX748dtBlWYj_1": {hasVideoVariantsField: true, hasVariantsField: false, rawType: array[0], parsedVariantsCount: 0, allTopLevelKeys: Array(14)} @ https://out-run-app-git-worktree-streng-98e01f-davids-projects-0d6e1f97.vercel.app/_next/static/chunks/5677-5539fdbd5d964d2a.js:0
[  183629ms] [LOG] [DEBUG-RESOLVER] attempt1 getVisualContentItem("UPDBtTdCvX748dtBlWYj", 1) → FOUND @ https://out-run-app-git-worktree-streng-98e01f-davids-projects-0d6e1f97.vercel.app/_next/static/chunks/5677-5539fdbd5d964d2a.js:0
[  183629ms] [LOG] [VisualContentService] docToContent "UPDBtTdCvX748dtBlWYj_4": {hasVideoVariantsField: true, hasVariantsField: false, rawType: array[0], parsedVariantsCount: 0, allTopLevelKeys: Array(14)} @ https://out-run-app-git-worktree-streng-98e01f-davids-projects-0d6e1f97.vercel.app/_next/static/chunks/5677-5539fdbd5d964d2a.js:0
[  183629ms] [LOG] [DEBUG-RESOLVER] attempt1 getVisualContentItem("UPDBtTdCvX748dtBlWYj", 4) → FOUND @ https://out-run-app-git-worktree-streng-98e01f-davids-projects-0d6e1f97.vercel.app/_next/static/chunks/5677-5539fdbd5d964d2a.js:0
[  183629ms] [LOG] [VisualContentService] docToContent "UPDBtTdCvX748dtBlWYj_4": {hasVideoVariantsField: true, hasVariantsField: false, rawType: array[0], parsedVariantsCount: 0, allTopLevelKeys: Array(14)} @ https://out-run-app-git-worktree-streng-98e01f-davids-projects-0d6e1f97.vercel.app/_next/static/chunks/5677-5539fdbd5d964d2a.js:0
[  183629ms] [LOG] [DEBUG-RESOLVER] attempt1 getVisualContentItem("UPDBtTdCvX748dtBlWYj", 4) → FOUND @ https://out-run-app-git-worktree-streng-98e01f-davids-projects-0d6e1f97.vercel.app/_next/static/chunks/5677-5539fdbd5d964d2a.js:0
[  183672ms] [LOG] [ContentResolver] Level 1 — exercise video resolved: "שכיבות סמיכה ב-75°" → https://vz-b17872ab-7a7.b-cdn.net/b1e43b30-37e1-49f7-8c17-74… @ https://out-run-app-git-worktree-streng-98e01f-davids-projects-0d6e1f97.vercel.app/_next/static/chunks/5677-5539fdbd5d964d2a.js:0
[  183672ms] [LOG] [ContentResolver] Level 1 — exercise video resolved: "שכיבות סמיכה ב-75°" → https://vz-b17872ab-7a7.b-cdn.net/b1e43b30-37e1-49f7-8c17-74… @ https://out-run-app-git-worktree-streng-98e01f-davids-projects-0d6e1f97.vercel.app/_next/static/chunks/5677-5539fdbd5d964d2a.js:0
[  183707ms] [LOG] [ContentResolver] Level 4 — exercise video resolved: "שכיבות סמיכה ברכיים" → https://vz-b17872ab-7a7.b-cdn.net/7413db0b-1702-4acd-8072-8a… @ https://out-run-app-git-worktree-streng-98e01f-davids-projects-0d6e1f97.vercel.app/_next/static/chunks/5677-5539fdbd5d964d2a.js:0
[  183707ms] [LOG] [ContentResolver] Level 4 — exercise video resolved: "שכיבות סמיכה ברכיים" → https://vz-b17872ab-7a7.b-cdn.net/7413db0b-1702-4acd-8072-8a… @ https://out-run-app-git-worktree-streng-98e01f-davids-projects-0d6e1f97.vercel.app/_next/static/chunks/5677-5539fdbd5d964d2a.js:0
[  183782ms] [LOG] [ContentResolver] Level 1 — exercise video resolved: "חתירות ב-75°" → https://vz-b17872ab-7a7.b-cdn.net/90762fc3-e7d8-4070-a312-46… @ https://out-run-app-git-worktree-streng-98e01f-davids-projects-0d6e1f97.vercel.app/_next/static/chunks/5677-5539fdbd5d964d2a.js:0
[  183783ms] [LOG] [ContentResolver] Level 1 — exercise video resolved: "חתירות ב-75°" → https://vz-b17872ab-7a7.b-cdn.net/90762fc3-e7d8-4070-a312-46… @ https://out-run-app-git-worktree-streng-98e01f-davids-projects-0d6e1f97.vercel.app/_next/static/chunks/5677-5539fdbd5d964d2a.js:0
[  183783ms] [LOG] [ContentResolver] Level 4 — exercise video resolved: "חתירות ב-15° עם ברכיים כפופות" → https://vz-b17872ab-7a7.b-cdn.net/65b8ee9b-baf7-4ed1-834a-2f… @ https://out-run-app-git-worktree-streng-98e01f-davids-projects-0d6e1f97.vercel.app/_next/static/chunks/5677-5539fdbd5d964d2a.js:0
[  183783ms] [LOG] [ContentResolver] Level 4 — exercise video resolved: "חתירות ב-15° עם ברכיים כפופות" → https://vz-b17872ab-7a7.b-cdn.net/65b8ee9b-baf7-4ed1-834a-2f… @ https://out-run-app-git-worktree-streng-98e01f-davids-projects-0d6e1f97.vercel.app/_next/static/chunks/5677-5539fdbd5d964d2a.js:0
[  404959ms] [LOG] [DEBUG-RESOLVER] Incoming Category: push Resolved Candidate IDs: [push, J0fLpmJhG0KDN2tQouxh] @ https://out-run-app-git-worktree-streng-98e01f-davids-projects-0d6e1f97.vercel.app/_next/static/chunks/5677-5539fdbd5d964d2a.js:0
[  405131ms] [LOG] [DEBUG-FIRESTORE] Querying IDs: [push, J0fLpmJhG0KDN2tQouxh] Snapshot size returned: 25 @ https://out-run-app-git-worktree-streng-98e01f-davids-projects-0d6e1f97.vercel.app/_next/static/chunks/5677-5539fdbd5d964d2a.js:0
[  405131ms] [LOG] [DEBUG-FIRESTORE] showInOnboarding=true levels: [1, 4, 6, 9, 12, 14, 16, 18, 19, 20] (10 total) @ https://out-run-app-git-worktree-streng-98e01f-davids-projects-0d6e1f97.vercel.app/_next/static/chunks/5677-5539fdbd5d964d2a.js:0
[  405131ms] [LOG] [DEBUG-RESOLVER] Final onboarding levels for "push": [1, 4, 6, 9, 12, 14, 16, 18, 19, 20] (10 total) @ https://out-run-app-git-worktree-streng-98e01f-davids-projects-0d6e1f97.vercel.app/_next/static/chunks/5677-5539fdbd5d964d2a.js:0
[  405135ms] [LOG] [DEBUG-RESOLVER] resolveContent("push", 1) → programId="J0fLpmJhG0KDN2tQouxh" @ https://out-run-app-git-worktree-streng-98e01f-davids-projects-0d6e1f97.vercel.app/_next/static/chunks/5677-5539fdbd5d964d2a.js:0
[  405135ms] [LOG] [DEBUG-RESOLVER] resolveContent("push", 4) → programId="J0fLpmJhG0KDN2tQouxh" @ https://out-run-app-git-worktree-streng-98e01f-davids-projects-0d6e1f97.vercel.app/_next/static/chunks/5677-5539fdbd5d964d2a.js:0
[  405135ms] [LOG] [DEBUG-RESOLVER] resolveContent("push", 6) → programId="J0fLpmJhG0KDN2tQouxh" @ https://out-run-app-git-worktree-streng-98e01f-davids-projects-0d6e1f97.vercel.app/_next/static/chunks/5677-5539fdbd5d964d2a.js:0
[  405135ms] [LOG] [DEBUG-RESOLVER] resolveContent("push", 9) → programId="J0fLpmJhG0KDN2tQouxh" @ https://out-run-app-git-worktree-streng-98e01f-davids-projects-0d6e1f97.vercel.app/_next/static/chunks/5677-5539fdbd5d964d2a.js:0
[  405135ms] [LOG] [DEBUG-RESOLVER] resolveContent("push", 12) → programId="J0fLpmJhG0KDN2tQouxh" @ https://out-run-app-git-worktree-streng-98e01f-davids-projects-0d6e1f97.vercel.app/_next/static/chunks/5677-5539fdbd5d964d2a.js:0
[  405135ms] [LOG] [DEBUG-RESOLVER] resolveContent("push", 14) → programId="J0fLpmJhG0KDN2tQouxh" @ https://out-run-app-git-worktree-streng-98e01f-davids-projects-0d6e1f97.vercel.app/_next/static/chunks/5677-5539fdbd5d964d2a.js:0
[  405135ms] [LOG] [DEBUG-RESOLVER] resolveContent("push", 16) → programId="J0fLpmJhG0KDN2tQouxh" @ https://out-run-app-git-worktree-streng-98e01f-davids-projects-0d6e1f97.vercel.app/_next/static/chunks/5677-5539fdbd5d964d2a.js:0
[  405135ms] [LOG] [DEBUG-RESOLVER] resolveContent("push", 18) → programId="J0fLpmJhG0KDN2tQouxh" @ https://out-run-app-git-worktree-streng-98e01f-davids-projects-0d6e1f97.vercel.app/_next/static/chunks/5677-5539fdbd5d964d2a.js:0
[  405135ms] [LOG] [DEBUG-RESOLVER] resolveContent("push", 19) → programId="J0fLpmJhG0KDN2tQouxh" @ https://out-run-app-git-worktree-streng-98e01f-davids-projects-0d6e1f97.vercel.app/_next/static/chunks/5677-5539fdbd5d964d2a.js:0
[  405135ms] [LOG] [DEBUG-RESOLVER] resolveContent("push", 20) → programId="J0fLpmJhG0KDN2tQouxh" @ https://out-run-app-git-worktree-streng-98e01f-davids-projects-0d6e1f97.vercel.app/_next/static/chunks/5677-5539fdbd5d964d2a.js:0
[  405135ms] [LOG] [DEBUG-RESOLVER] resolveContent("push", 1) → programId="J0fLpmJhG0KDN2tQouxh" @ https://out-run-app-git-worktree-streng-98e01f-davids-projects-0d6e1f97.vercel.app/_next/static/chunks/5677-5539fdbd5d964d2a.js:0
[  405293ms] [LOG] [VisualContentService] docToContent "J0fLpmJhG0KDN2tQouxh_1": {hasVideoVariantsField: true, hasVariantsField: false, rawType: array[0], parsedVariantsCount: 0, allTopLevelKeys: Array(14)} @ https://out-run-app-git-worktree-streng-98e01f-davids-projects-0d6e1f97.vercel.app/_next/static/chunks/5677-5539fdbd5d964d2a.js:0
[  405293ms] [LOG] [DEBUG-RESOLVER] attempt1 getVisualContentItem("J0fLpmJhG0KDN2tQouxh", 1) → FOUND @ https://out-run-app-git-worktree-streng-98e01f-davids-projects-0d6e1f97.vercel.app/_next/static/chunks/5677-5539fdbd5d964d2a.js:0
[  405293ms] [LOG] [VisualContentService] docToContent "J0fLpmJhG0KDN2tQouxh_1": {hasVideoVariantsField: true, hasVariantsField: false, rawType: array[0], parsedVariantsCount: 0, allTopLevelKeys: Array(14)} @ https://out-run-app-git-worktree-streng-98e01f-davids-projects-0d6e1f97.vercel.app/_next/static/chunks/5677-5539fdbd5d964d2a.js:0
[  405293ms] [LOG] [DEBUG-RESOLVER] attempt1 getVisualContentItem("J0fLpmJhG0KDN2tQouxh", 1) → FOUND @ https://out-run-app-git-worktree-streng-98e01f-davids-projects-0d6e1f97.vercel.app/_next/static/chunks/5677-5539fdbd5d964d2a.js:0
[  405293ms] [LOG] [VisualContentService] docToContent "J0fLpmJhG0KDN2tQouxh_4": {hasVideoVariantsField: true, hasVariantsField: false, rawType: array[0], parsedVariantsCount: 0, allTopLevelKeys: Array(14)} @ https://out-run-app-git-worktree-streng-98e01f-davids-projects-0d6e1f97.vercel.app/_next/static/chunks/5677-5539fdbd5d964d2a.js:0
[  405293ms] [LOG] [DEBUG-RESOLVER] attempt1 getVisualContentItem("J0fLpmJhG0KDN2tQouxh", 4) → FOUND @ https://out-run-app-git-worktree-streng-98e01f-davids-projects-0d6e1f97.vercel.app/_next/static/chunks/5677-5539fdbd5d964d2a.js:0
[  405293ms] [LOG] [VisualContentService] docToContent "J0fLpmJhG0KDN2tQouxh_6": {hasVideoVariantsField: true, hasVariantsField: false, rawType: array[0], parsedVariantsCount: 0, allTopLevelKeys: Array(14)} @ https://out-run-app-git-worktree-streng-98e01f-davids-projects-0d6e1f97.vercel.app/_next/static/chunks/5677-5539fdbd5d964d2a.js:0
[  405293ms] [LOG] [DEBUG-RESOLVER] attempt1 getVisualContentItem("J0fLpmJhG0KDN2tQouxh", 6) → FOUND @ https://out-run-app-git-worktree-streng-98e01f-davids-projects-0d6e1f97.vercel.app/_next/static/chunks/5677-5539fdbd5d964d2a.js:0
[  405293ms] [LOG] [VisualContentService] docToContent "J0fLpmJhG0KDN2tQouxh_9": {hasVideoVariantsField: true, hasVariantsField: false, rawType: array[0], parsedVariantsCount: 0, allTopLevelKeys: Array(14)} @ https://out-run-app-git-worktree-streng-98e01f-davids-projects-0d6e1f97.vercel.app/_next/static/chunks/5677-5539fdbd5d964d2a.js:0
[  405293ms] [LOG] [DEBUG-RESOLVER] attempt1 getVisualContentItem("J0fLpmJhG0KDN2tQouxh", 9) → FOUND @ https://out-run-app-git-worktree-streng-98e01f-davids-projects-0d6e1f97.vercel.app/_next/static/chunks/5677-5539fdbd5d964d2a.js:0
[  405294ms] [LOG] [VisualContentService] docToContent "J0fLpmJhG0KDN2tQouxh_12": {hasVideoVariantsField: true, hasVariantsField: false, rawType: array[0], parsedVariantsCount: 0, allTopLevelKeys: Array(14)} @ https://out-run-app-git-worktree-streng-98e01f-davids-projects-0d6e1f97.vercel.app/_next/static/chunks/5677-5539fdbd5d964d2a.js:0
[  405294ms] [LOG] [DEBUG-RESOLVER] attempt1 getVisualContentItem("J0fLpmJhG0KDN2tQouxh", 12) → FOUND @ https://out-run-app-git-worktree-streng-98e01f-davids-projects-0d6e1f97.vercel.app/_next/static/chunks/5677-5539fdbd5d964d2a.js:0
[  405333ms] [LOG] [VisualContentService] docToContent "J0fLpmJhG0KDN2tQouxh_14": {hasVideoVariantsField: true, hasVariantsField: false, rawType: array[0], parsedVariantsCount: 0, allTopLevelKeys: Array(14)} @ https://out-run-app-git-worktree-streng-98e01f-davids-projects-0d6e1f97.vercel.app/_next/static/chunks/5677-5539fdbd5d964d2a.js:0
[  405333ms] [LOG] [DEBUG-RESOLVER] attempt1 getVisualContentItem("J0fLpmJhG0KDN2tQouxh", 14) → FOUND @ https://out-run-app-git-worktree-streng-98e01f-davids-projects-0d6e1f97.vercel.app/_next/static/chunks/5677-5539fdbd5d964d2a.js:0
[  405333ms] [LOG] [VisualContentService] docToContent "J0fLpmJhG0KDN2tQouxh_16": {hasVideoVariantsField: true, hasVariantsField: false, rawType: array[0], parsedVariantsCount: 0, allTopLevelKeys: Array(14)} @ https://out-run-app-git-worktree-streng-98e01f-davids-projects-0d6e1f97.vercel.app/_next/static/chunks/5677-5539fdbd5d964d2a.js:0
[  405333ms] [LOG] [DEBUG-RESOLVER] attempt1 getVisualContentItem("J0fLpmJhG0KDN2tQouxh", 16) → FOUND @ https://out-run-app-git-worktree-streng-98e01f-davids-projects-0d6e1f97.vercel.app/_next/static/chunks/5677-5539fdbd5d964d2a.js:0
[  405333ms] [LOG] [VisualContentService] docToContent "J0fLpmJhG0KDN2tQouxh_18": {hasVideoVariantsField: true, hasVariantsField: false, rawType: array[0], parsedVariantsCount: 0, allTopLevelKeys: Array(14)} @ https://out-run-app-git-worktree-streng-98e01f-davids-projects-0d6e1f97.vercel.app/_next/static/chunks/5677-5539fdbd5d964d2a.js:0
[  405333ms] [LOG] [DEBUG-RESOLVER] attempt1 getVisualContentItem("J0fLpmJhG0KDN2tQouxh", 18) → FOUND @ https://out-run-app-git-worktree-streng-98e01f-davids-projects-0d6e1f97.vercel.app/_next/static/chunks/5677-5539fdbd5d964d2a.js:0
[  405663ms] [LOG] [VisualContentService] docToContent "J0fLpmJhG0KDN2tQouxh_19": {hasVideoVariantsField: true, hasVariantsField: false, rawType: array[0], parsedVariantsCount: 0, allTopLevelKeys: Array(14)} @ https://out-run-app-git-worktree-streng-98e01f-davids-projects-0d6e1f97.vercel.app/_next/static/chunks/5677-5539fdbd5d964d2a.js:0
[  405663ms] [LOG] [DEBUG-RESOLVER] attempt1 getVisualContentItem("J0fLpmJhG0KDN2tQouxh", 19) → FOUND @ https://out-run-app-git-worktree-streng-98e01f-davids-projects-0d6e1f97.vercel.app/_next/static/chunks/5677-5539fdbd5d964d2a.js:0
[  405663ms] [LOG] [VisualContentService] docToContent "J0fLpmJhG0KDN2tQouxh_20": {hasVideoVariantsField: true, hasVariantsField: false, rawType: array[0], parsedVariantsCount: 0, allTopLevelKeys: Array(14)} @ https://out-run-app-git-worktree-streng-98e01f-davids-projects-0d6e1f97.vercel.app/_next/static/chunks/5677-5539fdbd5d964d2a.js:0
[  405664ms] [LOG] [DEBUG-RESOLVER] attempt1 getVisualContentItem("J0fLpmJhG0KDN2tQouxh", 20) → FOUND @ https://out-run-app-git-worktree-streng-98e01f-davids-projects-0d6e1f97.vercel.app/_next/static/chunks/5677-5539fdbd5d964d2a.js:0
[  405664ms] [LOG] [ContentResolver] Level 1 — exercise video resolved: "שכיבות סמיכה ב-75°" → https://vz-b17872ab-7a7.b-cdn.net/b1e43b30-37e1-49f7-8c17-74… @ https://out-run-app-git-worktree-streng-98e01f-davids-projects-0d6e1f97.vercel.app/_next/static/chunks/5677-5539fdbd5d964d2a.js:0
[  405664ms] [LOG] [ContentResolver] Level 1 — exercise video resolved: "שכיבות סמיכה ב-75°" → https://vz-b17872ab-7a7.b-cdn.net/b1e43b30-37e1-49f7-8c17-74… @ https://out-run-app-git-worktree-streng-98e01f-davids-projects-0d6e1f97.vercel.app/_next/static/chunks/5677-5539fdbd5d964d2a.js:0
[  405665ms] [LOG] [DEBUG-RESOLVER] resolveContent("push", 2) → programId="J0fLpmJhG0KDN2tQouxh" @ https://out-run-app-git-worktree-streng-98e01f-davids-projects-0d6e1f97.vercel.app/_next/static/chunks/5677-5539fdbd5d964d2a.js:0
[  405665ms] [LOG] [DEBUG-RESOLVER] resolveContent("push", 2) → programId="J0fLpmJhG0KDN2tQouxh" @ https://out-run-app-git-worktree-streng-98e01f-davids-projects-0d6e1f97.vercel.app/_next/static/chunks/5677-5539fdbd5d964d2a.js:0
[  405665ms] [LOG] [ContentResolver] Level 4 — exercise video resolved: "שכיבות סמיכה ברכיים" → https://vz-b17872ab-7a7.b-cdn.net/7413db0b-1702-4acd-8072-8a… @ https://out-run-app-git-worktree-streng-98e01f-davids-projects-0d6e1f97.vercel.app/_next/static/chunks/5677-5539fdbd5d964d2a.js:0
[  405666ms] [LOG] [ContentResolver] Level 6 — exercise video resolved: "מקבילים עם גומייה עבה" → https://vz-b17872ab-7a7.b-cdn.net/c6e95235-2dd7-481b-92ad-9e… @ https://out-run-app-git-worktree-streng-98e01f-davids-projects-0d6e1f97.vercel.app/_next/static/chunks/5677-5539fdbd5d964d2a.js:0
[  405666ms] [LOG] [ContentResolver] Level 9 — exercise video resolved: "מקבילים אקצנטרי" → https://vz-b17872ab-7a7.b-cdn.net/0cf4aa4f-997b-4ff6-8243-c5… @ https://out-run-app-git-worktree-streng-98e01f-davids-projects-0d6e1f97.vercel.app/_next/static/chunks/5677-5539fdbd5d964d2a.js:0
[  405666ms] [LOG] [ContentResolver] Level 12 — exercise video resolved: "ישיבת L" → https://vz-b17872ab-7a7.b-cdn.net/ff5f0220-761e-4805-9f96-74… @ https://out-run-app-git-worktree-streng-98e01f-davids-projects-0d6e1f97.vercel.app/_next/static/chunks/5677-5539fdbd5d964d2a.js:0
[  405666ms] [LOG] [ContentResolver] Level 14 — exercise video resolved: "מקבילים על טבעות" → https://vz-b17872ab-7a7.b-cdn.net/7a815617-f091-41cd-a8f2-6f… @ https://out-run-app-git-worktree-streng-98e01f-davids-projects-0d6e1f97.vercel.app/_next/static/chunks/5677-5539fdbd5d964d2a.js:0
[  405666ms] [LOG] [ContentResolver] Level 16 — exercise video resolved: "פלאנץ׳ בטאק" → https://vz-b17872ab-7a7.b-cdn.net/912c9beb-a881-4593-980b-38… @ https://out-run-app-git-worktree-streng-98e01f-davids-projects-0d6e1f97.vercel.app/_next/static/chunks/5677-5539fdbd5d964d2a.js:0
[  405667ms] [LOG] [ContentResolver] Level 18 — exercise video resolved: "שכיבות סמיכה פלאנץ׳ טאק" → https://vz-b17872ab-7a7.b-cdn.net/849d609d-13fd-4bf6-ad46-7d… @ https://out-run-app-git-worktree-streng-98e01f-davids-projects-0d6e1f97.vercel.app/_next/static/chunks/5677-5539fdbd5d964d2a.js:0
[  405827ms] [LOG] [ContentResolver] Level 19 — exercise video resolved: "שכיבות סמיכה בעמידת ידיים חזה לקיר" → https://vz-b17872ab-7a7.b-cdn.net/97901438-7f7a-43d1-9fa3-1a… @ https://out-run-app-git-worktree-streng-98e01f-davids-projects-0d6e1f97.vercel.app/_next/static/chunks/5677-5539fdbd5d964d2a.js:0
[  405827ms] [LOG] [VisualContentService] docToContent "J0fLpmJhG0KDN2tQouxh_19": {hasVideoVariantsField: true, hasVariantsField: false, rawType: array[0], parsedVariantsCount: 0, allTopLevelKeys: Array(14)} @ https://out-run-app-git-worktree-streng-98e01f-davids-projects-0d6e1f97.vercel.app/_next/static/chunks/5677-5539fdbd5d964d2a.js:0
[  405827ms] [LOG] [VisualContentService] docToContent "J0fLpmJhG0KDN2tQouxh_2": {hasVideoVariantsField: true, hasVariantsField: false, rawType: array[0], parsedVariantsCount: 0, allTopLevelKeys: Array(14)} @ https://out-run-app-git-worktree-streng-98e01f-davids-projects-0d6e1f97.vercel.app/_next/static/chunks/5677-5539fdbd5d964d2a.js:0
[  405827ms] [LOG] [DEBUG-RESOLVER] attempt1 getVisualContentItem("J0fLpmJhG0KDN2tQouxh", 2) → FOUND @ https://out-run-app-git-worktree-streng-98e01f-davids-projects-0d6e1f97.vercel.app/_next/static/chunks/5677-5539fdbd5d964d2a.js:0
[  405827ms] [LOG] [VisualContentService] docToContent "J0fLpmJhG0KDN2tQouxh_2": {hasVideoVariantsField: true, hasVariantsField: false, rawType: array[0], parsedVariantsCount: 0, allTopLevelKeys: Array(14)} @ https://out-run-app-git-worktree-streng-98e01f-davids-projects-0d6e1f97.vercel.app/_next/static/chunks/5677-5539fdbd5d964d2a.js:0
[  405828ms] [LOG] [DEBUG-RESOLVER] attempt1 getVisualContentItem("J0fLpmJhG0KDN2tQouxh", 2) → FOUND @ https://out-run-app-git-worktree-streng-98e01f-davids-projects-0d6e1f97.vercel.app/_next/static/chunks/5677-5539fdbd5d964d2a.js:0
[  406013ms] [LOG] [VisualContentService] docToContent "J0fLpmJhG0KDN2tQouxh_18": {hasVideoVariantsField: true, hasVariantsField: false, rawType: array[0], parsedVariantsCount: 0, allTopLevelKeys: Array(14)} @ https://out-run-app-git-worktree-streng-98e01f-davids-projects-0d6e1f97.vercel.app/_next/static/chunks/5677-5539fdbd5d964d2a.js:0
[  406013ms] [LOG] [ContentResolver] Level 2 — exercise video resolved: "שכיבות סמיכה ב-45°" → https://vz-b17872ab-7a7.b-cdn.net/bb502550-744f-46e3-8b18-62… @ https://out-run-app-git-worktree-streng-98e01f-davids-projects-0d6e1f97.vercel.app/_next/static/chunks/5677-5539fdbd5d964d2a.js:0
[  406013ms] [LOG] [ContentResolver] Level 2 — exercise video resolved: "שכיבות סמיכה ב-45°" → https://vz-b17872ab-7a7.b-cdn.net/bb502550-744f-46e3-8b18-62… @ https://out-run-app-git-worktree-streng-98e01f-davids-projects-0d6e1f97.vercel.app/_next/static/chunks/5677-5539fdbd5d964d2a.js:0
[  406137ms] [LOG] [VisualContentService] docToContent "J0fLpmJhG0KDN2tQouxh_17": {hasVideoVariantsField: true, hasVariantsField: false, rawType: array[0], parsedVariantsCount: 0, allTopLevelKeys: Array(14)} @ https://out-run-app-git-worktree-streng-98e01f-davids-projects-0d6e1f97.vercel.app/_next/static/chunks/5677-5539fdbd5d964d2a.js:0
[  406329ms] [LOG] [VisualContentService] docToContent "J0fLpmJhG0KDN2tQouxh_16": {hasVideoVariantsField: true, hasVariantsField: false, rawType: array[0], parsedVariantsCount: 0, allTopLevelKeys: Array(14)} @ https://out-run-app-git-worktree-streng-98e01f-davids-projects-0d6e1f97.vercel.app/_next/static/chunks/5677-5539fdbd5d964d2a.js:0
[  406491ms] [LOG] [VisualContentService] docToContent "J0fLpmJhG0KDN2tQouxh_15": {hasVideoVariantsField: true, hasVariantsField: false, rawType: array[0], parsedVariantsCount: 0, allTopLevelKeys: Array(14)} @ https://out-run-app-git-worktree-streng-98e01f-davids-projects-0d6e1f97.vercel.app/_next/static/chunks/5677-5539fdbd5d964d2a.js:0
[  406648ms] [LOG] [VisualContentService] docToContent "J0fLpmJhG0KDN2tQouxh_14": {hasVideoVariantsField: true, hasVariantsField: false, rawType: array[0], parsedVariantsCount: 0, allTopLevelKeys: Array(14)} @ https://out-run-app-git-worktree-streng-98e01f-davids-projects-0d6e1f97.vercel.app/_next/static/chunks/5677-5539fdbd5d964d2a.js:0
[  406790ms] [LOG] [VisualContentService] docToContent "J0fLpmJhG0KDN2tQouxh_13": {hasVideoVariantsField: true, hasVariantsField: false, rawType: array[0], parsedVariantsCount: 0, allTopLevelKeys: Array(14)} @ https://out-run-app-git-worktree-streng-98e01f-davids-projects-0d6e1f97.vercel.app/_next/static/chunks/5677-5539fdbd5d964d2a.js:0
[  406966ms] [LOG] [VisualContentService] docToContent "J0fLpmJhG0KDN2tQouxh_12": {hasVideoVariantsField: true, hasVariantsField: false, rawType: array[0], parsedVariantsCount: 0, allTopLevelKeys: Array(14)} @ https://out-run-app-git-worktree-streng-98e01f-davids-projects-0d6e1f97.vercel.app/_next/static/chunks/5677-5539fdbd5d964d2a.js:0
[  407103ms] [LOG] [VisualContentService] docToContent "J0fLpmJhG0KDN2tQouxh_11": {hasVideoVariantsField: true, hasVariantsField: false, rawType: array[0], parsedVariantsCount: 0, allTopLevelKeys: Array(14)} @ https://out-run-app-git-worktree-streng-98e01f-davids-projects-0d6e1f97.vercel.app/_next/static/chunks/5677-5539fdbd5d964d2a.js:0
[  407228ms] [LOG] [VisualContentService] docToContent "J0fLpmJhG0KDN2tQouxh_10": {hasVideoVariantsField: true, hasVariantsField: false, rawType: array[0], parsedVariantsCount: 0, allTopLevelKeys: Array(14)} @ https://out-run-app-git-worktree-streng-98e01f-davids-projects-0d6e1f97.vercel.app/_next/static/chunks/5677-5539fdbd5d964d2a.js:0
[  407343ms] [LOG] [VisualContentService] docToContent "J0fLpmJhG0KDN2tQouxh_9": {hasVideoVariantsField: true, hasVariantsField: false, rawType: array[0], parsedVariantsCount: 0, allTopLevelKeys: Array(14)} @ https://out-run-app-git-worktree-streng-98e01f-davids-projects-0d6e1f97.vercel.app/_next/static/chunks/5677-5539fdbd5d964d2a.js:0
[  407458ms] [LOG] [VisualContentService] docToContent "J0fLpmJhG0KDN2tQouxh_8": {hasVideoVariantsField: true, hasVariantsField: false, rawType: array[0], parsedVariantsCount: 0, allTopLevelKeys: Array(14)} @ https://out-run-app-git-worktree-streng-98e01f-davids-projects-0d6e1f97.vercel.app/_next/static/chunks/5677-5539fdbd5d964d2a.js:0
[  407592ms] [LOG] [VisualContentService] docToContent "J0fLpmJhG0KDN2tQouxh_7": {hasVideoVariantsField: true, hasVariantsField: false, rawType: array[0], parsedVariantsCount: 0, allTopLevelKeys: Array(14)} @ https://out-run-app-git-worktree-streng-98e01f-davids-projects-0d6e1f97.vercel.app/_next/static/chunks/5677-5539fdbd5d964d2a.js:0
[  407747ms] [LOG] [VisualContentService] docToContent "J0fLpmJhG0KDN2tQouxh_6": {hasVideoVariantsField: true, hasVariantsField: false, rawType: array[0], parsedVariantsCount: 0, allTopLevelKeys: Array(14)} @ https://out-run-app-git-worktree-streng-98e01f-davids-projects-0d6e1f97.vercel.app/_next/static/chunks/5677-5539fdbd5d964d2a.js:0
[  407876ms] [LOG] [VisualContentService] docToContent "J0fLpmJhG0KDN2tQouxh_5": {hasVideoVariantsField: true, hasVariantsField: false, rawType: array[0], parsedVariantsCount: 0, allTopLevelKeys: Array(14)} @ https://out-run-app-git-worktree-streng-98e01f-davids-projects-0d6e1f97.vercel.app/_next/static/chunks/5677-5539fdbd5d964d2a.js:0
[  408000ms] [LOG] [VisualContentService] docToContent "J0fLpmJhG0KDN2tQouxh_4": {hasVideoVariantsField: true, hasVariantsField: false, rawType: array[0], parsedVariantsCount: 0, allTopLevelKeys: Array(14)} @ https://out-run-app-git-worktree-streng-98e01f-davids-projects-0d6e1f97.vercel.app/_next/static/chunks/5677-5539fdbd5d964d2a.js:0
[  408152ms] [LOG] [VisualContentService] docToContent "J0fLpmJhG0KDN2tQouxh_3": {hasVideoVariantsField: true, hasVariantsField: false, rawType: array[0], parsedVariantsCount: 0, allTopLevelKeys: Array(14)} @ https://out-run-app-git-worktree-streng-98e01f-davids-projects-0d6e1f97.vercel.app/_next/static/chunks/5677-5539fdbd5d964d2a.js:0
[  408472ms] [LOG] [VisualContentService] docToContent "J0fLpmJhG0KDN2tQouxh_2": {hasVideoVariantsField: true, hasVariantsField: false, rawType: array[0], parsedVariantsCount: 0, allTopLevelKeys: Array(14)} @ https://out-run-app-git-worktree-streng-98e01f-davids-projects-0d6e1f97.vercel.app/_next/static/chunks/5677-5539fdbd5d964d2a.js:0
[  408922ms] [LOG] [VisualContentService] docToContent "J0fLpmJhG0KDN2tQouxh_1": {hasVideoVariantsField: true, hasVariantsField: false, rawType: array[0], parsedVariantsCount: 0, allTopLevelKeys: Array(14)} @ https://out-run-app-git-worktree-streng-98e01f-davids-projects-0d6e1f97.vercel.app/_next/static/chunks/5677-5539fdbd5d964d2a.js:0
[ 1021907ms] [ERROR] Failed to load resource: net::ERR_QUIC_PROTOCOL_ERROR.QUIC_TOO_MANY_RTOS @ https://firestore.googleapis.com/google.firestore.v1.Firestore/Listen/channel?gsessionid=0lHDipV2PxwCgtOumCHO7081PLUGCc2cGP0sBHatndHjnwsyWAWyRg&VER=8&database=projects%2Fappout-1%2Fdatabases%2F(default)&RID=rpc&SID=8HIly47DtvvxYdBbW4bXnw&AID=380&CI=0&TYPE=xmlhttp&zx=7sm9onj152zc&t=1:0
[ 1022095ms] [ERROR] Failed to load resource: the server responded with a status of 400 () @ https://firestore.googleapis.com/google.firestore.v1.Firestore/Listen/channel?gsessionid=0lHDipV2PxwCgtOumCHO7081PLUGCc2cGP0sBHatndHjnwsyWAWyRg&VER=8&database=projects%2Fappout-1%2Fdatabases%2F(default)&RID=rpc&SID=8HIly47DtvvxYdBbW4bXnw&AID=381&CI=0&TYPE=xmlhttp&zx=akhozd1j2u4n&t=1:0
[ 1022097ms] [WARNING] [2026-09-23T14:05:16.400Z]  @firebase/firestore: Firestore (12.6.0): WebChannelConnection RPC 'Listen' stream 0x17d2f2a5 transport errored. Name: undefined Message: undefined @ https://out-run-app-git-worktree-streng-98e01f-davids-projects-0d6e1f97.vercel.app/_next/static/chunks/2532-16f59635ee5a761a.js:14
