[     495ms] [INFO] %cDownload the React DevTools for a better development experience: https://reactjs.org/link/react-devtools font-weight:bold @ webpack-internal:///(app-pages-browser)/./node_modules/next/dist/compiled/react-dom/cjs/react-dom.development.js:38559
[     551ms] [INFO] [firebase] App Check bypass: hostname="localhost" treated as local development. initializeAppCheck() will NOT be invoked — this prevents reCAPTCHA Enterprise 403s from crashing the Firestore snapshot listener. Set NEXT_PUBLIC_APP_CHECK_DEBUG_TOKEN to a token registered in the Firebase console (App Check → Apps → Manage debug tokens) if you need a real App Check handshake. @ webpack-internal:///(app-pages-browser)/./src/lib/firebase.ts:135
[    2054ms] [ERROR] [2026-09-16T16:41:02.891Z]  @firebase/firestore: Firestore (12.6.0): Uncaught Error in snapshot listener: FirebaseError: [code=permission-denied]: Missing or insufficient permissions. @ webpack-internal:///(app-pages-browser)/./node_modules/next/dist/client/app-index.js:32
[   11638ms] [LOG] [Fast Refresh] rebuilding @ webpack-internal:///(app-pages-browser)/./node_modules/next/dist/client/components/react-dev-overlay/app/hot-reloader-client.js:186
[   14379ms] [LOG] [Fast Refresh] done in 2741ms @ webpack-internal:///(app-pages-browser)/./node_modules/next/dist/client/components/react-dev-overlay/app/hot-reloader-client.js:43
[   25646ms] [WARNING] [AffiliationService] GPS detection failed: Error: No GPS fix available
    at detectCityFromGPS (webpack-internal:///(app-pages-browser)/./src/features/user/identity/services/affiliation.service.ts:36:19)
    at handleExploreMap (webpack-internal:///(app-pages-browser)/./src/app/gateway/page.tsx:416:116) @ webpack-internal:///(app-pages-browser)/./src/features/user/identity/services/affiliation.service.ts:67
[   26932ms] [LOG] [Fast Refresh] rebuilding @ webpack-internal:///(app-pages-browser)/./node_modules/next/dist/client/components/react-dev-overlay/app/hot-reloader-client.js:186
[   27672ms] [LOG] [Fast Refresh] done in 741ms @ webpack-internal:///(app-pages-browser)/./node_modules/next/dist/client/components/react-dev-overlay/app/hot-reloader-client.js:43
[   28304ms] [WARNING] Skipping auto-scroll behavior due to `position: sticky` or `position: fixed` on element: JSHandle@node @ webpack-internal:///(app-pages-browser)/./node_modules/next/dist/client/components/layout-router.js:109
[   28304ms] [WARNING] Skipping auto-scroll behavior due to `position: sticky` or `position: fixed` on element: JSHandle@node @ webpack-internal:///(app-pages-browser)/./node_modules/next/dist/client/components/layout-router.js:109
[   28304ms] [WARNING] Skipping auto-scroll behavior due to `position: sticky` or `position: fixed` on element: JSHandle@node @ webpack-internal:///(app-pages-browser)/./node_modules/next/dist/client/components/layout-router.js:109
[   28304ms] [WARNING] Skipping auto-scroll behavior due to `position: sticky` or `position: fixed` on element: JSHandle@node @ webpack-internal:///(app-pages-browser)/./node_modules/next/dist/client/components/layout-router.js:109
[   30651ms] [LOG] [Map] declutter:request source=onboarding-map-load @ webpack-internal:///(app-pages-browser)/./src/features/parks/core/components/mapStyleConfig.ts:135
[   30651ms] [LOG] !!! MAP CLEANUP STARTING !!! @ webpack-internal:///(app-pages-browser)/./src/features/parks/core/components/mapStyleConfig.ts:145
[   30651ms] [WARNING] [FitnessMapStyle] Aborted — style not loaded (source=onboarding-map-load) @ webpack-internal:///(app-pages-browser)/./src/features/parks/core/components/mapStyleConfig.ts:148
[   80344ms] [LOG] [Fast Refresh] rebuilding @ webpack-internal:///(app-pages-browser)/./node_modules/next/dist/client/components/react-dev-overlay/app/hot-reloader-client.js:186
[   84045ms] [LOG] [Fast Refresh] done in 3702ms @ webpack-internal:///(app-pages-browser)/./node_modules/next/dist/client/components/react-dev-overlay/app/hot-reloader-client.js:43
[   84852ms] [LOG] [A2-SPIKE][useGPS] hook mounted {isNative: false, callSite: useMapLogic.ts} @ webpack-internal:///(app-pages-browser)/./src/features/parks/core/hooks/useGPS.ts:156
[   84853ms] [LOG] [A2-SPIKE][useGPS] watch-effect run {simulationActive: false, gpsPaused: false, isForeground: true, workoutActive: false, sessionStatus: idle} @ webpack-internal:///(app-pages-browser)/./src/features/parks/core/hooks/useGPS.ts:240
[   84854ms] [LOG] [PresenceHeartbeat] mount OK — heartbeat will tick now and every 2 min {userId: J9Vtw5j3Q9cIQAegwonYMh1Pv0d2, currentLocation: null, privacyMode: verified_global, ageGroup: adult} @ webpack-internal:///(app-pages-browser)/./src/features/safecity/hooks/usePresenceLayer.ts:228
[   84854ms] [LOG] [PresenceHeartbeat] dev fallback location active (Tel Aviv) — tick 1 @ webpack-internal:///(app-pages-browser)/./src/features/safecity/hooks/usePresenceLayer.ts:258
[   84854ms] [LOG] [PresenceHeartbeat] tick WRITING presence {tickCount: 1, uid: J9Vtw5j3Q9cIQAegwonYMh1Pv0d2, mode: verified_global, liveGroupId: null, ageGroup: adult} @ webpack-internal:///(app-pages-browser)/./src/features/safecity/hooks/usePresenceLayer.ts:315
[   84854ms] [LOG] [PresenceHeartbeat] dev fallback location active (Tel Aviv) — tick 2 @ webpack-internal:///(app-pages-browser)/./src/features/safecity/hooks/usePresenceLayer.ts:258
[   84855ms] [LOG] [PresenceHeartbeat] tick WRITING presence {tickCount: 2, uid: J9Vtw5j3Q9cIQAegwonYMh1Pv0d2, mode: verified_global, liveGroupId: null, ageGroup: adult} @ webpack-internal:///(app-pages-browser)/./src/features/safecity/hooks/usePresenceLayer.ts:315
[   84855ms] [LOG] [useGroupPresence] subscribe {currentUid: Wbl1Qk69KQeM6uexoOmXpbMQaL32, groupSessionId: null} @ webpack-internal:///(app-pages-browser)/./src/features/parks/core/hooks/useGroupPresence.ts:207
[   84855ms] [LOG] [MapShell] mode= discover isWorkoutActive= false runMode= plan @ webpack-internal:///(app-pages-browser)/./src/app/map/MapShell.tsx:357
[   84856ms] [LOG] [A2-SPIKE][useGPS] hook UNMOUNTED @ webpack-internal:///(app-pages-browser)/./src/features/parks/core/hooks/useGPS.ts:161
[   84856ms] [LOG] [PresenceHeartbeat] unmount — stopping heartbeat + clearing presence {userId: J9Vtw5j3Q9cIQAegwonYMh1Pv0d2} @ webpack-internal:///(app-pages-browser)/./src/features/safecity/hooks/usePresenceLayer.ts:346
[   84857ms] [LOG] [A2-SPIKE][useGPS] hook mounted {isNative: false, callSite: useMapLogic.ts} @ webpack-internal:///(app-pages-browser)/./src/features/parks/core/hooks/useGPS.ts:156
[   84857ms] [LOG] [A2-SPIKE][useGPS] watch-effect run {simulationActive: false, gpsPaused: false, isForeground: true, workoutActive: false, sessionStatus: idle} @ webpack-internal:///(app-pages-browser)/./src/features/parks/core/hooks/useGPS.ts:240
[   84857ms] [LOG] [PresenceHeartbeat] mount OK — heartbeat will tick now and every 2 min {userId: J9Vtw5j3Q9cIQAegwonYMh1Pv0d2, currentLocation: null, privacyMode: verified_global, ageGroup: adult} @ webpack-internal:///(app-pages-browser)/./src/features/safecity/hooks/usePresenceLayer.ts:228
[   84857ms] [LOG] [PresenceHeartbeat] dev fallback location active (Tel Aviv) — tick 1 @ webpack-internal:///(app-pages-browser)/./src/features/safecity/hooks/usePresenceLayer.ts:258
[   84857ms] [LOG] [PresenceHeartbeat] tick WRITING presence {tickCount: 1, uid: J9Vtw5j3Q9cIQAegwonYMh1Pv0d2, mode: verified_global, liveGroupId: null, ageGroup: adult} @ webpack-internal:///(app-pages-browser)/./src/features/safecity/hooks/usePresenceLayer.ts:315
[   84857ms] [LOG] [PresenceHeartbeat] dev fallback location active (Tel Aviv) — tick 2 @ webpack-internal:///(app-pages-browser)/./src/features/safecity/hooks/usePresenceLayer.ts:258
[   84857ms] [LOG] [PresenceHeartbeat] tick WRITING presence {tickCount: 2, uid: J9Vtw5j3Q9cIQAegwonYMh1Pv0d2, mode: verified_global, liveGroupId: null, ageGroup: adult} @ webpack-internal:///(app-pages-browser)/./src/features/safecity/hooks/usePresenceLayer.ts:315
[   84857ms] [LOG] [useGroupPresence] subscribe {currentUid: Wbl1Qk69KQeM6uexoOmXpbMQaL32, groupSessionId: null} @ webpack-internal:///(app-pages-browser)/./src/features/parks/core/hooks/useGroupPresence.ts:207
[   84857ms] [LOG] [MapShell] mode= discover isWorkoutActive= false runMode= plan @ webpack-internal:///(app-pages-browser)/./src/app/map/MapShell.tsx:357
[   84860ms] [LOG] [Cam] wazePadding: card=TOP, H=727px, top=364px, bottom=0 → user dot at ~25% from bottom (default Waze framing) @ webpack-internal:///(app-pages-browser)/./src/features/parks/core/hooks/useCameraController.ts:482
[   84860ms] [LOG] [Cam] wazePadding: card=TOP, H=727px, top=364px, bottom=0 → user dot at ~25% from bottom (default Waze framing) @ webpack-internal:///(app-pages-browser)/./src/features/parks/core/hooks/useCameraController.ts:482
[   85689ms] [ERROR] [ActivityStore] Error loading from Firestore: Missing or insufficient permissions. @ webpack-internal:///(app-pages-browser)/./node_modules/next/dist/client/app-index.js:32
[   85689ms] [ERROR] Firestore error code: permission-denied @ webpack-internal:///(app-pages-browser)/./node_modules/next/dist/client/app-index.js:32
[   85689ms] [ERROR] [ActivityStore] permission-denied is a Security-Rules/auth issue, NOT a missing index. Ensure this read fires only while authenticated (auth token attached). @ webpack-internal:///(app-pages-browser)/./node_modules/next/dist/client/app-index.js:32
[   85690ms] [ERROR] [ActivityStore] Error loading from Firestore: Missing or insufficient permissions. @ webpack-internal:///(app-pages-browser)/./node_modules/next/dist/client/app-index.js:32
[   85690ms] [ERROR] Firestore error code: permission-denied @ webpack-internal:///(app-pages-browser)/./node_modules/next/dist/client/app-index.js:32
[   85690ms] [ERROR] [ActivityStore] permission-denied is a Security-Rules/auth issue, NOT a missing index. Ensure this read fires only while authenticated (auth token attached). @ webpack-internal:///(app-pages-browser)/./node_modules/next/dist/client/app-index.js:32
[   85691ms] [WARNING] [ActivityStore] Real-time listener error (non-fatal): permission-denied @ webpack-internal:///(app-pages-browser)/./src/features/activity/store/useActivityStore.ts:883
[   85706ms] [ERROR] [Presence.updatePresence] FAILED — Firestore write rejected {uid: J9Vtw5j3Q9cIQAegwonYMh1Pv0d2, mode: verified_global, code: permission-denied, message: Missing or insufficient permissions., err: FirebaseError: Missing or insufficient permissions.} @ webpack-internal:///(app-pages-browser)/./node_modules/next/dist/client/app-index.js:32
[   85706ms] [WARNING] [Presence] heartbeat failed: FirebaseError: Missing or insufficient permissions. @ webpack-internal:///(app-pages-browser)/./src/features/safecity/services/presence.service.ts:241
[   85762ms] [LOG] [Cam] listeners wired @ webpack-internal:///(app-pages-browser)/./src/features/parks/core/hooks/useCameraController.ts:1128
[   85949ms] [ERROR] [2026-09-16T16:42:26.785Z]  @firebase/firestore: Firestore (12.6.0): Uncaught Error in snapshot listener: FirebaseError: [code=permission-denied]: Missing or insufficient permissions. @ webpack-internal:///(app-pages-browser)/./node_modules/next/dist/client/app-index.js:32
[   85960ms] [ERROR] [2026-09-16T16:42:26.796Z]  @firebase/firestore: Firestore (12.6.0): Uncaught Error in snapshot listener: FirebaseError: [code=permission-denied]: Missing or insufficient permissions. @ webpack-internal:///(app-pages-browser)/./node_modules/next/dist/client/app-index.js:32
[   85974ms] [ERROR] [2026-09-16T16:42:26.810Z]  @firebase/firestore: Firestore (12.6.0): Uncaught Error in snapshot listener: FirebaseError: [code=permission-denied]: Missing or insufficient permissions. @ webpack-internal:///(app-pages-browser)/./node_modules/next/dist/client/app-index.js:32
[   86098ms] [LOG] [Map] declutter:request source=watchdog @ webpack-internal:///(app-pages-browser)/./src/features/parks/core/components/mapStyleConfig.ts:135
[   86098ms] [LOG] !!! MAP CLEANUP STARTING !!! @ webpack-internal:///(app-pages-browser)/./src/features/parks/core/components/mapStyleConfig.ts:145
[   86098ms] [LOG] [FitnessMapStyle] Hard-hide pass: 2/5 target layers hidden @ webpack-internal:///(app-pages-browser)/./src/features/parks/core/components/mapStyleConfig.ts:176
[   86099ms] [LOG] [FitnessMapStyle] Nuclear sweep: hid 14 stray label layers (kept 6 matching park/natural/water/waterway/place/road) @ webpack-internal:///(app-pages-browser)/./src/features/parks/core/components/mapStyleConfig.ts:203
[   86100ms] [LOG] [Map] Declutter complete (source=watchdog): Minor roads hidden, POIs removed. @ webpack-internal:///(app-pages-browser)/./src/features/parks/core/components/mapStyleConfig.ts:338
[   86253ms] [ERROR] [Presence.updatePresence] FAILED — Firestore write rejected {uid: J9Vtw5j3Q9cIQAegwonYMh1Pv0d2, mode: verified_global, code: permission-denied, message: Missing or insufficient permissions., err: FirebaseError: Missing or insufficient permissions.} @ webpack-internal:///(app-pages-browser)/./node_modules/next/dist/client/app-index.js:32
[   86346ms] [LOG] [Routes] Fetched 98 published official routes from Firestore @ webpack-internal:///(app-pages-browser)/./src/features/parks/core/hooks/useRouteGeneration.ts:59
[   86552ms] [LOG] [Map] declutter:request source=idle-safety @ webpack-internal:///(app-pages-browser)/./src/features/parks/core/components/mapStyleConfig.ts:135
[   86552ms] [LOG] [Map] declutter:skip source=idle-safety (already done) @ webpack-internal:///(app-pages-browser)/./src/features/parks/core/components/mapStyleConfig.ts:142
[   86681ms] [LOG] [Map] declutter:request source=onboarding-map-load @ webpack-internal:///(app-pages-browser)/./src/features/parks/core/components/mapStyleConfig.ts:135
[   86681ms] [LOG] !!! MAP CLEANUP STARTING !!! @ webpack-internal:///(app-pages-browser)/./src/features/parks/core/components/mapStyleConfig.ts:145
[   86681ms] [WARNING] [FitnessMapStyle] Aborted — style not loaded (source=onboarding-map-load) @ webpack-internal:///(app-pages-browser)/./src/features/parks/core/components/mapStyleConfig.ts:148
[   86701ms] [ERROR] [ActivityStore] Error loading from Firestore: Missing or insufficient permissions. @ webpack-internal:///(app-pages-browser)/./node_modules/next/dist/client/app-index.js:32
[   86701ms] [ERROR] Firestore error code: permission-denied @ webpack-internal:///(app-pages-browser)/./node_modules/next/dist/client/app-index.js:32
[   86701ms] [ERROR] [ActivityStore] permission-denied is a Security-Rules/auth issue, NOT a missing index. Ensure this read fires only while authenticated (auth token attached). @ webpack-internal:///(app-pages-browser)/./node_modules/next/dist/client/app-index.js:32
[   87186ms] [ERROR] [Presence.updatePresence] FAILED — Firestore write rejected {uid: J9Vtw5j3Q9cIQAegwonYMh1Pv0d2, mode: verified_global, code: permission-denied, message: Missing or insufficient permissions., err: FirebaseError: Missing or insufficient permissions.} @ webpack-internal:///(app-pages-browser)/./node_modules/next/dist/client/app-index.js:32
[   87186ms] [WARNING] [Presence] heartbeat failed: FirebaseError: Missing or insufficient permissions. @ webpack-internal:///(app-pages-browser)/./src/features/safecity/services/presence.service.ts:241
[   87490ms] [ERROR] [Presence.updatePresence] FAILED — Firestore write rejected {uid: J9Vtw5j3Q9cIQAegwonYMh1Pv0d2, mode: verified_global, code: permission-denied, message: Missing or insufficient permissions., err: FirebaseError: Missing or insufficient permissions.} @ webpack-internal:///(app-pages-browser)/./node_modules/next/dist/client/app-index.js:32
[   87848ms] [ERROR] [SocialStore] loadConnections failed: FirebaseError: Missing or insufficient permissions. @ webpack-internal:///(app-pages-browser)/./node_modules/next/dist/client/app-index.js:32
[   89187ms] [LOG] [PresenceHeartbeat] unmount — stopping heartbeat + clearing presence {userId: J9Vtw5j3Q9cIQAegwonYMh1Pv0d2} @ webpack-internal:///(app-pages-browser)/./src/features/safecity/hooks/usePresenceLayer.ts:346
[   89188ms] [LOG] [PresenceHeartbeat] mount SKIPPED {reason: no profile.core.name, userId: Wbl1Qk69KQeM6uexoOmXpbMQaL32, hasProfile: true, coreName: } @ webpack-internal:///(app-pages-browser)/./src/features/safecity/hooks/usePresenceLayer.ts:220
[   89188ms] [LOG] [useGroupPresence] subscribe {currentUid: Wbl1Qk69KQeM6uexoOmXpbMQaL32, groupSessionId: null} @ webpack-internal:///(app-pages-browser)/./src/features/parks/core/hooks/useGroupPresence.ts:207
[   89420ms] [LOG] [ActivityStore] No Firestore data, created new day @ webpack-internal:///(app-pages-browser)/./src/features/activity/store/useActivityStore.ts:675
[   89635ms] [LOG] [ActivityStore] Loaded from Firestore - Streak: 0 @ webpack-internal:///(app-pages-browser)/./src/features/activity/store/useActivityStore.ts:808
[   90698ms] [LOG] [ActivityStore] No Firestore data, created new day @ webpack-internal:///(app-pages-browser)/./src/features/activity/store/useActivityStore.ts:675
[   90903ms] [LOG] [ActivityStore] Loaded from Firestore - Streak: 0 @ webpack-internal:///(app-pages-browser)/./src/features/activity/store/useActivityStore.ts:808
[  102414ms] [LOG] [A2-SPIKE][useGPS] fix accepted {lat: 32.05584650396863, lng: 34.776086885043206, ts: 1789576963251} @ webpack-internal:///(app-pages-browser)/./src/features/parks/core/hooks/useGPS.ts:219
[  102420ms] [LOG] [useCommunityEnrichment] Subscribing for route IDs: [CCQLHULB0xNa5pI5Zxa6, CY5KMrNMD90UAyuU3wom, TUtGCtmxwjGnoR0KH4B9] @ webpack-internal:///(app-pages-browser)/./src/features/parks/core/hooks/useCommunityEnrichment.ts:308
[  102421ms] [LOG] [useGroupPresence] subscribe {currentUid: Wbl1Qk69KQeM6uexoOmXpbMQaL32, groupSessionId: null} @ webpack-internal:///(app-pages-browser)/./src/features/parks/core/hooks/useGroupPresence.ts:207
[  102425ms] [LOG] [useSuggestionEngineStore] runSuggestionEngine took 6ms (5 candidates) @ webpack-internal:///(app-pages-browser)/./src/features/workout-engine/core/store/useSuggestionEngineStore.ts:85
[  102578ms] [ERROR] [usePartnerData] live presence listener PERMISSION-DENIED. Verify Firestore rules on /presence permit ageGroup-matched `mode == 'verified_global'` reads, that the presence -> {mode, ageGroup, geohash} composite index exists, and that App Check (NEXT_PUBLIC_RECAPTCHA_SITE_KEY) is set on this client. Partner finder will be empty until fixed. FirebaseError: Missing or insufficient permissions. @ webpack-internal:///(app-pages-browser)/./node_modules/next/dist/client/app-index.js:32
[  102579ms] [ERROR] [useGroupPresence] discovery PERMISSION-DENIED. Check App Check (NEXT_PUBLIC_RECAPTCHA_SITE_KEY), Firestore rules on `presence` (ageGroup must match getUserAgeGroup(request.auth.uid)), and the presence -> {mode, ageGroup, geohash} composite index. FirebaseError: Missing or insufficient permissions. @ webpack-internal:///(app-pages-browser)/./node_modules/next/dist/client/app-index.js:32
[  102733ms] [ERROR] [usePartnerData] live presence listener PERMISSION-DENIED. Verify Firestore rules on /presence permit ageGroup-matched `mode == 'verified_global'` reads, that the presence -> {mode, ageGroup, geohash} composite index exists, and that App Check (NEXT_PUBLIC_RECAPTCHA_SITE_KEY) is set on this client. Partner finder will be empty until fixed. FirebaseError: Missing or insufficient permissions. @ webpack-internal:///(app-pages-browser)/./node_modules/next/dist/client/app-index.js:32
[  102733ms] [ERROR] [useGroupPresence] discovery PERMISSION-DENIED. Check App Check (NEXT_PUBLIC_RECAPTCHA_SITE_KEY), Firestore rules on `presence` (ageGroup must match getUserAgeGroup(request.auth.uid)), and the presence -> {mode, ageGroup, geohash} composite index. FirebaseError: Missing or insufficient permissions. @ webpack-internal:///(app-pages-browser)/./node_modules/next/dist/client/app-index.js:32
[  102735ms] [ERROR] [usePartnerData] live presence listener PERMISSION-DENIED. Verify Firestore rules on /presence permit ageGroup-matched `mode == 'verified_global'` reads, that the presence -> {mode, ageGroup, geohash} composite index exists, and that App Check (NEXT_PUBLIC_RECAPTCHA_SITE_KEY) is set on this client. Partner finder will be empty until fixed. FirebaseError: Missing or insufficient permissions. @ webpack-internal:///(app-pages-browser)/./node_modules/next/dist/client/app-index.js:32
[  102735ms] [ERROR] [useGroupPresence] discovery PERMISSION-DENIED. Check App Check (NEXT_PUBLIC_RECAPTCHA_SITE_KEY), Firestore rules on `presence` (ageGroup must match getUserAgeGroup(request.auth.uid)), and the presence -> {mode, ageGroup, geohash} composite index. FirebaseError: Missing or insufficient permissions. @ webpack-internal:///(app-pages-browser)/./node_modules/next/dist/client/app-index.js:32
[  102735ms] [ERROR] [usePartnerData] live presence listener PERMISSION-DENIED. Verify Firestore rules on /presence permit ageGroup-matched `mode == 'verified_global'` reads, that the presence -> {mode, ageGroup, geohash} composite index exists, and that App Check (NEXT_PUBLIC_RECAPTCHA_SITE_KEY) is set on this client. Partner finder will be empty until fixed. FirebaseError: Missing or insufficient permissions. @ webpack-internal:///(app-pages-browser)/./node_modules/next/dist/client/app-index.js:32
[  102735ms] [ERROR] [useGroupPresence] discovery PERMISSION-DENIED. Check App Check (NEXT_PUBLIC_RECAPTCHA_SITE_KEY), Firestore rules on `presence` (ageGroup must match getUserAgeGroup(request.auth.uid)), and the presence -> {mode, ageGroup, geohash} composite index. FirebaseError: Missing or insufficient permissions. @ webpack-internal:///(app-pages-browser)/./node_modules/next/dist/client/app-index.js:32
[  102736ms] [ERROR] [usePartnerData] live presence listener PERMISSION-DENIED. Verify Firestore rules on /presence permit ageGroup-matched `mode == 'verified_global'` reads, that the presence -> {mode, ageGroup, geohash} composite index exists, and that App Check (NEXT_PUBLIC_RECAPTCHA_SITE_KEY) is set on this client. Partner finder will be empty until fixed. FirebaseError: Missing or insufficient permissions. @ webpack-internal:///(app-pages-browser)/./node_modules/next/dist/client/app-index.js:32
[  102736ms] [ERROR] [useGroupPresence] discovery PERMISSION-DENIED. Check App Check (NEXT_PUBLIC_RECAPTCHA_SITE_KEY), Firestore rules on `presence` (ageGroup must match getUserAgeGroup(request.auth.uid)), and the presence -> {mode, ageGroup, geohash} composite index. FirebaseError: Missing or insufficient permissions. @ webpack-internal:///(app-pages-browser)/./node_modules/next/dist/client/app-index.js:32
[  102737ms] [ERROR] [usePartnerData] live presence listener PERMISSION-DENIED. Verify Firestore rules on /presence permit ageGroup-matched `mode == 'verified_global'` reads, that the presence -> {mode, ageGroup, geohash} composite index exists, and that App Check (NEXT_PUBLIC_RECAPTCHA_SITE_KEY) is set on this client. Partner finder will be empty until fixed. FirebaseError: Missing or insufficient permissions. @ webpack-internal:///(app-pages-browser)/./node_modules/next/dist/client/app-index.js:32
[  102737ms] [ERROR] [useGroupPresence] discovery PERMISSION-DENIED. Check App Check (NEXT_PUBLIC_RECAPTCHA_SITE_KEY), Firestore rules on `presence` (ageGroup must match getUserAgeGroup(request.auth.uid)), and the presence -> {mode, ageGroup, geohash} composite index. FirebaseError: Missing or insufficient permissions. @ webpack-internal:///(app-pages-browser)/./node_modules/next/dist/client/app-index.js:32
[  104898ms] [LOG] [A2-SPIKE][useGPS] fix accepted {lat: 32.055774693854325, lng: 34.77573008534261, ts: 1789576965734} @ webpack-internal:///(app-pages-browser)/./src/features/parks/core/hooks/useGPS.ts:219
[  105476ms] [WARNING] Expected value to be of type number, but found null instead. @ blob:http://localhost:3000/9dece74e-f8ce-469e-8d23-79672518d870:0
[  107324ms] [LOG] [Cam] initial dive — real GPS fix @ webpack-internal:///(app-pages-browser)/./src/features/parks/core/hooks/useCameraController.ts:910
[  138871ms] [LOG] [useGroupPresence] subscribe {currentUid: Wbl1Qk69KQeM6uexoOmXpbMQaL32, groupSessionId: null} @ webpack-internal:///(app-pages-browser)/./src/features/parks/core/hooks/useGroupPresence.ts:207
[  138877ms] [LOG] [useCommunityEnrichment] Subscribing for route IDs: [h6AvZlnj5YWwHbTjKqSU, 3GJNC9xkSQzVdaJ2EP3l, C6kPLOyojYTx5ayFCQeR] @ webpack-internal:///(app-pages-browser)/./src/features/parks/core/hooks/useCommunityEnrichment.ts:308
[  138878ms] [LOG] [A2-SPIKE][useGPS] watch-effect run {simulationActive: true, gpsPaused: false, isForeground: true, workoutActive: false, sessionStatus: idle} @ webpack-internal:///(app-pages-browser)/./src/features/parks/core/hooks/useGPS.ts:240
[  138878ms] [LOG] [A2-SPIKE][useGPS] battery-guard/sim teardown {reason: simulationActive, isNative: false, hadNativeWatch: false, hadWebWatch: false} @ webpack-internal:///(app-pages-browser)/./src/features/parks/core/hooks/useGPS.ts:253
[  138885ms] [LOG] [useSuggestionEngineStore] runSuggestionEngine took 14ms (5 candidates) @ webpack-internal:///(app-pages-browser)/./src/features/workout-engine/core/store/useSuggestionEngineStore.ts:85
[  138928ms] [LOG] [useCommunityEnrichment] Broad groups query returned: 21 groups @ webpack-internal:///(app-pages-browser)/./src/features/parks/core/hooks/useCommunityEnrichment.ts:405
[  138928ms] [LOG] [groupDocToEnrichments] Group has no slots: 2VHJfwOe0D6Tgwz2gh0U הליכה מתוזמנת @ webpack-internal:///(app-pages-browser)/./src/features/parks/core/hooks/useCommunityEnrichment.ts:176
[  138928ms] [LOG] [groupDocToEnrichments] Group has no slots: 5wJ66moZcncaLwpB2eh3 הליכה מתוזמנת @ webpack-internal:///(app-pages-browser)/./src/features/parks/core/hooks/useCommunityEnrichment.ts:176
[  138928ms] [LOG] [groupDocToEnrichments] Group has no slots: 91OJbugQf5ELVx3XIr43 Joseph family steps @ webpack-internal:///(app-pages-browser)/./src/features/parks/core/hooks/useCommunityEnrichment.ts:176
[  138928ms] [LOG] [groupDocToEnrichments] Group has no slots: A4unlXH75xtJ3yQsLg42 קובצת הליכה ניר עוז @ webpack-internal:///(app-pages-browser)/./src/features/parks/core/hooks/useCommunityEnrichment.ts:176
[  138928ms] [LOG] [groupDocToEnrichments] Group has no slots: HZBAz5d3UKEcs20R6EIC צו הכושר תלאביב בית הלוחם @ webpack-internal:///(app-pages-browser)/./src/features/parks/core/hooks/useCommunityEnrichment.ts:176
[  138928ms] [LOG] [groupDocToEnrichments] Group has no slots: URny7sxvFrMLD2ojYizb צו כושר — תל אביב (פרישמן) @ webpack-internal:///(app-pages-browser)/./src/features/parks/core/hooks/useCommunityEnrichment.ts:176
[  138928ms] [LOG] [groupDocToEnrichments] Group has no slots: WlrV1YO6VfEdeHi1nin1 הליכה מתוזמנת @ webpack-internal:///(app-pages-browser)/./src/features/parks/core/hooks/useCommunityEnrichment.ts:176
[  138928ms] [LOG] [groupDocToEnrichments] Group has no slots: YkgYRwbzfr9mhWP2Ygy9 צו כושר — חבל יבנה @ webpack-internal:///(app-pages-browser)/./src/features/parks/core/hooks/useCommunityEnrichment.ts:176
[  138928ms] [LOG] [groupDocToEnrichments] Group has no slots: YuVmdYGrty8jhkwaQfrS צו כושר — מודיעין @ webpack-internal:///(app-pages-browser)/./src/features/parks/core/hooks/useCommunityEnrichment.ts:176
[  138928ms] [LOG] [groupDocToEnrichments] Group has no slots: ZvxBost3Fls1sZJzNgpe צו כושר — באר שבע @ webpack-internal:///(app-pages-browser)/./src/features/parks/core/hooks/useCommunityEnrichment.ts:176
[  138929ms] [LOG] [groupDocToEnrichments] Group has no slots: gUuTsQXfrZjVyVDsATb5 צו כושר פרדס חנה @ webpack-internal:///(app-pages-browser)/./src/features/parks/core/hooks/useCommunityEnrichment.ts:176
[  138929ms] [LOG] [groupDocToEnrichments] Group has no slots: maccabiah_lsit_2026 אתגר ה-L-Sit · מכביה 2026 @ webpack-internal:///(app-pages-browser)/./src/features/parks/core/hooks/useCommunityEnrichment.ts:176
[  138929ms] [LOG] [groupDocToEnrichments] Group has no slots: qwaFSYaEJpt5ocOVWyvS צו כושר — קרית גת @ webpack-internal:///(app-pages-browser)/./src/features/parks/core/hooks/useCommunityEnrichment.ts:176
[  138929ms] [LOG] [groupDocToEnrichments] Group has no slots: uzkKafajk1BXQxgV5dcj צו כושר — חיפה @ webpack-internal:///(app-pages-browser)/./src/features/parks/core/hooks/useCommunityEnrichment.ts:176
[  138929ms] [LOG] [groupDocToEnrichments] Group has no slots: vmnhuDF6URJ4ayz3siBF צו כושר — הרצליה @ webpack-internal:///(app-pages-browser)/./src/features/parks/core/hooks/useCommunityEnrichment.ts:176
[  138929ms] [LOG] [groupDocToEnrichments] Group has no slots: wbVnvDagAqiZmMiqYsLZ צו כושר — קיבוץ עלומים @ webpack-internal:///(app-pages-browser)/./src/features/parks/core/hooks/useCommunityEnrichment.ts:176
[  138929ms] [LOG] [groupDocToEnrichments] Group has no slots: xTJueGB3t94K7cFZUCCT צו כושר — רחובות @ webpack-internal:///(app-pages-browser)/./src/features/parks/core/hooks/useCommunityEnrichment.ts:176
[  138929ms] [LOG] [useCommunityEnrichment] Groups resolved: 0 routes with recurring sessions @ webpack-internal:///(app-pages-browser)/./src/features/parks/core/hooks/useCommunityEnrichment.ts:409
[  139042ms] [ERROR] [usePartnerData] live presence listener PERMISSION-DENIED. Verify Firestore rules on /presence permit ageGroup-matched `mode == 'verified_global'` reads, that the presence -> {mode, ageGroup, geohash} composite index exists, and that App Check (NEXT_PUBLIC_RECAPTCHA_SITE_KEY) is set on this client. Partner finder will be empty until fixed. FirebaseError: Missing or insufficient permissions. @ webpack-internal:///(app-pages-browser)/./node_modules/next/dist/client/app-index.js:32
[  139042ms] [ERROR] [useGroupPresence] discovery PERMISSION-DENIED. Check App Check (NEXT_PUBLIC_RECAPTCHA_SITE_KEY), Firestore rules on `presence` (ageGroup must match getUserAgeGroup(request.auth.uid)), and the presence -> {mode, ageGroup, geohash} composite index. FirebaseError: Missing or insufficient permissions. @ webpack-internal:///(app-pages-browser)/./node_modules/next/dist/client/app-index.js:32
[  139150ms] [WARNING] [useCommunityEnrichment] arrivals error: FirebaseError: The query requires an index. You can create it here: https://console.firebase.google.com/v1/r/project/appout-1/firestore/indexes?create_composite=ClFwcm9qZWN0cy9hcHBvdXQtMS9kYXRhYmFzZXMvKGRlZmF1bHQpL2NvbGxlY3Rpb25Hcm91cHMvcGxhbm5lZF9zZXNzaW9ucy9pbmRleGVzL18QARoLCgdyb3V0ZUlkEAEaDQoJZXhwaXJlc0F0EAEaDAoIX19uYW1lX18QAQ @ webpack-internal:///(app-pages-browser)/./src/features/parks/core/hooks/useCommunityEnrichment.ts:350
[  139156ms] [ERROR] [usePartnerData] live presence listener PERMISSION-DENIED. Verify Firestore rules on /presence permit ageGroup-matched `mode == 'verified_global'` reads, that the presence -> {mode, ageGroup, geohash} composite index exists, and that App Check (NEXT_PUBLIC_RECAPTCHA_SITE_KEY) is set on this client. Partner finder will be empty until fixed. FirebaseError: Missing or insufficient permissions. @ webpack-internal:///(app-pages-browser)/./node_modules/next/dist/client/app-index.js:32
[  139156ms] [ERROR] [useGroupPresence] discovery PERMISSION-DENIED. Check App Check (NEXT_PUBLIC_RECAPTCHA_SITE_KEY), Firestore rules on `presence` (ageGroup must match getUserAgeGroup(request.auth.uid)), and the presence -> {mode, ageGroup, geohash} composite index. FirebaseError: Missing or insufficient permissions. @ webpack-internal:///(app-pages-browser)/./node_modules/next/dist/client/app-index.js:32
[  139160ms] [ERROR] [usePartnerData] live presence listener PERMISSION-DENIED. Verify Firestore rules on /presence permit ageGroup-matched `mode == 'verified_global'` reads, that the presence -> {mode, ageGroup, geohash} composite index exists, and that App Check (NEXT_PUBLIC_RECAPTCHA_SITE_KEY) is set on this client. Partner finder will be empty until fixed. FirebaseError: Missing or insufficient permissions. @ webpack-internal:///(app-pages-browser)/./node_modules/next/dist/client/app-index.js:32
[  139160ms] [ERROR] [useGroupPresence] discovery PERMISSION-DENIED. Check App Check (NEXT_PUBLIC_RECAPTCHA_SITE_KEY), Firestore rules on `presence` (ageGroup must match getUserAgeGroup(request.auth.uid)), and the presence -> {mode, ageGroup, geohash} composite index. FirebaseError: Missing or insufficient permissions. @ webpack-internal:///(app-pages-browser)/./node_modules/next/dist/client/app-index.js:32
[  139176ms] [ERROR] [usePartnerData] live presence listener PERMISSION-DENIED. Verify Firestore rules on /presence permit ageGroup-matched `mode == 'verified_global'` reads, that the presence -> {mode, ageGroup, geohash} composite index exists, and that App Check (NEXT_PUBLIC_RECAPTCHA_SITE_KEY) is set on this client. Partner finder will be empty until fixed. FirebaseError: Missing or insufficient permissions. @ webpack-internal:///(app-pages-browser)/./node_modules/next/dist/client/app-index.js:32
[  139176ms] [ERROR] [useGroupPresence] discovery PERMISSION-DENIED. Check App Check (NEXT_PUBLIC_RECAPTCHA_SITE_KEY), Firestore rules on `presence` (ageGroup must match getUserAgeGroup(request.auth.uid)), and the presence -> {mode, ageGroup, geohash} composite index. FirebaseError: Missing or insufficient permissions. @ webpack-internal:///(app-pages-browser)/./node_modules/next/dist/client/app-index.js:32
[  139177ms] [ERROR] [usePartnerData] live presence listener PERMISSION-DENIED. Verify Firestore rules on /presence permit ageGroup-matched `mode == 'verified_global'` reads, that the presence -> {mode, ageGroup, geohash} composite index exists, and that App Check (NEXT_PUBLIC_RECAPTCHA_SITE_KEY) is set on this client. Partner finder will be empty until fixed. FirebaseError: Missing or insufficient permissions. @ webpack-internal:///(app-pages-browser)/./node_modules/next/dist/client/app-index.js:32
[  139177ms] [ERROR] [useGroupPresence] discovery PERMISSION-DENIED. Check App Check (NEXT_PUBLIC_RECAPTCHA_SITE_KEY), Firestore rules on `presence` (ageGroup must match getUserAgeGroup(request.auth.uid)), and the presence -> {mode, ageGroup, geohash} composite index. FirebaseError: Missing or insufficient permissions. @ webpack-internal:///(app-pages-browser)/./node_modules/next/dist/client/app-index.js:32
[  139178ms] [ERROR] [usePartnerData] live presence listener PERMISSION-DENIED. Verify Firestore rules on /presence permit ageGroup-matched `mode == 'verified_global'` reads, that the presence -> {mode, ageGroup, geohash} composite index exists, and that App Check (NEXT_PUBLIC_RECAPTCHA_SITE_KEY) is set on this client. Partner finder will be empty until fixed. FirebaseError: Missing or insufficient permissions. @ webpack-internal:///(app-pages-browser)/./node_modules/next/dist/client/app-index.js:32
[  139178ms] [ERROR] [useGroupPresence] discovery PERMISSION-DENIED. Check App Check (NEXT_PUBLIC_RECAPTCHA_SITE_KEY), Firestore rules on `presence` (ageGroup must match getUserAgeGroup(request.auth.uid)), and the presence -> {mode, ageGroup, geohash} composite index. FirebaseError: Missing or insufficient permissions. @ webpack-internal:///(app-pages-browser)/./node_modules/next/dist/client/app-index.js:32
[  139184ms] [LOG] [useCommunityEnrichment] Events resolved: 0 routes with real events @ webpack-internal:///(app-pages-browser)/./src/features/parks/core/hooks/useCommunityEnrichment.ts:368
[  191660ms] [LOG] [ParkDetail] Park: V7aVC8sIVUNRnlQdT61C גן כושר החשמל - תל אביב | Events found: 0 [] @ webpack-internal:///(app-pages-browser)/./src/features/parks/client/components/park-detail/ParkDetailSheet.tsx:395
[  191876ms] [LOG] [ParkDetail] Park: V7aVC8sIVUNRnlQdT61C גן כושר החשמל - תל אביב | Events found: 0 [] @ webpack-internal:///(app-pages-browser)/./src/features/parks/client/components/park-detail/ParkDetailSheet.tsx:395
[  191911ms] [WARNING] [Contributions] Index not ready for park reviews, returning empty. @ webpack-internal:///(app-pages-browser)/./src/features/parks/core/services/contribution.service.ts:128
[  191922ms] [LOG] [useParkEvents] Groups resolved: 0 recurring sessions for park V7aVC8sIVUNRnlQdT61C @ webpack-internal:///(app-pages-browser)/./src/features/parks/core/hooks/useCommunityEnrichment.ts:616
[  191923ms] [LOG] [useParkEvents] Arrivals resolved: 0 personal arrivals for park V7aVC8sIVUNRnlQdT61C @ webpack-internal:///(app-pages-browser)/./src/features/parks/core/hooks/useCommunityEnrichment.ts:689
[  191926ms] [LOG] [ParkDetail] Park: V7aVC8sIVUNRnlQdT61C גן כושר החשמל - תל אביב | Events found: 0 [] @ webpack-internal:///(app-pages-browser)/./src/features/parks/client/components/park-detail/ParkDetailSheet.tsx:395
