[    2887ms] [ERROR] Access to manifest at 'https://vercel.com/sso-api?url=https%3A%2F%2Fout-run-bbbnmcpza-davids-projects-0d6e1f97.vercel.app%2Fmanifest.json&nonce=bdb140843bf1fcc433d8af3f973ddfb2960bb5310169af4ea860008ee99f73d0' (redirected from 'https://out-run-bbbnmcpza-davids-projects-0d6e1f97.vercel.app/manifest.json') from origin 'https://out-run-bbbnmcpza-davids-projects-0d6e1f97.vercel.app' has been blocked by CORS policy: No 'Access-Control-Allow-Origin' header is present on the requested resource. @ https://out-run-bbbnmcpza-davids-projects-0d6e1f97.vercel.app/gateway:0
[    2888ms] [ERROR] Failed to load resource: net::ERR_FAILED @ https://vercel.com/sso-api?url=https%3A%2F%2Fout-run-bbbnmcpza-davids-projects-0d6e1f97.vercel.app%2Fmanifest.json&nonce=bdb140843bf1fcc433d8af3f973ddfb2960bb5310169af4ea860008ee99f73d0:0
[    4340ms] [ERROR] Access to manifest at 'https://vercel.com/sso-api?url=https%3A%2F%2Fout-run-bbbnmcpza-davids-projects-0d6e1f97.vercel.app%2Fmanifest.json&nonce=5f33271a7414617800a0f146b227d6a94c8e877fea73c21d9b29ab3fde735586' (redirected from 'https://out-run-bbbnmcpza-davids-projects-0d6e1f97.vercel.app/manifest.json') from origin 'https://out-run-bbbnmcpza-davids-projects-0d6e1f97.vercel.app' has been blocked by CORS policy: No 'Access-Control-Allow-Origin' header is present on the requested resource. @ https://out-run-bbbnmcpza-davids-projects-0d6e1f97.vercel.app/gateway:0
[    4340ms] [ERROR] Failed to load resource: net::ERR_FAILED @ https://vercel.com/sso-api?url=https%3A%2F%2Fout-run-bbbnmcpza-davids-projects-0d6e1f97.vercel.app%2Fmanifest.json&nonce=5f33271a7414617800a0f146b227d6a94c8e877fea73c21d9b29ab3fde735586:0
[   11636ms] [WARNING] [2026-09-22T16:14:31.571Z]  @firebase/auth: Auth (12.6.0): Error while retrieving App Check token: FirebaseError: AppCheck: ReCAPTCHA error. (appCheck/recaptcha-error). @ https://out-run-bbbnmcpza-davids-projects-0d6e1f97.vercel.app/_next/static/chunks/2532-16f59635ee5a761a.js:14
[   12388ms] [WARNING] [2026-09-22T16:14:32.323Z]  @firebase/auth: Auth (12.6.0): Error while retrieving App Check token: FirebaseError: AppCheck: ReCAPTCHA error. (appCheck/recaptcha-error). @ https://out-run-bbbnmcpza-davids-projects-0d6e1f97.vercel.app/_next/static/chunks/2532-16f59635ee5a761a.js:14
[   31693ms] [INFO] [User Service] User TwQ8FhNLxuTy0djxwvpIYqlFneI2 has missing or empty equipment profile. This may affect Smart Swap functionality. Please update user equipment in the admin panel. @ https://out-run-bbbnmcpza-davids-projects-0d6e1f97.vercel.app/_next/static/chunks/9140-74b9d860149fe2f6.js:0
[   61278ms] [LOG] [DEBUG-PAGE] pathConfig.path: body_focus | categories passed to VisualSlider: [legs] | skipTier: true @ https://out-run-bbbnmcpza-davids-projects-0d6e1f97.vercel.app/_next/static/chunks/app/onboarding-new/assessment-visual/page-409b79241f638119.js:0
[   61426ms] [LOG] [DEBUG-RESOLVER] loadCategoryMap built: {human_flag: EtY8YCol0qpF6DzgcTx1, push: J0fLpmJhG0KDN2tQouxh, core: kDMpobbKsuVTByTIKUpe, pull: UPDBtTdCvX748dtBlWYj, one_arm_pullup: cC0BOmm6KIqYAyQynEIo} @ https://out-run-bbbnmcpza-davids-projects-0d6e1f97.vercel.app/_next/static/chunks/5677-4be607b14232c144.js:0
[   61426ms] [LOG] [DEBUG-RESOLVER] Incoming Category: legs Resolved Candidate IDs: [legs, OrAmOH3F375dVio5yGdU] @ https://out-run-bbbnmcpza-davids-projects-0d6e1f97.vercel.app/_next/static/chunks/5677-4be607b14232c144.js:0
[   61427ms] [LOG] [DEBUG-PAGE] pathConfig.path: body_focus | categories passed to VisualSlider: [legs] | skipTier: true @ https://out-run-bbbnmcpza-davids-projects-0d6e1f97.vercel.app/_next/static/chunks/app/onboarding-new/assessment-visual/page-409b79241f638119.js:0
[   61428ms] [LOG] [DEBUG-RESOLVER] Incoming Category: legs Resolved Candidate IDs: [legs, OrAmOH3F375dVio5yGdU] @ https://out-run-bbbnmcpza-davids-projects-0d6e1f97.vercel.app/_next/static/chunks/5677-4be607b14232c144.js:0
[   61585ms] [LOG] [DEBUG-FIRESTORE] Querying IDs: [legs, OrAmOH3F375dVio5yGdU] Snapshot size returned: 15 @ https://out-run-bbbnmcpza-davids-projects-0d6e1f97.vercel.app/_next/static/chunks/5677-4be607b14232c144.js:0
[   61585ms] [LOG] [DEBUG-FIRESTORE] showInOnboarding=true levels: [1, 3, 6, 8, 10, 12] (6 total) @ https://out-run-bbbnmcpza-davids-projects-0d6e1f97.vercel.app/_next/static/chunks/5677-4be607b14232c144.js:0
[   61585ms] [LOG] [DEBUG-RESOLVER] Final onboarding levels for "legs": [1, 3, 6, 8, 10, 12] (6 total) @ https://out-run-bbbnmcpza-davids-projects-0d6e1f97.vercel.app/_next/static/chunks/5677-4be607b14232c144.js:0
[   61585ms] [LOG] [DEBUG-RESOLVER] resolveContent("legs", 1) → programId="OrAmOH3F375dVio5yGdU" @ https://out-run-bbbnmcpza-davids-projects-0d6e1f97.vercel.app/_next/static/chunks/5677-4be607b14232c144.js:0
[   61585ms] [LOG] [DEBUG-RESOLVER] resolveContent("legs", 3) → programId="OrAmOH3F375dVio5yGdU" @ https://out-run-bbbnmcpza-davids-projects-0d6e1f97.vercel.app/_next/static/chunks/5677-4be607b14232c144.js:0
[   61585ms] [LOG] [DEBUG-FIRESTORE] Querying IDs: [legs, OrAmOH3F375dVio5yGdU] Snapshot size returned: 15 @ https://out-run-bbbnmcpza-davids-projects-0d6e1f97.vercel.app/_next/static/chunks/5677-4be607b14232c144.js:0
[   61585ms] [LOG] [DEBUG-FIRESTORE] showInOnboarding=true levels: [1, 3, 6, 8, 10, 12] (6 total) @ https://out-run-bbbnmcpza-davids-projects-0d6e1f97.vercel.app/_next/static/chunks/5677-4be607b14232c144.js:0
[   61585ms] [LOG] [DEBUG-RESOLVER] Final onboarding levels for "legs": [1, 3, 6, 8, 10, 12] (6 total) @ https://out-run-bbbnmcpza-davids-projects-0d6e1f97.vercel.app/_next/static/chunks/5677-4be607b14232c144.js:0
[   61585ms] [LOG] [DEBUG-RESOLVER] resolveContent("legs", 1) → programId="OrAmOH3F375dVio5yGdU" @ https://out-run-bbbnmcpza-davids-projects-0d6e1f97.vercel.app/_next/static/chunks/5677-4be607b14232c144.js:0
[   61585ms] [LOG] [DEBUG-RESOLVER] resolveContent("legs", 3) → programId="OrAmOH3F375dVio5yGdU" @ https://out-run-bbbnmcpza-davids-projects-0d6e1f97.vercel.app/_next/static/chunks/5677-4be607b14232c144.js:0
[   61728ms] [LOG] [VisualContentService] docToContent "OrAmOH3F375dVio5yGdU_1": {hasVideoVariantsField: true, hasVariantsField: false, rawType: array[0], parsedVariantsCount: 0, allTopLevelKeys: Array(14)} @ https://out-run-bbbnmcpza-davids-projects-0d6e1f97.vercel.app/_next/static/chunks/5677-4be607b14232c144.js:0
[   61728ms] [LOG] [DEBUG-RESOLVER] attempt1 getVisualContentItem("OrAmOH3F375dVio5yGdU", 1) → FOUND @ https://out-run-bbbnmcpza-davids-projects-0d6e1f97.vercel.app/_next/static/chunks/5677-4be607b14232c144.js:0
[   61728ms] [LOG] [VisualContentService] docToContent "OrAmOH3F375dVio5yGdU_1": {hasVideoVariantsField: true, hasVariantsField: false, rawType: array[0], parsedVariantsCount: 0, allTopLevelKeys: Array(14)} @ https://out-run-bbbnmcpza-davids-projects-0d6e1f97.vercel.app/_next/static/chunks/5677-4be607b14232c144.js:0
[   61728ms] [LOG] [DEBUG-RESOLVER] attempt1 getVisualContentItem("OrAmOH3F375dVio5yGdU", 1) → FOUND @ https://out-run-bbbnmcpza-davids-projects-0d6e1f97.vercel.app/_next/static/chunks/5677-4be607b14232c144.js:0
[   61728ms] [LOG] [VisualContentService] docToContent "OrAmOH3F375dVio5yGdU_3": {hasVideoVariantsField: true, hasVariantsField: false, rawType: array[0], parsedVariantsCount: 0, allTopLevelKeys: Array(12)} @ https://out-run-bbbnmcpza-davids-projects-0d6e1f97.vercel.app/_next/static/chunks/5677-4be607b14232c144.js:0
[   61728ms] [LOG] [DEBUG-RESOLVER] attempt1 getVisualContentItem("OrAmOH3F375dVio5yGdU", 3) → FOUND @ https://out-run-bbbnmcpza-davids-projects-0d6e1f97.vercel.app/_next/static/chunks/5677-4be607b14232c144.js:0
[   61728ms] [LOG] [VisualContentService] docToContent "OrAmOH3F375dVio5yGdU_3": {hasVideoVariantsField: true, hasVariantsField: false, rawType: array[0], parsedVariantsCount: 0, allTopLevelKeys: Array(12)} @ https://out-run-bbbnmcpza-davids-projects-0d6e1f97.vercel.app/_next/static/chunks/5677-4be607b14232c144.js:0
[   61728ms] [LOG] [DEBUG-RESOLVER] attempt1 getVisualContentItem("OrAmOH3F375dVio5yGdU", 3) → FOUND @ https://out-run-bbbnmcpza-davids-projects-0d6e1f97.vercel.app/_next/static/chunks/5677-4be607b14232c144.js:0
[   62058ms] [LOG] [ContentResolver] Level 1 — exercise video resolved: "סקוואט טווח חלקי (להגבהה)" → https://vz-b17872ab-7a7.b-cdn.net/8286f82c-fdf8-4f05-8961-a0… @ https://out-run-bbbnmcpza-davids-projects-0d6e1f97.vercel.app/_next/static/chunks/5677-4be607b14232c144.js:0
[   62059ms] [LOG] [ContentResolver] Level 1 — exercise video resolved: "סקוואט טווח חלקי (להגבהה)" → https://vz-b17872ab-7a7.b-cdn.net/8286f82c-fdf8-4f05-8961-a0… @ https://out-run-bbbnmcpza-davids-projects-0d6e1f97.vercel.app/_next/static/chunks/5677-4be607b14232c144.js:0
[   62059ms] [LOG] [ContentResolver] Level 3 — exercise video resolved: "סקוואט קפיצה" → https://vz-b17872ab-7a7.b-cdn.net/57d8348b-3788-4dd1-880a-8b… @ https://out-run-bbbnmcpza-davids-projects-0d6e1f97.vercel.app/_next/static/chunks/5677-4be607b14232c144.js:0
[   62059ms] [LOG] [ContentResolver] Level 3 — exercise video resolved: "סקוואט קפיצה" → https://vz-b17872ab-7a7.b-cdn.net/57d8348b-3788-4dd1-880a-8b… @ https://out-run-bbbnmcpza-davids-projects-0d6e1f97.vercel.app/_next/static/chunks/5677-4be607b14232c144.js:0
[   79220ms] [LOG] [DEBUG-RESOLVER] Incoming Category: legs Resolved Candidate IDs: [legs, OrAmOH3F375dVio5yGdU] @ https://out-run-bbbnmcpza-davids-projects-0d6e1f97.vercel.app/_next/static/chunks/5677-4be607b14232c144.js:0
[   79431ms] [LOG] [DEBUG-FIRESTORE] Querying IDs: [legs, OrAmOH3F375dVio5yGdU] Snapshot size returned: 15 @ https://out-run-bbbnmcpza-davids-projects-0d6e1f97.vercel.app/_next/static/chunks/5677-4be607b14232c144.js:0
[   79431ms] [LOG] [DEBUG-FIRESTORE] showInOnboarding=true levels: [1, 3, 6, 8, 10, 12] (6 total) @ https://out-run-bbbnmcpza-davids-projects-0d6e1f97.vercel.app/_next/static/chunks/5677-4be607b14232c144.js:0
[   79431ms] [LOG] [DEBUG-RESOLVER] Final onboarding levels for "legs": [1, 3, 6, 8, 10, 12] (6 total) @ https://out-run-bbbnmcpza-davids-projects-0d6e1f97.vercel.app/_next/static/chunks/5677-4be607b14232c144.js:0
[   79433ms] [LOG] [DEBUG-COVERFLOW] Initial positioning effect scheduled: {steps: Array(6), selectedIndex: 0, displayIndex: 5} @ https://out-run-bbbnmcpza-davids-projects-0d6e1f97.vercel.app/_next/static/chunks/5677-4be607b14232c144.js:0
[   79433ms] [LOG] [DEBUG-COVERFLOW] Load-content-on-mount: {category: legs, isSimple: true, steps: Array(6), sv: 0, realLvl: 1} @ https://out-run-bbbnmcpza-davids-projects-0d6e1f97.vercel.app/_next/static/chunks/5677-4be607b14232c144.js:0
[   79434ms] [LOG] [DEBUG-RESOLVER] resolveContent("legs", 1) → programId="OrAmOH3F375dVio5yGdU" @ https://out-run-bbbnmcpza-davids-projects-0d6e1f97.vercel.app/_next/static/chunks/5677-4be607b14232c144.js:0
[   79434ms] [LOG] [DEBUG-RESOLVER] resolveContent("legs", 3) → programId="OrAmOH3F375dVio5yGdU" @ https://out-run-bbbnmcpza-davids-projects-0d6e1f97.vercel.app/_next/static/chunks/5677-4be607b14232c144.js:0
[   79434ms] [LOG] [DEBUG-RESOLVER] resolveContent("legs", 6) → programId="OrAmOH3F375dVio5yGdU" @ https://out-run-bbbnmcpza-davids-projects-0d6e1f97.vercel.app/_next/static/chunks/5677-4be607b14232c144.js:0
[   79434ms] [LOG] [DEBUG-RESOLVER] resolveContent("legs", 8) → programId="OrAmOH3F375dVio5yGdU" @ https://out-run-bbbnmcpza-davids-projects-0d6e1f97.vercel.app/_next/static/chunks/5677-4be607b14232c144.js:0
[   79434ms] [LOG] [DEBUG-RESOLVER] resolveContent("legs", 10) → programId="OrAmOH3F375dVio5yGdU" @ https://out-run-bbbnmcpza-davids-projects-0d6e1f97.vercel.app/_next/static/chunks/5677-4be607b14232c144.js:0
[   79434ms] [LOG] [DEBUG-RESOLVER] resolveContent("legs", 12) → programId="OrAmOH3F375dVio5yGdU" @ https://out-run-bbbnmcpza-davids-projects-0d6e1f97.vercel.app/_next/static/chunks/5677-4be607b14232c144.js:0
[   79434ms] [LOG] [DEBUG-RESOLVER] resolveContent("legs", 1) → programId="OrAmOH3F375dVio5yGdU" @ https://out-run-bbbnmcpza-davids-projects-0d6e1f97.vercel.app/_next/static/chunks/5677-4be607b14232c144.js:0
[   79434ms] [LOG] [DEBUG-RESOLVER] resolveContent("legs", 2) → programId="OrAmOH3F375dVio5yGdU" @ https://out-run-bbbnmcpza-davids-projects-0d6e1f97.vercel.app/_next/static/chunks/5677-4be607b14232c144.js:0
[   79434ms] [LOG] [DEBUG-RESOLVER] resolveContent("legs", 2) → programId="OrAmOH3F375dVio5yGdU" @ https://out-run-bbbnmcpza-davids-projects-0d6e1f97.vercel.app/_next/static/chunks/5677-4be607b14232c144.js:0
[   79436ms] [LOG] [DEBUG-COVERFLOW] settleScroll: {suppressed: false} @ https://out-run-bbbnmcpza-davids-projects-0d6e1f97.vercel.app/_next/static/chunks/5677-4be607b14232c144.js:0
[   79436ms] [LOG] [DEBUG-COVERFLOW] emitFromScroll: {displayIdx: 0, idx: 5, lastEmitted: null, scrollLeft: 46} @ https://out-run-bbbnmcpza-davids-projects-0d6e1f97.vercel.app/_next/static/chunks/5677-4be607b14232c144.js:0
[   79438ms] [LOG] [DEBUG-COVERFLOW] Initial positioning rAF firing: {selectedIndex: 0, displayIndex: 5} @ https://out-run-bbbnmcpza-davids-projects-0d6e1f97.vercel.app/_next/static/chunks/5677-4be607b14232c144.js:0
[   79449ms] [LOG] [DEBUG-COVERFLOW] settleScroll: {suppressed: true} @ https://out-run-bbbnmcpza-davids-projects-0d6e1f97.vercel.app/_next/static/chunks/5677-4be607b14232c144.js:0
[   79602ms] [LOG] [VisualContentService] docToContent "OrAmOH3F375dVio5yGdU_6": {hasVideoVariantsField: true, hasVariantsField: false, rawType: array[0], parsedVariantsCount: 0, allTopLevelKeys: Array(14)} @ https://out-run-bbbnmcpza-davids-projects-0d6e1f97.vercel.app/_next/static/chunks/5677-4be607b14232c144.js:0
[   79602ms] [LOG] [DEBUG-RESOLVER] attempt1 getVisualContentItem("OrAmOH3F375dVio5yGdU", 6) → FOUND @ https://out-run-bbbnmcpza-davids-projects-0d6e1f97.vercel.app/_next/static/chunks/5677-4be607b14232c144.js:0
[   79602ms] [LOG] [VisualContentService] docToContent "OrAmOH3F375dVio5yGdU_8": {hasVideoVariantsField: true, hasVariantsField: false, rawType: array[0], parsedVariantsCount: 0, allTopLevelKeys: Array(14)} @ https://out-run-bbbnmcpza-davids-projects-0d6e1f97.vercel.app/_next/static/chunks/5677-4be607b14232c144.js:0
[   79602ms] [LOG] [DEBUG-RESOLVER] attempt1 getVisualContentItem("OrAmOH3F375dVio5yGdU", 8) → FOUND @ https://out-run-bbbnmcpza-davids-projects-0d6e1f97.vercel.app/_next/static/chunks/5677-4be607b14232c144.js:0
[   79602ms] [LOG] [VisualContentService] docToContent "OrAmOH3F375dVio5yGdU_10": {hasVideoVariantsField: true, hasVariantsField: false, rawType: array[0], parsedVariantsCount: 0, allTopLevelKeys: Array(14)} @ https://out-run-bbbnmcpza-davids-projects-0d6e1f97.vercel.app/_next/static/chunks/5677-4be607b14232c144.js:0
[   79602ms] [LOG] [DEBUG-RESOLVER] attempt1 getVisualContentItem("OrAmOH3F375dVio5yGdU", 10) → FOUND @ https://out-run-bbbnmcpza-davids-projects-0d6e1f97.vercel.app/_next/static/chunks/5677-4be607b14232c144.js:0
[   79646ms] [LOG] [VisualContentService] docToContent "OrAmOH3F375dVio5yGdU_12": {hasVideoVariantsField: true, hasVariantsField: false, rawType: array[0], parsedVariantsCount: 0, allTopLevelKeys: Array(14)} @ https://out-run-bbbnmcpza-davids-projects-0d6e1f97.vercel.app/_next/static/chunks/5677-4be607b14232c144.js:0
[   79646ms] [LOG] [DEBUG-RESOLVER] attempt1 getVisualContentItem("OrAmOH3F375dVio5yGdU", 12) → FOUND @ https://out-run-bbbnmcpza-davids-projects-0d6e1f97.vercel.app/_next/static/chunks/5677-4be607b14232c144.js:0
[   79646ms] [LOG] [VisualContentService] docToContent "OrAmOH3F375dVio5yGdU_2": {hasVideoVariantsField: true, hasVariantsField: false, rawType: array[0], parsedVariantsCount: 0, allTopLevelKeys: Array(12)} @ https://out-run-bbbnmcpza-davids-projects-0d6e1f97.vercel.app/_next/static/chunks/5677-4be607b14232c144.js:0
[   79646ms] [LOG] [DEBUG-RESOLVER] attempt1 getVisualContentItem("OrAmOH3F375dVio5yGdU", 2) → FOUND @ https://out-run-bbbnmcpza-davids-projects-0d6e1f97.vercel.app/_next/static/chunks/5677-4be607b14232c144.js:0
[   79646ms] [LOG] [VisualContentService] docToContent "OrAmOH3F375dVio5yGdU_2": {hasVideoVariantsField: true, hasVariantsField: false, rawType: array[0], parsedVariantsCount: 0, allTopLevelKeys: Array(12)} @ https://out-run-bbbnmcpza-davids-projects-0d6e1f97.vercel.app/_next/static/chunks/5677-4be607b14232c144.js:0
[   79646ms] [LOG] [DEBUG-RESOLVER] attempt1 getVisualContentItem("OrAmOH3F375dVio5yGdU", 2) → FOUND @ https://out-run-bbbnmcpza-davids-projects-0d6e1f97.vercel.app/_next/static/chunks/5677-4be607b14232c144.js:0
[   79738ms] [LOG] [DEBUG-RESOLVER] resolveContent("legs", 12) → programId="OrAmOH3F375dVio5yGdU" @ https://out-run-bbbnmcpza-davids-projects-0d6e1f97.vercel.app/_next/static/chunks/5677-4be607b14232c144.js:0
[   79749ms] [LOG] [ContentResolver] Level 6 — exercise video resolved: "פיסטול סקוואט טווח חלקי (להגבהה)" → https://vz-b17872ab-7a7.b-cdn.net/de775009-ca63-44c7-b2ab-fa… @ https://out-run-bbbnmcpza-davids-projects-0d6e1f97.vercel.app/_next/static/chunks/5677-4be607b14232c144.js:0
[   79753ms] [LOG] [ContentResolver] Level 8 — exercise video resolved: "סקוואט קשתים" → https://vz-b17872ab-7a7.b-cdn.net/65426bb8-991f-450e-b85a-22… @ https://out-run-bbbnmcpza-davids-projects-0d6e1f97.vercel.app/_next/static/chunks/5677-4be607b14232c144.js:0
[   79753ms] [LOG] [ContentResolver] Level 10 — exercise video resolved: "פיסטול סקוואט" → https://vz-b17872ab-7a7.b-cdn.net/c51ca5b7-c182-4fec-9dbe-d5… @ https://out-run-bbbnmcpza-davids-projects-0d6e1f97.vercel.app/_next/static/chunks/5677-4be607b14232c144.js:0
[   79810ms] [LOG] [ContentResolver] Level 12 — exercise video resolved: "דרגון סקוואט" → https://vz-b17872ab-7a7.b-cdn.net/1b85355d-ea49-485c-8103-c5… @ https://out-run-bbbnmcpza-davids-projects-0d6e1f97.vercel.app/_next/static/chunks/5677-4be607b14232c144.js:0
[   79810ms] [LOG] [ContentResolver] Level 2 — exercise video resolved: "היפ טראסט רגל אחת" → https://vz-b17872ab-7a7.b-cdn.net/cf09b02d-edd1-434e-8be6-36… @ https://out-run-bbbnmcpza-davids-projects-0d6e1f97.vercel.app/_next/static/chunks/5677-4be607b14232c144.js:0
[   79810ms] [LOG] [ContentResolver] Level 2 — exercise video resolved: "היפ טראסט רגל אחת" → https://vz-b17872ab-7a7.b-cdn.net/cf09b02d-edd1-434e-8be6-36… @ https://out-run-bbbnmcpza-davids-projects-0d6e1f97.vercel.app/_next/static/chunks/5677-4be607b14232c144.js:0
[   79856ms] [LOG] [VisualContentService] docToContent "OrAmOH3F375dVio5yGdU_12": {hasVideoVariantsField: true, hasVariantsField: false, rawType: array[0], parsedVariantsCount: 0, allTopLevelKeys: Array(14)} @ https://out-run-bbbnmcpza-davids-projects-0d6e1f97.vercel.app/_next/static/chunks/5677-4be607b14232c144.js:0
[   79856ms] [LOG] [DEBUG-RESOLVER] attempt1 getVisualContentItem("OrAmOH3F375dVio5yGdU", 12) → FOUND @ https://out-run-bbbnmcpza-davids-projects-0d6e1f97.vercel.app/_next/static/chunks/5677-4be607b14232c144.js:0
[   79975ms] [LOG] [ContentResolver] Level 12 — exercise video resolved: "דרגון סקוואט" → https://vz-b17872ab-7a7.b-cdn.net/1b85355d-ea49-485c-8103-c5… @ https://out-run-bbbnmcpza-davids-projects-0d6e1f97.vercel.app/_next/static/chunks/5677-4be607b14232c144.js:0
[   79975ms] [LOG] [DEBUG-RESOLVER] resolveContent("legs", 11) → programId="OrAmOH3F375dVio5yGdU" @ https://out-run-bbbnmcpza-davids-projects-0d6e1f97.vercel.app/_next/static/chunks/5677-4be607b14232c144.js:0
[   79975ms] [LOG] [DEBUG-RESOLVER] resolveContent("legs", 13) → programId="OrAmOH3F375dVio5yGdU" @ https://out-run-bbbnmcpza-davids-projects-0d6e1f97.vercel.app/_next/static/chunks/5677-4be607b14232c144.js:0
[   79975ms] [LOG] [DEBUG-RESOLVER] resolveContent("legs", 13) → programId="OrAmOH3F375dVio5yGdU" @ https://out-run-bbbnmcpza-davids-projects-0d6e1f97.vercel.app/_next/static/chunks/5677-4be607b14232c144.js:0
[   79983ms] [LOG] [DEBUG-COVERFLOW] settleScroll: {suppressed: false} @ https://out-run-bbbnmcpza-davids-projects-0d6e1f97.vercel.app/_next/static/chunks/5677-4be607b14232c144.js:0
[   79983ms] [LOG] [DEBUG-COVERFLOW] emitFromScroll: {displayIdx: 0, idx: 5, lastEmitted: 5, scrollLeft: 46} @ https://out-run-bbbnmcpza-davids-projects-0d6e1f97.vercel.app/_next/static/chunks/5677-4be607b14232c144.js:0
[   80185ms] [LOG] [VisualContentService] docToContent "OrAmOH3F375dVio5yGdU_11": {hasVideoVariantsField: true, hasVariantsField: false, rawType: array[0], parsedVariantsCount: 0, allTopLevelKeys: Array(14)} @ https://out-run-bbbnmcpza-davids-projects-0d6e1f97.vercel.app/_next/static/chunks/5677-4be607b14232c144.js:0
[   80185ms] [LOG] [DEBUG-RESOLVER] attempt1 getVisualContentItem("OrAmOH3F375dVio5yGdU", 11) → FOUND @ https://out-run-bbbnmcpza-davids-projects-0d6e1f97.vercel.app/_next/static/chunks/5677-4be607b14232c144.js:0
[   80186ms] [LOG] [VisualContentService] docToContent "OrAmOH3F375dVio5yGdU_13": {hasVideoVariantsField: true, hasVariantsField: false, rawType: array[0], parsedVariantsCount: 0, allTopLevelKeys: Array(14)} @ https://out-run-bbbnmcpza-davids-projects-0d6e1f97.vercel.app/_next/static/chunks/5677-4be607b14232c144.js:0
[   80186ms] [LOG] [DEBUG-RESOLVER] attempt1 getVisualContentItem("OrAmOH3F375dVio5yGdU", 13) → FOUND @ https://out-run-bbbnmcpza-davids-projects-0d6e1f97.vercel.app/_next/static/chunks/5677-4be607b14232c144.js:0
[   80186ms] [LOG] [VisualContentService] docToContent "OrAmOH3F375dVio5yGdU_13": {hasVideoVariantsField: true, hasVariantsField: false, rawType: array[0], parsedVariantsCount: 0, allTopLevelKeys: Array(14)} @ https://out-run-bbbnmcpza-davids-projects-0d6e1f97.vercel.app/_next/static/chunks/5677-4be607b14232c144.js:0
[   80186ms] [LOG] [DEBUG-RESOLVER] attempt1 getVisualContentItem("OrAmOH3F375dVio5yGdU", 13) → FOUND @ https://out-run-bbbnmcpza-davids-projects-0d6e1f97.vercel.app/_next/static/chunks/5677-4be607b14232c144.js:0
[   80329ms] [LOG] [ContentResolver] Level 11 — exercise video resolved: "סיסי סקוואט" → https://vz-b17872ab-7a7.b-cdn.net/c8b3ed8c-7106-4f00-b2ab-35… @ https://out-run-bbbnmcpza-davids-projects-0d6e1f97.vercel.app/_next/static/chunks/5677-4be607b14232c144.js:0
[   80329ms] [LOG] [ContentResolver] Level 13 — exercise video resolved: "כפיפת נורדיק" → https://vz-b17872ab-7a7.b-cdn.net/abbdac97-8426-4e04-90c7-09… @ https://out-run-bbbnmcpza-davids-projects-0d6e1f97.vercel.app/_next/static/chunks/5677-4be607b14232c144.js:0
[   80329ms] [LOG] [ContentResolver] Level 13 — exercise video resolved: "כפיפת נורדיק" → https://vz-b17872ab-7a7.b-cdn.net/abbdac97-8426-4e04-90c7-09… @ https://out-run-bbbnmcpza-davids-projects-0d6e1f97.vercel.app/_next/static/chunks/5677-4be607b14232c144.js:0
