[     636ms] [WARNING] [2026-09-24T18:54:59.140Z]  @firebase/auth: Auth (12.6.0): Error while retrieving App Check token: FirebaseError: AppCheck: ReCAPTCHA error. (appCheck/recaptcha-error). @ https://outrun.co.il/_next/static/chunks/2532-16f59635ee5a761a.js:14
[   20905ms] [LOG] [DEBUG-RESOLVER] Incoming Category: muscle_up Resolved Candidate IDs: [muscle_up, fTLWzjP9gH2VNpamyCZF] @ https://outrun.co.il/_next/static/chunks/2390-dc57abc8d12f6b2f.js:0
[   21177ms] [LOG] [DEBUG-RESOLVER] loadCategoryMap built: {human_flag: EtY8YCol0qpF6DzgcTx1, push: J0fLpmJhG0KDN2tQouxh, core: kDMpobbKsuVTByTIKUpe, pull: UPDBtTdCvX748dtBlWYj, one_arm_pullup: cC0BOmm6KIqYAyQynEIo} @ https://outrun.co.il/_next/static/chunks/2390-dc57abc8d12f6b2f.js:0
[   21177ms] [LOG] [DEBUG-RESOLVER] Incoming Category: front_lever Resolved Candidate IDs: [front_lever, mFcuYlNgKXLqWVUFo0zt] @ https://outrun.co.il/_next/static/chunks/2390-dc57abc8d12f6b2f.js:0
[   21177ms] [LOG] [DEBUG-RESOLVER] loadCategoryMap built: {human_flag: EtY8YCol0qpF6DzgcTx1, push: J0fLpmJhG0KDN2tQouxh, core: kDMpobbKsuVTByTIKUpe, pull: UPDBtTdCvX748dtBlWYj, one_arm_pullup: cC0BOmm6KIqYAyQynEIo} @ https://outrun.co.il/_next/static/chunks/2390-dc57abc8d12f6b2f.js:0
[   21177ms] [LOG] [DEBUG-RESOLVER] Incoming Category: planche Resolved Candidate IDs: [planche, pCI5NHXpowu2ySucqDn8] @ https://outrun.co.il/_next/static/chunks/2390-dc57abc8d12f6b2f.js:0
[   21177ms] [LOG] [DEBUG-RESOLVER] loadCategoryMap built: {human_flag: EtY8YCol0qpF6DzgcTx1, push: J0fLpmJhG0KDN2tQouxh, core: kDMpobbKsuVTByTIKUpe, pull: UPDBtTdCvX748dtBlWYj, one_arm_pullup: cC0BOmm6KIqYAyQynEIo} @ https://outrun.co.il/_next/static/chunks/2390-dc57abc8d12f6b2f.js:0
[   21177ms] [LOG] [DEBUG-RESOLVER] Incoming Category: handstand Resolved Candidate IDs: [handstand, IOfBZFeorTTDkcz3tOA6] @ https://outrun.co.il/_next/static/chunks/2390-dc57abc8d12f6b2f.js:0
[   21177ms] [LOG] [DEBUG-RESOLVER] loadCategoryMap built: {human_flag: EtY8YCol0qpF6DzgcTx1, push: J0fLpmJhG0KDN2tQouxh, core: kDMpobbKsuVTByTIKUpe, pull: UPDBtTdCvX748dtBlWYj, one_arm_pullup: cC0BOmm6KIqYAyQynEIo} @ https://outrun.co.il/_next/static/chunks/2390-dc57abc8d12f6b2f.js:0
[   21177ms] [LOG] [DEBUG-RESOLVER] Incoming Category: hspu Resolved Candidate IDs: [hspu, PAxprHuT7HjqrWU4wl0T] @ https://outrun.co.il/_next/static/chunks/2390-dc57abc8d12f6b2f.js:0
[   21178ms] [LOG] [DEBUG-RESOLVER] loadCategoryMap built: {human_flag: EtY8YCol0qpF6DzgcTx1, push: J0fLpmJhG0KDN2tQouxh, core: kDMpobbKsuVTByTIKUpe, pull: UPDBtTdCvX748dtBlWYj, one_arm_pullup: cC0BOmm6KIqYAyQynEIo} @ https://outrun.co.il/_next/static/chunks/2390-dc57abc8d12f6b2f.js:0
[   21178ms] [LOG] [DEBUG-RESOLVER] Incoming Category: one_arm_pullup Resolved Candidate IDs: [one_arm_pullup, cC0BOmm6KIqYAyQynEIo] @ https://outrun.co.il/_next/static/chunks/2390-dc57abc8d12f6b2f.js:0
[   21178ms] [LOG] [DEBUG-FIRESTORE] Querying IDs: [muscle_up, fTLWzjP9gH2VNpamyCZF] Snapshot size returned: 0 @ https://outrun.co.il/_next/static/chunks/2390-dc57abc8d12f6b2f.js:0
[   21178ms] [LOG] [DEBUG-FIRESTORE] showInOnboarding=true levels: [] (0 total) @ https://outrun.co.il/_next/static/chunks/2390-dc57abc8d12f6b2f.js:0
[   21178ms] [LOG] [DEBUG-RESOLVER] Final onboarding levels for "muscle_up": [] (0 total) @ https://outrun.co.il/_next/static/chunks/2390-dc57abc8d12f6b2f.js:0
[   23009ms] [LOG] [DEBUG-FIRESTORE] Querying IDs: [front_lever, mFcuYlNgKXLqWVUFo0zt] Snapshot size returned: 15 @ https://outrun.co.il/_next/static/chunks/2390-dc57abc8d12f6b2f.js:0
[   23010ms] [LOG] [DEBUG-FIRESTORE] showInOnboarding=true levels: [1, 3, 5, 7, 9, 11, 13] (7 total) @ https://outrun.co.il/_next/static/chunks/2390-dc57abc8d12f6b2f.js:0
[   23010ms] [LOG] [DEBUG-RESOLVER] Final onboarding levels for "front_lever": [1, 3, 5, 7, 9, 11, 13] (7 total) @ https://outrun.co.il/_next/static/chunks/2390-dc57abc8d12f6b2f.js:0
[   23010ms] [LOG] [DEBUG-FIRESTORE] Querying IDs: [planche, pCI5NHXpowu2ySucqDn8] Snapshot size returned: 15 @ https://outrun.co.il/_next/static/chunks/2390-dc57abc8d12f6b2f.js:0
[   23010ms] [LOG] [DEBUG-FIRESTORE] showInOnboarding=true levels: [1, 3, 5, 7, 10, 12, 13, 14, 15] (9 total) @ https://outrun.co.il/_next/static/chunks/2390-dc57abc8d12f6b2f.js:0
[   23010ms] [LOG] [DEBUG-RESOLVER] Final onboarding levels for "planche": [1, 3, 5, 7, 10, 12, 13, 14, 15] (9 total) @ https://outrun.co.il/_next/static/chunks/2390-dc57abc8d12f6b2f.js:0
[   23010ms] [LOG] [DEBUG-FIRESTORE] Querying IDs: [handstand, IOfBZFeorTTDkcz3tOA6] Snapshot size returned: 15 @ https://outrun.co.il/_next/static/chunks/2390-dc57abc8d12f6b2f.js:0
[   23010ms] [LOG] [DEBUG-FIRESTORE] showInOnboarding=true levels: [] (0 total) @ https://outrun.co.il/_next/static/chunks/2390-dc57abc8d12f6b2f.js:0
[   23010ms] [LOG] [DEBUG-RESOLVER] Final onboarding levels for "handstand": [] (0 total) @ https://outrun.co.il/_next/static/chunks/2390-dc57abc8d12f6b2f.js:0
[   23011ms] [LOG] [DEBUG-FIRESTORE] Querying IDs: [hspu, PAxprHuT7HjqrWU4wl0T] Snapshot size returned: 15 @ https://outrun.co.il/_next/static/chunks/2390-dc57abc8d12f6b2f.js:0
[   23011ms] [LOG] [DEBUG-FIRESTORE] showInOnboarding=true levels: [1, 3, 6, 8, 9, 10, 11, 12, 13, 14, 15] (11 total) @ https://outrun.co.il/_next/static/chunks/2390-dc57abc8d12f6b2f.js:0
[   23011ms] [LOG] [DEBUG-RESOLVER] Final onboarding levels for "hspu": [1, 3, 6, 8, 9, 10, 11, 12, 13, 14, 15] (11 total) @ https://outrun.co.il/_next/static/chunks/2390-dc57abc8d12f6b2f.js:0
[   23011ms] [LOG] [DEBUG-FIRESTORE] Querying IDs: [one_arm_pullup, cC0BOmm6KIqYAyQynEIo] Snapshot size returned: 15 @ https://outrun.co.il/_next/static/chunks/2390-dc57abc8d12f6b2f.js:0
[   23011ms] [LOG] [DEBUG-FIRESTORE] showInOnboarding=true levels: [1, 4, 6, 7, 8, 10, 11, 13] (8 total) @ https://outrun.co.il/_next/static/chunks/2390-dc57abc8d12f6b2f.js:0
[   23011ms] [LOG] [DEBUG-RESOLVER] Final onboarding levels for "one_arm_pullup": [1, 4, 6, 7, 8, 10, 11, 13] (8 total) @ https://outrun.co.il/_next/static/chunks/2390-dc57abc8d12f6b2f.js:0
[   44777ms] [LOG] [DEBUG-PAGE] pathConfig.path: health | categories passed to VisualSlider: [push, pull, legs, core] | skipTier: true @ https://outrun.co.il/_next/static/chunks/app/onboarding-new/assessment-visual/page-dea2a20291a856c2.js:0
[   45109ms] [LOG] [DEBUG-RESOLVER] loadCategoryMap built: {human_flag: EtY8YCol0qpF6DzgcTx1, push: J0fLpmJhG0KDN2tQouxh, core: kDMpobbKsuVTByTIKUpe, pull: UPDBtTdCvX748dtBlWYj, one_arm_pullup: cC0BOmm6KIqYAyQynEIo} @ https://outrun.co.il/_next/static/chunks/2390-dc57abc8d12f6b2f.js:0
[   45109ms] [LOG] [DEBUG-RESOLVER] Incoming Category: push Resolved Candidate IDs: [push, J0fLpmJhG0KDN2tQouxh] @ https://outrun.co.il/_next/static/chunks/2390-dc57abc8d12f6b2f.js:0
[   45110ms] [LOG] [DEBUG-RESOLVER] loadCategoryMap built: {human_flag: EtY8YCol0qpF6DzgcTx1, push: J0fLpmJhG0KDN2tQouxh, core: kDMpobbKsuVTByTIKUpe, pull: UPDBtTdCvX748dtBlWYj, one_arm_pullup: cC0BOmm6KIqYAyQynEIo} @ https://outrun.co.il/_next/static/chunks/2390-dc57abc8d12f6b2f.js:0
[   45110ms] [LOG] [DEBUG-RESOLVER] Incoming Category: pull Resolved Candidate IDs: [pull, UPDBtTdCvX748dtBlWYj] @ https://outrun.co.il/_next/static/chunks/2390-dc57abc8d12f6b2f.js:0
[   45110ms] [LOG] [DEBUG-RESOLVER] loadCategoryMap built: {human_flag: EtY8YCol0qpF6DzgcTx1, push: J0fLpmJhG0KDN2tQouxh, core: kDMpobbKsuVTByTIKUpe, pull: UPDBtTdCvX748dtBlWYj, one_arm_pullup: cC0BOmm6KIqYAyQynEIo} @ https://outrun.co.il/_next/static/chunks/2390-dc57abc8d12f6b2f.js:0
[   45110ms] [LOG] [DEBUG-RESOLVER] Incoming Category: legs Resolved Candidate IDs: [legs, OrAmOH3F375dVio5yGdU] @ https://outrun.co.il/_next/static/chunks/2390-dc57abc8d12f6b2f.js:0
[   45110ms] [LOG] [DEBUG-RESOLVER] loadCategoryMap built: {human_flag: EtY8YCol0qpF6DzgcTx1, push: J0fLpmJhG0KDN2tQouxh, core: kDMpobbKsuVTByTIKUpe, pull: UPDBtTdCvX748dtBlWYj, one_arm_pullup: cC0BOmm6KIqYAyQynEIo} @ https://outrun.co.il/_next/static/chunks/2390-dc57abc8d12f6b2f.js:0
[   45110ms] [LOG] [DEBUG-RESOLVER] Incoming Category: core Resolved Candidate IDs: [core, kDMpobbKsuVTByTIKUpe] @ https://outrun.co.il/_next/static/chunks/2390-dc57abc8d12f6b2f.js:0
[   45111ms] [LOG] [DEBUG-PAGE] pathConfig.path: health | categories passed to VisualSlider: [push, pull, legs, core] | skipTier: true @ https://outrun.co.il/_next/static/chunks/app/onboarding-new/assessment-visual/page-dea2a20291a856c2.js:0
[   45112ms] [LOG] [DEBUG-RESOLVER] Incoming Category: push Resolved Candidate IDs: [push, J0fLpmJhG0KDN2tQouxh] @ https://outrun.co.il/_next/static/chunks/2390-dc57abc8d12f6b2f.js:0
[   45112ms] [LOG] [DEBUG-RESOLVER] Incoming Category: pull Resolved Candidate IDs: [pull, UPDBtTdCvX748dtBlWYj] @ https://outrun.co.il/_next/static/chunks/2390-dc57abc8d12f6b2f.js:0
[   45112ms] [LOG] [DEBUG-RESOLVER] Incoming Category: legs Resolved Candidate IDs: [legs, OrAmOH3F375dVio5yGdU] @ https://outrun.co.il/_next/static/chunks/2390-dc57abc8d12f6b2f.js:0
[   45112ms] [LOG] [DEBUG-RESOLVER] Incoming Category: core Resolved Candidate IDs: [core, kDMpobbKsuVTByTIKUpe] @ https://outrun.co.il/_next/static/chunks/2390-dc57abc8d12f6b2f.js:0
[   46185ms] [LOG] [DEBUG-FIRESTORE] Querying IDs: [push, J0fLpmJhG0KDN2tQouxh] Snapshot size returned: 25 @ https://outrun.co.il/_next/static/chunks/2390-dc57abc8d12f6b2f.js:0
[   46186ms] [LOG] [DEBUG-FIRESTORE] showInOnboarding=true levels: [1, 4, 6, 9, 12, 14, 16, 18, 19, 20] (10 total) @ https://outrun.co.il/_next/static/chunks/2390-dc57abc8d12f6b2f.js:0
[   46186ms] [LOG] [DEBUG-RESOLVER] Final onboarding levels for "push": [1, 4, 6, 9, 12, 14, 16, 18, 19, 20] (10 total) @ https://outrun.co.il/_next/static/chunks/2390-dc57abc8d12f6b2f.js:0
[   46186ms] [LOG] [DEBUG-RESOLVER] resolveContent("push", 1) → programId="J0fLpmJhG0KDN2tQouxh" @ https://outrun.co.il/_next/static/chunks/2390-dc57abc8d12f6b2f.js:0
[   46186ms] [LOG] [DEBUG-RESOLVER] resolveContent("push", 4) → programId="J0fLpmJhG0KDN2tQouxh" @ https://outrun.co.il/_next/static/chunks/2390-dc57abc8d12f6b2f.js:0
[   46187ms] [LOG] [DEBUG-FIRESTORE] Querying IDs: [push, J0fLpmJhG0KDN2tQouxh] Snapshot size returned: 25 @ https://outrun.co.il/_next/static/chunks/2390-dc57abc8d12f6b2f.js:0
[   46187ms] [LOG] [DEBUG-FIRESTORE] showInOnboarding=true levels: [1, 4, 6, 9, 12, 14, 16, 18, 19, 20] (10 total) @ https://outrun.co.il/_next/static/chunks/2390-dc57abc8d12f6b2f.js:0
[   46187ms] [LOG] [DEBUG-RESOLVER] Final onboarding levels for "push": [1, 4, 6, 9, 12, 14, 16, 18, 19, 20] (10 total) @ https://outrun.co.il/_next/static/chunks/2390-dc57abc8d12f6b2f.js:0
[   46187ms] [LOG] [DEBUG-RESOLVER] resolveContent("push", 1) → programId="J0fLpmJhG0KDN2tQouxh" @ https://outrun.co.il/_next/static/chunks/2390-dc57abc8d12f6b2f.js:0
[   46187ms] [LOG] [DEBUG-RESOLVER] resolveContent("push", 4) → programId="J0fLpmJhG0KDN2tQouxh" @ https://outrun.co.il/_next/static/chunks/2390-dc57abc8d12f6b2f.js:0
[   46188ms] [LOG] [DEBUG-FIRESTORE] Querying IDs: [pull, UPDBtTdCvX748dtBlWYj] Snapshot size returned: 25 @ https://outrun.co.il/_next/static/chunks/2390-dc57abc8d12f6b2f.js:0
[   46188ms] [LOG] [DEBUG-FIRESTORE] showInOnboarding=true levels: [1, 4, 6, 10, 14, 17, 19, 20] (8 total) @ https://outrun.co.il/_next/static/chunks/2390-dc57abc8d12f6b2f.js:0
[   46188ms] [LOG] [DEBUG-RESOLVER] Final onboarding levels for "pull": [1, 4, 6, 10, 14, 17, 19, 20] (8 total) @ https://outrun.co.il/_next/static/chunks/2390-dc57abc8d12f6b2f.js:0
[   46188ms] [LOG] [DEBUG-RESOLVER] resolveContent("pull", 1) → programId="UPDBtTdCvX748dtBlWYj" @ https://outrun.co.il/_next/static/chunks/2390-dc57abc8d12f6b2f.js:0
[   46188ms] [LOG] [DEBUG-RESOLVER] resolveContent("pull", 4) → programId="UPDBtTdCvX748dtBlWYj" @ https://outrun.co.il/_next/static/chunks/2390-dc57abc8d12f6b2f.js:0
[   46188ms] [LOG] [DEBUG-FIRESTORE] Querying IDs: [pull, UPDBtTdCvX748dtBlWYj] Snapshot size returned: 25 @ https://outrun.co.il/_next/static/chunks/2390-dc57abc8d12f6b2f.js:0
[   46188ms] [LOG] [DEBUG-FIRESTORE] showInOnboarding=true levels: [1, 4, 6, 10, 14, 17, 19, 20] (8 total) @ https://outrun.co.il/_next/static/chunks/2390-dc57abc8d12f6b2f.js:0
[   46188ms] [LOG] [DEBUG-RESOLVER] Final onboarding levels for "pull": [1, 4, 6, 10, 14, 17, 19, 20] (8 total) @ https://outrun.co.il/_next/static/chunks/2390-dc57abc8d12f6b2f.js:0
[   46188ms] [LOG] [DEBUG-RESOLVER] resolveContent("pull", 1) → programId="UPDBtTdCvX748dtBlWYj" @ https://outrun.co.il/_next/static/chunks/2390-dc57abc8d12f6b2f.js:0
[   46188ms] [LOG] [DEBUG-RESOLVER] resolveContent("pull", 4) → programId="UPDBtTdCvX748dtBlWYj" @ https://outrun.co.il/_next/static/chunks/2390-dc57abc8d12f6b2f.js:0
[   46189ms] [LOG] [DEBUG-FIRESTORE] Querying IDs: [legs, OrAmOH3F375dVio5yGdU] Snapshot size returned: 15 @ https://outrun.co.il/_next/static/chunks/2390-dc57abc8d12f6b2f.js:0
[   46189ms] [LOG] [DEBUG-FIRESTORE] showInOnboarding=true levels: [1, 3, 6, 8, 10, 12] (6 total) @ https://outrun.co.il/_next/static/chunks/2390-dc57abc8d12f6b2f.js:0
[   46189ms] [LOG] [DEBUG-RESOLVER] Final onboarding levels for "legs": [1, 3, 6, 8, 10, 12] (6 total) @ https://outrun.co.il/_next/static/chunks/2390-dc57abc8d12f6b2f.js:0
[   46189ms] [LOG] [DEBUG-RESOLVER] resolveContent("legs", 1) → programId="OrAmOH3F375dVio5yGdU" @ https://outrun.co.il/_next/static/chunks/2390-dc57abc8d12f6b2f.js:0
[   46189ms] [LOG] [DEBUG-RESOLVER] resolveContent("legs", 3) → programId="OrAmOH3F375dVio5yGdU" @ https://outrun.co.il/_next/static/chunks/2390-dc57abc8d12f6b2f.js:0
[   46189ms] [LOG] [DEBUG-FIRESTORE] Querying IDs: [legs, OrAmOH3F375dVio5yGdU] Snapshot size returned: 15 @ https://outrun.co.il/_next/static/chunks/2390-dc57abc8d12f6b2f.js:0
[   46189ms] [LOG] [DEBUG-FIRESTORE] showInOnboarding=true levels: [1, 3, 6, 8, 10, 12] (6 total) @ https://outrun.co.il/_next/static/chunks/2390-dc57abc8d12f6b2f.js:0
[   46189ms] [LOG] [DEBUG-RESOLVER] Final onboarding levels for "legs": [1, 3, 6, 8, 10, 12] (6 total) @ https://outrun.co.il/_next/static/chunks/2390-dc57abc8d12f6b2f.js:0
[   46189ms] [LOG] [DEBUG-RESOLVER] resolveContent("legs", 1) → programId="OrAmOH3F375dVio5yGdU" @ https://outrun.co.il/_next/static/chunks/2390-dc57abc8d12f6b2f.js:0
[   46189ms] [LOG] [DEBUG-RESOLVER] resolveContent("legs", 3) → programId="OrAmOH3F375dVio5yGdU" @ https://outrun.co.il/_next/static/chunks/2390-dc57abc8d12f6b2f.js:0
[   46190ms] [LOG] [DEBUG-FIRESTORE] Querying IDs: [core, kDMpobbKsuVTByTIKUpe] Snapshot size returned: 20 @ https://outrun.co.il/_next/static/chunks/2390-dc57abc8d12f6b2f.js:0
[   46190ms] [LOG] [DEBUG-FIRESTORE] showInOnboarding=true levels: [1, 3, 5, 7, 8, 10, 11, 14] (8 total) @ https://outrun.co.il/_next/static/chunks/2390-dc57abc8d12f6b2f.js:0
[   46190ms] [LOG] [DEBUG-RESOLVER] Final onboarding levels for "core": [1, 3, 5, 7, 8, 10, 11, 14] (8 total) @ https://outrun.co.il/_next/static/chunks/2390-dc57abc8d12f6b2f.js:0
[   46190ms] [LOG] [DEBUG-RESOLVER] resolveContent("core", 1) → programId="kDMpobbKsuVTByTIKUpe" @ https://outrun.co.il/_next/static/chunks/2390-dc57abc8d12f6b2f.js:0
[   46190ms] [LOG] [DEBUG-RESOLVER] resolveContent("core", 3) → programId="kDMpobbKsuVTByTIKUpe" @ https://outrun.co.il/_next/static/chunks/2390-dc57abc8d12f6b2f.js:0
[   46190ms] [LOG] [DEBUG-FIRESTORE] Querying IDs: [core, kDMpobbKsuVTByTIKUpe] Snapshot size returned: 20 @ https://outrun.co.il/_next/static/chunks/2390-dc57abc8d12f6b2f.js:0
[   46190ms] [LOG] [DEBUG-FIRESTORE] showInOnboarding=true levels: [1, 3, 5, 7, 8, 10, 11, 14] (8 total) @ https://outrun.co.il/_next/static/chunks/2390-dc57abc8d12f6b2f.js:0
[   46190ms] [LOG] [DEBUG-RESOLVER] Final onboarding levels for "core": [1, 3, 5, 7, 8, 10, 11, 14] (8 total) @ https://outrun.co.il/_next/static/chunks/2390-dc57abc8d12f6b2f.js:0
[   46190ms] [LOG] [DEBUG-RESOLVER] resolveContent("core", 1) → programId="kDMpobbKsuVTByTIKUpe" @ https://outrun.co.il/_next/static/chunks/2390-dc57abc8d12f6b2f.js:0
[   46190ms] [LOG] [DEBUG-RESOLVER] resolveContent("core", 3) → programId="kDMpobbKsuVTByTIKUpe" @ https://outrun.co.il/_next/static/chunks/2390-dc57abc8d12f6b2f.js:0
[   46378ms] [LOG] [VisualContentService] docToContent "J0fLpmJhG0KDN2tQouxh_1": {hasVideoVariantsField: true, hasVariantsField: false, rawType: array[0], parsedVariantsCount: 0, allTopLevelKeys: Array(14)} @ https://outrun.co.il/_next/static/chunks/2390-dc57abc8d12f6b2f.js:0
[   46379ms] [LOG] [DEBUG-RESOLVER] attempt1 getVisualContentItem("J0fLpmJhG0KDN2tQouxh", 1) → FOUND @ https://outrun.co.il/_next/static/chunks/2390-dc57abc8d12f6b2f.js:0
[   46379ms] [LOG] [VisualContentService] docToContent "J0fLpmJhG0KDN2tQouxh_1": {hasVideoVariantsField: true, hasVariantsField: false, rawType: array[0], parsedVariantsCount: 0, allTopLevelKeys: Array(14)} @ https://outrun.co.il/_next/static/chunks/2390-dc57abc8d12f6b2f.js:0
[   46379ms] [LOG] [DEBUG-RESOLVER] attempt1 getVisualContentItem("J0fLpmJhG0KDN2tQouxh", 1) → FOUND @ https://outrun.co.il/_next/static/chunks/2390-dc57abc8d12f6b2f.js:0
[   46379ms] [LOG] [VisualContentService] docToContent "J0fLpmJhG0KDN2tQouxh_4": {hasVideoVariantsField: true, hasVariantsField: false, rawType: array[0], parsedVariantsCount: 0, allTopLevelKeys: Array(14)} @ https://outrun.co.il/_next/static/chunks/2390-dc57abc8d12f6b2f.js:0
[   46379ms] [LOG] [DEBUG-RESOLVER] attempt1 getVisualContentItem("J0fLpmJhG0KDN2tQouxh", 4) → FOUND @ https://outrun.co.il/_next/static/chunks/2390-dc57abc8d12f6b2f.js:0
[   46379ms] [LOG] [VisualContentService] docToContent "J0fLpmJhG0KDN2tQouxh_4": {hasVideoVariantsField: true, hasVariantsField: false, rawType: array[0], parsedVariantsCount: 0, allTopLevelKeys: Array(14)} @ https://outrun.co.il/_next/static/chunks/2390-dc57abc8d12f6b2f.js:0
[   46379ms] [LOG] [DEBUG-RESOLVER] attempt1 getVisualContentItem("J0fLpmJhG0KDN2tQouxh", 4) → FOUND @ https://outrun.co.il/_next/static/chunks/2390-dc57abc8d12f6b2f.js:0
[   46380ms] [LOG] [VisualContentService] docToContent "UPDBtTdCvX748dtBlWYj_1": {hasVideoVariantsField: true, hasVariantsField: false, rawType: array[0], parsedVariantsCount: 0, allTopLevelKeys: Array(14)} @ https://outrun.co.il/_next/static/chunks/2390-dc57abc8d12f6b2f.js:0
[   46380ms] [LOG] [DEBUG-RESOLVER] attempt1 getVisualContentItem("UPDBtTdCvX748dtBlWYj", 1) → FOUND @ https://outrun.co.il/_next/static/chunks/2390-dc57abc8d12f6b2f.js:0
[   46380ms] [LOG] [VisualContentService] docToContent "UPDBtTdCvX748dtBlWYj_1": {hasVideoVariantsField: true, hasVariantsField: false, rawType: array[0], parsedVariantsCount: 0, allTopLevelKeys: Array(14)} @ https://outrun.co.il/_next/static/chunks/2390-dc57abc8d12f6b2f.js:0
[   46380ms] [LOG] [DEBUG-RESOLVER] attempt1 getVisualContentItem("UPDBtTdCvX748dtBlWYj", 1) → FOUND @ https://outrun.co.il/_next/static/chunks/2390-dc57abc8d12f6b2f.js:0
[   46380ms] [LOG] [VisualContentService] docToContent "UPDBtTdCvX748dtBlWYj_4": {hasVideoVariantsField: true, hasVariantsField: false, rawType: array[0], parsedVariantsCount: 0, allTopLevelKeys: Array(14)} @ https://outrun.co.il/_next/static/chunks/2390-dc57abc8d12f6b2f.js:0
[   46380ms] [LOG] [DEBUG-RESOLVER] attempt1 getVisualContentItem("UPDBtTdCvX748dtBlWYj", 4) → FOUND @ https://outrun.co.il/_next/static/chunks/2390-dc57abc8d12f6b2f.js:0
[   46380ms] [LOG] [VisualContentService] docToContent "UPDBtTdCvX748dtBlWYj_4": {hasVideoVariantsField: true, hasVariantsField: false, rawType: array[0], parsedVariantsCount: 0, allTopLevelKeys: Array(14)} @ https://outrun.co.il/_next/static/chunks/2390-dc57abc8d12f6b2f.js:0
[   46380ms] [LOG] [DEBUG-RESOLVER] attempt1 getVisualContentItem("UPDBtTdCvX748dtBlWYj", 4) → FOUND @ https://outrun.co.il/_next/static/chunks/2390-dc57abc8d12f6b2f.js:0
[   46380ms] [LOG] [VisualContentService] docToContent "OrAmOH3F375dVio5yGdU_1": {hasVideoVariantsField: true, hasVariantsField: false, rawType: array[0], parsedVariantsCount: 0, allTopLevelKeys: Array(14)} @ https://outrun.co.il/_next/static/chunks/2390-dc57abc8d12f6b2f.js:0
[   46380ms] [LOG] [DEBUG-RESOLVER] attempt1 getVisualContentItem("OrAmOH3F375dVio5yGdU", 1) → FOUND @ https://outrun.co.il/_next/static/chunks/2390-dc57abc8d12f6b2f.js:0
[   46380ms] [LOG] [VisualContentService] docToContent "OrAmOH3F375dVio5yGdU_1": {hasVideoVariantsField: true, hasVariantsField: false, rawType: array[0], parsedVariantsCount: 0, allTopLevelKeys: Array(14)} @ https://outrun.co.il/_next/static/chunks/2390-dc57abc8d12f6b2f.js:0
[   46380ms] [LOG] [DEBUG-RESOLVER] attempt1 getVisualContentItem("OrAmOH3F375dVio5yGdU", 1) → FOUND @ https://outrun.co.il/_next/static/chunks/2390-dc57abc8d12f6b2f.js:0
[   46380ms] [LOG] [VisualContentService] docToContent "OrAmOH3F375dVio5yGdU_3": {hasVideoVariantsField: true, hasVariantsField: false, rawType: array[0], parsedVariantsCount: 0, allTopLevelKeys: Array(12)} @ https://outrun.co.il/_next/static/chunks/2390-dc57abc8d12f6b2f.js:0
[   46380ms] [LOG] [DEBUG-RESOLVER] attempt1 getVisualContentItem("OrAmOH3F375dVio5yGdU", 3) → FOUND @ https://outrun.co.il/_next/static/chunks/2390-dc57abc8d12f6b2f.js:0
[   46381ms] [LOG] [VisualContentService] docToContent "OrAmOH3F375dVio5yGdU_3": {hasVideoVariantsField: true, hasVariantsField: false, rawType: array[0], parsedVariantsCount: 0, allTopLevelKeys: Array(12)} @ https://outrun.co.il/_next/static/chunks/2390-dc57abc8d12f6b2f.js:0
[   46381ms] [LOG] [DEBUG-RESOLVER] attempt1 getVisualContentItem("OrAmOH3F375dVio5yGdU", 3) → FOUND @ https://outrun.co.il/_next/static/chunks/2390-dc57abc8d12f6b2f.js:0
[   46381ms] [LOG] [VisualContentService] docToContent "kDMpobbKsuVTByTIKUpe_1": {hasVideoVariantsField: true, hasVariantsField: false, rawType: array[0], parsedVariantsCount: 0, allTopLevelKeys: Array(14)} @ https://outrun.co.il/_next/static/chunks/2390-dc57abc8d12f6b2f.js:0
[   46381ms] [LOG] [DEBUG-RESOLVER] attempt1 getVisualContentItem("kDMpobbKsuVTByTIKUpe", 1) → FOUND @ https://outrun.co.il/_next/static/chunks/2390-dc57abc8d12f6b2f.js:0
[   46381ms] [LOG] [VisualContentService] docToContent "kDMpobbKsuVTByTIKUpe_1": {hasVideoVariantsField: true, hasVariantsField: false, rawType: array[0], parsedVariantsCount: 0, allTopLevelKeys: Array(14)} @ https://outrun.co.il/_next/static/chunks/2390-dc57abc8d12f6b2f.js:0
[   46381ms] [LOG] [DEBUG-RESOLVER] attempt1 getVisualContentItem("kDMpobbKsuVTByTIKUpe", 1) → FOUND @ https://outrun.co.il/_next/static/chunks/2390-dc57abc8d12f6b2f.js:0
[   46418ms] [LOG] [VisualContentService] docToContent "kDMpobbKsuVTByTIKUpe_3": {hasVideoVariantsField: true, hasVariantsField: false, rawType: array[0], parsedVariantsCount: 0, allTopLevelKeys: Array(14)} @ https://outrun.co.il/_next/static/chunks/2390-dc57abc8d12f6b2f.js:0
[   46418ms] [LOG] [DEBUG-RESOLVER] attempt1 getVisualContentItem("kDMpobbKsuVTByTIKUpe", 3) → FOUND @ https://outrun.co.il/_next/static/chunks/2390-dc57abc8d12f6b2f.js:0
[   46418ms] [LOG] [VisualContentService] docToContent "kDMpobbKsuVTByTIKUpe_3": {hasVideoVariantsField: true, hasVariantsField: false, rawType: array[0], parsedVariantsCount: 0, allTopLevelKeys: Array(14)} @ https://outrun.co.il/_next/static/chunks/2390-dc57abc8d12f6b2f.js:0
[   46418ms] [LOG] [DEBUG-RESOLVER] attempt1 getVisualContentItem("kDMpobbKsuVTByTIKUpe", 3) → FOUND @ https://outrun.co.il/_next/static/chunks/2390-dc57abc8d12f6b2f.js:0
[   46557ms] [LOG] [ContentResolver] Level 1 — exercise video resolved: "שכיבות סמיכה ב-75°" → https://vz-b17872ab-7a7.b-cdn.net/b1e43b30-37e1-49f7-8c17-74… @ https://outrun.co.il/_next/static/chunks/2390-dc57abc8d12f6b2f.js:0
[   46558ms] [LOG] [ContentResolver] Level 1 — exercise video resolved: "שכיבות סמיכה ב-75°" → https://vz-b17872ab-7a7.b-cdn.net/b1e43b30-37e1-49f7-8c17-74… @ https://outrun.co.il/_next/static/chunks/2390-dc57abc8d12f6b2f.js:0
[   46558ms] [LOG] [ContentResolver] Level 4 — exercise video resolved: "שכיבות סמיכה ברכיים" → https://vz-b17872ab-7a7.b-cdn.net/7413db0b-1702-4acd-8072-8a… @ https://outrun.co.il/_next/static/chunks/2390-dc57abc8d12f6b2f.js:0
[   46558ms] [LOG] [ContentResolver] Level 4 — exercise video resolved: "שכיבות סמיכה ברכיים" → https://vz-b17872ab-7a7.b-cdn.net/7413db0b-1702-4acd-8072-8a… @ https://outrun.co.il/_next/static/chunks/2390-dc57abc8d12f6b2f.js:0
[   46559ms] [LOG] [ContentResolver] Level 1 — exercise video resolved: "חתירות ב-75°" → https://vz-b17872ab-7a7.b-cdn.net/90762fc3-e7d8-4070-a312-46… @ https://outrun.co.il/_next/static/chunks/2390-dc57abc8d12f6b2f.js:0
[   46559ms] [LOG] [ContentResolver] Level 1 — exercise video resolved: "חתירות ב-75°" → https://vz-b17872ab-7a7.b-cdn.net/90762fc3-e7d8-4070-a312-46… @ https://outrun.co.il/_next/static/chunks/2390-dc57abc8d12f6b2f.js:0
[   46559ms] [LOG] [ContentResolver] Level 4 — exercise video resolved: "חתירות ב-15° עם ברכיים כפופות" → https://vz-b17872ab-7a7.b-cdn.net/65b8ee9b-baf7-4ed1-834a-2f… @ https://outrun.co.il/_next/static/chunks/2390-dc57abc8d12f6b2f.js:0
[   46559ms] [LOG] [ContentResolver] Level 4 — exercise video resolved: "חתירות ב-15° עם ברכיים כפופות" → https://vz-b17872ab-7a7.b-cdn.net/65b8ee9b-baf7-4ed1-834a-2f… @ https://outrun.co.il/_next/static/chunks/2390-dc57abc8d12f6b2f.js:0
[   46560ms] [LOG] [ContentResolver] Level 1 — exercise video resolved: "סקוואט טווח חלקי (להגבהה)" → https://vz-b17872ab-7a7.b-cdn.net/8286f82c-fdf8-4f05-8961-a0… @ https://outrun.co.il/_next/static/chunks/2390-dc57abc8d12f6b2f.js:0
[   46560ms] [LOG] [ContentResolver] Level 1 — exercise video resolved: "סקוואט טווח חלקי (להגבהה)" → https://vz-b17872ab-7a7.b-cdn.net/8286f82c-fdf8-4f05-8961-a0… @ https://outrun.co.il/_next/static/chunks/2390-dc57abc8d12f6b2f.js:0
[   46592ms] [LOG] [ContentResolver] Level 3 — exercise video resolved: "סקוואט קפיצה" → https://vz-b17872ab-7a7.b-cdn.net/57d8348b-3788-4dd1-880a-8b… @ https://outrun.co.il/_next/static/chunks/2390-dc57abc8d12f6b2f.js:0
[   46593ms] [LOG] [ContentResolver] Level 3 — exercise video resolved: "סקוואט קפיצה" → https://vz-b17872ab-7a7.b-cdn.net/57d8348b-3788-4dd1-880a-8b… @ https://outrun.co.il/_next/static/chunks/2390-dc57abc8d12f6b2f.js:0
[   46593ms] [LOG] [ContentResolver] Level 1 — exercise video resolved: "פלאנק על הברכיים" → https://vz-b17872ab-7a7.b-cdn.net/3011b6ff-f251-4c7b-81f4-e2… @ https://outrun.co.il/_next/static/chunks/2390-dc57abc8d12f6b2f.js:0
[   46593ms] [LOG] [ContentResolver] Level 1 — exercise video resolved: "פלאנק על הברכיים" → https://vz-b17872ab-7a7.b-cdn.net/3011b6ff-f251-4c7b-81f4-e2… @ https://outrun.co.il/_next/static/chunks/2390-dc57abc8d12f6b2f.js:0
[   46593ms] [LOG] [ContentResolver] Level 3 — exercise video resolved: "פלאנק עליות ונגיעות בכתפיים" → https://vz-b17872ab-7a7.b-cdn.net/4d5bc37c-3994-4574-ace7-12… @ https://outrun.co.il/_next/static/chunks/2390-dc57abc8d12f6b2f.js:0
[   46593ms] [LOG] [ContentResolver] Level 3 — exercise video resolved: "פלאנק עליות ונגיעות בכתפיים" → https://vz-b17872ab-7a7.b-cdn.net/4d5bc37c-3994-4574-ace7-12… @ https://outrun.co.il/_next/static/chunks/2390-dc57abc8d12f6b2f.js:0
[ 3065274ms] [WARNING] [2026-09-24T19:46:03.777Z]  @firebase/auth: Auth (12.6.0): Error while retrieving App Check token: FirebaseError: AppCheck: ReCAPTCHA error. (appCheck/recaptcha-error). @ https://outrun.co.il/_next/static/chunks/2532-16f59635ee5a761a.js:14
