[     551ms] [INFO] %cDownload the React DevTools for a better development experience: https://reactjs.org/link/react-devtools font-weight:bold @ webpack-internal:///(app-pages-browser)/./node_modules/next/dist/compiled/react-dom/cjs/react-dom.development.js:38559
[    1200ms] [INFO] [firebase] App Check bypass: hostname="localhost" treated as local development. initializeAppCheck() will NOT be invoked — this prevents reCAPTCHA Enterprise 403s from crashing the Firestore snapshot listener. Set NEXT_PUBLIC_APP_CHECK_DEBUG_TOKEN to a token registered in the Firebase console (App Check → Apps → Manage debug tokens) if you need a real App Check handshake. @ webpack-internal:///(app-pages-browser)/./src/lib/firebase.ts:135
[    3174ms] [WARNING] Skipping auto-scroll behavior due to `position: sticky` or `position: fixed` on element: JSHandle@node @ webpack-internal:///(app-pages-browser)/./node_modules/next/dist/client/components/layout-router.js:109
[    3175ms] [WARNING] Skipping auto-scroll behavior due to `position: sticky` or `position: fixed` on element: JSHandle@node @ webpack-internal:///(app-pages-browser)/./node_modules/next/dist/client/components/layout-router.js:109
[    3175ms] [WARNING] Skipping auto-scroll behavior due to `position: sticky` or `position: fixed` on element: JSHandle@node @ webpack-internal:///(app-pages-browser)/./node_modules/next/dist/client/components/layout-router.js:109
[    3175ms] [WARNING] Skipping auto-scroll behavior due to `position: sticky` or `position: fixed` on element: JSHandle@node @ webpack-internal:///(app-pages-browser)/./node_modules/next/dist/client/components/layout-router.js:109
[    4007ms] [LOG] [A2-SPIKE][useGPS] hook mounted {isNative: false, callSite: useMapLogic.ts} @ webpack-internal:///(app-pages-browser)/./src/features/parks/core/hooks/useGPS.ts:156
[    4008ms] [LOG] [A2-SPIKE][useGPS] watch-effect run {simulationActive: false, gpsPaused: false, isForeground: true, workoutActive: false, sessionStatus: idle} @ webpack-internal:///(app-pages-browser)/./src/features/parks/core/hooks/useGPS.ts:240
[    4008ms] [LOG] [PresenceHeartbeat] mount SKIPPED {reason: no profile.core.name, userId: Wbl1Qk69KQeM6uexoOmXpbMQaL32, hasProfile: true, coreName: } @ webpack-internal:///(app-pages-browser)/./src/features/safecity/hooks/usePresenceLayer.ts:220
[    4009ms] [LOG] [useGroupPresence] subscribe {currentUid: Wbl1Qk69KQeM6uexoOmXpbMQaL32, groupSessionId: null} @ webpack-internal:///(app-pages-browser)/./src/features/parks/core/hooks/useGroupPresence.ts:207
[    4009ms] [LOG] [MapShell] mode= discover isWorkoutActive= false runMode= plan @ webpack-internal:///(app-pages-browser)/./src/app/map/MapShell.tsx:357
[    4010ms] [LOG] [A2-SPIKE][useGPS] hook UNMOUNTED @ webpack-internal:///(app-pages-browser)/./src/features/parks/core/hooks/useGPS.ts:161
[    4011ms] [LOG] [A2-SPIKE][useGPS] hook mounted {isNative: false, callSite: useMapLogic.ts} @ webpack-internal:///(app-pages-browser)/./src/features/parks/core/hooks/useGPS.ts:156
[    4011ms] [LOG] [A2-SPIKE][useGPS] watch-effect run {simulationActive: false, gpsPaused: false, isForeground: true, workoutActive: false, sessionStatus: idle} @ webpack-internal:///(app-pages-browser)/./src/features/parks/core/hooks/useGPS.ts:240
[    4011ms] [LOG] [PresenceHeartbeat] mount SKIPPED {reason: no profile.core.name, userId: Wbl1Qk69KQeM6uexoOmXpbMQaL32, hasProfile: true, coreName: } @ webpack-internal:///(app-pages-browser)/./src/features/safecity/hooks/usePresenceLayer.ts:220
[    4011ms] [LOG] [useGroupPresence] subscribe {currentUid: Wbl1Qk69KQeM6uexoOmXpbMQaL32, groupSessionId: null} @ webpack-internal:///(app-pages-browser)/./src/features/parks/core/hooks/useGroupPresence.ts:207
[    4011ms] [LOG] [MapShell] mode= discover isWorkoutActive= false runMode= plan @ webpack-internal:///(app-pages-browser)/./src/app/map/MapShell.tsx:357
[    4014ms] [LOG] [Cam] wazePadding: card=TOP, H=727px, top=364px, bottom=0 → user dot at ~25% from bottom (default Waze framing) @ webpack-internal:///(app-pages-browser)/./src/features/parks/core/hooks/useCameraController.ts:482
[    4014ms] [LOG] [Cam] wazePadding: card=TOP, H=727px, top=364px, bottom=0 → user dot at ~25% from bottom (default Waze framing) @ webpack-internal:///(app-pages-browser)/./src/features/parks/core/hooks/useCameraController.ts:482
[    4044ms] [LOG] [A2-SPIKE][useGPS] fix accepted {lat: 32.055927825823694, lng: 34.77610527708351, ts: 1789577362306} @ webpack-internal:///(app-pages-browser)/./src/features/parks/core/hooks/useGPS.ts:219
[    4050ms] [LOG] [useGroupPresence] subscribe {currentUid: Wbl1Qk69KQeM6uexoOmXpbMQaL32, groupSessionId: null} @ webpack-internal:///(app-pages-browser)/./src/features/parks/core/hooks/useGroupPresence.ts:207
[    4125ms] [LOG] [useSuggestionEngineStore] runSuggestionEngine took 76ms (5 candidates) @ webpack-internal:///(app-pages-browser)/./src/features/workout-engine/core/store/useSuggestionEngineStore.ts:85
[    4471ms] [LOG] [Cam] listeners wired @ webpack-internal:///(app-pages-browser)/./src/features/parks/core/hooks/useCameraController.ts:1128
[    4481ms] [LOG] [Cam] initial dive — real GPS fix @ webpack-internal:///(app-pages-browser)/./src/features/parks/core/hooks/useCameraController.ts:910
[    4672ms] [LOG] [ActivityStore] No Firestore data, created new day @ webpack-internal:///(app-pages-browser)/./src/features/activity/store/useActivityStore.ts:675
[    4672ms] [LOG] [ActivityStore] No Firestore data, created new day @ webpack-internal:///(app-pages-browser)/./src/features/activity/store/useActivityStore.ts:675
[    4736ms] [LOG] [Map] declutter:request source=watchdog @ webpack-internal:///(app-pages-browser)/./src/features/parks/core/components/mapStyleConfig.ts:135
[    4736ms] [LOG] !!! MAP CLEANUP STARTING !!! @ webpack-internal:///(app-pages-browser)/./src/features/parks/core/components/mapStyleConfig.ts:145
[    4737ms] [LOG] [FitnessMapStyle] Hard-hide pass: 2/5 target layers hidden @ webpack-internal:///(app-pages-browser)/./src/features/parks/core/components/mapStyleConfig.ts:176
[    4737ms] [LOG] [FitnessMapStyle] Nuclear sweep: hid 14 stray label layers (kept 6 matching park/natural/water/waterway/place/road) @ webpack-internal:///(app-pages-browser)/./src/features/parks/core/components/mapStyleConfig.ts:203
[    4738ms] [LOG] [Map] Declutter complete (source=watchdog): Minor roads hidden, POIs removed. @ webpack-internal:///(app-pages-browser)/./src/features/parks/core/components/mapStyleConfig.ts:338
[    4854ms] [ERROR] [usePartnerData] live presence listener PERMISSION-DENIED. Verify Firestore rules on /presence permit ageGroup-matched `mode == 'verified_global'` reads, that the presence -> {mode, ageGroup, geohash} composite index exists, and that App Check (NEXT_PUBLIC_RECAPTCHA_SITE_KEY) is set on this client. Partner finder will be empty until fixed. FirebaseError: Missing or insufficient permissions. @ webpack-internal:///(app-pages-browser)/./node_modules/next/dist/client/app-index.js:32
[    4854ms] [ERROR] [useGroupPresence] discovery PERMISSION-DENIED. Check App Check (NEXT_PUBLIC_RECAPTCHA_SITE_KEY), Firestore rules on `presence` (ageGroup must match getUserAgeGroup(request.auth.uid)), and the presence -> {mode, ageGroup, geohash} composite index. FirebaseError: Missing or insufficient permissions. @ webpack-internal:///(app-pages-browser)/./node_modules/next/dist/client/app-index.js:32
[    4856ms] [ERROR] [usePartnerData] live presence listener PERMISSION-DENIED. Verify Firestore rules on /presence permit ageGroup-matched `mode == 'verified_global'` reads, that the presence -> {mode, ageGroup, geohash} composite index exists, and that App Check (NEXT_PUBLIC_RECAPTCHA_SITE_KEY) is set on this client. Partner finder will be empty until fixed. FirebaseError: Missing or insufficient permissions. @ webpack-internal:///(app-pages-browser)/./node_modules/next/dist/client/app-index.js:32
[    4856ms] [ERROR] [useGroupPresence] discovery PERMISSION-DENIED. Check App Check (NEXT_PUBLIC_RECAPTCHA_SITE_KEY), Firestore rules on `presence` (ageGroup must match getUserAgeGroup(request.auth.uid)), and the presence -> {mode, ageGroup, geohash} composite index. FirebaseError: Missing or insufficient permissions. @ webpack-internal:///(app-pages-browser)/./node_modules/next/dist/client/app-index.js:32
[    4857ms] [ERROR] [usePartnerData] live presence listener PERMISSION-DENIED. Verify Firestore rules on /presence permit ageGroup-matched `mode == 'verified_global'` reads, that the presence -> {mode, ageGroup, geohash} composite index exists, and that App Check (NEXT_PUBLIC_RECAPTCHA_SITE_KEY) is set on this client. Partner finder will be empty until fixed. FirebaseError: Missing or insufficient permissions. @ webpack-internal:///(app-pages-browser)/./node_modules/next/dist/client/app-index.js:32
[    4857ms] [ERROR] [useGroupPresence] discovery PERMISSION-DENIED. Check App Check (NEXT_PUBLIC_RECAPTCHA_SITE_KEY), Firestore rules on `presence` (ageGroup must match getUserAgeGroup(request.auth.uid)), and the presence -> {mode, ageGroup, geohash} composite index. FirebaseError: Missing or insufficient permissions. @ webpack-internal:///(app-pages-browser)/./node_modules/next/dist/client/app-index.js:32
[    4857ms] [ERROR] [usePartnerData] live presence listener PERMISSION-DENIED. Verify Firestore rules on /presence permit ageGroup-matched `mode == 'verified_global'` reads, that the presence -> {mode, ageGroup, geohash} composite index exists, and that App Check (NEXT_PUBLIC_RECAPTCHA_SITE_KEY) is set on this client. Partner finder will be empty until fixed. FirebaseError: Missing or insufficient permissions. @ webpack-internal:///(app-pages-browser)/./node_modules/next/dist/client/app-index.js:32
[    4857ms] [ERROR] [useGroupPresence] discovery PERMISSION-DENIED. Check App Check (NEXT_PUBLIC_RECAPTCHA_SITE_KEY), Firestore rules on `presence` (ageGroup must match getUserAgeGroup(request.auth.uid)), and the presence -> {mode, ageGroup, geohash} composite index. FirebaseError: Missing or insufficient permissions. @ webpack-internal:///(app-pages-browser)/./node_modules/next/dist/client/app-index.js:32
[    4858ms] [ERROR] [usePartnerData] live presence listener PERMISSION-DENIED. Verify Firestore rules on /presence permit ageGroup-matched `mode == 'verified_global'` reads, that the presence -> {mode, ageGroup, geohash} composite index exists, and that App Check (NEXT_PUBLIC_RECAPTCHA_SITE_KEY) is set on this client. Partner finder will be empty until fixed. FirebaseError: Missing or insufficient permissions. @ webpack-internal:///(app-pages-browser)/./node_modules/next/dist/client/app-index.js:32
[    4858ms] [ERROR] [useGroupPresence] discovery PERMISSION-DENIED. Check App Check (NEXT_PUBLIC_RECAPTCHA_SITE_KEY), Firestore rules on `presence` (ageGroup must match getUserAgeGroup(request.auth.uid)), and the presence -> {mode, ageGroup, geohash} composite index. FirebaseError: Missing or insufficient permissions. @ webpack-internal:///(app-pages-browser)/./node_modules/next/dist/client/app-index.js:32
[    4858ms] [ERROR] [usePartnerData] live presence listener PERMISSION-DENIED. Verify Firestore rules on /presence permit ageGroup-matched `mode == 'verified_global'` reads, that the presence -> {mode, ageGroup, geohash} composite index exists, and that App Check (NEXT_PUBLIC_RECAPTCHA_SITE_KEY) is set on this client. Partner finder will be empty until fixed. FirebaseError: Missing or insufficient permissions. @ webpack-internal:///(app-pages-browser)/./node_modules/next/dist/client/app-index.js:32
[    4858ms] [ERROR] [useGroupPresence] discovery PERMISSION-DENIED. Check App Check (NEXT_PUBLIC_RECAPTCHA_SITE_KEY), Firestore rules on `presence` (ageGroup must match getUserAgeGroup(request.auth.uid)), and the presence -> {mode, ageGroup, geohash} composite index. FirebaseError: Missing or insufficient permissions. @ webpack-internal:///(app-pages-browser)/./node_modules/next/dist/client/app-index.js:32
[    4930ms] [LOG] [Routes] Fetched 98 published official routes from Firestore @ webpack-internal:///(app-pages-browser)/./src/features/parks/core/hooks/useRouteGeneration.ts:59
[    4932ms] [LOG] [useCommunityEnrichment] Subscribing for route IDs: [CCQLHULB0xNa5pI5Zxa6, CY5KMrNMD90UAyuU3wom, TUtGCtmxwjGnoR0KH4B9] @ webpack-internal:///(app-pages-browser)/./src/features/parks/core/hooks/useCommunityEnrichment.ts:308
[    4958ms] [LOG] [useCommunityEnrichment] Events resolved: 0 routes with real events @ webpack-internal:///(app-pages-browser)/./src/features/parks/core/hooks/useCommunityEnrichment.ts:368
[    4970ms] [LOG] [useCommunityEnrichment] Broad groups query returned: 21 groups @ webpack-internal:///(app-pages-browser)/./src/features/parks/core/hooks/useCommunityEnrichment.ts:405
[    4971ms] [LOG] [groupDocToEnrichments] Group has no slots: 2VHJfwOe0D6Tgwz2gh0U הליכה מתוזמנת @ webpack-internal:///(app-pages-browser)/./src/features/parks/core/hooks/useCommunityEnrichment.ts:176
[    4971ms] [LOG] [groupDocToEnrichments] Group has no slots: 5wJ66moZcncaLwpB2eh3 הליכה מתוזמנת @ webpack-internal:///(app-pages-browser)/./src/features/parks/core/hooks/useCommunityEnrichment.ts:176
[    4971ms] [LOG] [groupDocToEnrichments] Group has no slots: 91OJbugQf5ELVx3XIr43 Joseph family steps @ webpack-internal:///(app-pages-browser)/./src/features/parks/core/hooks/useCommunityEnrichment.ts:176
[    4971ms] [LOG] [groupDocToEnrichments] Group has no slots: A4unlXH75xtJ3yQsLg42 קובצת הליכה ניר עוז @ webpack-internal:///(app-pages-browser)/./src/features/parks/core/hooks/useCommunityEnrichment.ts:176
[    4971ms] [LOG] [groupDocToEnrichments] Group has no slots: HZBAz5d3UKEcs20R6EIC צו הכושר תלאביב בית הלוחם @ webpack-internal:///(app-pages-browser)/./src/features/parks/core/hooks/useCommunityEnrichment.ts:176
[    4971ms] [LOG] [groupDocToEnrichments] Group has no slots: URny7sxvFrMLD2ojYizb צו כושר — תל אביב (פרישמן) @ webpack-internal:///(app-pages-browser)/./src/features/parks/core/hooks/useCommunityEnrichment.ts:176
[    4971ms] [LOG] [groupDocToEnrichments] Group has no slots: WlrV1YO6VfEdeHi1nin1 הליכה מתוזמנת @ webpack-internal:///(app-pages-browser)/./src/features/parks/core/hooks/useCommunityEnrichment.ts:176
[    4971ms] [LOG] [groupDocToEnrichments] Group has no slots: YkgYRwbzfr9mhWP2Ygy9 צו כושר — חבל יבנה @ webpack-internal:///(app-pages-browser)/./src/features/parks/core/hooks/useCommunityEnrichment.ts:176
[    4971ms] [LOG] [groupDocToEnrichments] Group has no slots: YuVmdYGrty8jhkwaQfrS צו כושר — מודיעין @ webpack-internal:///(app-pages-browser)/./src/features/parks/core/hooks/useCommunityEnrichment.ts:176
[    4971ms] [LOG] [groupDocToEnrichments] Group has no slots: ZvxBost3Fls1sZJzNgpe צו כושר — באר שבע @ webpack-internal:///(app-pages-browser)/./src/features/parks/core/hooks/useCommunityEnrichment.ts:176
[    4971ms] [LOG] [groupDocToEnrichments] Group has no slots: gUuTsQXfrZjVyVDsATb5 צו כושר פרדס חנה @ webpack-internal:///(app-pages-browser)/./src/features/parks/core/hooks/useCommunityEnrichment.ts:176
[    4971ms] [LOG] [groupDocToEnrichments] Group has no slots: maccabiah_lsit_2026 אתגר ה-L-Sit · מכביה 2026 @ webpack-internal:///(app-pages-browser)/./src/features/parks/core/hooks/useCommunityEnrichment.ts:176
[    4971ms] [LOG] [groupDocToEnrichments] Group has no slots: qwaFSYaEJpt5ocOVWyvS צו כושר — קרית גת @ webpack-internal:///(app-pages-browser)/./src/features/parks/core/hooks/useCommunityEnrichment.ts:176
[    4971ms] [LOG] [groupDocToEnrichments] Group has no slots: uzkKafajk1BXQxgV5dcj צו כושר — חיפה @ webpack-internal:///(app-pages-browser)/./src/features/parks/core/hooks/useCommunityEnrichment.ts:176
[    4971ms] [LOG] [groupDocToEnrichments] Group has no slots: vmnhuDF6URJ4ayz3siBF צו כושר — הרצליה @ webpack-internal:///(app-pages-browser)/./src/features/parks/core/hooks/useCommunityEnrichment.ts:176
[    4971ms] [LOG] [groupDocToEnrichments] Group has no slots: wbVnvDagAqiZmMiqYsLZ צו כושר — קיבוץ עלומים @ webpack-internal:///(app-pages-browser)/./src/features/parks/core/hooks/useCommunityEnrichment.ts:176
[    4971ms] [LOG] [groupDocToEnrichments] Group has no slots: xTJueGB3t94K7cFZUCCT צו כושר — רחובות @ webpack-internal:///(app-pages-browser)/./src/features/parks/core/hooks/useCommunityEnrichment.ts:176
[    4971ms] [LOG] [useCommunityEnrichment] Groups resolved: 0 routes with recurring sessions @ webpack-internal:///(app-pages-browser)/./src/features/parks/core/hooks/useCommunityEnrichment.ts:409
[    5166ms] [WARNING] [useCommunityEnrichment] arrivals error: FirebaseError: The query requires an index. You can create it here: https://console.firebase.google.com/v1/r/project/appout-1/firestore/indexes?create_composite=ClFwcm9qZWN0cy9hcHBvdXQtMS9kYXRhYmFzZXMvKGRlZmF1bHQpL2NvbGxlY3Rpb25Hcm91cHMvcGxhbm5lZF9zZXNzaW9ucy9pbmRleGVzL18QARoLCgdyb3V0ZUlkEAEaDQoJZXhwaXJlc0F0EAEaDAoIX19uYW1lX18QAQ @ webpack-internal:///(app-pages-browser)/./src/features/parks/core/hooks/useCommunityEnrichment.ts:350
[    5203ms] [LOG] [ActivityStore] Loaded from Firestore - Streak: 0 @ webpack-internal:///(app-pages-browser)/./src/features/activity/store/useActivityStore.ts:808
[    5204ms] [LOG] [ActivityStore] Loaded from Firestore - Streak: 0 @ webpack-internal:///(app-pages-browser)/./src/features/activity/store/useActivityStore.ts:808
[    5542ms] [LOG] [ActivityStore] No Firestore data, created new day @ webpack-internal:///(app-pages-browser)/./src/features/activity/store/useActivityStore.ts:675
[    5732ms] [LOG] [ActivityStore] Loaded from Firestore - Streak: 0 @ webpack-internal:///(app-pages-browser)/./src/features/activity/store/useActivityStore.ts:808
