[     978ms] [WARNING] [2026-09-24T17:43:24.258Z]  @firebase/auth: Auth (12.6.0): Error while retrieving App Check token: FirebaseError: AppCheck: ReCAPTCHA error. (appCheck/recaptcha-error). @ https://out-run-hf3b2s6td-davids-projects-0d6e1f97.vercel.app/_next/static/chunks/2532-16f59635ee5a761a.js:14
[    1281ms] [ERROR] Access to manifest at 'https://vercel.com/sso-api?url=https%3A%2F%2Fout-run-hf3b2s6td-davids-projects-0d6e1f97.vercel.app%2Fmanifest.json&nonce=0fc9b4d1564f80f7b12f897fe056cab62375f57109d195c39ec93239af681428' (redirected from 'https://out-run-hf3b2s6td-davids-projects-0d6e1f97.vercel.app/manifest.json') from origin 'https://out-run-hf3b2s6td-davids-projects-0d6e1f97.vercel.app' has been blocked by CORS policy: No 'Access-Control-Allow-Origin' header is present on the requested resource. @ https://out-run-hf3b2s6td-davids-projects-0d6e1f97.vercel.app/onboarding-new/profile:0
[    1281ms] [ERROR] Failed to load resource: net::ERR_FAILED @ https://vercel.com/sso-api?url=https%3A%2F%2Fout-run-hf3b2s6td-davids-projects-0d6e1f97.vercel.app%2Fmanifest.json&nonce=0fc9b4d1564f80f7b12f897fe056cab62375f57109d195c39ec93239af681428:0
[   18997ms] [LOG] [DEBUG-RESOLVER] Incoming Category: muscle_up Resolved Candidate IDs: [muscle_up, fTLWzjP9gH2VNpamyCZF] @ https://out-run-hf3b2s6td-davids-projects-0d6e1f97.vercel.app/_next/static/chunks/2390-dc57abc8d12f6b2f.js:0
[   19354ms] [LOG] [DEBUG-RESOLVER] loadCategoryMap built: {human_flag: EtY8YCol0qpF6DzgcTx1, push: J0fLpmJhG0KDN2tQouxh, core: kDMpobbKsuVTByTIKUpe, pull: UPDBtTdCvX748dtBlWYj, one_arm_pullup: cC0BOmm6KIqYAyQynEIo} @ https://out-run-hf3b2s6td-davids-projects-0d6e1f97.vercel.app/_next/static/chunks/2390-dc57abc8d12f6b2f.js:0
[   19354ms] [LOG] [DEBUG-RESOLVER] Incoming Category: front_lever Resolved Candidate IDs: [front_lever, mFcuYlNgKXLqWVUFo0zt] @ https://out-run-hf3b2s6td-davids-projects-0d6e1f97.vercel.app/_next/static/chunks/2390-dc57abc8d12f6b2f.js:0
[   19354ms] [LOG] [DEBUG-RESOLVER] loadCategoryMap built: {human_flag: EtY8YCol0qpF6DzgcTx1, push: J0fLpmJhG0KDN2tQouxh, core: kDMpobbKsuVTByTIKUpe, pull: UPDBtTdCvX748dtBlWYj, one_arm_pullup: cC0BOmm6KIqYAyQynEIo} @ https://out-run-hf3b2s6td-davids-projects-0d6e1f97.vercel.app/_next/static/chunks/2390-dc57abc8d12f6b2f.js:0
[   19354ms] [LOG] [DEBUG-RESOLVER] Incoming Category: planche Resolved Candidate IDs: [planche, pCI5NHXpowu2ySucqDn8] @ https://out-run-hf3b2s6td-davids-projects-0d6e1f97.vercel.app/_next/static/chunks/2390-dc57abc8d12f6b2f.js:0
[   19354ms] [LOG] [DEBUG-RESOLVER] loadCategoryMap built: {human_flag: EtY8YCol0qpF6DzgcTx1, push: J0fLpmJhG0KDN2tQouxh, core: kDMpobbKsuVTByTIKUpe, pull: UPDBtTdCvX748dtBlWYj, one_arm_pullup: cC0BOmm6KIqYAyQynEIo} @ https://out-run-hf3b2s6td-davids-projects-0d6e1f97.vercel.app/_next/static/chunks/2390-dc57abc8d12f6b2f.js:0
[   19355ms] [LOG] [DEBUG-RESOLVER] Incoming Category: handstand Resolved Candidate IDs: [handstand, IOfBZFeorTTDkcz3tOA6] @ https://out-run-hf3b2s6td-davids-projects-0d6e1f97.vercel.app/_next/static/chunks/2390-dc57abc8d12f6b2f.js:0
[   19355ms] [LOG] [DEBUG-RESOLVER] loadCategoryMap built: {human_flag: EtY8YCol0qpF6DzgcTx1, push: J0fLpmJhG0KDN2tQouxh, core: kDMpobbKsuVTByTIKUpe, pull: UPDBtTdCvX748dtBlWYj, one_arm_pullup: cC0BOmm6KIqYAyQynEIo} @ https://out-run-hf3b2s6td-davids-projects-0d6e1f97.vercel.app/_next/static/chunks/2390-dc57abc8d12f6b2f.js:0
[   19355ms] [LOG] [DEBUG-RESOLVER] Incoming Category: hspu Resolved Candidate IDs: [hspu, PAxprHuT7HjqrWU4wl0T] @ https://out-run-hf3b2s6td-davids-projects-0d6e1f97.vercel.app/_next/static/chunks/2390-dc57abc8d12f6b2f.js:0
[   19355ms] [LOG] [DEBUG-RESOLVER] loadCategoryMap built: {human_flag: EtY8YCol0qpF6DzgcTx1, push: J0fLpmJhG0KDN2tQouxh, core: kDMpobbKsuVTByTIKUpe, pull: UPDBtTdCvX748dtBlWYj, one_arm_pullup: cC0BOmm6KIqYAyQynEIo} @ https://out-run-hf3b2s6td-davids-projects-0d6e1f97.vercel.app/_next/static/chunks/2390-dc57abc8d12f6b2f.js:0
[   19355ms] [LOG] [DEBUG-RESOLVER] Incoming Category: one_arm_pullup Resolved Candidate IDs: [one_arm_pullup, cC0BOmm6KIqYAyQynEIo] @ https://out-run-hf3b2s6td-davids-projects-0d6e1f97.vercel.app/_next/static/chunks/2390-dc57abc8d12f6b2f.js:0
[   19355ms] [LOG] [DEBUG-FIRESTORE] Querying IDs: [muscle_up, fTLWzjP9gH2VNpamyCZF] Snapshot size returned: 0 @ https://out-run-hf3b2s6td-davids-projects-0d6e1f97.vercel.app/_next/static/chunks/2390-dc57abc8d12f6b2f.js:0
[   19355ms] [LOG] [DEBUG-FIRESTORE] showInOnboarding=true levels: [] (0 total) @ https://out-run-hf3b2s6td-davids-projects-0d6e1f97.vercel.app/_next/static/chunks/2390-dc57abc8d12f6b2f.js:0
[   19355ms] [LOG] [DEBUG-RESOLVER] Final onboarding levels for "muscle_up": [] (0 total) @ https://out-run-hf3b2s6td-davids-projects-0d6e1f97.vercel.app/_next/static/chunks/2390-dc57abc8d12f6b2f.js:0
[   19581ms] [LOG] [DEBUG-FIRESTORE] Querying IDs: [front_lever, mFcuYlNgKXLqWVUFo0zt] Snapshot size returned: 15 @ https://out-run-hf3b2s6td-davids-projects-0d6e1f97.vercel.app/_next/static/chunks/2390-dc57abc8d12f6b2f.js:0
[   19581ms] [LOG] [DEBUG-FIRESTORE] showInOnboarding=true levels: [1, 3, 5, 7, 9, 11, 13] (7 total) @ https://out-run-hf3b2s6td-davids-projects-0d6e1f97.vercel.app/_next/static/chunks/2390-dc57abc8d12f6b2f.js:0
[   19581ms] [LOG] [DEBUG-RESOLVER] Final onboarding levels for "front_lever": [1, 3, 5, 7, 9, 11, 13] (7 total) @ https://out-run-hf3b2s6td-davids-projects-0d6e1f97.vercel.app/_next/static/chunks/2390-dc57abc8d12f6b2f.js:0
[   19581ms] [LOG] [DEBUG-FIRESTORE] Querying IDs: [planche, pCI5NHXpowu2ySucqDn8] Snapshot size returned: 15 @ https://out-run-hf3b2s6td-davids-projects-0d6e1f97.vercel.app/_next/static/chunks/2390-dc57abc8d12f6b2f.js:0
[   19581ms] [LOG] [DEBUG-FIRESTORE] showInOnboarding=true levels: [1, 3, 5, 7, 10, 12, 13, 14, 15] (9 total) @ https://out-run-hf3b2s6td-davids-projects-0d6e1f97.vercel.app/_next/static/chunks/2390-dc57abc8d12f6b2f.js:0
[   19581ms] [LOG] [DEBUG-RESOLVER] Final onboarding levels for "planche": [1, 3, 5, 7, 10, 12, 13, 14, 15] (9 total) @ https://out-run-hf3b2s6td-davids-projects-0d6e1f97.vercel.app/_next/static/chunks/2390-dc57abc8d12f6b2f.js:0
[   19581ms] [LOG] [DEBUG-FIRESTORE] Querying IDs: [handstand, IOfBZFeorTTDkcz3tOA6] Snapshot size returned: 15 @ https://out-run-hf3b2s6td-davids-projects-0d6e1f97.vercel.app/_next/static/chunks/2390-dc57abc8d12f6b2f.js:0
[   19581ms] [LOG] [DEBUG-FIRESTORE] showInOnboarding=true levels: [] (0 total) @ https://out-run-hf3b2s6td-davids-projects-0d6e1f97.vercel.app/_next/static/chunks/2390-dc57abc8d12f6b2f.js:0
[   19581ms] [LOG] [DEBUG-RESOLVER] Final onboarding levels for "handstand": [] (0 total) @ https://out-run-hf3b2s6td-davids-projects-0d6e1f97.vercel.app/_next/static/chunks/2390-dc57abc8d12f6b2f.js:0
[   19582ms] [LOG] [DEBUG-FIRESTORE] Querying IDs: [hspu, PAxprHuT7HjqrWU4wl0T] Snapshot size returned: 15 @ https://out-run-hf3b2s6td-davids-projects-0d6e1f97.vercel.app/_next/static/chunks/2390-dc57abc8d12f6b2f.js:0
[   19582ms] [LOG] [DEBUG-FIRESTORE] showInOnboarding=true levels: [1, 3, 6, 8, 9, 10, 11, 12, 13, 14, 15] (11 total) @ https://out-run-hf3b2s6td-davids-projects-0d6e1f97.vercel.app/_next/static/chunks/2390-dc57abc8d12f6b2f.js:0
[   19582ms] [LOG] [DEBUG-RESOLVER] Final onboarding levels for "hspu": [1, 3, 6, 8, 9, 10, 11, 12, 13, 14, 15] (11 total) @ https://out-run-hf3b2s6td-davids-projects-0d6e1f97.vercel.app/_next/static/chunks/2390-dc57abc8d12f6b2f.js:0
[   19590ms] [LOG] [DEBUG-FIRESTORE] Querying IDs: [one_arm_pullup, cC0BOmm6KIqYAyQynEIo] Snapshot size returned: 15 @ https://out-run-hf3b2s6td-davids-projects-0d6e1f97.vercel.app/_next/static/chunks/2390-dc57abc8d12f6b2f.js:0
[   19590ms] [LOG] [DEBUG-FIRESTORE] showInOnboarding=true levels: [1, 4, 6, 7, 8, 10, 11, 13] (8 total) @ https://out-run-hf3b2s6td-davids-projects-0d6e1f97.vercel.app/_next/static/chunks/2390-dc57abc8d12f6b2f.js:0
[   19590ms] [LOG] [DEBUG-RESOLVER] Final onboarding levels for "one_arm_pullup": [1, 4, 6, 7, 8, 10, 11, 13] (8 total) @ https://out-run-hf3b2s6td-davids-projects-0d6e1f97.vercel.app/_next/static/chunks/2390-dc57abc8d12f6b2f.js:0
[   42000ms] [LOG] [DEBUG-PAGE] pathConfig.path: health | categories passed to VisualSlider: [push, pull, legs, core] | skipTier: true @ https://out-run-hf3b2s6td-davids-projects-0d6e1f97.vercel.app/_next/static/chunks/app/onboarding-new/assessment-visual/page-dea2a20291a856c2.js:0
[   42159ms] [LOG] [DEBUG-RESOLVER] loadCategoryMap built: {human_flag: EtY8YCol0qpF6DzgcTx1, push: J0fLpmJhG0KDN2tQouxh, core: kDMpobbKsuVTByTIKUpe, pull: UPDBtTdCvX748dtBlWYj, one_arm_pullup: cC0BOmm6KIqYAyQynEIo} @ https://out-run-hf3b2s6td-davids-projects-0d6e1f97.vercel.app/_next/static/chunks/2390-dc57abc8d12f6b2f.js:0
[   42159ms] [LOG] [DEBUG-RESOLVER] Incoming Category: push Resolved Candidate IDs: [push, J0fLpmJhG0KDN2tQouxh] @ https://out-run-hf3b2s6td-davids-projects-0d6e1f97.vercel.app/_next/static/chunks/2390-dc57abc8d12f6b2f.js:0
[   42159ms] [LOG] [DEBUG-RESOLVER] loadCategoryMap built: {human_flag: EtY8YCol0qpF6DzgcTx1, push: J0fLpmJhG0KDN2tQouxh, core: kDMpobbKsuVTByTIKUpe, pull: UPDBtTdCvX748dtBlWYj, one_arm_pullup: cC0BOmm6KIqYAyQynEIo} @ https://out-run-hf3b2s6td-davids-projects-0d6e1f97.vercel.app/_next/static/chunks/2390-dc57abc8d12f6b2f.js:0
[   42159ms] [LOG] [DEBUG-RESOLVER] Incoming Category: pull Resolved Candidate IDs: [pull, UPDBtTdCvX748dtBlWYj] @ https://out-run-hf3b2s6td-davids-projects-0d6e1f97.vercel.app/_next/static/chunks/2390-dc57abc8d12f6b2f.js:0
[   42159ms] [LOG] [DEBUG-RESOLVER] loadCategoryMap built: {human_flag: EtY8YCol0qpF6DzgcTx1, push: J0fLpmJhG0KDN2tQouxh, core: kDMpobbKsuVTByTIKUpe, pull: UPDBtTdCvX748dtBlWYj, one_arm_pullup: cC0BOmm6KIqYAyQynEIo} @ https://out-run-hf3b2s6td-davids-projects-0d6e1f97.vercel.app/_next/static/chunks/2390-dc57abc8d12f6b2f.js:0
[   42159ms] [LOG] [DEBUG-RESOLVER] Incoming Category: legs Resolved Candidate IDs: [legs, OrAmOH3F375dVio5yGdU] @ https://out-run-hf3b2s6td-davids-projects-0d6e1f97.vercel.app/_next/static/chunks/2390-dc57abc8d12f6b2f.js:0
[   42160ms] [LOG] [DEBUG-RESOLVER] loadCategoryMap built: {human_flag: EtY8YCol0qpF6DzgcTx1, push: J0fLpmJhG0KDN2tQouxh, core: kDMpobbKsuVTByTIKUpe, pull: UPDBtTdCvX748dtBlWYj, one_arm_pullup: cC0BOmm6KIqYAyQynEIo} @ https://out-run-hf3b2s6td-davids-projects-0d6e1f97.vercel.app/_next/static/chunks/2390-dc57abc8d12f6b2f.js:0
[   42160ms] [LOG] [DEBUG-RESOLVER] Incoming Category: core Resolved Candidate IDs: [core, kDMpobbKsuVTByTIKUpe] @ https://out-run-hf3b2s6td-davids-projects-0d6e1f97.vercel.app/_next/static/chunks/2390-dc57abc8d12f6b2f.js:0
[   42161ms] [LOG] [DEBUG-PAGE] pathConfig.path: health | categories passed to VisualSlider: [push, pull, legs, core] | skipTier: true @ https://out-run-hf3b2s6td-davids-projects-0d6e1f97.vercel.app/_next/static/chunks/app/onboarding-new/assessment-visual/page-dea2a20291a856c2.js:0
[   42161ms] [LOG] [DEBUG-RESOLVER] Incoming Category: push Resolved Candidate IDs: [push, J0fLpmJhG0KDN2tQouxh] @ https://out-run-hf3b2s6td-davids-projects-0d6e1f97.vercel.app/_next/static/chunks/2390-dc57abc8d12f6b2f.js:0
[   42162ms] [LOG] [DEBUG-RESOLVER] Incoming Category: pull Resolved Candidate IDs: [pull, UPDBtTdCvX748dtBlWYj] @ https://out-run-hf3b2s6td-davids-projects-0d6e1f97.vercel.app/_next/static/chunks/2390-dc57abc8d12f6b2f.js:0
[   42162ms] [LOG] [DEBUG-RESOLVER] Incoming Category: legs Resolved Candidate IDs: [legs, OrAmOH3F375dVio5yGdU] @ https://out-run-hf3b2s6td-davids-projects-0d6e1f97.vercel.app/_next/static/chunks/2390-dc57abc8d12f6b2f.js:0
[   42162ms] [LOG] [DEBUG-RESOLVER] Incoming Category: core Resolved Candidate IDs: [core, kDMpobbKsuVTByTIKUpe] @ https://out-run-hf3b2s6td-davids-projects-0d6e1f97.vercel.app/_next/static/chunks/2390-dc57abc8d12f6b2f.js:0
[   42364ms] [LOG] [DEBUG-FIRESTORE] Querying IDs: [push, J0fLpmJhG0KDN2tQouxh] Snapshot size returned: 25 @ https://out-run-hf3b2s6td-davids-projects-0d6e1f97.vercel.app/_next/static/chunks/2390-dc57abc8d12f6b2f.js:0
[   42364ms] [LOG] [DEBUG-FIRESTORE] showInOnboarding=true levels: [1, 4, 6, 9, 12, 14, 16, 18, 19, 20] (10 total) @ https://out-run-hf3b2s6td-davids-projects-0d6e1f97.vercel.app/_next/static/chunks/2390-dc57abc8d12f6b2f.js:0
[   42364ms] [LOG] [DEBUG-RESOLVER] Final onboarding levels for "push": [1, 4, 6, 9, 12, 14, 16, 18, 19, 20] (10 total) @ https://out-run-hf3b2s6td-davids-projects-0d6e1f97.vercel.app/_next/static/chunks/2390-dc57abc8d12f6b2f.js:0
[   42364ms] [LOG] [DEBUG-RESOLVER] resolveContent("push", 1) → programId="J0fLpmJhG0KDN2tQouxh" @ https://out-run-hf3b2s6td-davids-projects-0d6e1f97.vercel.app/_next/static/chunks/2390-dc57abc8d12f6b2f.js:0
[   42364ms] [LOG] [DEBUG-RESOLVER] resolveContent("push", 4) → programId="J0fLpmJhG0KDN2tQouxh" @ https://out-run-hf3b2s6td-davids-projects-0d6e1f97.vercel.app/_next/static/chunks/2390-dc57abc8d12f6b2f.js:0
[   42364ms] [LOG] [DEBUG-FIRESTORE] Querying IDs: [push, J0fLpmJhG0KDN2tQouxh] Snapshot size returned: 25 @ https://out-run-hf3b2s6td-davids-projects-0d6e1f97.vercel.app/_next/static/chunks/2390-dc57abc8d12f6b2f.js:0
[   42364ms] [LOG] [DEBUG-FIRESTORE] showInOnboarding=true levels: [1, 4, 6, 9, 12, 14, 16, 18, 19, 20] (10 total) @ https://out-run-hf3b2s6td-davids-projects-0d6e1f97.vercel.app/_next/static/chunks/2390-dc57abc8d12f6b2f.js:0
[   42364ms] [LOG] [DEBUG-RESOLVER] Final onboarding levels for "push": [1, 4, 6, 9, 12, 14, 16, 18, 19, 20] (10 total) @ https://out-run-hf3b2s6td-davids-projects-0d6e1f97.vercel.app/_next/static/chunks/2390-dc57abc8d12f6b2f.js:0
[   42364ms] [LOG] [DEBUG-RESOLVER] resolveContent("push", 1) → programId="J0fLpmJhG0KDN2tQouxh" @ https://out-run-hf3b2s6td-davids-projects-0d6e1f97.vercel.app/_next/static/chunks/2390-dc57abc8d12f6b2f.js:0
[   42364ms] [LOG] [DEBUG-RESOLVER] resolveContent("push", 4) → programId="J0fLpmJhG0KDN2tQouxh" @ https://out-run-hf3b2s6td-davids-projects-0d6e1f97.vercel.app/_next/static/chunks/2390-dc57abc8d12f6b2f.js:0
[   42365ms] [LOG] [DEBUG-FIRESTORE] Querying IDs: [pull, UPDBtTdCvX748dtBlWYj] Snapshot size returned: 25 @ https://out-run-hf3b2s6td-davids-projects-0d6e1f97.vercel.app/_next/static/chunks/2390-dc57abc8d12f6b2f.js:0
[   42365ms] [LOG] [DEBUG-FIRESTORE] showInOnboarding=true levels: [1, 4, 6, 10, 14, 17, 19, 20] (8 total) @ https://out-run-hf3b2s6td-davids-projects-0d6e1f97.vercel.app/_next/static/chunks/2390-dc57abc8d12f6b2f.js:0
[   42365ms] [LOG] [DEBUG-RESOLVER] Final onboarding levels for "pull": [1, 4, 6, 10, 14, 17, 19, 20] (8 total) @ https://out-run-hf3b2s6td-davids-projects-0d6e1f97.vercel.app/_next/static/chunks/2390-dc57abc8d12f6b2f.js:0
[   42365ms] [LOG] [DEBUG-RESOLVER] resolveContent("pull", 1) → programId="UPDBtTdCvX748dtBlWYj" @ https://out-run-hf3b2s6td-davids-projects-0d6e1f97.vercel.app/_next/static/chunks/2390-dc57abc8d12f6b2f.js:0
[   42365ms] [LOG] [DEBUG-RESOLVER] resolveContent("pull", 4) → programId="UPDBtTdCvX748dtBlWYj" @ https://out-run-hf3b2s6td-davids-projects-0d6e1f97.vercel.app/_next/static/chunks/2390-dc57abc8d12f6b2f.js:0
[   42365ms] [LOG] [DEBUG-FIRESTORE] Querying IDs: [pull, UPDBtTdCvX748dtBlWYj] Snapshot size returned: 25 @ https://out-run-hf3b2s6td-davids-projects-0d6e1f97.vercel.app/_next/static/chunks/2390-dc57abc8d12f6b2f.js:0
[   42365ms] [LOG] [DEBUG-FIRESTORE] showInOnboarding=true levels: [1, 4, 6, 10, 14, 17, 19, 20] (8 total) @ https://out-run-hf3b2s6td-davids-projects-0d6e1f97.vercel.app/_next/static/chunks/2390-dc57abc8d12f6b2f.js:0
[   42365ms] [LOG] [DEBUG-RESOLVER] Final onboarding levels for "pull": [1, 4, 6, 10, 14, 17, 19, 20] (8 total) @ https://out-run-hf3b2s6td-davids-projects-0d6e1f97.vercel.app/_next/static/chunks/2390-dc57abc8d12f6b2f.js:0
[   42365ms] [LOG] [DEBUG-RESOLVER] resolveContent("pull", 1) → programId="UPDBtTdCvX748dtBlWYj" @ https://out-run-hf3b2s6td-davids-projects-0d6e1f97.vercel.app/_next/static/chunks/2390-dc57abc8d12f6b2f.js:0
[   42365ms] [LOG] [DEBUG-RESOLVER] resolveContent("pull", 4) → programId="UPDBtTdCvX748dtBlWYj" @ https://out-run-hf3b2s6td-davids-projects-0d6e1f97.vercel.app/_next/static/chunks/2390-dc57abc8d12f6b2f.js:0
[   42367ms] [LOG] [DEBUG-FIRESTORE] Querying IDs: [legs, OrAmOH3F375dVio5yGdU] Snapshot size returned: 15 @ https://out-run-hf3b2s6td-davids-projects-0d6e1f97.vercel.app/_next/static/chunks/2390-dc57abc8d12f6b2f.js:0
[   42367ms] [LOG] [DEBUG-FIRESTORE] showInOnboarding=true levels: [1, 3, 6, 8, 10, 12] (6 total) @ https://out-run-hf3b2s6td-davids-projects-0d6e1f97.vercel.app/_next/static/chunks/2390-dc57abc8d12f6b2f.js:0
[   42367ms] [LOG] [DEBUG-RESOLVER] Final onboarding levels for "legs": [1, 3, 6, 8, 10, 12] (6 total) @ https://out-run-hf3b2s6td-davids-projects-0d6e1f97.vercel.app/_next/static/chunks/2390-dc57abc8d12f6b2f.js:0
[   42367ms] [LOG] [DEBUG-RESOLVER] resolveContent("legs", 1) → programId="OrAmOH3F375dVio5yGdU" @ https://out-run-hf3b2s6td-davids-projects-0d6e1f97.vercel.app/_next/static/chunks/2390-dc57abc8d12f6b2f.js:0
[   42367ms] [LOG] [DEBUG-RESOLVER] resolveContent("legs", 3) → programId="OrAmOH3F375dVio5yGdU" @ https://out-run-hf3b2s6td-davids-projects-0d6e1f97.vercel.app/_next/static/chunks/2390-dc57abc8d12f6b2f.js:0
[   42367ms] [LOG] [DEBUG-FIRESTORE] Querying IDs: [legs, OrAmOH3F375dVio5yGdU] Snapshot size returned: 15 @ https://out-run-hf3b2s6td-davids-projects-0d6e1f97.vercel.app/_next/static/chunks/2390-dc57abc8d12f6b2f.js:0
[   42367ms] [LOG] [DEBUG-FIRESTORE] showInOnboarding=true levels: [1, 3, 6, 8, 10, 12] (6 total) @ https://out-run-hf3b2s6td-davids-projects-0d6e1f97.vercel.app/_next/static/chunks/2390-dc57abc8d12f6b2f.js:0
[   42367ms] [LOG] [DEBUG-RESOLVER] Final onboarding levels for "legs": [1, 3, 6, 8, 10, 12] (6 total) @ https://out-run-hf3b2s6td-davids-projects-0d6e1f97.vercel.app/_next/static/chunks/2390-dc57abc8d12f6b2f.js:0
[   42367ms] [LOG] [DEBUG-RESOLVER] resolveContent("legs", 1) → programId="OrAmOH3F375dVio5yGdU" @ https://out-run-hf3b2s6td-davids-projects-0d6e1f97.vercel.app/_next/static/chunks/2390-dc57abc8d12f6b2f.js:0
[   42367ms] [LOG] [DEBUG-RESOLVER] resolveContent("legs", 3) → programId="OrAmOH3F375dVio5yGdU" @ https://out-run-hf3b2s6td-davids-projects-0d6e1f97.vercel.app/_next/static/chunks/2390-dc57abc8d12f6b2f.js:0
[   42367ms] [LOG] [DEBUG-FIRESTORE] Querying IDs: [core, kDMpobbKsuVTByTIKUpe] Snapshot size returned: 20 @ https://out-run-hf3b2s6td-davids-projects-0d6e1f97.vercel.app/_next/static/chunks/2390-dc57abc8d12f6b2f.js:0
[   42367ms] [LOG] [DEBUG-FIRESTORE] showInOnboarding=true levels: [1, 3, 5, 7, 8, 10, 11, 14] (8 total) @ https://out-run-hf3b2s6td-davids-projects-0d6e1f97.vercel.app/_next/static/chunks/2390-dc57abc8d12f6b2f.js:0
[   42367ms] [LOG] [DEBUG-RESOLVER] Final onboarding levels for "core": [1, 3, 5, 7, 8, 10, 11, 14] (8 total) @ https://out-run-hf3b2s6td-davids-projects-0d6e1f97.vercel.app/_next/static/chunks/2390-dc57abc8d12f6b2f.js:0
[   42367ms] [LOG] [DEBUG-RESOLVER] resolveContent("core", 1) → programId="kDMpobbKsuVTByTIKUpe" @ https://out-run-hf3b2s6td-davids-projects-0d6e1f97.vercel.app/_next/static/chunks/2390-dc57abc8d12f6b2f.js:0
[   42367ms] [LOG] [DEBUG-RESOLVER] resolveContent("core", 3) → programId="kDMpobbKsuVTByTIKUpe" @ https://out-run-hf3b2s6td-davids-projects-0d6e1f97.vercel.app/_next/static/chunks/2390-dc57abc8d12f6b2f.js:0
[   42367ms] [LOG] [DEBUG-FIRESTORE] Querying IDs: [core, kDMpobbKsuVTByTIKUpe] Snapshot size returned: 20 @ https://out-run-hf3b2s6td-davids-projects-0d6e1f97.vercel.app/_next/static/chunks/2390-dc57abc8d12f6b2f.js:0
[   42368ms] [LOG] [DEBUG-FIRESTORE] showInOnboarding=true levels: [1, 3, 5, 7, 8, 10, 11, 14] (8 total) @ https://out-run-hf3b2s6td-davids-projects-0d6e1f97.vercel.app/_next/static/chunks/2390-dc57abc8d12f6b2f.js:0
[   42368ms] [LOG] [DEBUG-RESOLVER] Final onboarding levels for "core": [1, 3, 5, 7, 8, 10, 11, 14] (8 total) @ https://out-run-hf3b2s6td-davids-projects-0d6e1f97.vercel.app/_next/static/chunks/2390-dc57abc8d12f6b2f.js:0
[   42368ms] [LOG] [DEBUG-RESOLVER] resolveContent("core", 1) → programId="kDMpobbKsuVTByTIKUpe" @ https://out-run-hf3b2s6td-davids-projects-0d6e1f97.vercel.app/_next/static/chunks/2390-dc57abc8d12f6b2f.js:0
[   42368ms] [LOG] [DEBUG-RESOLVER] resolveContent("core", 3) → programId="kDMpobbKsuVTByTIKUpe" @ https://out-run-hf3b2s6td-davids-projects-0d6e1f97.vercel.app/_next/static/chunks/2390-dc57abc8d12f6b2f.js:0
[   42506ms] [LOG] [VisualContentService] docToContent "J0fLpmJhG0KDN2tQouxh_1": {hasVideoVariantsField: true, hasVariantsField: false, rawType: array[0], parsedVariantsCount: 0, allTopLevelKeys: Array(14)} @ https://out-run-hf3b2s6td-davids-projects-0d6e1f97.vercel.app/_next/static/chunks/2390-dc57abc8d12f6b2f.js:0
[   42506ms] [LOG] [DEBUG-RESOLVER] attempt1 getVisualContentItem("J0fLpmJhG0KDN2tQouxh", 1) → FOUND @ https://out-run-hf3b2s6td-davids-projects-0d6e1f97.vercel.app/_next/static/chunks/2390-dc57abc8d12f6b2f.js:0
[   42506ms] [LOG] [VisualContentService] docToContent "J0fLpmJhG0KDN2tQouxh_1": {hasVideoVariantsField: true, hasVariantsField: false, rawType: array[0], parsedVariantsCount: 0, allTopLevelKeys: Array(14)} @ https://out-run-hf3b2s6td-davids-projects-0d6e1f97.vercel.app/_next/static/chunks/2390-dc57abc8d12f6b2f.js:0
[   42506ms] [LOG] [DEBUG-RESOLVER] attempt1 getVisualContentItem("J0fLpmJhG0KDN2tQouxh", 1) → FOUND @ https://out-run-hf3b2s6td-davids-projects-0d6e1f97.vercel.app/_next/static/chunks/2390-dc57abc8d12f6b2f.js:0
[   42506ms] [LOG] [VisualContentService] docToContent "J0fLpmJhG0KDN2tQouxh_4": {hasVideoVariantsField: true, hasVariantsField: false, rawType: array[0], parsedVariantsCount: 0, allTopLevelKeys: Array(14)} @ https://out-run-hf3b2s6td-davids-projects-0d6e1f97.vercel.app/_next/static/chunks/2390-dc57abc8d12f6b2f.js:0
[   42506ms] [LOG] [DEBUG-RESOLVER] attempt1 getVisualContentItem("J0fLpmJhG0KDN2tQouxh", 4) → FOUND @ https://out-run-hf3b2s6td-davids-projects-0d6e1f97.vercel.app/_next/static/chunks/2390-dc57abc8d12f6b2f.js:0
[   42506ms] [LOG] [VisualContentService] docToContent "J0fLpmJhG0KDN2tQouxh_4": {hasVideoVariantsField: true, hasVariantsField: false, rawType: array[0], parsedVariantsCount: 0, allTopLevelKeys: Array(14)} @ https://out-run-hf3b2s6td-davids-projects-0d6e1f97.vercel.app/_next/static/chunks/2390-dc57abc8d12f6b2f.js:0
[   42506ms] [LOG] [DEBUG-RESOLVER] attempt1 getVisualContentItem("J0fLpmJhG0KDN2tQouxh", 4) → FOUND @ https://out-run-hf3b2s6td-davids-projects-0d6e1f97.vercel.app/_next/static/chunks/2390-dc57abc8d12f6b2f.js:0
[   42506ms] [LOG] [VisualContentService] docToContent "UPDBtTdCvX748dtBlWYj_1": {hasVideoVariantsField: true, hasVariantsField: false, rawType: array[0], parsedVariantsCount: 0, allTopLevelKeys: Array(14)} @ https://out-run-hf3b2s6td-davids-projects-0d6e1f97.vercel.app/_next/static/chunks/2390-dc57abc8d12f6b2f.js:0
[   42506ms] [LOG] [DEBUG-RESOLVER] attempt1 getVisualContentItem("UPDBtTdCvX748dtBlWYj", 1) → FOUND @ https://out-run-hf3b2s6td-davids-projects-0d6e1f97.vercel.app/_next/static/chunks/2390-dc57abc8d12f6b2f.js:0
[   42506ms] [LOG] [VisualContentService] docToContent "UPDBtTdCvX748dtBlWYj_1": {hasVideoVariantsField: true, hasVariantsField: false, rawType: array[0], parsedVariantsCount: 0, allTopLevelKeys: Array(14)} @ https://out-run-hf3b2s6td-davids-projects-0d6e1f97.vercel.app/_next/static/chunks/2390-dc57abc8d12f6b2f.js:0
[   42506ms] [LOG] [DEBUG-RESOLVER] attempt1 getVisualContentItem("UPDBtTdCvX748dtBlWYj", 1) → FOUND @ https://out-run-hf3b2s6td-davids-projects-0d6e1f97.vercel.app/_next/static/chunks/2390-dc57abc8d12f6b2f.js:0
[   42506ms] [LOG] [VisualContentService] docToContent "UPDBtTdCvX748dtBlWYj_4": {hasVideoVariantsField: true, hasVariantsField: false, rawType: array[0], parsedVariantsCount: 0, allTopLevelKeys: Array(14)} @ https://out-run-hf3b2s6td-davids-projects-0d6e1f97.vercel.app/_next/static/chunks/2390-dc57abc8d12f6b2f.js:0
[   42506ms] [LOG] [DEBUG-RESOLVER] attempt1 getVisualContentItem("UPDBtTdCvX748dtBlWYj", 4) → FOUND @ https://out-run-hf3b2s6td-davids-projects-0d6e1f97.vercel.app/_next/static/chunks/2390-dc57abc8d12f6b2f.js:0
[   42506ms] [LOG] [VisualContentService] docToContent "UPDBtTdCvX748dtBlWYj_4": {hasVideoVariantsField: true, hasVariantsField: false, rawType: array[0], parsedVariantsCount: 0, allTopLevelKeys: Array(14)} @ https://out-run-hf3b2s6td-davids-projects-0d6e1f97.vercel.app/_next/static/chunks/2390-dc57abc8d12f6b2f.js:0
[   42506ms] [LOG] [DEBUG-RESOLVER] attempt1 getVisualContentItem("UPDBtTdCvX748dtBlWYj", 4) → FOUND @ https://out-run-hf3b2s6td-davids-projects-0d6e1f97.vercel.app/_next/static/chunks/2390-dc57abc8d12f6b2f.js:0
[   42507ms] [LOG] [VisualContentService] docToContent "OrAmOH3F375dVio5yGdU_1": {hasVideoVariantsField: true, hasVariantsField: false, rawType: array[0], parsedVariantsCount: 0, allTopLevelKeys: Array(14)} @ https://out-run-hf3b2s6td-davids-projects-0d6e1f97.vercel.app/_next/static/chunks/2390-dc57abc8d12f6b2f.js:0
[   42507ms] [LOG] [DEBUG-RESOLVER] attempt1 getVisualContentItem("OrAmOH3F375dVio5yGdU", 1) → FOUND @ https://out-run-hf3b2s6td-davids-projects-0d6e1f97.vercel.app/_next/static/chunks/2390-dc57abc8d12f6b2f.js:0
[   42507ms] [LOG] [VisualContentService] docToContent "OrAmOH3F375dVio5yGdU_1": {hasVideoVariantsField: true, hasVariantsField: false, rawType: array[0], parsedVariantsCount: 0, allTopLevelKeys: Array(14)} @ https://out-run-hf3b2s6td-davids-projects-0d6e1f97.vercel.app/_next/static/chunks/2390-dc57abc8d12f6b2f.js:0
[   42507ms] [LOG] [DEBUG-RESOLVER] attempt1 getVisualContentItem("OrAmOH3F375dVio5yGdU", 1) → FOUND @ https://out-run-hf3b2s6td-davids-projects-0d6e1f97.vercel.app/_next/static/chunks/2390-dc57abc8d12f6b2f.js:0
[   42507ms] [LOG] [VisualContentService] docToContent "OrAmOH3F375dVio5yGdU_3": {hasVideoVariantsField: true, hasVariantsField: false, rawType: array[0], parsedVariantsCount: 0, allTopLevelKeys: Array(12)} @ https://out-run-hf3b2s6td-davids-projects-0d6e1f97.vercel.app/_next/static/chunks/2390-dc57abc8d12f6b2f.js:0
[   42507ms] [LOG] [DEBUG-RESOLVER] attempt1 getVisualContentItem("OrAmOH3F375dVio5yGdU", 3) → FOUND @ https://out-run-hf3b2s6td-davids-projects-0d6e1f97.vercel.app/_next/static/chunks/2390-dc57abc8d12f6b2f.js:0
[   42507ms] [LOG] [VisualContentService] docToContent "OrAmOH3F375dVio5yGdU_3": {hasVideoVariantsField: true, hasVariantsField: false, rawType: array[0], parsedVariantsCount: 0, allTopLevelKeys: Array(12)} @ https://out-run-hf3b2s6td-davids-projects-0d6e1f97.vercel.app/_next/static/chunks/2390-dc57abc8d12f6b2f.js:0
[   42507ms] [LOG] [DEBUG-RESOLVER] attempt1 getVisualContentItem("OrAmOH3F375dVio5yGdU", 3) → FOUND @ https://out-run-hf3b2s6td-davids-projects-0d6e1f97.vercel.app/_next/static/chunks/2390-dc57abc8d12f6b2f.js:0
[   42507ms] [LOG] [VisualContentService] docToContent "kDMpobbKsuVTByTIKUpe_1": {hasVideoVariantsField: true, hasVariantsField: false, rawType: array[0], parsedVariantsCount: 0, allTopLevelKeys: Array(14)} @ https://out-run-hf3b2s6td-davids-projects-0d6e1f97.vercel.app/_next/static/chunks/2390-dc57abc8d12f6b2f.js:0
[   42507ms] [LOG] [DEBUG-RESOLVER] attempt1 getVisualContentItem("kDMpobbKsuVTByTIKUpe", 1) → FOUND @ https://out-run-hf3b2s6td-davids-projects-0d6e1f97.vercel.app/_next/static/chunks/2390-dc57abc8d12f6b2f.js:0
[   42507ms] [LOG] [VisualContentService] docToContent "kDMpobbKsuVTByTIKUpe_1": {hasVideoVariantsField: true, hasVariantsField: false, rawType: array[0], parsedVariantsCount: 0, allTopLevelKeys: Array(14)} @ https://out-run-hf3b2s6td-davids-projects-0d6e1f97.vercel.app/_next/static/chunks/2390-dc57abc8d12f6b2f.js:0
[   42507ms] [LOG] [DEBUG-RESOLVER] attempt1 getVisualContentItem("kDMpobbKsuVTByTIKUpe", 1) → FOUND @ https://out-run-hf3b2s6td-davids-projects-0d6e1f97.vercel.app/_next/static/chunks/2390-dc57abc8d12f6b2f.js:0
[   42562ms] [LOG] [VisualContentService] docToContent "kDMpobbKsuVTByTIKUpe_3": {hasVideoVariantsField: true, hasVariantsField: false, rawType: array[0], parsedVariantsCount: 0, allTopLevelKeys: Array(14)} @ https://out-run-hf3b2s6td-davids-projects-0d6e1f97.vercel.app/_next/static/chunks/2390-dc57abc8d12f6b2f.js:0
[   42563ms] [LOG] [DEBUG-RESOLVER] attempt1 getVisualContentItem("kDMpobbKsuVTByTIKUpe", 3) → FOUND @ https://out-run-hf3b2s6td-davids-projects-0d6e1f97.vercel.app/_next/static/chunks/2390-dc57abc8d12f6b2f.js:0
[   42563ms] [LOG] [VisualContentService] docToContent "kDMpobbKsuVTByTIKUpe_3": {hasVideoVariantsField: true, hasVariantsField: false, rawType: array[0], parsedVariantsCount: 0, allTopLevelKeys: Array(14)} @ https://out-run-hf3b2s6td-davids-projects-0d6e1f97.vercel.app/_next/static/chunks/2390-dc57abc8d12f6b2f.js:0
[   42563ms] [LOG] [DEBUG-RESOLVER] attempt1 getVisualContentItem("kDMpobbKsuVTByTIKUpe", 3) → FOUND @ https://out-run-hf3b2s6td-davids-projects-0d6e1f97.vercel.app/_next/static/chunks/2390-dc57abc8d12f6b2f.js:0
[   42655ms] [LOG] [ContentResolver] Level 1 — exercise video resolved: "שכיבות סמיכה ב-75°" → https://vz-b17872ab-7a7.b-cdn.net/b1e43b30-37e1-49f7-8c17-74… @ https://out-run-hf3b2s6td-davids-projects-0d6e1f97.vercel.app/_next/static/chunks/2390-dc57abc8d12f6b2f.js:0
[   42656ms] [LOG] [ContentResolver] Level 1 — exercise video resolved: "שכיבות סמיכה ב-75°" → https://vz-b17872ab-7a7.b-cdn.net/b1e43b30-37e1-49f7-8c17-74… @ https://out-run-hf3b2s6td-davids-projects-0d6e1f97.vercel.app/_next/static/chunks/2390-dc57abc8d12f6b2f.js:0
[   42656ms] [LOG] [ContentResolver] Level 4 — exercise video resolved: "שכיבות סמיכה ברכיים" → https://vz-b17872ab-7a7.b-cdn.net/7413db0b-1702-4acd-8072-8a… @ https://out-run-hf3b2s6td-davids-projects-0d6e1f97.vercel.app/_next/static/chunks/2390-dc57abc8d12f6b2f.js:0
[   42656ms] [LOG] [ContentResolver] Level 4 — exercise video resolved: "שכיבות סמיכה ברכיים" → https://vz-b17872ab-7a7.b-cdn.net/7413db0b-1702-4acd-8072-8a… @ https://out-run-hf3b2s6td-davids-projects-0d6e1f97.vercel.app/_next/static/chunks/2390-dc57abc8d12f6b2f.js:0
[   42656ms] [LOG] [ContentResolver] Level 1 — exercise video resolved: "חתירות ב-75°" → https://vz-b17872ab-7a7.b-cdn.net/90762fc3-e7d8-4070-a312-46… @ https://out-run-hf3b2s6td-davids-projects-0d6e1f97.vercel.app/_next/static/chunks/2390-dc57abc8d12f6b2f.js:0
[   42657ms] [LOG] [ContentResolver] Level 1 — exercise video resolved: "חתירות ב-75°" → https://vz-b17872ab-7a7.b-cdn.net/90762fc3-e7d8-4070-a312-46… @ https://out-run-hf3b2s6td-davids-projects-0d6e1f97.vercel.app/_next/static/chunks/2390-dc57abc8d12f6b2f.js:0
[   42662ms] [LOG] [ContentResolver] Level 4 — exercise video resolved: "חתירות ב-15° עם ברכיים כפופות" → https://vz-b17872ab-7a7.b-cdn.net/65b8ee9b-baf7-4ed1-834a-2f… @ https://out-run-hf3b2s6td-davids-projects-0d6e1f97.vercel.app/_next/static/chunks/2390-dc57abc8d12f6b2f.js:0
[   42662ms] [LOG] [ContentResolver] Level 4 — exercise video resolved: "חתירות ב-15° עם ברכיים כפופות" → https://vz-b17872ab-7a7.b-cdn.net/65b8ee9b-baf7-4ed1-834a-2f… @ https://out-run-hf3b2s6td-davids-projects-0d6e1f97.vercel.app/_next/static/chunks/2390-dc57abc8d12f6b2f.js:0
[   42662ms] [LOG] [ContentResolver] Level 1 — exercise video resolved: "סקוואט טווח חלקי (להגבהה)" → https://vz-b17872ab-7a7.b-cdn.net/8286f82c-fdf8-4f05-8961-a0… @ https://out-run-hf3b2s6td-davids-projects-0d6e1f97.vercel.app/_next/static/chunks/2390-dc57abc8d12f6b2f.js:0
[   42663ms] [LOG] [ContentResolver] Level 1 — exercise video resolved: "סקוואט טווח חלקי (להגבהה)" → https://vz-b17872ab-7a7.b-cdn.net/8286f82c-fdf8-4f05-8961-a0… @ https://out-run-hf3b2s6td-davids-projects-0d6e1f97.vercel.app/_next/static/chunks/2390-dc57abc8d12f6b2f.js:0
[   42663ms] [LOG] [ContentResolver] Level 3 — exercise video resolved: "סקוואט קפיצה" → https://vz-b17872ab-7a7.b-cdn.net/57d8348b-3788-4dd1-880a-8b… @ https://out-run-hf3b2s6td-davids-projects-0d6e1f97.vercel.app/_next/static/chunks/2390-dc57abc8d12f6b2f.js:0
[   42663ms] [LOG] [ContentResolver] Level 3 — exercise video resolved: "סקוואט קפיצה" → https://vz-b17872ab-7a7.b-cdn.net/57d8348b-3788-4dd1-880a-8b… @ https://out-run-hf3b2s6td-davids-projects-0d6e1f97.vercel.app/_next/static/chunks/2390-dc57abc8d12f6b2f.js:0
[   42663ms] [LOG] [ContentResolver] Level 1 — exercise video resolved: "פלאנק על הברכיים" → https://vz-b17872ab-7a7.b-cdn.net/3011b6ff-f251-4c7b-81f4-e2… @ https://out-run-hf3b2s6td-davids-projects-0d6e1f97.vercel.app/_next/static/chunks/2390-dc57abc8d12f6b2f.js:0
[   42663ms] [LOG] [ContentResolver] Level 1 — exercise video resolved: "פלאנק על הברכיים" → https://vz-b17872ab-7a7.b-cdn.net/3011b6ff-f251-4c7b-81f4-e2… @ https://out-run-hf3b2s6td-davids-projects-0d6e1f97.vercel.app/_next/static/chunks/2390-dc57abc8d12f6b2f.js:0
[   42717ms] [LOG] [ContentResolver] Level 3 — exercise video resolved: "פלאנק עליות ונגיעות בכתפיים" → https://vz-b17872ab-7a7.b-cdn.net/4d5bc37c-3994-4574-ace7-12… @ https://out-run-hf3b2s6td-davids-projects-0d6e1f97.vercel.app/_next/static/chunks/2390-dc57abc8d12f6b2f.js:0
[   42717ms] [LOG] [ContentResolver] Level 3 — exercise video resolved: "פלאנק עליות ונגיעות בכתפיים" → https://vz-b17872ab-7a7.b-cdn.net/4d5bc37c-3994-4574-ace7-12… @ https://out-run-hf3b2s6td-davids-projects-0d6e1f97.vercel.app/_next/static/chunks/2390-dc57abc8d12f6b2f.js:0
