[     322ms] [INFO] %cDownload the React DevTools for a better development experience: https://reactjs.org/link/react-devtools font-weight:bold @ webpack-internal:///(app-pages-browser)/../../../node_modules/next/dist/compiled/react-dom/cjs/react-dom.development.js:38559
[    1002ms] [INFO] [firebase] App Check bypass: hostname="localhost" treated as local development. initializeAppCheck() will NOT be invoked — this prevents reCAPTCHA Enterprise 403s from crashing the Firestore snapshot listener. Set NEXT_PUBLIC_APP_CHECK_DEBUG_TOKEN to a token registered in the Firebase console (App Check → Apps → Manage debug tokens) if you need a real App Check handshake. @ webpack-internal:///(app-pages-browser)/./src/lib/firebase.ts:125
[    1009ms] [WARNING] [bunny] NEXT_PUBLIC_BUNNY_CDN_HOSTNAME is not set — falling back to hardcoded hostname. Set this variable in your Vercel project environment settings to silence this warning. @ webpack-internal:///(app-pages-browser)/./src/lib/bunny/bunny.config.ts:38
[    1350ms] [LOG] ACTIVE CALENDAR FILE: MonthlyCalendarGrid.tsx {cellHeight: 60, engine: DayIconCell (unified with home screen), viewMode: rings} @ webpack-internal:///(app-pages-browser)/./src/features/home/components/calendar/MonthlyCalendarGrid.tsx:160
[    1350ms] [LOG] ACTIVE CALENDAR FILE: MonthlyCalendarGrid.tsx {cellHeight: 60, engine: DayIconCell (unified with home screen), viewMode: rings} @ webpack-internal:///(app-pages-browser)/./src/features/home/components/calendar/MonthlyCalendarGrid.tsx:160
[    1418ms] [LOG] ACTIVE CALENDAR FILE: MonthlyCalendarGrid.tsx {cellHeight: 60, engine: DayIconCell (unified with home screen), viewMode: rings} @ webpack-internal:///(app-pages-browser)/./src/features/home/components/calendar/MonthlyCalendarGrid.tsx:160
[    1418ms] [LOG] ACTIVE CALENDAR FILE: MonthlyCalendarGrid.tsx {cellHeight: 60, engine: DayIconCell (unified with home screen), viewMode: rings} @ webpack-internal:///(app-pages-browser)/./src/features/home/components/calendar/MonthlyCalendarGrid.tsx:160
[    1625ms] [LOG] ACTIVE CALENDAR FILE: MonthlyCalendarGrid.tsx {cellHeight: 60, engine: DayIconCell (unified with home screen), viewMode: rings} @ webpack-internal:///(app-pages-browser)/./src/features/home/components/calendar/MonthlyCalendarGrid.tsx:160
[    1630ms] [LOG] ACTIVE CALENDAR FILE: MonthlyCalendarGrid.tsx {cellHeight: 60, engine: DayIconCell (unified with home screen), viewMode: rings} @ webpack-internal:///(app-pages-browser)/./src/features/home/components/calendar/MonthlyCalendarGrid.tsx:160
[    1799ms] [LOG] ACTIVE CALENDAR FILE: MonthlyCalendarGrid.tsx {cellHeight: 60, engine: DayIconCell (unified with home screen), viewMode: rings} @ webpack-internal:///(app-pages-browser)/./src/features/home/components/calendar/MonthlyCalendarGrid.tsx:160
[    1799ms] [LOG] ACTIVE CALENDAR FILE: MonthlyCalendarGrid.tsx {cellHeight: 60, engine: DayIconCell (unified with home screen), viewMode: rings} @ webpack-internal:///(app-pages-browser)/./src/features/home/components/calendar/MonthlyCalendarGrid.tsx:160
[    1829ms] [LOG] ACTIVE CALENDAR FILE: MonthlyCalendarGrid.tsx {cellHeight: 60, engine: DayIconCell (unified with home screen), viewMode: rings} @ webpack-internal:///(app-pages-browser)/./src/features/home/components/calendar/MonthlyCalendarGrid.tsx:160
[    1829ms] [LOG] ACTIVE CALENDAR FILE: MonthlyCalendarGrid.tsx {cellHeight: 60, engine: DayIconCell (unified with home screen), viewMode: rings} @ webpack-internal:///(app-pages-browser)/./src/features/home/components/calendar/MonthlyCalendarGrid.tsx:160
[    1946ms] [LOG] [ActivityStore] Streak updated from Firestore: 1 @ webpack-internal:///(app-pages-browser)/./src/features/activity/store/useActivityStore.ts:899
[    1948ms] [LOG] ACTIVE CALENDAR FILE: MonthlyCalendarGrid.tsx {cellHeight: 60, engine: DayIconCell (unified with home screen), viewMode: rings} @ webpack-internal:///(app-pages-browser)/./src/features/home/components/calendar/MonthlyCalendarGrid.tsx:160
[    1948ms] [LOG] ACTIVE CALENDAR FILE: MonthlyCalendarGrid.tsx {cellHeight: 60, engine: DayIconCell (unified with home screen), viewMode: rings} @ webpack-internal:///(app-pages-browser)/./src/features/home/components/calendar/MonthlyCalendarGrid.tsx:160
[    2357ms] [LOG] [buildIdToSlugMap] Built 14 entries: [EtY8YCol…→human_flag, J0fLpmJh…→push, H2279XsR…→full_body, kDMpobbK…→core, UPDBtTdC…→pull, cC0BOmm6…→one_arm_pullup, fTLWzjP9…→muscle_up, IOfBZFeo…→handstand, pCI5NHXp…→planche, 47smw26h…→upper_body, OrAmOH3F…→legs, mFcuYlNg…→front_lever, JCac76p4…→calisthenics_upper, PAxprHuT…→handstand_pushup] @ webpack-internal:///(app-pages-browser)/./src/features/workout-engine/services/program-hierarchy.utils.ts:121
[    2358ms] [LOG] [HomeContext] Domain 'legs' resolved to L1 (Source: Domains) @ webpack-internal:///(app-pages-browser)/./src/features/workout-engine/services/level-resolution.utils.ts:117
[    2358ms] [LOG] [HomeContext] Domain 'planche' resolved to L10 (Source: Tracks) @ webpack-internal:///(app-pages-browser)/./src/features/workout-engine/services/level-resolution.utils.ts:117
[    2358ms] [LOG] [HomeContext] Domain 'push' resolved to L12 (Source: Tracks) @ webpack-internal:///(app-pages-browser)/./src/features/workout-engine/services/level-resolution.utils.ts:117
[    2358ms] [LOG] [HomeContext] Domain 'front_lever' resolved to L13 (Source: Tracks) @ webpack-internal:///(app-pages-browser)/./src/features/workout-engine/services/level-resolution.utils.ts:117
[    2358ms] [LOG] [HomeContext] Domain 'pull' resolved to L22 (Source: Tracks) @ webpack-internal:///(app-pages-browser)/./src/features/workout-engine/services/level-resolution.utils.ts:117
[    2358ms] [LOG] [HomeContext] Domain 'core' resolved to L1 (Source: Domains) @ webpack-internal:///(app-pages-browser)/./src/features/workout-engine/services/level-resolution.utils.ts:117
[    2358ms] [LOG] [HomeContext] Domain 'calisthenics_upper' resolved to L13 (Source: Tracks) @ webpack-internal:///(app-pages-browser)/./src/features/workout-engine/services/level-resolution.utils.ts:117
[    2358ms] [LOG] [HomeContext] Domain 'upper_body' resolved to L21 (Source: Tracks) @ webpack-internal:///(app-pages-browser)/./src/features/workout-engine/services/level-resolution.utils.ts:117
[    2358ms] [LOG] [HomeContext] Domain '47smw26hUyG5ZbE1bhr3' resolved to L21 (Source: Tracks) @ webpack-internal:///(app-pages-browser)/./src/features/workout-engine/services/level-resolution.utils.ts:117
[    2358ms] [LOG] [HomeContext] Domain 'full_body' resolved to L15 (Source: Tracks) @ webpack-internal:///(app-pages-browser)/./src/features/workout-engine/services/level-resolution.utils.ts:117
[    2358ms] [LOG] [HomeContext] Domain 'H2279XsRGDg9G370J7S9' resolved to L15 (Source: Tracks) @ webpack-internal:///(app-pages-browser)/./src/features/workout-engine/services/level-resolution.utils.ts:117
[    2359ms] [LOG] [HomeContext] Domain 'fTLWzjP9gH2VNpamyCZF' → slug 'muscle_up' dual-keyed at L21 (Source: Tracks) @ webpack-internal:///(app-pages-browser)/./src/features/workout-engine/services/level-resolution.utils.ts:115
[    2359ms] [LOG] [HomeContext] Domain 'muscle_up' resolved to L21 (Source: Tracks) @ webpack-internal:///(app-pages-browser)/./src/features/workout-engine/services/level-resolution.utils.ts:117
[    2359ms] [LOG] [HomeContext] Domain 'human_flag' — no assessed level, left ABSENT (no invention) @ webpack-internal:///(app-pages-browser)/./src/features/workout-engine/services/level-resolution.utils.ts:104
[    2359ms] [LOG] [HomeContext] Domain 'one_arm_pullup' — no assessed level, left ABSENT (no invention) @ webpack-internal:///(app-pages-browser)/./src/features/workout-engine/services/level-resolution.utils.ts:104
[    2359ms] [LOG] [HomeContext] Domain 'handstand_pushup' — no assessed level, left ABSENT (no invention) @ webpack-internal:///(app-pages-browser)/./src/features/workout-engine/services/level-resolution.utils.ts:104
[    2359ms] [LOG] [HomeContext] Domain 'handstand' — no assessed level, left ABSENT (no invention) @ webpack-internal:///(app-pages-browser)/./src/features/workout-engine/services/level-resolution.utils.ts:104
[    2359ms] [LOG] [HomeContext] Domain 'legs' is L1 (max across tracks: L22) @ webpack-internal:///(app-pages-browser)/./src/features/workout-engine/services/level-resolution.utils.ts:185
[    2359ms] [LOG] [HomeContext] Domain 'core' is L1 (max across tracks: L22) @ webpack-internal:///(app-pages-browser)/./src/features/workout-engine/services/level-resolution.utils.ts:185
[    2359ms] [LOG] [home] scoreBreakdown "full-strength" (score=0): {goalMatch: 0, gapFilling: 0, stepDeficit: 0, preferenceMatch: 0, recoveryMatch: 0} @ webpack-internal:///(app-pages-browser)/./src/app/home/page.tsx:1358
[    2361ms] [LOG] [HomeWorkout] 🏞️ No location specified → "park" (PARK FORCE active) @ webpack-internal:///(app-pages-browser)/./src/features/workout-engine/services/home-workout.service.ts:1223
[    2361ms] [LOG] [HomeWorkout] scheduledProgramIds normalised: [] → [full_body] @ webpack-internal:///(app-pages-browser)/./src/features/workout-engine/services/home-workout.service.ts:1236
[    2361ms] [LOG] [home] scoreBreakdown "safety-net" (score=30): {goalMatch: 30, gapFilling: 0, stepDeficit: 0, preferenceMatch: 0, recoveryMatch: 0} @ webpack-internal:///(app-pages-browser)/./src/app/home/page.tsx:1358
[    2362ms] [LOG] [ActivityStore] No Firestore data, created new day @ webpack-internal:///(app-pages-browser)/./src/features/activity/store/useActivityStore.ts:672
[    2362ms] [LOG] [ActivityStore] No Firestore data, created new day @ webpack-internal:///(app-pages-browser)/./src/features/activity/store/useActivityStore.ts:672
[    2362ms] [LOG] [ActivityStore] No Firestore data, created new day @ webpack-internal:///(app-pages-browser)/./src/features/activity/store/useActivityStore.ts:672
[    2365ms] [LOG] ACTIVE CALENDAR FILE: MonthlyCalendarGrid.tsx {cellHeight: 60, engine: DayIconCell (unified with home screen), viewMode: rings} @ webpack-internal:///(app-pages-browser)/./src/features/home/components/calendar/MonthlyCalendarGrid.tsx:160
[    2365ms] [LOG] ACTIVE CALENDAR FILE: MonthlyCalendarGrid.tsx {cellHeight: 60, engine: DayIconCell (unified with home screen), viewMode: rings} @ webpack-internal:///(app-pages-browser)/./src/features/home/components/calendar/MonthlyCalendarGrid.tsx:160
[    2570ms] [LOG] [ActivityStore] Streak broken - missed days @ webpack-internal:///(app-pages-browser)/./src/features/activity/store/useActivityStore.ts:692
[    2570ms] [LOG] [ActivityStore] Streak broken - missed days @ webpack-internal:///(app-pages-browser)/./src/features/activity/store/useActivityStore.ts:692
[    2570ms] [LOG] [ActivityStore] Streak broken - missed days @ webpack-internal:///(app-pages-browser)/./src/features/activity/store/useActivityStore.ts:692
[    2790ms] [LOG] [buildIdToSlugMap] Built 14 entries: [EtY8YCol…→human_flag, J0fLpmJh…→push, H2279XsR…→full_body, kDMpobbK…→core, UPDBtTdC…→pull, cC0BOmm6…→one_arm_pullup, fTLWzjP9…→muscle_up, IOfBZFeo…→handstand, pCI5NHXp…→planche, 47smw26h…→upper_body, OrAmOH3F…→legs, mFcuYlNg…→front_lever, JCac76p4…→calisthenics_upper, PAxprHuT…→handstand_pushup] @ webpack-internal:///(app-pages-browser)/./src/features/workout-engine/services/program-hierarchy.utils.ts:121
[    2790ms] [LOG] [HomeWorkout:Trio] Domain 'legs' resolved to L1 (Source: Domains) @ webpack-internal:///(app-pages-browser)/./src/features/workout-engine/services/level-resolution.utils.ts:117
[    2790ms] [LOG] [HomeWorkout:Trio] Domain 'planche' resolved to L10 (Source: Tracks) @ webpack-internal:///(app-pages-browser)/./src/features/workout-engine/services/level-resolution.utils.ts:117
[    2790ms] [LOG] [HomeWorkout:Trio] Domain 'push' resolved to L12 (Source: Tracks) @ webpack-internal:///(app-pages-browser)/./src/features/workout-engine/services/level-resolution.utils.ts:117
[    2790ms] [LOG] [HomeWorkout:Trio] Domain 'front_lever' resolved to L13 (Source: Tracks) @ webpack-internal:///(app-pages-browser)/./src/features/workout-engine/services/level-resolution.utils.ts:117
[    2790ms] [LOG] [HomeWorkout:Trio] Domain 'pull' resolved to L22 (Source: Tracks) @ webpack-internal:///(app-pages-browser)/./src/features/workout-engine/services/level-resolution.utils.ts:117
[    2790ms] [LOG] [HomeWorkout:Trio] Domain 'core' resolved to L1 (Source: Domains) @ webpack-internal:///(app-pages-browser)/./src/features/workout-engine/services/level-resolution.utils.ts:117
[    2790ms] [LOG] [HomeWorkout:Trio] Domain 'calisthenics_upper' resolved to L13 (Source: Tracks) @ webpack-internal:///(app-pages-browser)/./src/features/workout-engine/services/level-resolution.utils.ts:117
[    2790ms] [LOG] [HomeWorkout:Trio] Domain 'upper_body' resolved to L21 (Source: Tracks) @ webpack-internal:///(app-pages-browser)/./src/features/workout-engine/services/level-resolution.utils.ts:117
[    2790ms] [LOG] [HomeWorkout:Trio] Skipping master program "47smw26hUyG5ZbE1bhr3" (display-only) @ webpack-internal:///(app-pages-browser)/./src/features/workout-engine/services/level-resolution.utils.ts:96
[    2790ms] [LOG] [HomeWorkout:Trio] Domain 'full_body' resolved to L15 (Source: Tracks) @ webpack-internal:///(app-pages-browser)/./src/features/workout-engine/services/level-resolution.utils.ts:117
[    2790ms] [LOG] [HomeWorkout:Trio] Skipping master program "H2279XsRGDg9G370J7S9" (display-only) @ webpack-internal:///(app-pages-browser)/./src/features/workout-engine/services/level-resolution.utils.ts:96
[    2791ms] [LOG] [HomeWorkout:Trio] Skipping master program "fTLWzjP9gH2VNpamyCZF" (display-only) @ webpack-internal:///(app-pages-browser)/./src/features/workout-engine/services/level-resolution.utils.ts:96
[    2791ms] [LOG] [HomeWorkout:Trio] Domain 'muscle_up' resolved to L21 (Source: Tracks) @ webpack-internal:///(app-pages-browser)/./src/features/workout-engine/services/level-resolution.utils.ts:117
[    2791ms] [LOG] [HomeWorkout:Trio] Domain 'human_flag' — no assessed level, left ABSENT (no invention) @ webpack-internal:///(app-pages-browser)/./src/features/workout-engine/services/level-resolution.utils.ts:104
[    2791ms] [LOG] [HomeWorkout:Trio] Domain 'one_arm_pullup' — no assessed level, left ABSENT (no invention) @ webpack-internal:///(app-pages-browser)/./src/features/workout-engine/services/level-resolution.utils.ts:104
[    2791ms] [LOG] [HomeWorkout:Trio] Domain 'handstand_pushup' — no assessed level, left ABSENT (no invention) @ webpack-internal:///(app-pages-browser)/./src/features/workout-engine/services/level-resolution.utils.ts:104
[    2791ms] [LOG] [HomeWorkout:Trio] Domain 'handstand' — no assessed level, left ABSENT (no invention) @ webpack-internal:///(app-pages-browser)/./src/features/workout-engine/services/level-resolution.utils.ts:104
[    2791ms] [LOG] [HomeWorkout:Trio] Domain 'legs' is L1 (max across tracks: L22) @ webpack-internal:///(app-pages-browser)/./src/features/workout-engine/services/level-resolution.utils.ts:185
[    2791ms] [LOG] [HomeWorkout:Trio] Domain 'core' is L1 (max across tracks: L22) @ webpack-internal:///(app-pages-browser)/./src/features/workout-engine/services/level-resolution.utils.ts:185
[    2791ms] [LOG] [HomeWorkout:Trio] [MasterDerive] "H2279XsRGDg9G370J7S9" → L12 (avg of [12,22,1] = 12, cap=15) @ webpack-internal:///(app-pages-browser)/./src/features/workout-engine/services/level-resolution.utils.ts:202
[    2791ms] [LOG] [HomeWorkout:Trio] [MasterDerive] "fTLWzjP9gH2VNpamyCZF" → L12 (avg of [12,22,1] = 12, cap=15) @ webpack-internal:///(app-pages-browser)/./src/features/workout-engine/services/level-resolution.utils.ts:202
[    2791ms] [LOG] [HomeWorkout:Trio] [MasterDerive] "47smw26hUyG5ZbE1bhr3" → L12 (avg of [12,22,1] = 12, cap=15) @ webpack-internal:///(app-pages-browser)/./src/features/workout-engine/services/level-resolution.utils.ts:202
[    2791ms] [LOG] [HomeWorkout:Trio] [MasterDerive] "JCac76p48XGZ5MVahLI2" → L12 (avg of [12,22,1] = 12, cap=15) @ webpack-internal:///(app-pages-browser)/./src/features/workout-engine/services/level-resolution.utils.ts:202
[    2791ms] [LOG] [HomeWorkout] Empty equipment profile for location "park" — defaulting to bodyweight @ webpack-internal:///(app-pages-browser)/./src/features/workout-engine/services/user-profile.utils.ts:130
[    2791ms] [WARNING] [InputSanitizer] ⚠️ No park inventory resolved — ESSENTIAL_PARK_GEAR fallback active @ webpack-internal:///(app-pages-browser)/./src/features/workout-engine/core/middleware/InputSanitizerMiddleware.ts:110
[    2791ms] [LOG] [buildIdToSlugMap] Built 14 entries: [EtY8YCol…→human_flag, J0fLpmJh…→push, H2279XsR…→full_body, kDMpobbK…→core, UPDBtTdC…→pull, cC0BOmm6…→one_arm_pullup, fTLWzjP9…→muscle_up, IOfBZFeo…→handstand, pCI5NHXp…→planche, 47smw26h…→upper_body, OrAmOH3F…→legs, mFcuYlNg…→front_lever, JCac76p4…→calisthenics_upper, PAxprHuT…→handstand_pushup] @ webpack-internal:///(app-pages-browser)/./src/features/workout-engine/services/program-hierarchy.utils.ts:121
[    2792ms] [LOG] [buildIdToSlugMap] Built 14 entries: [EtY8YCol…→human_flag, J0fLpmJh…→push, H2279XsR…→full_body, kDMpobbK…→core, UPDBtTdC…→pull, cC0BOmm6…→one_arm_pullup, fTLWzjP9…→muscle_up, IOfBZFeo…→handstand, pCI5NHXp…→planche, 47smw26h…→upper_body, OrAmOH3F…→legs, mFcuYlNg…→front_lever, JCac76p4…→calisthenics_upper, PAxprHuT…→handstand_pushup] @ webpack-internal:///(app-pages-browser)/./src/features/workout-engine/services/program-hierarchy.utils.ts:121
[    2792ms] [LOG] [buildIdToSlugMap] Built 14 entries: [EtY8YCol…→human_flag, J0fLpmJh…→push, H2279XsR…→full_body, kDMpobbK…→core, UPDBtTdC…→pull, cC0BOmm6…→one_arm_pullup, fTLWzjP9…→muscle_up, IOfBZFeo…→handstand, pCI5NHXp…→planche, 47smw26h…→upper_body, OrAmOH3F…→legs, mFcuYlNg…→front_lever, JCac76p4…→calisthenics_upper, PAxprHuT…→handstand_pushup] @ webpack-internal:///(app-pages-browser)/./src/features/workout-engine/services/program-hierarchy.utils.ts:121
[    2792ms] [LOG] [buildIdToSlugMap] Built 14 entries: [EtY8YCol…→human_flag, J0fLpmJh…→push, H2279XsR…→full_body, kDMpobbK…→core, UPDBtTdC…→pull, cC0BOmm6…→one_arm_pullup, fTLWzjP9…→muscle_up, IOfBZFeo…→handstand, pCI5NHXp…→planche, 47smw26h…→upper_body, OrAmOH3F…→legs, mFcuYlNg…→front_lever, JCac76p4…→calisthenics_upper, PAxprHuT…→handstand_pushup] @ webpack-internal:///(app-pages-browser)/./src/features/workout-engine/services/program-hierarchy.utils.ts:121
[    2792ms] [LOG] [buildIdToSlugMap] Built 14 entries: [EtY8YCol…→human_flag, J0fLpmJh…→push, H2279XsR…→full_body, kDMpobbK…→core, UPDBtTdC…→pull, cC0BOmm6…→one_arm_pullup, fTLWzjP9…→muscle_up, IOfBZFeo…→handstand, pCI5NHXp…→planche, 47smw26h…→upper_body, OrAmOH3F…→legs, mFcuYlNg…→front_lever, JCac76p4…→calisthenics_upper, PAxprHuT…→handstand_pushup] @ webpack-internal:///(app-pages-browser)/./src/features/workout-engine/services/program-hierarchy.utils.ts:121
[    2792ms] [LOG] [DomainBudget] activeProgramId="full_body" slug="full_body" resolvedChildDomains=[push, pull, legs, core] isFullBodyMaster=true isCalisthenicsUpperMaster=false isUpperBodyMaster=false @ webpack-internal:///(app-pages-browser)/./src/features/workout-engine/services/home-workout.service.ts:1387
[    2792ms] [LOG] [LeadProgram] push: resolved L12 via pattern(push) @ webpack-internal:///(app-pages-browser)/./src/features/workout-engine/services/lead-program.service.ts:264
[    2793ms] [LOG] [ActivityStore] Loaded from Firestore - Streak: 0 @ webpack-internal:///(app-pages-browser)/./src/features/activity/store/useActivityStore.ts:805
[    2795ms] [LOG] ACTIVE CALENDAR FILE: MonthlyCalendarGrid.tsx {cellHeight: 60, engine: DayIconCell (unified with home screen), viewMode: rings} @ webpack-internal:///(app-pages-browser)/./src/features/home/components/calendar/MonthlyCalendarGrid.tsx:160
[    2795ms] [LOG] ACTIVE CALENDAR FILE: MonthlyCalendarGrid.tsx {cellHeight: 60, engine: DayIconCell (unified with home screen), viewMode: rings} @ webpack-internal:///(app-pages-browser)/./src/features/home/components/calendar/MonthlyCalendarGrid.tsx:160
[    2815ms] [LOG] ACTIVE CALENDAR FILE: MonthlyCalendarGrid.tsx {cellHeight: 60, engine: DayIconCell (unified with home screen), viewMode: rings} @ webpack-internal:///(app-pages-browser)/./src/features/home/components/calendar/MonthlyCalendarGrid.tsx:160
[    2816ms] [LOG] ACTIVE CALENDAR FILE: MonthlyCalendarGrid.tsx {cellHeight: 60, engine: DayIconCell (unified with home screen), viewMode: rings} @ webpack-internal:///(app-pages-browser)/./src/features/home/components/calendar/MonthlyCalendarGrid.tsx:160
[    2844ms] [LOG] [ActivityStore] Loaded from Firestore - Streak: 0 @ webpack-internal:///(app-pages-browser)/./src/features/activity/store/useActivityStore.ts:805
[    2845ms] [LOG] ACTIVE CALENDAR FILE: MonthlyCalendarGrid.tsx {cellHeight: 60, engine: DayIconCell (unified with home screen), viewMode: rings} @ webpack-internal:///(app-pages-browser)/./src/features/home/components/calendar/MonthlyCalendarGrid.tsx:160
[    2845ms] [LOG] ACTIVE CALENDAR FILE: MonthlyCalendarGrid.tsx {cellHeight: 60, engine: DayIconCell (unified with home screen), viewMode: rings} @ webpack-internal:///(app-pages-browser)/./src/features/home/components/calendar/MonthlyCalendarGrid.tsx:160
[    2866ms] [LOG] ACTIVE CALENDAR FILE: MonthlyCalendarGrid.tsx {cellHeight: 60, engine: DayIconCell (unified with home screen), viewMode: rings} @ webpack-internal:///(app-pages-browser)/./src/features/home/components/calendar/MonthlyCalendarGrid.tsx:160
[    2866ms] [LOG] ACTIVE CALENDAR FILE: MonthlyCalendarGrid.tsx {cellHeight: 60, engine: DayIconCell (unified with home screen), viewMode: rings} @ webpack-internal:///(app-pages-browser)/./src/features/home/components/calendar/MonthlyCalendarGrid.tsx:160
[    2887ms] [LOG] [ActivityStore] Loaded from Firestore - Streak: 0 @ webpack-internal:///(app-pages-browser)/./src/features/activity/store/useActivityStore.ts:805
[    2889ms] [LOG] ACTIVE CALENDAR FILE: MonthlyCalendarGrid.tsx {cellHeight: 60, engine: DayIconCell (unified with home screen), viewMode: rings} @ webpack-internal:///(app-pages-browser)/./src/features/home/components/calendar/MonthlyCalendarGrid.tsx:160
[    2890ms] [LOG] ACTIVE CALENDAR FILE: MonthlyCalendarGrid.tsx {cellHeight: 60, engine: DayIconCell (unified with home screen), viewMode: rings} @ webpack-internal:///(app-pages-browser)/./src/features/home/components/calendar/MonthlyCalendarGrid.tsx:160
[    2915ms] [LOG] ACTIVE CALENDAR FILE: MonthlyCalendarGrid.tsx {cellHeight: 60, engine: DayIconCell (unified with home screen), viewMode: rings} @ webpack-internal:///(app-pages-browser)/./src/features/home/components/calendar/MonthlyCalendarGrid.tsx:160
[    2915ms] [LOG] ACTIVE CALENDAR FILE: MonthlyCalendarGrid.tsx {cellHeight: 60, engine: DayIconCell (unified with home screen), viewMode: rings} @ webpack-internal:///(app-pages-browser)/./src/features/home/components/calendar/MonthlyCalendarGrid.tsx:160
[    2932ms] [LOG] [WorkoutTrio] No app_config/workout_trio doc → using pre-seeded Hebrew labels @ webpack-internal:///(app-pages-browser)/./src/features/workout-engine/services/trio-labels.service.ts:53
[    2932ms] [LOG] [WorkoutTrio] Rest-day fast path: 3 options from pool of 7 (targeted query, full pipeline skipped) @ webpack-internal:///(app-pages-browser)/./src/features/workout-engine/services/home-workout.service.ts:448
[    2932ms] [LOG] [home] scoreBreakdown "recovery-follow-up" (score=30): {goalMatch: 30, gapFilling: 0, stepDeficit: 0, preferenceMatch: 0, recoveryMatch: 0} @ webpack-internal:///(app-pages-browser)/./src/app/home/page.tsx:1358
[    2937ms] [LOG] ACTIVE CALENDAR FILE: MonthlyCalendarGrid.tsx {cellHeight: 60, engine: DayIconCell (unified with home screen), viewMode: rings} @ webpack-internal:///(app-pages-browser)/./src/features/home/components/calendar/MonthlyCalendarGrid.tsx:160
[    2938ms] [LOG] ACTIVE CALENDAR FILE: MonthlyCalendarGrid.tsx {cellHeight: 60, engine: DayIconCell (unified with home screen), viewMode: rings} @ webpack-internal:///(app-pages-browser)/./src/features/home/components/calendar/MonthlyCalendarGrid.tsx:160
[    3142ms] [LOG] [LeadProgram] pull: resolved L22 via pattern(pull) @ webpack-internal:///(app-pages-browser)/./src/features/workout-engine/services/lead-program.service.ts:264
[    3269ms] [LOG] [HomeContext] Domain 'legs' resolved to L1 (Source: Domains) @ webpack-internal:///(app-pages-browser)/./src/features/workout-engine/services/level-resolution.utils.ts:117
[    3269ms] [LOG] [HomeContext] Domain 'planche' resolved to L10 (Source: Tracks) @ webpack-internal:///(app-pages-browser)/./src/features/workout-engine/services/level-resolution.utils.ts:117
[    3269ms] [LOG] [HomeContext] Domain 'push' resolved to L12 (Source: Tracks) @ webpack-internal:///(app-pages-browser)/./src/features/workout-engine/services/level-resolution.utils.ts:117
[    3269ms] [LOG] [HomeContext] Domain 'front_lever' resolved to L13 (Source: Tracks) @ webpack-internal:///(app-pages-browser)/./src/features/workout-engine/services/level-resolution.utils.ts:117
[    3269ms] [LOG] [HomeContext] Domain 'pull' resolved to L22 (Source: Tracks) @ webpack-internal:///(app-pages-browser)/./src/features/workout-engine/services/level-resolution.utils.ts:117
[    3269ms] [LOG] [HomeContext] Domain 'core' resolved to L1 (Source: Domains) @ webpack-internal:///(app-pages-browser)/./src/features/workout-engine/services/level-resolution.utils.ts:117
[    3269ms] [LOG] [HomeContext] Domain 'calisthenics_upper' resolved to L13 (Source: Tracks) @ webpack-internal:///(app-pages-browser)/./src/features/workout-engine/services/level-resolution.utils.ts:117
[    3269ms] [LOG] [HomeContext] Domain 'upper_body' resolved to L21 (Source: Tracks) @ webpack-internal:///(app-pages-browser)/./src/features/workout-engine/services/level-resolution.utils.ts:117
[    3269ms] [LOG] [HomeContext] Domain '47smw26hUyG5ZbE1bhr3' resolved to L21 (Source: Tracks) @ webpack-internal:///(app-pages-browser)/./src/features/workout-engine/services/level-resolution.utils.ts:117
[    3270ms] [LOG] [HomeContext] Domain 'full_body' resolved to L15 (Source: Tracks) @ webpack-internal:///(app-pages-browser)/./src/features/workout-engine/services/level-resolution.utils.ts:117
[    3270ms] [LOG] [HomeContext] Domain 'H2279XsRGDg9G370J7S9' resolved to L15 (Source: Tracks) @ webpack-internal:///(app-pages-browser)/./src/features/workout-engine/services/level-resolution.utils.ts:117
[    3270ms] [LOG] [HomeContext] Domain 'fTLWzjP9gH2VNpamyCZF' → slug 'muscle_up' dual-keyed at L21 (Source: Tracks) @ webpack-internal:///(app-pages-browser)/./src/features/workout-engine/services/level-resolution.utils.ts:115
[    3270ms] [LOG] [HomeContext] Domain 'muscle_up' resolved to L21 (Source: Tracks) @ webpack-internal:///(app-pages-browser)/./src/features/workout-engine/services/level-resolution.utils.ts:117
[    3270ms] [LOG] [HomeContext] Domain 'human_flag' — no assessed level, left ABSENT (no invention) @ webpack-internal:///(app-pages-browser)/./src/features/workout-engine/services/level-resolution.utils.ts:104
[    3270ms] [LOG] [HomeContext] Domain 'one_arm_pullup' — no assessed level, left ABSENT (no invention) @ webpack-internal:///(app-pages-browser)/./src/features/workout-engine/services/level-resolution.utils.ts:104
[    3270ms] [LOG] [HomeContext] Domain 'handstand_pushup' — no assessed level, left ABSENT (no invention) @ webpack-internal:///(app-pages-browser)/./src/features/workout-engine/services/level-resolution.utils.ts:104
[    3270ms] [LOG] [HomeContext] Domain 'handstand' — no assessed level, left ABSENT (no invention) @ webpack-internal:///(app-pages-browser)/./src/features/workout-engine/services/level-resolution.utils.ts:104
[    3270ms] [LOG] [HomeContext] Domain 'legs' is L1 (max across tracks: L22) @ webpack-internal:///(app-pages-browser)/./src/features/workout-engine/services/level-resolution.utils.ts:185
[    3270ms] [LOG] [HomeContext] Domain 'core' is L1 (max across tracks: L22) @ webpack-internal:///(app-pages-browser)/./src/features/workout-engine/services/level-resolution.utils.ts:185
[    3275ms] [LOG] ACTIVE CALENDAR FILE: MonthlyCalendarGrid.tsx {cellHeight: 60, engine: DayIconCell (unified with home screen), viewMode: rings} @ webpack-internal:///(app-pages-browser)/./src/features/home/components/calendar/MonthlyCalendarGrid.tsx:160
[    3275ms] [LOG] ACTIVE CALENDAR FILE: MonthlyCalendarGrid.tsx {cellHeight: 60, engine: DayIconCell (unified with home screen), viewMode: rings} @ webpack-internal:///(app-pages-browser)/./src/features/home/components/calendar/MonthlyCalendarGrid.tsx:160
[    3306ms] [LOG] [LeadProgram] legs: resolved L1 via pattern(legs) @ webpack-internal:///(app-pages-browser)/./src/features/workout-engine/services/lead-program.service.ts:264
[    3385ms] [LOG] [ActivityStore] No Firestore data, created new day @ webpack-internal:///(app-pages-browser)/./src/features/activity/store/useActivityStore.ts:672
[    3385ms] [LOG] [ActivityStore] No Firestore data, created new day @ webpack-internal:///(app-pages-browser)/./src/features/activity/store/useActivityStore.ts:672
[    3385ms] [LOG] [ActivityStore] No Firestore data, created new day @ webpack-internal:///(app-pages-browser)/./src/features/activity/store/useActivityStore.ts:672
[    3385ms] [LOG] [ActivityStore] Streak broken - missed days @ webpack-internal:///(app-pages-browser)/./src/features/activity/store/useActivityStore.ts:692
[    3385ms] [LOG] [ActivityStore] Streak broken - missed days @ webpack-internal:///(app-pages-browser)/./src/features/activity/store/useActivityStore.ts:692
[    3385ms] [LOG] [ActivityStore] Streak broken - missed days @ webpack-internal:///(app-pages-browser)/./src/features/activity/store/useActivityStore.ts:692
[    3474ms] [LOG] ACTIVE CALENDAR FILE: MonthlyCalendarGrid.tsx {cellHeight: 60, engine: DayIconCell (unified with home screen), viewMode: rings} @ webpack-internal:///(app-pages-browser)/./src/features/home/components/calendar/MonthlyCalendarGrid.tsx:160
[    3475ms] [LOG] ACTIVE CALENDAR FILE: MonthlyCalendarGrid.tsx {cellHeight: 60, engine: DayIconCell (unified with home screen), viewMode: rings} @ webpack-internal:///(app-pages-browser)/./src/features/home/components/calendar/MonthlyCalendarGrid.tsx:160
[    3526ms] [LOG] [LeadProgram] core: resolved L1 via pattern(core) @ webpack-internal:///(app-pages-browser)/./src/features/workout-engine/services/lead-program.service.ts:264
[    3526ms] [LOG] [ActivityStore] Loaded from Firestore - Streak: 0 @ webpack-internal:///(app-pages-browser)/./src/features/activity/store/useActivityStore.ts:805
[    3529ms] [LOG] ACTIVE CALENDAR FILE: MonthlyCalendarGrid.tsx {cellHeight: 60, engine: DayIconCell (unified with home screen), viewMode: rings} @ webpack-internal:///(app-pages-browser)/./src/features/home/components/calendar/MonthlyCalendarGrid.tsx:160
[    3529ms] [LOG] ACTIVE CALENDAR FILE: MonthlyCalendarGrid.tsx {cellHeight: 60, engine: DayIconCell (unified with home screen), viewMode: rings} @ webpack-internal:///(app-pages-browser)/./src/features/home/components/calendar/MonthlyCalendarGrid.tsx:160
[    3547ms] [LOG] [ActivityStore] Loaded from Firestore - Streak: 0 @ webpack-internal:///(app-pages-browser)/./src/features/activity/store/useActivityStore.ts:805
[    3550ms] [LOG] ACTIVE CALENDAR FILE: MonthlyCalendarGrid.tsx {cellHeight: 60, engine: DayIconCell (unified with home screen), viewMode: rings} @ webpack-internal:///(app-pages-browser)/./src/features/home/components/calendar/MonthlyCalendarGrid.tsx:160
[    3550ms] [LOG] ACTIVE CALENDAR FILE: MonthlyCalendarGrid.tsx {cellHeight: 60, engine: DayIconCell (unified with home screen), viewMode: rings} @ webpack-internal:///(app-pages-browser)/./src/features/home/components/calendar/MonthlyCalendarGrid.tsx:160
[    3568ms] [LOG] [ActivityStore] Loaded from Firestore - Streak: 0 @ webpack-internal:///(app-pages-browser)/./src/features/activity/store/useActivityStore.ts:805
[    3579ms] [LOG] ACTIVE CALENDAR FILE: MonthlyCalendarGrid.tsx {cellHeight: 60, engine: DayIconCell (unified with home screen), viewMode: rings} @ webpack-internal:///(app-pages-browser)/./src/features/home/components/calendar/MonthlyCalendarGrid.tsx:160
[    3579ms] [LOG] ACTIVE CALENDAR FILE: MonthlyCalendarGrid.tsx {cellHeight: 60, engine: DayIconCell (unified with home screen), viewMode: rings} @ webpack-internal:///(app-pages-browser)/./src/features/home/components/calendar/MonthlyCalendarGrid.tsx:160
[    3738ms] [LOG] [DomainBudget] resolvedDomainBudgets set: [push=L12, pull=L22, legs=L1, core=L1] @ webpack-internal:///(app-pages-browser)/./src/features/workout-engine/services/home-workout.service.ts:1395
[    3738ms] [LOG] activeProgramId: full_body @ webpack-internal:///(app-pages-browser)/./src/features/workout-engine/services/split-decision/SplitDecisionService.ts:407
[    3738ms] [LOG] progression.tracks: {legs: Object, planche: Object, push: Object, front_lever: Object, pull: Object} @ webpack-internal:///(app-pages-browser)/./src/features/workout-engine/services/split-decision/SplitDecisionService.ts:409
[    3738ms] [LOG] progression.domains: {human_flag: Object, one_arm_pullup: Object, handstand_pushup: Object, handstand: Object, front_lever: Object} @ webpack-internal:///(app-pages-browser)/./src/features/workout-engine/services/split-decision/SplitDecisionService.ts:411
[    3738ms] [LOG] progression.activePrograms: [Object] @ webpack-internal:///(app-pages-browser)/./src/features/workout-engine/services/split-decision/SplitDecisionService.ts:413
[    3739ms] [LOG] progression.skillFocusIds: [front_lever, planche] @ webpack-internal:///(app-pages-browser)/./src/features/workout-engine/services/split-decision/SplitDecisionService.ts:415
[    3739ms] [LOG] progression.masterProgramSubLevels: (none) @ webpack-internal:///(app-pages-browser)/./src/features/workout-engine/services/split-decision/SplitDecisionService.ts:417
[    3739ms] [LOG] Derived userLevel (base): 22 @ webpack-internal:///(app-pages-browser)/./src/features/workout-engine/services/split-decision/SplitDecisionService.ts:418
[    3739ms] [LOG] scheduleDays count: 3 @ webpack-internal:///(app-pages-browser)/./src/features/workout-engine/services/split-decision/SplitDecisionService.ts:419
[    3739ms] [LOG] Source: Admin Panel (ProgramLevelSettings) per domain @ webpack-internal:///(app-pages-browser)/./src/features/workout-engine/services/split-decision/SplitDecisionService.ts:444
[    3739ms] [LOG] Schedule Days: 3 @ webpack-internal:///(app-pages-browser)/./src/features/workout-engine/services/split-decision/SplitDecisionService.ts:445
[    3739ms] [LOG]   push (L12): 17/3=6 @ webpack-internal:///(app-pages-browser)/./src/features/workout-engine/services/split-decision/SplitDecisionService.ts:447
[    3739ms] [LOG]   pull (L22): 23/3=8 @ webpack-internal:///(app-pages-browser)/./src/features/workout-engine/services/split-decision/SplitDecisionService.ts:447
[    3739ms] [LOG]   legs (L1): 10/3=4 @ webpack-internal:///(app-pages-browser)/./src/features/workout-engine/services/split-decision/SplitDecisionService.ts:447
[    3739ms] [LOG]   core (L1): 8/3=3 @ webpack-internal:///(app-pages-browser)/./src/features/workout-engine/services/split-decision/SplitDecisionService.ts:447
[    3739ms] [LOG] Total Daily Budget = 21 sets @ webpack-internal:///(app-pages-browser)/./src/features/workout-engine/services/split-decision/SplitDecisionService.ts:449
[    3740ms] [LOG] [SplitDecision] P1/P2 sort (gender=default/male): [planche, push, front_lever, pull, legs, core] @ webpack-internal:///(app-pages-browser)/./src/features/workout-engine/services/split-decision/SplitDecisionService.ts:296
[    3740ms] [LOG] [Periodization] Cycle clock: startDate=2026-07-08 daysSinceStart=55 → Week 3/5 @ webpack-internal:///(app-pages-browser)/./src/features/workout-engine/services/periodization.service.ts:86
[    3740ms] [LOG]   Inputs:        cycleWeek=3, gapDays=11 @ webpack-internal:///(app-pages-browser)/./src/features/workout-engine/services/periodization.service.ts:225
[    3740ms] [LOG]   Volume mult:   x0.5 (override=0.5) @ webpack-internal:///(app-pages-browser)/./src/features/workout-engine/services/periodization.service.ts:226
[    3740ms] [LOG]   Δ override:    -2 @ webpack-internal:///(app-pages-browser)/./src/features/workout-engine/services/periodization.service.ts:228
[    3740ms] [LOG]   Protocol mult: x0 @ webpack-internal:///(app-pages-browser)/./src/features/workout-engine/services/periodization.service.ts:229
[    3740ms] [LOG]   SA cap:        0.15 @ webpack-internal:///(app-pages-browser)/./src/features/workout-engine/services/periodization.service.ts:231
[    3740ms] [LOG]   Detraining:    true @ webpack-internal:///(app-pages-browser)/./src/features/workout-engine/services/periodization.service.ts:232
[    3740ms] [LOG]   Default focus: Easy(0) @ webpack-internal:///(app-pages-browser)/./src/features/workout-engine/services/periodization.service.ts:233
[    3740ms] [LOG]   Restart cycle: false @ webpack-internal:///(app-pages-browser)/./src/features/workout-engine/services/periodization.service.ts:238
[    3740ms] [LOG]   Coach cue:     "חזרת אחרי 11 ימים — מפעיל את הגוף שוב בשבוע שחזור." @ webpack-internal:///(app-pages-browser)/./src/features/workout-engine/services/periodization.service.ts:239
[    3741ms] [WARNING] [ParkGating] "כפיפת ברך כנגד גומייה" — 1 park method(s) all gated → exercise excluded Required gear not in park inventory: [Object] Available: [bodyweight, pullup_bar, dip_station, bench, low_bar, high_bar, step, park_bench, park_step] @ webpack-internal:///(app-pages-browser)/./src/features/workout-engine/shared/utils/method-selection.utils.ts:119
[    3741ms] [WARNING] [ParkGating] "שכיבות סמיכה קשתים עם רצועות" — 1 park method(s) all gated → exercise excluded Required gear not in park inventory: [Object] Available: [bodyweight, pullup_bar, dip_station, bench, low_bar, high_bar, step, park_bench, park_step] @ webpack-internal:///(app-pages-browser)/./src/features/workout-engine/shared/utils/method-selection.utils.ts:119
[    3741ms] [WARNING] [ParkGating] "מקבילים על טבעות" — 1 park method(s) all gated → exercise excluded Required gear not in park inventory: [Object] Available: [bodyweight, pullup_bar, dip_station, bench, low_bar, high_bar, step, park_bench, park_step] @ webpack-internal:///(app-pages-browser)/./src/features/workout-engine/shared/utils/method-selection.utils.ts:119
[    3741ms] [WARNING] [ParkGating] "מקבילים על טבעות בעזרת גומיה דקה" — 1 park method(s) all gated → exercise excluded Required gear not in park inventory: [Object] Available: [bodyweight, pullup_bar, dip_station, bench, low_bar, high_bar, step, park_bench, park_step] @ webpack-internal:///(app-pages-browser)/./src/features/workout-engine/shared/utils/method-selection.utils.ts:119
[    3742ms] [WARNING] [ParkGating] "מתח יד אחת עם גומייה" — 2 park method(s) all gated → exercise excluded Required gear not in park inventory: [Object, Object] Available: [bodyweight, pullup_bar, dip_station, bench, low_bar, high_bar, step, park_bench, park_step] @ webpack-internal:///(app-pages-browser)/./src/features/workout-engine/shared/utils/method-selection.utils.ts:119
[    3742ms] [WARNING] [ParkGating] "מקבילים עם גומייה דקה" — 1 park method(s) all gated → exercise excluded Required gear not in park inventory: [Object] Available: [bodyweight, pullup_bar, dip_station, bench, low_bar, high_bar, step, park_bench, park_step] @ webpack-internal:///(app-pages-browser)/./src/features/workout-engine/shared/utils/method-selection.utils.ts:119
[    3742ms] [WARNING] [ParkGating] "החזקת תמיכה על טבעות" — 1 park method(s) all gated → exercise excluded Required gear not in park inventory: [Object] Available: [bodyweight, pullup_bar, dip_station, bench, low_bar, high_bar, step, park_bench, park_step] @ webpack-internal:///(app-pages-browser)/./src/features/workout-engine/shared/utils/method-selection.utils.ts:119
[    3742ms] [WARNING] [ParkGating] "החזקת תמיכה על טבעות עם עזרה" — 1 park method(s) all gated → exercise excluded Required gear not in park inventory: [Object] Available: [bodyweight, pullup_bar, dip_station, bench, low_bar, high_bar, step, park_bench, park_step] @ webpack-internal:///(app-pages-browser)/./src/features/workout-engine/shared/utils/method-selection.utils.ts:119
[    3742ms] [WARNING] [ParkGating] "סקוואט כנגד גומייה" — 1 park method(s) all gated → exercise excluded Required gear not in park inventory: [Object] Available: [bodyweight, pullup_bar, dip_station, bench, low_bar, high_bar, step, park_bench, park_step] @ webpack-internal:///(app-pages-browser)/./src/features/workout-engine/shared/utils/method-selection.utils.ts:119
[    3742ms] [WARNING] [ParkGating] "דדליפט רומני בהתנגדות גומייה" — 1 park method(s) all gated → exercise excluded Required gear not in park inventory: [Object] Available: [bodyweight, pullup_bar, dip_station, bench, low_bar, high_bar, step, park_bench, park_step] @ webpack-internal:///(app-pages-browser)/./src/features/workout-engine/shared/utils/method-selection.utils.ts:119
[    3742ms] [WARNING] [ParkGating] "דדליפט רומני על הגבהה" — 2 park method(s) all gated → exercise excluded Required gear not in park inventory: [Object, Object] Available: [bodyweight, pullup_bar, dip_station, bench, low_bar, high_bar, step, park_bench, park_step] @ webpack-internal:///(app-pages-browser)/./src/features/workout-engine/shared/utils/method-selection.utils.ts:119
[    3742ms] [WARNING] [ParkGating] "עמידת פייק גובה ברך" — 1 park method(s) all gated → exercise excluded Required gear not in park inventory: [Object] Available: [bodyweight, pullup_bar, dip_station, bench, low_bar, high_bar, step, park_bench, park_step] @ webpack-internal:///(app-pages-browser)/./src/features/workout-engine/shared/utils/method-selection.utils.ts:119
[    3742ms] [WARNING] [ParkGating] "שכיבות סמיכה פייק גובה שוק" — 1 park method(s) all gated → exercise excluded Required gear not in park inventory: [Object] Available: [bodyweight, pullup_bar, dip_station, bench, low_bar, high_bar, step, park_bench, park_step] @ webpack-internal:///(app-pages-browser)/./src/features/workout-engine/shared/utils/method-selection.utils.ts:119
[    3742ms] [WARNING] [ParkGating] "פלאנץ׳ בטאק בעזרת גומייה דקה" — 1 park method(s) all gated → exercise excluded Required gear not in park inventory: [Object] Available: [bodyweight, pullup_bar, dip_station, bench, low_bar, high_bar, step, park_bench, park_step] @ webpack-internal:///(app-pages-browser)/./src/features/workout-engine/shared/utils/method-selection.utils.ts:119
[    3742ms] [WARNING] [ParkGating] "סקוואט בעזרת רצועות" — 1 park method(s) all gated → exercise excluded Required gear not in park inventory: [Object] Available: [bodyweight, pullup_bar, dip_station, bench, low_bar, high_bar, step, park_bench, park_step] @ webpack-internal:///(app-pages-browser)/./src/features/workout-engine/shared/utils/method-selection.utils.ts:119
[    3742ms] [WARNING] [ParkGating] "עליית מדרגה גובה קרסול" — 1 park method(s) all gated → exercise excluded Required gear not in park inventory: [Object] Available: [bodyweight, pullup_bar, dip_station, bench, low_bar, high_bar, step, park_bench, park_step] @ webpack-internal:///(app-pages-browser)/./src/features/workout-engine/shared/utils/method-selection.utils.ts:119
[    3743ms] [WARNING] [ParkGating] "פרונט לבר בפישוק עם גומייה" — 2 park method(s) all gated → exercise excluded Required gear not in park inventory: [Object, Object] Available: [bodyweight, pullup_bar, dip_station, bench, low_bar, high_bar, step, park_bench, park_step] @ webpack-internal:///(app-pages-browser)/./src/features/workout-engine/shared/utils/method-selection.utils.ts:119
[    3743ms] [LOG] [WorkoutTrio] Shared pipeline: 62 scored exercises (40 excluded), 372 total in DB @ webpack-internal:///(app-pages-browser)/./src/features/workout-engine/services/home-workout.service.ts:1786
[    3743ms] [LOG] [WorkoutTrio] Filter breakdown — program_filter: 0, level_tolerance: 23, skill_gate: 0, location: 17, injury: 0, passed: 62 @ webpack-internal:///(app-pages-browser)/./src/features/workout-engine/services/home-workout.service.ts:1789
[    5905ms] [LOG] [WorkoutTrio] Settings resolved → protocols: [emom, pyramid, antagonist_pair] from pull@L22 | goals: none | tabata: p=0.22 from pull@L22 @ webpack-internal:///(app-pages-browser)/./src/features/workout-engine/services/home-workout.service.ts:1941
[    6132ms] [LOG] [ExerciseHistory] Loaded history for 18/62 exercises (3 chunked 'in' queries) @ webpack-internal:///(app-pages-browser)/./src/features/workout-engine/services/exercise-history.service.ts:150
[    6132ms] [LOG] [WorkoutTrio] Exercise history loaded: 18/62 exercises have prior session data (David Staircase floor active). @ webpack-internal:///(app-pages-browser)/./src/features/workout-engine/services/home-workout.service.ts:1965
[    6133ms] [LOG] [WorkoutTrio] ⛔ PROTOCOLS KILLED by periodization: baseProb=1 × multiplier=0 = 0 (reason: long_gap_deload, week=5) @ webpack-internal:///(app-pages-browser)/./src/features/workout-engine/services/home-workout.service.ts:1998
[    6133ms] [LOG] [WorkoutTrio] Tabata finisher probability: 0.22 × 0 = 0.00 (from pull@L22) @ webpack-internal:///(app-pages-browser)/./src/features/workout-engine/services/home-workout.service.ts:2013
[    6133ms] [LOG] [Periodization] Straight-arm ratio capped: 0.4 → 0.15 (Deload tendon protection) @ webpack-internal:///(app-pages-browser)/./src/features/workout-engine/services/home-workout.service.ts:2033
[    6280ms] [LOG] [WorkoutTrio] No app_config/workout_trio doc → using pre-seeded Hebrew labels @ webpack-internal:///(app-pages-browser)/./src/features/workout-engine/services/trio-labels.service.ts:53
[    6280ms] [LOG] [WorkoutTrio] Labels (fallback): [מאוזן, עצים ומהיר, אימון פארק קליל] @ webpack-internal:///(app-pages-browser)/./src/features/workout-engine/services/home-workout.service.ts:774
[    6280ms] [LOG] [WorkoutTrio] Bolt2: honouring requested 30min (ceiling 45min) @ webpack-internal:///(app-pages-browser)/./src/features/workout-engine/services/home-workout.service.ts:843
[    6280ms] [LOG] [PipelineOrchestrator] Pool OK: 62 survivors at location=park (gear=9) → normal generation (sparse contexts degrade to bodyweight, not recovery). @ webpack-internal:///(app-pages-browser)/./src/features/workout-engine/core/pipeline/PipelineOrchestrator.ts:130
[    6280ms] [LOG] [PipelineOrchestrator] 🔓 Master-program bypass (full_body): skipping single-domain tolerance gate — ContextualEngine shared pass already scoped pool to all child domains. Pool size preserved: 62 exercises. @ webpack-internal:///(app-pages-browser)/./src/features/workout-engine/core/pipeline/PipelineOrchestrator.ts:233
[    6282ms] [LOG] [InputSanitizer:Periodization] Phase=DELOAD effectiveDifficulty=2 @ webpack-internal:///(app-pages-browser)/./src/features/workout-engine/core/middleware/InputSanitizerMiddleware.ts:447
[    6282ms] [LOG]   push L12: 6 sets/day (17/week) @ webpack-internal:///(app-pages-browser)/./src/features/workout-engine/logic/WorkoutGenerator.ts:443
[    6282ms] [LOG]   pull L22: 8 sets/day (23/week) @ webpack-internal:///(app-pages-browser)/./src/features/workout-engine/logic/WorkoutGenerator.ts:443
[    6282ms] [LOG]   legs L1: 4 sets/day (10/week) @ webpack-internal:///(app-pages-browser)/./src/features/workout-engine/logic/WorkoutGenerator.ts:443
[    6282ms] [LOG]   core L1: 3 sets/day (8/week) @ webpack-internal:///(app-pages-browser)/./src/features/workout-engine/logic/WorkoutGenerator.ts:443
[    6283ms] [LOG] Foundation Buffer: 17 exercises boosted (+30) — Pull-ups/Dips/Push-ups/Rows prioritised @ webpack-internal:///(app-pages-browser)/./src/features/workout-engine/logic/WorkoutGenerator.ts:1329
[    6283ms] [LOG] Vertical Preference: 2 exercises boosted (diminishing: 15/8) @ webpack-internal:///(app-pages-browser)/./src/features/workout-engine/logic/WorkoutGenerator.ts:1331
[    6283ms] [LOG] Naked Strength: 34 bodyweight exercises boosted (+8) @ webpack-internal:///(app-pages-browser)/./src/features/workout-engine/logic/WorkoutGenerator.ts:1332
[    6283ms] [LOG] Equipment Synergy: "step" dominant → 12 exercises boosted (+8) @ webpack-internal:///(app-pages-browser)/./src/features/workout-engine/logic/WorkoutGenerator.ts:1334
[    6283ms] [LOG] Modality Match: "none" dominant → 31 exercises boosted (+10) @ webpack-internal:///(app-pages-browser)/./src/features/workout-engine/logic/WorkoutGenerator.ts:1335
[    6284ms] [LOG] [LevelSync] DifficultyFilter: globalLevel=L22, domainLevels={push:L12, pull:L22, legs:L1, core:L1, planche:L10, front_lever:L13, calisthenics_upper:L13, upper_body:L21, full_body:L15, muscle_up:L21} @ webpack-internal:///(app-pages-browser)/./src/features/workout-engine/logic/workout-selection.utils.ts:308
[    6284ms] [LOG] [Bolt2Cap] per-domain [push→L13, pull→L23, legs→L2, core→L2] (activeProgram=full_body): filtered out 27 above-ceiling exercise(s). Pool: 62 → 35 @ webpack-internal:///(app-pages-browser)/./src/features/workout-engine/logic/WorkoutGenerator.ts:548
[    6284ms] [LOG] User base level (context.userLevel): 22 @ webpack-internal:///(app-pages-browser)/./src/features/workout-engine/logic/workout-selection.utils.ts:810
[    6284ms] [LOG] Target level per category — P1: [planche] | P2: [push] | P3: undefined @ webpack-internal:///(app-pages-browser)/./src/features/workout-engine/logic/workout-selection.utils.ts:811
[    6284ms] [LOG] Dominance ratio: {p1: 0.65, p2: 0.35, p3: 0} @ webpack-internal:///(app-pages-browser)/./src/features/workout-engine/logic/workout-selection.utils.ts:812
[    6284ms] [LOG] Daily set budget: 21 @ webpack-internal:///(app-pages-browser)/./src/features/workout-engine/logic/workout-selection.utils.ts:817
[    6284ms] [LOG] Exercise levels in pool (programLevel): {1: 9, 2: 4, 10: 7, 11: 1, 12: 1, 13: 3, 19: 4, 20: 3, 21: 2, 22: 1} @ webpack-internal:///(app-pages-browser)/./src/features/workout-engine/logic/workout-selection.utils.ts:824
[    6284ms] [WARNING] Level 1 or defaulted: 9 exercises. Reasons: programLevel undefined → defaults to 1; or Program mapping not found; or Defaulting due to missing progression. @ webpack-internal:///(app-pages-browser)/./src/features/workout-engine/logic/workout-selection.utils.ts:830
[    6284ms] [LOG]   - "גוד מורנינג בישיבה" programLevel=1 @ webpack-internal:///(app-pages-browser)/./src/features/workout-engine/logic/workout-selection.utils.ts:834
[    6284ms] [LOG]   - "סקוואט טווח חלקי (להגבהה)" programLevel=1 @ webpack-internal:///(app-pages-browser)/./src/features/workout-engine/logic/workout-selection.utils.ts:834
[    6284ms] [LOG]   - "שולחן הפוך" programLevel=1 @ webpack-internal:///(app-pages-browser)/./src/features/workout-engine/logic/workout-selection.utils.ts:834
[    6285ms] [LOG] [WorkoutGenerator] Dominance: P1=4 P2=2 accessory=-1 (budget: 13+7+1) @ webpack-internal:///(app-pages-browser)/./src/features/workout-engine/logic/workout-selection.utils.ts:899
[    6285ms] [LOG] [WorkoutGenerator] Budget allows: P1=13 sets, P2=7 sets @ webpack-internal:///(app-pages-browser)/./src/features/workout-engine/logic/workout-selection.utils.ts:900
[    6285ms] [LOG] [MGDiversity] Displaced 3 same-group duplicates → backfilled 3 (pool had 35 candidates) @ webpack-internal:///(app-pages-browser)/./src/features/workout-engine/logic/WorkoutGenerator.ts:731
[    6286ms] [LOG]   push L12: 6 sets ÷ 2 exercises = 3 sets/each @ webpack-internal:///(app-pages-browser)/./src/features/workout-engine/logic/workout-budgeting.utils.ts:693
[    6286ms] [LOG]   pull L22: 8 sets ÷ 2 exercises = 4 sets/each @ webpack-internal:///(app-pages-browser)/./src/features/workout-engine/logic/workout-budgeting.utils.ts:693
[    6286ms] [LOG]   legs L1: 4 sets ÷ 1 exercises = 4 sets/each @ webpack-internal:///(app-pages-browser)/./src/features/workout-engine/logic/workout-budgeting.utils.ts:693
[    6286ms] [LOG]   core L1: 3 sets ÷ 0 exercises = 0 sets/each @ webpack-internal:///(app-pages-browser)/./src/features/workout-engine/logic/workout-budgeting.utils.ts:693
[    6286ms] [WARNING] [HistoryFloor] Discarding outlier history for "wjYoZK3nvf3volQSdkdD": lastMax=30 > 3× range.max(8). Falling back to staircase reps (6). @ webpack-internal:///(app-pages-browser)/./src/features/workout-engine/logic/workout-budgeting.utils.ts:393
[    6286ms] [LOG] [assignVolume] SkillCeiling "סקוואט טווח חלקי": 6 → 5 reps (priority=compound, tier=hard) @ webpack-internal:///(app-pages-browser)/./src/features/workout-engine/logic/workout-budgeting.utils.ts:920
[    6287ms] [LOG] [BudgetDistributor.balancedClusterCap] D2 balanced session — culled 1 exercise(s) → 4 clustered exercises (diverse=true, domains=3, longSession=false, availableTime=30). Sets: 4/4/4/4 @ webpack-internal:///(app-pages-browser)/./src/features/workout-engine/core/pipeline/BudgetDistributor.ts:556
[    6287ms] [LOG] [WorkoutGenerator][selectProtocol] difficulty=2 | adminProtocols=["emom","pyramid","antagonist_pair"] | adminProbability=0 | periodizationWeek=5 @ webpack-internal:///(app-pages-browser)/./src/features/workout-engine/logic/WorkoutGenerator.ts:1388
[    6287ms] [LOG] [WorkoutGenerator][selectProtocol] ⛔ Protocol probability = 0 (Deload/Rebuild week or protocolMultiplier killed it) — straight sets @ webpack-internal:///(app-pages-browser)/./src/features/workout-engine/logic/WorkoutGenerator.ts:1411
[    6288ms] [LOG] [findLevelSub] ✅ horizontal_pull: picked "פרונט לבר מלא" L22 (gap=0, radius=±2, domain=pull L22, D2) @ webpack-internal:///(app-pages-browser)/./src/features/workout-engine/core/pipeline/PoolFactory.ts:242
[    6288ms] [LOG] [HorizontalGuarantee] ✅ ADDED "פרונט לבר מלא"(L22) replacing accessory "סקוואט טווח חלקי"(squat) — preserved vertical_pull [domain=pull L22, budget=4 sets] @ webpack-internal:///(app-pages-browser)/./src/features/workout-engine/core/pipeline/GuaranteePassRunner.ts:161
[    6289ms] [LOG] [findLevelSub] ✅ squat: picked "סקוואט טווח חלקי (להגבהה)" L1 (gap=0, radius=±2, domain=legs L1, D2) @ webpack-internal:///(app-pages-browser)/./src/features/workout-engine/core/pipeline/PoolFactory.ts:242
[    6289ms] [LOG] [FullBodyGuarantee] ✅ legs missing → "סקוואט טווח חלקי (להגבהה)"(L1) replacing "פרונט לבר מלא" [mg=squat, gap=0] @ webpack-internal:///(app-pages-browser)/./src/features/workout-engine/core/pipeline/GuaranteePassRunner.ts:408
[    6289ms] [LOG] ┌─────────────┬────────────┬────────────┬────────────┐
│  Section    │  Work      │  Rest      │  Subtotal  │
├─────────────┼────────────┼────────────┼────────────┤
│  Warmup     │ 0m 0s      │ 0m 0s      │ 0m 0s      │  ← 0s rest, 5s transitions, cap=6m
│  Main       │ 6m 48s     │ 31m 48s    │ 37m 36s    │  ← 31m rest = 84% of main block
│  Cooldown   │ 0m 0s      │ 0m 0s      │ 0m 0s      │
├─────────────┼────────────┼────────────┼────────────┤
│  TOTAL(raw) │             │             │ 37m 36s    │
└─────────────┴────────────┴────────────┴────────────┘ @ webpack-internal:///(app-pages-browser)/./src/features/workout-engine/logic/workout-budgeting.utils.ts:1142
[    6289ms] [LOG]   + Main transitions (3 × 30s): 90s @ webpack-internal:///(app-pages-browser)/./src/features/workout-engine/logic/workout-budgeting.utils.ts:1143
[    6289ms] [LOG]   = Final Duration: 39 min @ webpack-internal:///(app-pages-browser)/./src/features/workout-engine/logic/workout-budgeting.utils.ts:1144
[    6289ms] [TABLE] [Object, Object, Object, Object] @ webpack-internal:///(app-pages-browser)/./src/features/workout-engine/logic/workout-budgeting.utils.ts:1147
[    6289ms] [LOG] [WorkoutGenerator] Smart set cap: 15 sets (cap 15) @ webpack-internal:///(app-pages-browser)/./src/features/workout-engine/logic/workout-budgeting.utils.ts:1018
[    6289ms] [LOG] ┌─────────────┬────────────┬────────────┬────────────┐
│  Section    │  Work      │  Rest      │  Subtotal  │
├─────────────┼────────────┼────────────┼────────────┤
│  Warmup     │ 0m 0s      │ 0m 0s      │ 0m 0s      │  ← 0s rest, 5s transitions, cap=6m
│  Main       │ 5m 12s     │ 28m 6s     │ 33m 18s    │  ← 28m rest = 84% of main block
│  Cooldown   │ 0m 0s      │ 0m 0s      │ 0m 0s      │
├─────────────┼────────────┼────────────┼────────────┤
│  TOTAL(raw) │             │             │ 33m 18s    │
└─────────────┴────────────┴────────────┴────────────┘ @ webpack-internal:///(app-pages-browser)/./src/features/workout-engine/logic/workout-budgeting.utils.ts:1142
[    6290ms] [LOG]   + Main transitions (3 × 30s): 90s @ webpack-internal:///(app-pages-browser)/./src/features/workout-engine/logic/workout-budgeting.utils.ts:1143
[    6290ms] [LOG]   = Final Duration: 35 min @ webpack-internal:///(app-pages-browser)/./src/features/workout-engine/logic/workout-budgeting.utils.ts:1144
[    6290ms] [TABLE] [Object, Object, Object, Object] @ webpack-internal:///(app-pages-browser)/./src/features/workout-engine/logic/workout-budgeting.utils.ts:1147
[    6290ms] [LOG] [WorkoutGenerator] Smart set cap: 14 sets (cap 14) @ webpack-internal:///(app-pages-browser)/./src/features/workout-engine/logic/workout-budgeting.utils.ts:1018
[    6290ms] [LOG] ┌─────────────┬────────────┬────────────┬────────────┐
│  Section    │  Work      │  Rest      │  Subtotal  │
├─────────────┼────────────┼────────────┼────────────┤
│  Warmup     │ 0m 0s      │ 0m 0s      │ 0m 0s      │  ← 0s rest, 5s transitions, cap=6m
│  Main       │ 5m 57s     │ 27m 42s    │ 32m 39s    │  ← 27m rest = 84% of main block
│  Cooldown   │ 0m 0s      │ 0m 0s      │ 0m 0s      │
├─────────────┼────────────┼────────────┼────────────┤
│  TOTAL(raw) │             │             │ 32m 39s    │
└─────────────┴────────────┴────────────┴────────────┘ @ webpack-internal:///(app-pages-browser)/./src/features/workout-engine/logic/workout-budgeting.utils.ts:1142
[    6290ms] [LOG]   + Main transitions (3 × 30s): 90s @ webpack-internal:///(app-pages-browser)/./src/features/workout-engine/logic/workout-budgeting.utils.ts:1143
[    6290ms] [LOG]   = Final Duration: 34 min @ webpack-internal:///(app-pages-browser)/./src/features/workout-engine/logic/workout-budgeting.utils.ts:1144
[    6290ms] [TABLE] [Object, Object, Object, Object] @ webpack-internal:///(app-pages-browser)/./src/features/workout-engine/logic/workout-budgeting.utils.ts:1147
[    6290ms] [LOG] [WorkoutGenerator] Smart set cap: 13 sets (cap 13) @ webpack-internal:///(app-pages-browser)/./src/features/workout-engine/logic/workout-budgeting.utils.ts:1018
[    6290ms] [LOG] ┌─────────────┬────────────┬────────────┬────────────┐
│  Section    │  Work      │  Rest      │  Subtotal  │
├─────────────┼────────────┼────────────┼────────────┤
│  Warmup     │ 0m 0s      │ 0m 0s      │ 0m 0s      │  ← 0s rest, 5s transitions, cap=6m
│  Main       │ 5m 39s     │ 25m 2s     │ 30m 41s    │  ← 25m rest = 84% of main block
│  Cooldown   │ 0m 0s      │ 0m 0s      │ 0m 0s      │
├─────────────┼────────────┼────────────┼────────────┤
│  TOTAL(raw) │             │             │ 30m 41s    │
└─────────────┴────────────┴────────────┴────────────┘ @ webpack-internal:///(app-pages-browser)/./src/features/workout-engine/logic/workout-budgeting.utils.ts:1142
[    6290ms] [LOG]   + Main transitions (3 × 30s): 90s @ webpack-internal:///(app-pages-browser)/./src/features/workout-engine/logic/workout-budgeting.utils.ts:1143
[    6290ms] [LOG]   = Final Duration: 32 min @ webpack-internal:///(app-pages-browser)/./src/features/workout-engine/logic/workout-budgeting.utils.ts:1144
[    6290ms] [TABLE] [Object, Object, Object, Object] @ webpack-internal:///(app-pages-browser)/./src/features/workout-engine/logic/workout-budgeting.utils.ts:1147
[    6290ms] [LOG] [TimeVolumeFeedback] 3 compression pass(es): 39 min → 32 min (ceiling=30 min, tolerance=3 min) @ webpack-internal:///(app-pages-browser)/./src/features/workout-engine/logic/WorkoutGenerator.ts:1043
[    6290ms] [LOG] ┌─────────────┬────────────┬────────────┬────────────┐
│  Section    │  Work      │  Rest      │  Subtotal  │
├─────────────┼────────────┼────────────┼────────────┤
│  Warmup     │ 0m 0s      │ 0m 0s      │ 0m 0s      │  ← 0s rest, 5s transitions, cap=6m
│  Main       │ 5m 39s     │ 25m 2s     │ 30m 41s    │  ← 25m rest = 84% of main block
│  Cooldown   │ 0m 0s      │ 0m 0s      │ 0m 0s      │
├─────────────┼────────────┼────────────┼────────────┤
│  TOTAL(raw) │             │             │ 30m 41s    │
└─────────────┴────────────┴────────────┴────────────┘ @ webpack-internal:///(app-pages-browser)/./src/features/workout-engine/logic/workout-budgeting.utils.ts:1142
[    6290ms] [LOG]   + Main transitions (3 × 30s): 90s @ webpack-internal:///(app-pages-browser)/./src/features/workout-engine/logic/workout-budgeting.utils.ts:1143
[    6290ms] [LOG]   = Final Duration: 32 min @ webpack-internal:///(app-pages-browser)/./src/features/workout-engine/logic/workout-budgeting.utils.ts:1144
[    6290ms] [TABLE] [Object, Object, Object, Object] @ webpack-internal:///(app-pages-browser)/./src/features/workout-engine/logic/workout-budgeting.utils.ts:1147
[    6291ms] [LOG] [Engine] Pool: 102→102→62→35→5(raw)→5(diverse) | Selected: 4 | Budget: ?/21 remaining/daily | Difficulty: 2 | Sets: 13 @ webpack-internal:///(app-pages-browser)/./src/features/workout-engine/logic/WorkoutGenerator.ts:1074
[    6291ms] [LOG] [1] החזקת מתח יד אחת ב-90° | programLevel=19 [LevelResolution] החזקת מתח יד אחת ב-90° → L19 via pull | userDomainL=22 | Tier=flow | Sets=3 Hold=15s Rest=84s | Video=YES @ webpack-internal:///(app-pages-browser)/./src/features/workout-engine/logic/WorkoutGenerator.ts:1085
[    6291ms] [LOG] [2] מקבילים | programLevel=10 [LevelResolution] מקבילים → L10 via push | userDomainL=12 | Tier=easy | Sets=3 Reps=6 Rest=100s | Video=YES @ webpack-internal:///(app-pages-browser)/./src/features/workout-engine/logic/WorkoutGenerator.ts:1085
[    6291ms] [LOG] [3] שכיבות סמיכה מתפרץ | programLevel=10 [LevelResolution] שכיבות סמיכה מתפרץ → L10 via push | userDomainL=12 | Tier=easy | Sets=4 Reps=6 Rest=116s | Video=YES @ webpack-internal:///(app-pages-browser)/./src/features/workout-engine/logic/WorkoutGenerator.ts:1085
[    6291ms] [LOG] [4] סקוואט טווח חלקי (להגבהה) | programLevel=1 [LevelResolution] סקוואט טווח חלקי → L2 via full_body | userDomainL=1 | Tier=hard | Sets=3 Reps=12 Rest=162s | Video=YES @ webpack-internal:///(app-pages-browser)/./src/features/workout-engine/logic/WorkoutGenerator.ts:1085
[    6292ms] [LOG] [Warmup] Pool: 372 total | follow-along: 13 | role=warmup: 1 | mobility-tag: 0 @ webpack-internal:///(app-pages-browser)/./src/features/workout-engine/services/warmup.service.ts:555
[    6292ms] [WARNING] [ParkGating] "טבטה מאתגר " — 1 park method(s) all gated → exercise excluded Required gear not in park inventory: [Object] Available: [bodyweight, pullup_bar, dip_station, bench, low_bar, high_bar, step, park_bench, park_step] @ webpack-internal:///(app-pages-browser)/./src/features/workout-engine/shared/utils/method-selection.utils.ts:119
[    6292ms] [LOG] [Warmup] Stage 1: "טבטה מאתגר " selected (follow-along [location-matched]) @ webpack-internal:///(app-pages-browser)/./src/features/workout-engine/services/warmup.service.ts:619
[    6292ms] [LOG] [Warmup] David Scale: push(50%×3s), pull(25%×1s), full_body(25%×1s) @ webpack-internal:///(app-pages-browser)/./src/features/workout-engine/services/warmup.service.ts:648
[    6293ms] [WARNING] [ParkGating] "נורדיק אחורי בעזרת גומייה" — 1 park method(s) all gated → exercise excluded Required gear not in park inventory: [Object] Available: [bodyweight, pullup_bar, dip_station, bench, low_bar, high_bar, step, park_bench, park_step] @ webpack-internal:///(app-pages-browser)/./src/features/workout-engine/shared/utils/method-selection.utils.ts:119
[    6293ms] [WARNING] [ParkGating] "סקוואט כנגד גומייה" — 1 park method(s) all gated → exercise excluded Required gear not in park inventory: [Object] Available: [bodyweight, pullup_bar, dip_station, bench, low_bar, high_bar, step, park_bench, park_step] @ webpack-internal:///(app-pages-browser)/./src/features/workout-engine/shared/utils/method-selection.utils.ts:119
[    6293ms] [WARNING] [ParkGating] "שרימפ סקוואט טווח חלקי" — 1 park method(s) all gated → exercise excluded Required gear not in park inventory: [Object] Available: [bodyweight, pullup_bar, dip_station, bench, low_bar, high_bar, step, park_bench, park_step] @ webpack-internal:///(app-pages-browser)/./src/features/workout-engine/shared/utils/method-selection.utils.ts:119
[    6293ms] [WARNING] [ParkGating] "פיסטול סקוואט מוגבה" — 1 park method(s) all gated → exercise excluded Required gear not in park inventory: [Object] Available: [bodyweight, pullup_bar, dip_station, bench, low_bar, high_bar, step, park_bench, park_step] @ webpack-internal:///(app-pages-browser)/./src/features/workout-engine/shared/utils/method-selection.utils.ts:119
[    6293ms] [WARNING] [ParkGating] "דרגון סקוואט מוגבה" — 1 park method(s) all gated → exercise excluded Required gear not in park inventory: [Object] Available: [bodyweight, pullup_bar, dip_station, bench, low_bar, high_bar, step, park_bench, park_step] @ webpack-internal:///(app-pages-browser)/./src/features/workout-engine/shared/utils/method-selection.utils.ts:119
[    6293ms] [WARNING] [ParkGating] "סיסי סקוואט טווח חלקי" — 1 park method(s) all gated → exercise excluded Required gear not in park inventory: [Object] Available: [bodyweight, pullup_bar, dip_station, bench, low_bar, high_bar, step, park_bench, park_step] @ webpack-internal:///(app-pages-browser)/./src/features/workout-engine/shared/utils/method-selection.utils.ts:119
[    6293ms] [WARNING] [ParkGating] "סקוואט בעזרת רצועות" — 1 park method(s) all gated → exercise excluded Required gear not in park inventory: [Object] Available: [bodyweight, pullup_bar, dip_station, bench, low_bar, high_bar, step, park_bench, park_step] @ webpack-internal:///(app-pages-browser)/./src/features/workout-engine/shared/utils/method-selection.utils.ts:119
[    6293ms] [WARNING] [ParkGating] "עליית מדרגה גובה קרסול" — 1 park method(s) all gated → exercise excluded Required gear not in park inventory: [Object] Available: [bodyweight, pullup_bar, dip_station, bench, low_bar, high_bar, step, park_bench, park_step] @ webpack-internal:///(app-pages-browser)/./src/features/workout-engine/shared/utils/method-selection.utils.ts:119
[    6293ms] [WARNING] [ParkGating] "פיסטול סקוואט מוגבה טווח חלקי" — 1 park method(s) all gated → exercise excluded Required gear not in park inventory: [Object] Available: [bodyweight, pullup_bar, dip_station, bench, low_bar, high_bar, step, park_bench, park_step] @ webpack-internal:///(app-pages-browser)/./src/features/workout-engine/shared/utils/method-selection.utils.ts:119
[    6294ms] [WARNING] [ParkGating] "שרימפ סקוואט עמוק בלי ידיים" — 1 park method(s) all gated → exercise excluded Required gear not in park inventory: [Object] Available: [bodyweight, pullup_bar, dip_station, bench, low_bar, high_bar, step, park_bench, park_step] @ webpack-internal:///(app-pages-browser)/./src/features/workout-engine/shared/utils/method-selection.utils.ts:119
[    6294ms] [WARNING] [ParkGating] "שרימפ סקוואט בלי ידיים טווח חלקי" — 1 park method(s) all gated → exercise excluded Required gear not in park inventory: [Object] Available: [bodyweight, pullup_bar, dip_station, bench, low_bar, high_bar, step, park_bench, park_step] @ webpack-internal:///(app-pages-browser)/./src/features/workout-engine/shared/utils/method-selection.utils.ts:119
[    6294ms] [LOG] [Warmup] Priming full_body slot1/1 F2: "סקוואט טווח חלקי" L2 from 40 cands (zone [9–13], reps 3–5) @ webpack-internal:///(app-pages-browser)/./src/features/workout-engine/services/warmup.service.ts:808
[    6294ms] [WARNING] [ParkGating] "מתח לא שוויוני עם טבעות" — 1 park method(s) all gated → exercise excluded Required gear not in park inventory: [Object] Available: [bodyweight, pullup_bar, dip_station, bench, low_bar, high_bar, step, park_bench, park_step] @ webpack-internal:///(app-pages-browser)/./src/features/workout-engine/shared/utils/method-selection.utils.ts:119
[    6294ms] [WARNING] [ParkGating] "מתח יד אחת עם גומייה" — 2 park method(s) all gated → exercise excluded Required gear not in park inventory: [Object, Object] Available: [bodyweight, pullup_bar, dip_station, bench, low_bar, high_bar, step, park_bench, park_step] @ webpack-internal:///(app-pages-browser)/./src/features/workout-engine/shared/utils/method-selection.utils.ts:119
[    6295ms] [WARNING] [ParkGating] "מתח מתפרץ עם גומייה בינונית" — 1 park method(s) all gated → exercise excluded Required gear not in park inventory: [Object] Available: [bodyweight, pullup_bar, dip_station, bench, low_bar, high_bar, step, park_bench, park_step] @ webpack-internal:///(app-pages-browser)/./src/features/workout-engine/shared/utils/method-selection.utils.ts:119
[    6295ms] [WARNING] [ParkGating] "מתח מתפרץ עם טבעות" — 1 park method(s) all gated → exercise excluded Required gear not in park inventory: [Object] Available: [bodyweight, pullup_bar, dip_station, bench, low_bar, high_bar, step, park_bench, park_step] @ webpack-internal:///(app-pages-browser)/./src/features/workout-engine/shared/utils/method-selection.utils.ts:119
[    6295ms] [WARNING] [ParkGating] "תלייה באחיזה עמוקה" — 1 park method(s) all gated → exercise excluded Required gear not in park inventory: [Object] Available: [bodyweight, pullup_bar, dip_station, bench, low_bar, high_bar, step, park_bench, park_step] @ webpack-internal:///(app-pages-browser)/./src/features/workout-engine/shared/utils/method-selection.utils.ts:119
[    6295ms] [WARNING] [ParkGating] "עליית כוח בקפיצה עם טבעות" — 1 park method(s) all gated → exercise excluded Required gear not in park inventory: [Object] Available: [bodyweight, pullup_bar, dip_station, bench, low_bar, high_bar, step, park_bench, park_step] @ webpack-internal:///(app-pages-browser)/./src/features/workout-engine/shared/utils/method-selection.utils.ts:119
[    6295ms] [WARNING] [ParkGating] "עליית כוח אקצנטרי עם טבעות" — 1 park method(s) all gated → exercise excluded Required gear not in park inventory: [Object] Available: [bodyweight, pullup_bar, dip_station, bench, low_bar, high_bar, step, park_bench, park_step] @ webpack-internal:///(app-pages-browser)/./src/features/workout-engine/shared/utils/method-selection.utils.ts:119
[    6295ms] [WARNING] [ParkGating] "עליית כוח על טבעות בעזרת גומייה" — 1 park method(s) all gated → exercise excluded Required gear not in park inventory: [Object] Available: [bodyweight, pullup_bar, dip_station, bench, low_bar, high_bar, step, park_bench, park_step] @ webpack-internal:///(app-pages-browser)/./src/features/workout-engine/shared/utils/method-selection.utils.ts:119
[    6295ms] [WARNING] [ParkGating] "עליית כוח עם טבעות" — 1 park method(s) all gated → exercise excluded Required gear not in park inventory: [Object] Available: [bodyweight, pullup_bar, dip_station, bench, low_bar, high_bar, step, park_bench, park_step] @ webpack-internal:///(app-pages-browser)/./src/features/workout-engine/shared/utils/method-selection.utils.ts:119
[    6295ms] [WARNING] [ParkGating] "עליית כוח בעזרת גומייה" — 1 park method(s) all gated → exercise excluded Required gear not in park inventory: [Object] Available: [bodyweight, pullup_bar, dip_station, bench, low_bar, high_bar, step, park_bench, park_step] @ webpack-internal:///(app-pages-browser)/./src/features/workout-engine/shared/utils/method-selection.utils.ts:119
[    6295ms] [LOG] [Warmup] Priming pull slot1/1 F2: "מתח מכונת כתיבה (Typewriter)" L16 from 13 cands (zone [13–19], reps 3–5) @ webpack-internal:///(app-pages-browser)/./src/features/workout-engine/services/warmup.service.ts:808
[    6295ms] [WARNING] [ParkGating] "החזקת מקבילים ב-15° עם גומייה" — 1 park method(s) all gated → exercise excluded Required gear not in park inventory: [Object] Available: [bodyweight, pullup_bar, dip_station, bench, low_bar, high_bar, step, park_bench, park_step] @ webpack-internal:///(app-pages-browser)/./src/features/workout-engine/shared/utils/method-selection.utils.ts:119
[    6296ms] [WARNING] [ParkGating] "החזקת מקבילים ב-120° עם גומייה" — 2 park method(s) all gated → exercise excluded Required gear not in park inventory: [Object, Object] Available: [bodyweight, pullup_bar, dip_station, bench, low_bar, high_bar, step, park_bench, park_step] @ webpack-internal:///(app-pages-browser)/./src/features/workout-engine/shared/utils/method-selection.utils.ts:119
[    6296ms] [WARNING] [ParkGating] "החזקת מקבילים ב-90° עם גומייה" — 2 park method(s) all gated → exercise excluded Required gear not in park inventory: [Object, Object] Available: [bodyweight, pullup_bar, dip_station, bench, low_bar, high_bar, step, park_bench, park_step] @ webpack-internal:///(app-pages-browser)/./src/features/workout-engine/shared/utils/method-selection.utils.ts:119
[    6296ms] [LOG] [Warmup] Activation push slot1/3 F2: "שכיבות סמיכה" L5 from 11 cands (zone [3–5], reps 8–12) @ webpack-internal:///(app-pages-browser)/./src/features/workout-engine/services/warmup.service.ts:808
[    6296ms] [WARNING] [ParkGating] "החזקת מקבילים ב-15° עם גומייה" — 1 park method(s) all gated → exercise excluded Required gear not in park inventory: [Object] Available: [bodyweight, pullup_bar, dip_station, bench, low_bar, high_bar, step, park_bench, park_step] @ webpack-internal:///(app-pages-browser)/./src/features/workout-engine/shared/utils/method-selection.utils.ts:119
[    6296ms] [WARNING] [ParkGating] "פרפר רצועות ב-45°" — 1 park method(s) all gated → exercise excluded Required gear not in park inventory: [Object] Available: [bodyweight, pullup_bar, dip_station, bench, low_bar, high_bar, step, park_bench, park_step] @ webpack-internal:///(app-pages-browser)/./src/features/workout-engine/shared/utils/method-selection.utils.ts:119
[    6296ms] [WARNING] [ParkGating] "שכיבות סמיכה רצועות ב-45°" — 1 park method(s) all gated → exercise excluded Required gear not in park inventory: [Object] Available: [bodyweight, pullup_bar, dip_station, bench, low_bar, high_bar, step, park_bench, park_step] @ webpack-internal:///(app-pages-browser)/./src/features/workout-engine/shared/utils/method-selection.utils.ts:119
[    6296ms] [WARNING] [ParkGating] "מקבילים עם גומייה בינונית" — 1 park method(s) all gated → exercise excluded Required gear not in park inventory: [Object] Available: [bodyweight, pullup_bar, dip_station, bench, low_bar, high_bar, step, park_bench, park_step] @ webpack-internal:///(app-pages-browser)/./src/features/workout-engine/shared/utils/method-selection.utils.ts:119
[    6296ms] [WARNING] [ParkGating] "מקבילים עם גומייה עבה" — 1 park method(s) all gated → exercise excluded Required gear not in park inventory: [Object] Available: [bodyweight, pullup_bar, dip_station, bench, low_bar, high_bar, step, park_bench, park_step] @ webpack-internal:///(app-pages-browser)/./src/features/workout-engine/shared/utils/method-selection.utils.ts:119
[    6296ms] [WARNING] [ParkGating] "החזקת מקבילים ב-120° עם גומייה" — 2 park method(s) all gated → exercise excluded Required gear not in park inventory: [Object, Object] Available: [bodyweight, pullup_bar, dip_station, bench, low_bar, high_bar, step, park_bench, park_step] @ webpack-internal:///(app-pages-browser)/./src/features/workout-engine/shared/utils/method-selection.utils.ts:119
[    6296ms] [WARNING] [ParkGating] "החזקת מקבילים ב-90° עם גומייה" — 2 park method(s) all gated → exercise excluded Required gear not in park inventory: [Object, Object] Available: [bodyweight, pullup_bar, dip_station, bench, low_bar, high_bar, step, park_bench, park_step] @ webpack-internal:///(app-pages-browser)/./src/features/workout-engine/shared/utils/method-selection.utils.ts:119
[    6297ms] [LOG] [Warmup] Activation push slot2/3 F2: "שכיבות סמיכה טווח תחתון" L4 from 16 cands (zone [4–8], reps 8–12) @ webpack-internal:///(app-pages-browser)/./src/features/workout-engine/services/warmup.service.ts:808
[    6297ms] [WARNING] [ParkGating] "פרפר רצועות ב-45°" — 1 park method(s) all gated → exercise excluded Required gear not in park inventory: [Object] Available: [bodyweight, pullup_bar, dip_station, bench, low_bar, high_bar, step, park_bench, park_step] @ webpack-internal:///(app-pages-browser)/./src/features/workout-engine/shared/utils/method-selection.utils.ts:119
[    6297ms] [WARNING] [ParkGating] "שכיבות סמיכה רצועות ב-45°" — 1 park method(s) all gated → exercise excluded Required gear not in park inventory: [Object] Available: [bodyweight, pullup_bar, dip_station, bench, low_bar, high_bar, step, park_bench, park_step] @ webpack-internal:///(app-pages-browser)/./src/features/workout-engine/shared/utils/method-selection.utils.ts:119
[    6297ms] [WARNING] [ParkGating] "מקבילים עם גומייה דקה" — 1 park method(s) all gated → exercise excluded Required gear not in park inventory: [Object] Available: [bodyweight, pullup_bar, dip_station, bench, low_bar, high_bar, step, park_bench, park_step] @ webpack-internal:///(app-pages-browser)/./src/features/workout-engine/shared/utils/method-selection.utils.ts:119
[    6297ms] [WARNING] [ParkGating] "החזקת תמיכה על טבעות" — 1 park method(s) all gated → exercise excluded Required gear not in park inventory: [Object] Available: [bodyweight, pullup_bar, dip_station, bench, low_bar, high_bar, step, park_bench, park_step] @ webpack-internal:///(app-pages-browser)/./src/features/workout-engine/shared/utils/method-selection.utils.ts:119
[    6297ms] [WARNING] [ParkGating] "מקבילים עם גומייה בינונית" — 1 park method(s) all gated → exercise excluded Required gear not in park inventory: [Object] Available: [bodyweight, pullup_bar, dip_station, bench, low_bar, high_bar, step, park_bench, park_step] @ webpack-internal:///(app-pages-browser)/./src/features/workout-engine/shared/utils/method-selection.utils.ts:119
[    6297ms] [WARNING] [ParkGating] "החזקת תמיכה על טבעות עם עזרה" — 1 park method(s) all gated → exercise excluded Required gear not in park inventory: [Object] Available: [bodyweight, pullup_bar, dip_station, bench, low_bar, high_bar, step, park_bench, park_step] @ webpack-internal:///(app-pages-browser)/./src/features/workout-engine/shared/utils/method-selection.utils.ts:119
[    6297ms] [LOG] [Warmup] Priming push slot3/3 F2: "עמידת פייק גובה שוק" L10 from 14 cands (zone [7–11], reps 3–5) @ webpack-internal:///(app-pages-browser)/./src/features/workout-engine/services/warmup.service.ts:808
[    6297ms] [LOG] [Warmup] Stage 2 Patterns primed: [legs, pull, push] from active [pull, push, legs] — 5 slots total @ webpack-internal:///(app-pages-browser)/./src/features/workout-engine/services/warmup.service.ts:843
[    6297ms] [LOG] [Warmup] Time-aware trim: 5 → 3 slots (budget 3 for 30min, coverage-first) @ webpack-internal:///(app-pages-browser)/./src/features/workout-engine/services/warmup.service.ts:877
[    6297ms] [LOG] [Warmup] Block finalised: 1 general + 5 ladder slots = 3 total (budget 3) @ webpack-internal:///(app-pages-browser)/./src/features/workout-engine/services/warmup.service.ts:882
[    6298ms] [LOG]   ETMVVSpt0lIpeF3mkEn6 "מתיחות פלג גוף עליון לבדיקה": OK @ webpack-internal:///(app-pages-browser)/./src/features/workout-engine/services/cooldown.service.ts:78
[    6298ms] [LOG] ┌─────────────┬────────────┬────────────┬────────────┐
│  Section    │  Work      │  Rest      │  Subtotal  │
├─────────────┼────────────┼────────────┼────────────┤
│  Warmup     │ 3m 10s     │ 0m 0s      │ 3m 10s     │  ← 0s rest, 5s transitions, cap=6m
│  Main       │ 5m 39s     │ 25m 2s     │ 30m 41s    │  ← 25m rest = 84% of main block
│  Cooldown   │ 2m 30s     │ 0m 0s      │ 2m 30s     │
├─────────────┼────────────┼────────────┼────────────┤
│  TOTAL(raw) │             │             │ 34m 21s    │
└─────────────┴────────────┴────────────┴────────────┘ @ webpack-internal:///(app-pages-browser)/./src/features/workout-engine/logic/workout-budgeting.utils.ts:1142
[    6298ms] [LOG]   + Main transitions (4 × 30s): 120s @ webpack-internal:///(app-pages-browser)/./src/features/workout-engine/logic/workout-budgeting.utils.ts:1143
[    6298ms] [LOG]   = Final Duration: 37 min @ webpack-internal:///(app-pages-browser)/./src/features/workout-engine/logic/workout-budgeting.utils.ts:1144
[    6298ms] [TABLE] [Object, Object, Object, Object, Object, Object, Object, Object] @ webpack-internal:///(app-pages-browser)/./src/features/workout-engine/logic/workout-budgeting.utils.ts:1147
[    6298ms] [LOG] ┌─────────────┬────────────┬────────────┬────────────┐
│  Section    │  Work      │  Rest      │  Subtotal  │
├─────────────┼────────────┼────────────┼────────────┤
│  Warmup     │ 3m 10s     │ 0m 0s      │ 3m 10s     │  ← 0s rest, 5s transitions, cap=6m
│  Main       │ 4m 24s     │ 24m 38s    │ 28m 2s     │  ← 24m rest = 84% of main block
│  Cooldown   │ 2m 30s     │ 0m 0s      │ 2m 30s     │
├─────────────┼────────────┼────────────┼────────────┤
│  TOTAL(raw) │             │             │ 33m 42s    │
└─────────────┴────────────┴────────────┴────────────┘ @ webpack-internal:///(app-pages-browser)/./src/features/workout-engine/logic/workout-budgeting.utils.ts:1142
[    6298ms] [LOG]   + Main transitions (4 × 30s): 120s @ webpack-internal:///(app-pages-browser)/./src/features/workout-engine/logic/workout-budgeting.utils.ts:1143
[    6298ms] [LOG]   = Final Duration: 35 min @ webpack-internal:///(app-pages-browser)/./src/features/workout-engine/logic/workout-budgeting.utils.ts:1144
[    6298ms] [TABLE] [Object, Object, Object, Object, Object, Object, Object, Object] @ webpack-internal:///(app-pages-browser)/./src/features/workout-engine/logic/workout-budgeting.utils.ts:1147
[    6298ms] [LOG] ┌─────────────┬────────────┬────────────┬────────────┐
│  Section    │  Work      │  Rest      │  Subtotal  │
├─────────────┼────────────┼────────────┼────────────┤
│  Warmup     │ 3m 10s     │ 0m 0s      │ 3m 10s     │  ← 0s rest, 5s transitions, cap=6m
│  Main       │ 4m 6s      │ 22m 58s    │ 26m 4s     │  ← 22m rest = 84% of main block
│  Cooldown   │ 2m 30s     │ 0m 0s      │ 2m 30s     │
├─────────────┼────────────┼────────────┼────────────┤
│  TOTAL(raw) │             │             │ 31m 44s    │
└─────────────┴────────────┴────────────┴────────────┘ @ webpack-internal:///(app-pages-browser)/./src/features/workout-engine/logic/workout-budgeting.utils.ts:1142
[    6298ms] [LOG]   + Main transitions (4 × 30s): 120s @ webpack-internal:///(app-pages-browser)/./src/features/workout-engine/logic/workout-budgeting.utils.ts:1143
[    6298ms] [LOG]   = Final Duration: 33 min @ webpack-internal:///(app-pages-browser)/./src/features/workout-engine/logic/workout-budgeting.utils.ts:1144
[    6298ms] [TABLE] [Object, Object, Object, Object, Object, Object, Object, Object] @ webpack-internal:///(app-pages-browser)/./src/features/workout-engine/logic/workout-budgeting.utils.ts:1147
[    6299ms] [LOG] ┌─────────────┬────────────┬────────────┬────────────┐
│  Section    │  Work      │  Rest      │  Subtotal  │
├─────────────┼────────────┼────────────┼────────────┤
│  Warmup     │ 3m 10s     │ 0m 0s      │ 3m 10s     │  ← 0s rest, 5s transitions, cap=6m
│  Main       │ 4m 48s     │ 20m 2s     │ 24m 50s    │  ← 20m rest = 84% of main block
│  Cooldown   │ 2m 30s     │ 0m 0s      │ 2m 30s     │
├─────────────┼────────────┼────────────┼────────────┤
│  TOTAL(raw) │             │             │ 29m 30s    │
└─────────────┴────────────┴────────────┴────────────┘ @ webpack-internal:///(app-pages-browser)/./src/features/workout-engine/logic/workout-budgeting.utils.ts:1142
[    6299ms] [LOG]   + Main transitions (4 × 30s): 120s @ webpack-internal:///(app-pages-browser)/./src/features/workout-engine/logic/workout-budgeting.utils.ts:1143
[    6299ms] [LOG]   = Final Duration: 31 min @ webpack-internal:///(app-pages-browser)/./src/features/workout-engine/logic/workout-budgeting.utils.ts:1144
[    6299ms] [TABLE] [Object, Object, Object, Object, Object, Object, Object, Object] @ webpack-internal:///(app-pages-browser)/./src/features/workout-engine/logic/workout-budgeting.utils.ts:1147
[    6299ms] [LOG] ┌─────────────┬────────────┬────────────┬────────────┐
│  Section    │  Work      │  Rest      │  Subtotal  │
├─────────────┼────────────┼────────────┼────────────┤
│  Warmup     │ 3m 10s     │ 0m 0s      │ 3m 10s     │  ← 0s rest, 5s transitions, cap=6m
│  Main       │ 4m 30s     │ 18m 6s     │ 22m 36s    │  ← 18m rest = 84% of main block
│  Cooldown   │ 2m 30s     │ 0m 0s      │ 2m 30s     │
├─────────────┼────────────┼────────────┼────────────┤
│  TOTAL(raw) │             │             │ 26m 16s    │
└─────────────┴────────────┴────────────┴────────────┘ @ webpack-internal:///(app-pages-browser)/./src/features/workout-engine/logic/workout-budgeting.utils.ts:1142
[    6299ms] [LOG]   + Main transitions (4 × 30s): 120s @ webpack-internal:///(app-pages-browser)/./src/features/workout-engine/logic/workout-budgeting.utils.ts:1143
[    6299ms] [LOG]   = Final Duration: 29 min @ webpack-internal:///(app-pages-browser)/./src/features/workout-engine/logic/workout-budgeting.utils.ts:1144
[    6299ms] [TABLE] [Object, Object, Object, Object, Object, Object, Object, Object] @ webpack-internal:///(app-pages-browser)/./src/features/workout-engine/logic/workout-budgeting.utils.ts:1147
[    6299ms] [LOG] [PresentationFormatter.volumeCap] Done after 4 step(s): 29m, 13 sets, 4 main exercises @ webpack-internal:///(app-pages-browser)/./src/features/workout-engine/core/presentation/PresentationFormatter.ts:430
[    6712ms] [LOG] [WorkoutGenerator] Antagonist pairing complete: 1 push+pull, 0 quad+hamstring, 0 domain+core fallback @ webpack-internal:///(app-pages-browser)/./src/features/workout-engine/logic/workout-sorting.utils.ts:494
[    6713ms] [LOG] [applyAntagonistPairing] Buckets — push:2 pull:1 legs:1 other:0 pyramids:0 warmupCooldown:4 @ webpack-internal:///(app-pages-browser)/./src/features/workout-engine/logic/workout-sorting.utils.ts:516
[    6713ms] [LOG]   [Pair] "סקוואט טווח חלקי (להגבהה)" (id=50zThi9jcQWm6wbWDM4I) → pairedWith=NONE @ webpack-internal:///(app-pages-browser)/./src/features/workout-engine/logic/workout-sorting.utils.ts:520
[    6713ms] [LOG]   [Pair] "החזקת מתח יד אחת ב-90°" (id=WRY4OTLIfEYxdIWZ82hm) → pairedWith=hSVTgimudJNF5uVF7DfM @ webpack-internal:///(app-pages-browser)/./src/features/workout-engine/logic/workout-sorting.utils.ts:520
[    6713ms] [LOG]   [Pair] "מקבילים" (id=hSVTgimudJNF5uVF7DfM) → pairedWith=WRY4OTLIfEYxdIWZ82hm @ webpack-internal:///(app-pages-browser)/./src/features/workout-engine/logic/workout-sorting.utils.ts:520
[    6713ms] [LOG]   [Pair] "שכיבות סמיכה מתפרץ" (id=GEWFBnyTrhoe4HVon0H0) → pairedWith=NONE @ webpack-internal:///(app-pages-browser)/./src/features/workout-engine/logic/workout-sorting.utils.ts:520
[    6713ms] [LOG] [PresentationFormatter] ✅ Re-applied antagonist pairing on final list (2 exercises have pairedWith, source: adminData, מאוזן) @ webpack-internal:///(app-pages-browser)/./src/features/workout-engine/core/presentation/PresentationFormatter.ts:284
[    6713ms] [LOG] [PresentationFormatter] 🪜 Final domain-priority sort applied (order changed, 8 exercises, מאוזן) @ webpack-internal:///(app-pages-browser)/./src/features/workout-engine/core/presentation/PresentationFormatter.ts:295
[    6713ms] [LOG] [WorkoutTrio] Option 2 (מאוזן): D2, 8 exercises, 13 sets, ~29min @ webpack-internal:///(app-pages-browser)/./src/features/workout-engine/services/home-workout.service.ts:1077
[    6713ms] [LOG] [WorkoutTrio] Single-option path — padded 3 slots with the same workout @ webpack-internal:///(app-pages-browser)/./src/features/workout-engine/services/home-workout.service.ts:1086
[    6713ms] [LOG]   Difficulty: 2 ⚡⚡ @ webpack-internal:///(app-pages-browser)/./src/features/workout-engine/services/trio-modifiers.service.ts:700
[    6713ms] [LOG]   Title: חיטוב בזמן שהם משחקים @ webpack-internal:///(app-pages-browser)/./src/features/workout-engine/services/trio-modifiers.service.ts:701
[    6713ms] [LOG]   Duration: ~29 min @ webpack-internal:///(app-pages-browser)/./src/features/workout-engine/services/trio-modifiers.service.ts:702
[    6713ms] [LOG]   Warmups: 3 | Main: 4 | Sets: 13 @ webpack-internal:///(app-pages-browser)/./src/features/workout-engine/services/trio-modifiers.service.ts:703
[    6713ms] [LOG]   Gear: 3 ⚠️ [rsGezdRxG5hayY7x88pJ, VQoqHLfhHGhPsaz2zsQO, pKh30gGIGOKFcgLET2Fn] @ webpack-internal:///(app-pages-browser)/./src/features/workout-engine/services/trio-modifiers.service.ts:704
[    6713ms] [LOG]   Exercises: [החזקת מתח יד אחת ב-90°, מקבילים, שכיבות סמיכה מתפרץ, סקוואט טווח חלקי (להגבהה)] @ webpack-internal:///(app-pages-browser)/./src/features/workout-engine/services/trio-modifiers.service.ts:705
[    6714ms] [LOG]   Difficulty: 2 ⚡⚡ @ webpack-internal:///(app-pages-browser)/./src/features/workout-engine/services/trio-modifiers.service.ts:700
[    6714ms] [LOG]   Title: חיטוב בזמן שהם משחקים @ webpack-internal:///(app-pages-browser)/./src/features/workout-engine/services/trio-modifiers.service.ts:701
[    6714ms] [LOG]   Duration: ~29 min @ webpack-internal:///(app-pages-browser)/./src/features/workout-engine/services/trio-modifiers.service.ts:702
[    6714ms] [LOG]   Warmups: 3 | Main: 4 | Sets: 13 @ webpack-internal:///(app-pages-browser)/./src/features/workout-engine/services/trio-modifiers.service.ts:703
[    6714ms] [LOG]   Gear: 3 ⚠️ [rsGezdRxG5hayY7x88pJ, VQoqHLfhHGhPsaz2zsQO, pKh30gGIGOKFcgLET2Fn] @ webpack-internal:///(app-pages-browser)/./src/features/workout-engine/services/trio-modifiers.service.ts:704
[    6714ms] [LOG]   Exercises: [החזקת מתח יד אחת ב-90°, מקבילים, שכיבות סמיכה מתפרץ, סקוואט טווח חלקי (להגבהה)] @ webpack-internal:///(app-pages-browser)/./src/features/workout-engine/services/trio-modifiers.service.ts:705
[    6714ms] [LOG]   Difficulty: 2 ⚡⚡ @ webpack-internal:///(app-pages-browser)/./src/features/workout-engine/services/trio-modifiers.service.ts:700
[    6714ms] [LOG]   Title: חיטוב בזמן שהם משחקים @ webpack-internal:///(app-pages-browser)/./src/features/workout-engine/services/trio-modifiers.service.ts:701
[    6714ms] [LOG]   Duration: ~29 min @ webpack-internal:///(app-pages-browser)/./src/features/workout-engine/services/trio-modifiers.service.ts:702
[    6714ms] [LOG]   Warmups: 3 | Main: 4 | Sets: 13 @ webpack-internal:///(app-pages-browser)/./src/features/workout-engine/services/trio-modifiers.service.ts:703
[    6714ms] [LOG]   Gear: 3 ⚠️ [rsGezdRxG5hayY7x88pJ, VQoqHLfhHGhPsaz2zsQO, pKh30gGIGOKFcgLET2Fn] @ webpack-internal:///(app-pages-browser)/./src/features/workout-engine/services/trio-modifiers.service.ts:704
[    6714ms] [LOG]   Exercises: [החזקת מתח יד אחת ב-90°, מקבילים, שכיבות סמיכה מתפרץ, סקוואט טווח חלקי (להגבהה)] @ webpack-internal:///(app-pages-browser)/./src/features/workout-engine/services/trio-modifiers.service.ts:705
[    6714ms] [LOG] Overlap: 1↔2=4, 1↔3=4, 2↔3=4 @ webpack-internal:///(app-pages-browser)/./src/features/workout-engine/services/trio-modifiers.service.ts:710
[    6718ms] [LOG] ACTIVE CALENDAR FILE: MonthlyCalendarGrid.tsx {cellHeight: 60, engine: DayIconCell (unified with home screen), viewMode: rings} @ webpack-internal:///(app-pages-browser)/./src/features/home/components/calendar/MonthlyCalendarGrid.tsx:160
[    6718ms] [LOG] ACTIVE CALENDAR FILE: MonthlyCalendarGrid.tsx {cellHeight: 60, engine: DayIconCell (unified with home screen), viewMode: rings} @ webpack-internal:///(app-pages-browser)/./src/features/home/components/calendar/MonthlyCalendarGrid.tsx:160
[   61347ms] [LOG] ACTIVE CALENDAR FILE: MonthlyCalendarGrid.tsx {cellHeight: 60, engine: DayIconCell (unified with home screen), viewMode: rings} @ webpack-internal:///(app-pages-browser)/./src/features/home/components/calendar/MonthlyCalendarGrid.tsx:160
[   61348ms] [LOG] ACTIVE CALENDAR FILE: MonthlyCalendarGrid.tsx {cellHeight: 60, engine: DayIconCell (unified with home screen), viewMode: rings} @ webpack-internal:///(app-pages-browser)/./src/features/home/components/calendar/MonthlyCalendarGrid.tsx:160
