[   14061ms] [WARNING] [2026-09-22T10:11:58.162Z]  @firebase/auth: Auth (12.6.0): Error while retrieving App Check token: FirebaseError: AppCheck: ReCAPTCHA error. (appCheck/recaptcha-error). @ https://outrun.co.il/_next/static/chunks/2532-16f59635ee5a761a.js:14
[   15077ms] [WARNING] [2026-09-22T10:11:59.177Z]  @firebase/auth: Auth (12.6.0): Error while retrieving App Check token: FirebaseError: AppCheck: ReCAPTCHA error. (appCheck/recaptcha-error). @ https://outrun.co.il/_next/static/chunks/2532-16f59635ee5a761a.js:14
[   45241ms] [INFO] [User Service] User pYZv4stmwKQsQZLmOpDlppVriwG2 has missing or empty equipment profile. This may affect Smart Swap functionality. Please update user equipment in the admin panel. @ https://outrun.co.il/_next/static/chunks/9140-2750ff62167b2433.js:0
[   60996ms] [LOG] [DEBUG-PAGE] pathConfig.path: health | categories passed to VisualSlider: [push, pull, legs, core] | skipTier: true @ https://outrun.co.il/_next/static/chunks/app/onboarding-new/assessment-visual/page-6cc36b03c0fe4217.js:0
[   61196ms] [LOG] [DEBUG-RESOLVER] loadCategoryMap built: {human_flag: EtY8YCol0qpF6DzgcTx1, push: J0fLpmJhG0KDN2tQouxh, core: kDMpobbKsuVTByTIKUpe, pull: UPDBtTdCvX748dtBlWYj, one_arm_pullup: cC0BOmm6KIqYAyQynEIo} @ https://outrun.co.il/_next/static/chunks/2378-c01d9a87a3ce5082.js:0
[   61196ms] [LOG] [DEBUG-RESOLVER] Incoming Category: push Resolved Candidate IDs: [push, J0fLpmJhG0KDN2tQouxh] @ https://outrun.co.il/_next/static/chunks/2378-c01d9a87a3ce5082.js:0
[   61197ms] [LOG] [DEBUG-RESOLVER] loadCategoryMap built: {human_flag: EtY8YCol0qpF6DzgcTx1, push: J0fLpmJhG0KDN2tQouxh, core: kDMpobbKsuVTByTIKUpe, pull: UPDBtTdCvX748dtBlWYj, one_arm_pullup: cC0BOmm6KIqYAyQynEIo} @ https://outrun.co.il/_next/static/chunks/2378-c01d9a87a3ce5082.js:0
[   61197ms] [LOG] [DEBUG-RESOLVER] Incoming Category: pull Resolved Candidate IDs: [pull, UPDBtTdCvX748dtBlWYj] @ https://outrun.co.il/_next/static/chunks/2378-c01d9a87a3ce5082.js:0
[   61197ms] [LOG] [DEBUG-RESOLVER] loadCategoryMap built: {human_flag: EtY8YCol0qpF6DzgcTx1, push: J0fLpmJhG0KDN2tQouxh, core: kDMpobbKsuVTByTIKUpe, pull: UPDBtTdCvX748dtBlWYj, one_arm_pullup: cC0BOmm6KIqYAyQynEIo} @ https://outrun.co.il/_next/static/chunks/2378-c01d9a87a3ce5082.js:0
[   61197ms] [LOG] [DEBUG-RESOLVER] Incoming Category: legs Resolved Candidate IDs: [legs, OrAmOH3F375dVio5yGdU] @ https://outrun.co.il/_next/static/chunks/2378-c01d9a87a3ce5082.js:0
[   61197ms] [LOG] [DEBUG-RESOLVER] loadCategoryMap built: {human_flag: EtY8YCol0qpF6DzgcTx1, push: J0fLpmJhG0KDN2tQouxh, core: kDMpobbKsuVTByTIKUpe, pull: UPDBtTdCvX748dtBlWYj, one_arm_pullup: cC0BOmm6KIqYAyQynEIo} @ https://outrun.co.il/_next/static/chunks/2378-c01d9a87a3ce5082.js:0
[   61197ms] [LOG] [DEBUG-RESOLVER] Incoming Category: core Resolved Candidate IDs: [core, kDMpobbKsuVTByTIKUpe] @ https://outrun.co.il/_next/static/chunks/2378-c01d9a87a3ce5082.js:0
[   61198ms] [LOG] [DEBUG-PAGE] pathConfig.path: health | categories passed to VisualSlider: [push, pull, legs, core] | skipTier: true @ https://outrun.co.il/_next/static/chunks/app/onboarding-new/assessment-visual/page-6cc36b03c0fe4217.js:0
[   61199ms] [LOG] [DEBUG-RESOLVER] Incoming Category: push Resolved Candidate IDs: [push, J0fLpmJhG0KDN2tQouxh] @ https://outrun.co.il/_next/static/chunks/2378-c01d9a87a3ce5082.js:0
[   61199ms] [LOG] [DEBUG-RESOLVER] Incoming Category: pull Resolved Candidate IDs: [pull, UPDBtTdCvX748dtBlWYj] @ https://outrun.co.il/_next/static/chunks/2378-c01d9a87a3ce5082.js:0
[   61199ms] [LOG] [DEBUG-RESOLVER] Incoming Category: legs Resolved Candidate IDs: [legs, OrAmOH3F375dVio5yGdU] @ https://outrun.co.il/_next/static/chunks/2378-c01d9a87a3ce5082.js:0
[   61199ms] [LOG] [DEBUG-RESOLVER] Incoming Category: core Resolved Candidate IDs: [core, kDMpobbKsuVTByTIKUpe] @ https://outrun.co.il/_next/static/chunks/2378-c01d9a87a3ce5082.js:0
[   61471ms] [LOG] [DEBUG-FIRESTORE] Querying IDs: [push, J0fLpmJhG0KDN2tQouxh] Snapshot size returned: 25 @ https://outrun.co.il/_next/static/chunks/2378-c01d9a87a3ce5082.js:0
[   61472ms] [LOG] [DEBUG-FIRESTORE] showInOnboarding=true levels: [1, 4, 6, 9, 12, 14, 16, 18, 19, 20] (10 total) @ https://outrun.co.il/_next/static/chunks/2378-c01d9a87a3ce5082.js:0
[   61472ms] [LOG] [DEBUG-RESOLVER] Final onboarding levels for "push": [1, 4, 6, 9, 12, 14, 16, 18, 19, 20] (10 total) @ https://outrun.co.il/_next/static/chunks/2378-c01d9a87a3ce5082.js:0
[   61472ms] [LOG] [DEBUG-RESOLVER] resolveContent("push", 1) → programId="J0fLpmJhG0KDN2tQouxh" @ https://outrun.co.il/_next/static/chunks/2378-c01d9a87a3ce5082.js:0
[   61472ms] [LOG] [DEBUG-RESOLVER] resolveContent("push", 4) → programId="J0fLpmJhG0KDN2tQouxh" @ https://outrun.co.il/_next/static/chunks/2378-c01d9a87a3ce5082.js:0
[   61472ms] [LOG] [DEBUG-FIRESTORE] Querying IDs: [push, J0fLpmJhG0KDN2tQouxh] Snapshot size returned: 25 @ https://outrun.co.il/_next/static/chunks/2378-c01d9a87a3ce5082.js:0
[   61472ms] [LOG] [DEBUG-FIRESTORE] showInOnboarding=true levels: [1, 4, 6, 9, 12, 14, 16, 18, 19, 20] (10 total) @ https://outrun.co.il/_next/static/chunks/2378-c01d9a87a3ce5082.js:0
[   61472ms] [LOG] [DEBUG-RESOLVER] Final onboarding levels for "push": [1, 4, 6, 9, 12, 14, 16, 18, 19, 20] (10 total) @ https://outrun.co.il/_next/static/chunks/2378-c01d9a87a3ce5082.js:0
[   61472ms] [LOG] [DEBUG-RESOLVER] resolveContent("push", 1) → programId="J0fLpmJhG0KDN2tQouxh" @ https://outrun.co.il/_next/static/chunks/2378-c01d9a87a3ce5082.js:0
[   61472ms] [LOG] [DEBUG-RESOLVER] resolveContent("push", 4) → programId="J0fLpmJhG0KDN2tQouxh" @ https://outrun.co.il/_next/static/chunks/2378-c01d9a87a3ce5082.js:0
[   61473ms] [LOG] [DEBUG-FIRESTORE] Querying IDs: [pull, UPDBtTdCvX748dtBlWYj] Snapshot size returned: 25 @ https://outrun.co.il/_next/static/chunks/2378-c01d9a87a3ce5082.js:0
[   61473ms] [LOG] [DEBUG-FIRESTORE] showInOnboarding=true levels: [1, 4, 6, 10, 14, 17, 19, 20] (8 total) @ https://outrun.co.il/_next/static/chunks/2378-c01d9a87a3ce5082.js:0
[   61473ms] [LOG] [DEBUG-RESOLVER] Final onboarding levels for "pull": [1, 4, 6, 10, 14, 17, 19, 20] (8 total) @ https://outrun.co.il/_next/static/chunks/2378-c01d9a87a3ce5082.js:0
[   61473ms] [LOG] [DEBUG-RESOLVER] resolveContent("pull", 1) → programId="UPDBtTdCvX748dtBlWYj" @ https://outrun.co.il/_next/static/chunks/2378-c01d9a87a3ce5082.js:0
[   61473ms] [LOG] [DEBUG-RESOLVER] resolveContent("pull", 4) → programId="UPDBtTdCvX748dtBlWYj" @ https://outrun.co.il/_next/static/chunks/2378-c01d9a87a3ce5082.js:0
[   61473ms] [LOG] [DEBUG-FIRESTORE] Querying IDs: [pull, UPDBtTdCvX748dtBlWYj] Snapshot size returned: 25 @ https://outrun.co.il/_next/static/chunks/2378-c01d9a87a3ce5082.js:0
[   61473ms] [LOG] [DEBUG-FIRESTORE] showInOnboarding=true levels: [1, 4, 6, 10, 14, 17, 19, 20] (8 total) @ https://outrun.co.il/_next/static/chunks/2378-c01d9a87a3ce5082.js:0
[   61473ms] [LOG] [DEBUG-RESOLVER] Final onboarding levels for "pull": [1, 4, 6, 10, 14, 17, 19, 20] (8 total) @ https://outrun.co.il/_next/static/chunks/2378-c01d9a87a3ce5082.js:0
[   61473ms] [LOG] [DEBUG-RESOLVER] resolveContent("pull", 1) → programId="UPDBtTdCvX748dtBlWYj" @ https://outrun.co.il/_next/static/chunks/2378-c01d9a87a3ce5082.js:0
[   61473ms] [LOG] [DEBUG-RESOLVER] resolveContent("pull", 4) → programId="UPDBtTdCvX748dtBlWYj" @ https://outrun.co.il/_next/static/chunks/2378-c01d9a87a3ce5082.js:0
[   61473ms] [LOG] [DEBUG-FIRESTORE] Querying IDs: [legs, OrAmOH3F375dVio5yGdU] Snapshot size returned: 15 @ https://outrun.co.il/_next/static/chunks/2378-c01d9a87a3ce5082.js:0
[   61473ms] [LOG] [DEBUG-FIRESTORE] showInOnboarding=true levels: [1, 3, 6, 8, 10, 12] (6 total) @ https://outrun.co.il/_next/static/chunks/2378-c01d9a87a3ce5082.js:0
[   61473ms] [LOG] [DEBUG-RESOLVER] Final onboarding levels for "legs": [1, 3, 6, 8, 10, 12] (6 total) @ https://outrun.co.il/_next/static/chunks/2378-c01d9a87a3ce5082.js:0
[   61473ms] [LOG] [DEBUG-RESOLVER] resolveContent("legs", 1) → programId="OrAmOH3F375dVio5yGdU" @ https://outrun.co.il/_next/static/chunks/2378-c01d9a87a3ce5082.js:0
[   61473ms] [LOG] [DEBUG-RESOLVER] resolveContent("legs", 3) → programId="OrAmOH3F375dVio5yGdU" @ https://outrun.co.il/_next/static/chunks/2378-c01d9a87a3ce5082.js:0
[   61473ms] [LOG] [DEBUG-FIRESTORE] Querying IDs: [legs, OrAmOH3F375dVio5yGdU] Snapshot size returned: 15 @ https://outrun.co.il/_next/static/chunks/2378-c01d9a87a3ce5082.js:0
[   61473ms] [LOG] [DEBUG-FIRESTORE] showInOnboarding=true levels: [1, 3, 6, 8, 10, 12] (6 total) @ https://outrun.co.il/_next/static/chunks/2378-c01d9a87a3ce5082.js:0
[   61473ms] [LOG] [DEBUG-RESOLVER] Final onboarding levels for "legs": [1, 3, 6, 8, 10, 12] (6 total) @ https://outrun.co.il/_next/static/chunks/2378-c01d9a87a3ce5082.js:0
[   61473ms] [LOG] [DEBUG-RESOLVER] resolveContent("legs", 1) → programId="OrAmOH3F375dVio5yGdU" @ https://outrun.co.il/_next/static/chunks/2378-c01d9a87a3ce5082.js:0
[   61473ms] [LOG] [DEBUG-RESOLVER] resolveContent("legs", 3) → programId="OrAmOH3F375dVio5yGdU" @ https://outrun.co.il/_next/static/chunks/2378-c01d9a87a3ce5082.js:0
[   61479ms] [LOG] [DEBUG-FIRESTORE] Querying IDs: [core, kDMpobbKsuVTByTIKUpe] Snapshot size returned: 20 @ https://outrun.co.il/_next/static/chunks/2378-c01d9a87a3ce5082.js:0
[   61480ms] [LOG] [DEBUG-FIRESTORE] showInOnboarding=true levels: [1, 3, 5, 7, 8, 10, 11, 14] (8 total) @ https://outrun.co.il/_next/static/chunks/2378-c01d9a87a3ce5082.js:0
[   61480ms] [LOG] [DEBUG-RESOLVER] Final onboarding levels for "core": [1, 3, 5, 7, 8, 10, 11, 14] (8 total) @ https://outrun.co.il/_next/static/chunks/2378-c01d9a87a3ce5082.js:0
[   61480ms] [LOG] [DEBUG-RESOLVER] resolveContent("core", 1) → programId="kDMpobbKsuVTByTIKUpe" @ https://outrun.co.il/_next/static/chunks/2378-c01d9a87a3ce5082.js:0
[   61480ms] [LOG] [DEBUG-RESOLVER] resolveContent("core", 3) → programId="kDMpobbKsuVTByTIKUpe" @ https://outrun.co.il/_next/static/chunks/2378-c01d9a87a3ce5082.js:0
[   61480ms] [LOG] [DEBUG-FIRESTORE] Querying IDs: [core, kDMpobbKsuVTByTIKUpe] Snapshot size returned: 20 @ https://outrun.co.il/_next/static/chunks/2378-c01d9a87a3ce5082.js:0
[   61480ms] [LOG] [DEBUG-FIRESTORE] showInOnboarding=true levels: [1, 3, 5, 7, 8, 10, 11, 14] (8 total) @ https://outrun.co.il/_next/static/chunks/2378-c01d9a87a3ce5082.js:0
[   61480ms] [LOG] [DEBUG-RESOLVER] Final onboarding levels for "core": [1, 3, 5, 7, 8, 10, 11, 14] (8 total) @ https://outrun.co.il/_next/static/chunks/2378-c01d9a87a3ce5082.js:0
[   61480ms] [LOG] [DEBUG-RESOLVER] resolveContent("core", 1) → programId="kDMpobbKsuVTByTIKUpe" @ https://outrun.co.il/_next/static/chunks/2378-c01d9a87a3ce5082.js:0
[   61480ms] [LOG] [DEBUG-RESOLVER] resolveContent("core", 3) → programId="kDMpobbKsuVTByTIKUpe" @ https://outrun.co.il/_next/static/chunks/2378-c01d9a87a3ce5082.js:0
[   61628ms] [LOG] [VisualContentService] docToContent "J0fLpmJhG0KDN2tQouxh_1": {hasVideoVariantsField: true, hasVariantsField: false, rawType: array[0], parsedVariantsCount: 0, allTopLevelKeys: Array(14)} @ https://outrun.co.il/_next/static/chunks/2378-c01d9a87a3ce5082.js:0
[   61628ms] [LOG] [DEBUG-RESOLVER] attempt1 getVisualContentItem("J0fLpmJhG0KDN2tQouxh", 1) → FOUND @ https://outrun.co.il/_next/static/chunks/2378-c01d9a87a3ce5082.js:0
[   61628ms] [LOG] [VisualContentService] docToContent "J0fLpmJhG0KDN2tQouxh_1": {hasVideoVariantsField: true, hasVariantsField: false, rawType: array[0], parsedVariantsCount: 0, allTopLevelKeys: Array(14)} @ https://outrun.co.il/_next/static/chunks/2378-c01d9a87a3ce5082.js:0
[   61628ms] [LOG] [DEBUG-RESOLVER] attempt1 getVisualContentItem("J0fLpmJhG0KDN2tQouxh", 1) → FOUND @ https://outrun.co.il/_next/static/chunks/2378-c01d9a87a3ce5082.js:0
[   61628ms] [LOG] [VisualContentService] docToContent "J0fLpmJhG0KDN2tQouxh_4": {hasVideoVariantsField: true, hasVariantsField: false, rawType: array[0], parsedVariantsCount: 0, allTopLevelKeys: Array(14)} @ https://outrun.co.il/_next/static/chunks/2378-c01d9a87a3ce5082.js:0
[   61628ms] [LOG] [DEBUG-RESOLVER] attempt1 getVisualContentItem("J0fLpmJhG0KDN2tQouxh", 4) → FOUND @ https://outrun.co.il/_next/static/chunks/2378-c01d9a87a3ce5082.js:0
[   61628ms] [LOG] [VisualContentService] docToContent "J0fLpmJhG0KDN2tQouxh_4": {hasVideoVariantsField: true, hasVariantsField: false, rawType: array[0], parsedVariantsCount: 0, allTopLevelKeys: Array(14)} @ https://outrun.co.il/_next/static/chunks/2378-c01d9a87a3ce5082.js:0
[   61628ms] [LOG] [DEBUG-RESOLVER] attempt1 getVisualContentItem("J0fLpmJhG0KDN2tQouxh", 4) → FOUND @ https://outrun.co.il/_next/static/chunks/2378-c01d9a87a3ce5082.js:0
[   61628ms] [LOG] [VisualContentService] docToContent "UPDBtTdCvX748dtBlWYj_1": {hasVideoVariantsField: true, hasVariantsField: false, rawType: array[0], parsedVariantsCount: 0, allTopLevelKeys: Array(14)} @ https://outrun.co.il/_next/static/chunks/2378-c01d9a87a3ce5082.js:0
[   61628ms] [LOG] [DEBUG-RESOLVER] attempt1 getVisualContentItem("UPDBtTdCvX748dtBlWYj", 1) → FOUND @ https://outrun.co.il/_next/static/chunks/2378-c01d9a87a3ce5082.js:0
[   61628ms] [LOG] [VisualContentService] docToContent "UPDBtTdCvX748dtBlWYj_1": {hasVideoVariantsField: true, hasVariantsField: false, rawType: array[0], parsedVariantsCount: 0, allTopLevelKeys: Array(14)} @ https://outrun.co.il/_next/static/chunks/2378-c01d9a87a3ce5082.js:0
[   61628ms] [LOG] [DEBUG-RESOLVER] attempt1 getVisualContentItem("UPDBtTdCvX748dtBlWYj", 1) → FOUND @ https://outrun.co.il/_next/static/chunks/2378-c01d9a87a3ce5082.js:0
[   61628ms] [LOG] [VisualContentService] docToContent "UPDBtTdCvX748dtBlWYj_4": {hasVideoVariantsField: true, hasVariantsField: false, rawType: array[0], parsedVariantsCount: 0, allTopLevelKeys: Array(14)} @ https://outrun.co.il/_next/static/chunks/2378-c01d9a87a3ce5082.js:0
[   61628ms] [LOG] [DEBUG-RESOLVER] attempt1 getVisualContentItem("UPDBtTdCvX748dtBlWYj", 4) → FOUND @ https://outrun.co.il/_next/static/chunks/2378-c01d9a87a3ce5082.js:0
[   61628ms] [LOG] [VisualContentService] docToContent "UPDBtTdCvX748dtBlWYj_4": {hasVideoVariantsField: true, hasVariantsField: false, rawType: array[0], parsedVariantsCount: 0, allTopLevelKeys: Array(14)} @ https://outrun.co.il/_next/static/chunks/2378-c01d9a87a3ce5082.js:0
[   61628ms] [LOG] [DEBUG-RESOLVER] attempt1 getVisualContentItem("UPDBtTdCvX748dtBlWYj", 4) → FOUND @ https://outrun.co.il/_next/static/chunks/2378-c01d9a87a3ce5082.js:0
[   61696ms] [LOG] [VisualContentService] docToContent "OrAmOH3F375dVio5yGdU_1": {hasVideoVariantsField: true, hasVariantsField: false, rawType: array[0], parsedVariantsCount: 0, allTopLevelKeys: Array(14)} @ https://outrun.co.il/_next/static/chunks/2378-c01d9a87a3ce5082.js:0
[   61696ms] [LOG] [DEBUG-RESOLVER] attempt1 getVisualContentItem("OrAmOH3F375dVio5yGdU", 1) → FOUND @ https://outrun.co.il/_next/static/chunks/2378-c01d9a87a3ce5082.js:0
[   61696ms] [LOG] [VisualContentService] docToContent "OrAmOH3F375dVio5yGdU_1": {hasVideoVariantsField: true, hasVariantsField: false, rawType: array[0], parsedVariantsCount: 0, allTopLevelKeys: Array(14)} @ https://outrun.co.il/_next/static/chunks/2378-c01d9a87a3ce5082.js:0
[   61696ms] [LOG] [DEBUG-RESOLVER] attempt1 getVisualContentItem("OrAmOH3F375dVio5yGdU", 1) → FOUND @ https://outrun.co.il/_next/static/chunks/2378-c01d9a87a3ce5082.js:0
[   61696ms] [LOG] [VisualContentService] docToContent "OrAmOH3F375dVio5yGdU_3": {hasVideoVariantsField: true, hasVariantsField: false, rawType: array[0], parsedVariantsCount: 0, allTopLevelKeys: Array(12)} @ https://outrun.co.il/_next/static/chunks/2378-c01d9a87a3ce5082.js:0
[   61696ms] [LOG] [DEBUG-RESOLVER] attempt1 getVisualContentItem("OrAmOH3F375dVio5yGdU", 3) → FOUND @ https://outrun.co.il/_next/static/chunks/2378-c01d9a87a3ce5082.js:0
[   61696ms] [LOG] [VisualContentService] docToContent "OrAmOH3F375dVio5yGdU_3": {hasVideoVariantsField: true, hasVariantsField: false, rawType: array[0], parsedVariantsCount: 0, allTopLevelKeys: Array(12)} @ https://outrun.co.il/_next/static/chunks/2378-c01d9a87a3ce5082.js:0
[   61697ms] [LOG] [DEBUG-RESOLVER] attempt1 getVisualContentItem("OrAmOH3F375dVio5yGdU", 3) → FOUND @ https://outrun.co.il/_next/static/chunks/2378-c01d9a87a3ce5082.js:0
[   61697ms] [LOG] [VisualContentService] docToContent "kDMpobbKsuVTByTIKUpe_1": {hasVideoVariantsField: true, hasVariantsField: false, rawType: array[0], parsedVariantsCount: 0, allTopLevelKeys: Array(14)} @ https://outrun.co.il/_next/static/chunks/2378-c01d9a87a3ce5082.js:0
[   61697ms] [LOG] [DEBUG-RESOLVER] attempt1 getVisualContentItem("kDMpobbKsuVTByTIKUpe", 1) → FOUND @ https://outrun.co.il/_next/static/chunks/2378-c01d9a87a3ce5082.js:0
[   61697ms] [LOG] [VisualContentService] docToContent "kDMpobbKsuVTByTIKUpe_1": {hasVideoVariantsField: true, hasVariantsField: false, rawType: array[0], parsedVariantsCount: 0, allTopLevelKeys: Array(14)} @ https://outrun.co.il/_next/static/chunks/2378-c01d9a87a3ce5082.js:0
[   61697ms] [LOG] [DEBUG-RESOLVER] attempt1 getVisualContentItem("kDMpobbKsuVTByTIKUpe", 1) → FOUND @ https://outrun.co.il/_next/static/chunks/2378-c01d9a87a3ce5082.js:0
[   62444ms] [LOG] [VisualContentService] docToContent "kDMpobbKsuVTByTIKUpe_3": {hasVideoVariantsField: true, hasVariantsField: false, rawType: array[0], parsedVariantsCount: 0, allTopLevelKeys: Array(14)} @ https://outrun.co.il/_next/static/chunks/2378-c01d9a87a3ce5082.js:0
[   62444ms] [LOG] [DEBUG-RESOLVER] attempt1 getVisualContentItem("kDMpobbKsuVTByTIKUpe", 3) → FOUND @ https://outrun.co.il/_next/static/chunks/2378-c01d9a87a3ce5082.js:0
[   62445ms] [LOG] [VisualContentService] docToContent "kDMpobbKsuVTByTIKUpe_3": {hasVideoVariantsField: true, hasVariantsField: false, rawType: array[0], parsedVariantsCount: 0, allTopLevelKeys: Array(14)} @ https://outrun.co.il/_next/static/chunks/2378-c01d9a87a3ce5082.js:0
[   62445ms] [LOG] [DEBUG-RESOLVER] attempt1 getVisualContentItem("kDMpobbKsuVTByTIKUpe", 3) → FOUND @ https://outrun.co.il/_next/static/chunks/2378-c01d9a87a3ce5082.js:0
[   62446ms] [LOG] [ContentResolver] Level 1 — exercise video resolved: "שכיבות סמיכה ב-75°" → https://vz-b17872ab-7a7.b-cdn.net/b1e43b30-37e1-49f7-8c17-74… @ https://outrun.co.il/_next/static/chunks/2378-c01d9a87a3ce5082.js:0
[   62446ms] [LOG] [ContentResolver] Level 1 — exercise video resolved: "שכיבות סמיכה ב-75°" → https://vz-b17872ab-7a7.b-cdn.net/b1e43b30-37e1-49f7-8c17-74… @ https://outrun.co.il/_next/static/chunks/2378-c01d9a87a3ce5082.js:0
[   62447ms] [LOG] [ContentResolver] Level 4 — exercise video resolved: "שכיבות סמיכה ברכיים" → https://vz-b17872ab-7a7.b-cdn.net/7413db0b-1702-4acd-8072-8a… @ https://outrun.co.il/_next/static/chunks/2378-c01d9a87a3ce5082.js:0
[   62447ms] [LOG] [ContentResolver] Level 4 — exercise video resolved: "שכיבות סמיכה ברכיים" → https://vz-b17872ab-7a7.b-cdn.net/7413db0b-1702-4acd-8072-8a… @ https://outrun.co.il/_next/static/chunks/2378-c01d9a87a3ce5082.js:0
[   62447ms] [LOG] [ContentResolver] Level 1 — exercise video resolved: "חתירות ב-75°" → https://vz-b17872ab-7a7.b-cdn.net/90762fc3-e7d8-4070-a312-46… @ https://outrun.co.il/_next/static/chunks/2378-c01d9a87a3ce5082.js:0
[   62448ms] [LOG] [ContentResolver] Level 1 — exercise video resolved: "חתירות ב-75°" → https://vz-b17872ab-7a7.b-cdn.net/90762fc3-e7d8-4070-a312-46… @ https://outrun.co.il/_next/static/chunks/2378-c01d9a87a3ce5082.js:0
[   62450ms] [LOG] [ContentResolver] Level 4 — exercise video resolved: "חתירות ב-15° עם ברכיים כפופות" → https://vz-b17872ab-7a7.b-cdn.net/65b8ee9b-baf7-4ed1-834a-2f… @ https://outrun.co.il/_next/static/chunks/2378-c01d9a87a3ce5082.js:0
[   62450ms] [LOG] [ContentResolver] Level 4 — exercise video resolved: "חתירות ב-15° עם ברכיים כפופות" → https://vz-b17872ab-7a7.b-cdn.net/65b8ee9b-baf7-4ed1-834a-2f… @ https://outrun.co.il/_next/static/chunks/2378-c01d9a87a3ce5082.js:0
[   62451ms] [LOG] [ContentResolver] Level 1 — exercise video resolved: "סקוואט טווח חלקי (להגבהה)" → https://vz-b17872ab-7a7.b-cdn.net/8286f82c-fdf8-4f05-8961-a0… @ https://outrun.co.il/_next/static/chunks/2378-c01d9a87a3ce5082.js:0
[   62451ms] [LOG] [ContentResolver] Level 1 — exercise video resolved: "סקוואט טווח חלקי (להגבהה)" → https://vz-b17872ab-7a7.b-cdn.net/8286f82c-fdf8-4f05-8961-a0… @ https://outrun.co.il/_next/static/chunks/2378-c01d9a87a3ce5082.js:0
[   62501ms] [LOG] [ContentResolver] Level 3 — exercise video resolved: "סקוואט קפיצה" → https://vz-b17872ab-7a7.b-cdn.net/57d8348b-3788-4dd1-880a-8b… @ https://outrun.co.il/_next/static/chunks/2378-c01d9a87a3ce5082.js:0
[   62501ms] [LOG] [ContentResolver] Level 3 — exercise video resolved: "סקוואט קפיצה" → https://vz-b17872ab-7a7.b-cdn.net/57d8348b-3788-4dd1-880a-8b… @ https://outrun.co.il/_next/static/chunks/2378-c01d9a87a3ce5082.js:0
[   62501ms] [LOG] [ContentResolver] Level 1 — exercise video resolved: "פלאנק על הברכיים" → https://vz-b17872ab-7a7.b-cdn.net/3011b6ff-f251-4c7b-81f4-e2… @ https://outrun.co.il/_next/static/chunks/2378-c01d9a87a3ce5082.js:0
[   62501ms] [LOG] [ContentResolver] Level 1 — exercise video resolved: "פלאנק על הברכיים" → https://vz-b17872ab-7a7.b-cdn.net/3011b6ff-f251-4c7b-81f4-e2… @ https://outrun.co.il/_next/static/chunks/2378-c01d9a87a3ce5082.js:0
[   62592ms] [LOG] [ContentResolver] Level 3 — exercise video resolved: "פלאנק עליות ונגיעות בכתפיים" → https://vz-b17872ab-7a7.b-cdn.net/4d5bc37c-3994-4574-ace7-12… @ https://outrun.co.il/_next/static/chunks/2378-c01d9a87a3ce5082.js:0
[   62593ms] [LOG] [ContentResolver] Level 3 — exercise video resolved: "פלאנק עליות ונגיעות בכתפיים" → https://vz-b17872ab-7a7.b-cdn.net/4d5bc37c-3994-4574-ace7-12… @ https://outrun.co.il/_next/static/chunks/2378-c01d9a87a3ce5082.js:0
[   66928ms] [LOG] [DEBUG-RESOLVER] Incoming Category: push Resolved Candidate IDs: [push, J0fLpmJhG0KDN2tQouxh] @ https://outrun.co.il/_next/static/chunks/2378-c01d9a87a3ce5082.js:0
[   67069ms] [LOG] [DEBUG-FIRESTORE] Querying IDs: [push, J0fLpmJhG0KDN2tQouxh] Snapshot size returned: 25 @ https://outrun.co.il/_next/static/chunks/2378-c01d9a87a3ce5082.js:0
[   67069ms] [LOG] [DEBUG-FIRESTORE] showInOnboarding=true levels: [1, 4, 6, 9, 12, 14, 16, 18, 19, 20] (10 total) @ https://outrun.co.il/_next/static/chunks/2378-c01d9a87a3ce5082.js:0
[   67069ms] [LOG] [DEBUG-RESOLVER] Final onboarding levels for "push": [1, 4, 6, 9, 12, 14, 16, 18, 19, 20] (10 total) @ https://outrun.co.il/_next/static/chunks/2378-c01d9a87a3ce5082.js:0
[   67074ms] [LOG] [DEBUG-RESOLVER] resolveContent("push", 1) → programId="J0fLpmJhG0KDN2tQouxh" @ https://outrun.co.il/_next/static/chunks/2378-c01d9a87a3ce5082.js:0
[   67075ms] [LOG] [DEBUG-RESOLVER] resolveContent("push", 2) → programId="J0fLpmJhG0KDN2tQouxh" @ https://outrun.co.il/_next/static/chunks/2378-c01d9a87a3ce5082.js:0
[   67075ms] [LOG] [DEBUG-RESOLVER] resolveContent("push", 2) → programId="J0fLpmJhG0KDN2tQouxh" @ https://outrun.co.il/_next/static/chunks/2378-c01d9a87a3ce5082.js:0
[   67250ms] [LOG] [VisualContentService] docToContent "J0fLpmJhG0KDN2tQouxh_2": {hasVideoVariantsField: true, hasVariantsField: false, rawType: array[0], parsedVariantsCount: 0, allTopLevelKeys: Array(14)} @ https://outrun.co.il/_next/static/chunks/2378-c01d9a87a3ce5082.js:0
[   67250ms] [LOG] [DEBUG-RESOLVER] attempt1 getVisualContentItem("J0fLpmJhG0KDN2tQouxh", 2) → FOUND @ https://outrun.co.il/_next/static/chunks/2378-c01d9a87a3ce5082.js:0
[   67250ms] [LOG] [VisualContentService] docToContent "J0fLpmJhG0KDN2tQouxh_2": {hasVideoVariantsField: true, hasVariantsField: false, rawType: array[0], parsedVariantsCount: 0, allTopLevelKeys: Array(14)} @ https://outrun.co.il/_next/static/chunks/2378-c01d9a87a3ce5082.js:0
[   67250ms] [LOG] [DEBUG-RESOLVER] attempt1 getVisualContentItem("J0fLpmJhG0KDN2tQouxh", 2) → FOUND @ https://outrun.co.il/_next/static/chunks/2378-c01d9a87a3ce5082.js:0
[   67414ms] [LOG] [ContentResolver] Level 2 — exercise video resolved: "שכיבות סמיכה ב-45°" → https://vz-b17872ab-7a7.b-cdn.net/bb502550-744f-46e3-8b18-62… @ https://outrun.co.il/_next/static/chunks/2378-c01d9a87a3ce5082.js:0
[   67414ms] [LOG] [ContentResolver] Level 2 — exercise video resolved: "שכיבות סמיכה ב-45°" → https://vz-b17872ab-7a7.b-cdn.net/bb502550-744f-46e3-8b18-62… @ https://outrun.co.il/_next/static/chunks/2378-c01d9a87a3ce5082.js:0
[   75894ms] [LOG] [DEBUG-RESOLVER] Incoming Category: pull Resolved Candidate IDs: [pull, UPDBtTdCvX748dtBlWYj] @ https://outrun.co.il/_next/static/chunks/2378-c01d9a87a3ce5082.js:0
[   76079ms] [LOG] [DEBUG-FIRESTORE] Querying IDs: [pull, UPDBtTdCvX748dtBlWYj] Snapshot size returned: 25 @ https://outrun.co.il/_next/static/chunks/2378-c01d9a87a3ce5082.js:0
[   76080ms] [LOG] [DEBUG-FIRESTORE] showInOnboarding=true levels: [1, 4, 6, 10, 14, 17, 19, 20] (8 total) @ https://outrun.co.il/_next/static/chunks/2378-c01d9a87a3ce5082.js:0
[   76080ms] [LOG] [DEBUG-RESOLVER] Final onboarding levels for "pull": [1, 4, 6, 10, 14, 17, 19, 20] (8 total) @ https://outrun.co.il/_next/static/chunks/2378-c01d9a87a3ce5082.js:0
[   76084ms] [LOG] [DEBUG-RESOLVER] resolveContent("pull", 1) → programId="UPDBtTdCvX748dtBlWYj" @ https://outrun.co.il/_next/static/chunks/2378-c01d9a87a3ce5082.js:0
[   76084ms] [LOG] [DEBUG-RESOLVER] resolveContent("pull", 2) → programId="UPDBtTdCvX748dtBlWYj" @ https://outrun.co.il/_next/static/chunks/2378-c01d9a87a3ce5082.js:0
[   76084ms] [LOG] [DEBUG-RESOLVER] resolveContent("pull", 2) → programId="UPDBtTdCvX748dtBlWYj" @ https://outrun.co.il/_next/static/chunks/2378-c01d9a87a3ce5082.js:0
[   76228ms] [LOG] [VisualContentService] docToContent "UPDBtTdCvX748dtBlWYj_2": {hasVideoVariantsField: true, hasVariantsField: false, rawType: array[0], parsedVariantsCount: 0, allTopLevelKeys: Array(14)} @ https://outrun.co.il/_next/static/chunks/2378-c01d9a87a3ce5082.js:0
[   76228ms] [LOG] [DEBUG-RESOLVER] attempt1 getVisualContentItem("UPDBtTdCvX748dtBlWYj", 2) → FOUND @ https://outrun.co.il/_next/static/chunks/2378-c01d9a87a3ce5082.js:0
[   76228ms] [LOG] [VisualContentService] docToContent "UPDBtTdCvX748dtBlWYj_2": {hasVideoVariantsField: true, hasVariantsField: false, rawType: array[0], parsedVariantsCount: 0, allTopLevelKeys: Array(14)} @ https://outrun.co.il/_next/static/chunks/2378-c01d9a87a3ce5082.js:0
[   76228ms] [LOG] [DEBUG-RESOLVER] attempt1 getVisualContentItem("UPDBtTdCvX748dtBlWYj", 2) → FOUND @ https://outrun.co.il/_next/static/chunks/2378-c01d9a87a3ce5082.js:0
[   76387ms] [LOG] [ContentResolver] Level 2 — exercise video resolved: "תלייה פסיבית" → https://vz-b17872ab-7a7.b-cdn.net/b4956107-60a2-4f0f-9b09-46… @ https://outrun.co.il/_next/static/chunks/2378-c01d9a87a3ce5082.js:0
[   76387ms] [LOG] [ContentResolver] Level 2 — exercise video resolved: "תלייה פסיבית" → https://vz-b17872ab-7a7.b-cdn.net/b4956107-60a2-4f0f-9b09-46… @ https://outrun.co.il/_next/static/chunks/2378-c01d9a87a3ce5082.js:0
[   80629ms] [LOG] [DEBUG-RESOLVER] Incoming Category: legs Resolved Candidate IDs: [legs, OrAmOH3F375dVio5yGdU] @ https://outrun.co.il/_next/static/chunks/2378-c01d9a87a3ce5082.js:0
[   80797ms] [LOG] [DEBUG-FIRESTORE] Querying IDs: [legs, OrAmOH3F375dVio5yGdU] Snapshot size returned: 15 @ https://outrun.co.il/_next/static/chunks/2378-c01d9a87a3ce5082.js:0
[   80797ms] [LOG] [DEBUG-FIRESTORE] showInOnboarding=true levels: [1, 3, 6, 8, 10, 12] (6 total) @ https://outrun.co.il/_next/static/chunks/2378-c01d9a87a3ce5082.js:0
[   80797ms] [LOG] [DEBUG-RESOLVER] Final onboarding levels for "legs": [1, 3, 6, 8, 10, 12] (6 total) @ https://outrun.co.il/_next/static/chunks/2378-c01d9a87a3ce5082.js:0
[   80801ms] [LOG] [DEBUG-RESOLVER] resolveContent("legs", 1) → programId="OrAmOH3F375dVio5yGdU" @ https://outrun.co.il/_next/static/chunks/2378-c01d9a87a3ce5082.js:0
[   80802ms] [LOG] [DEBUG-RESOLVER] resolveContent("legs", 2) → programId="OrAmOH3F375dVio5yGdU" @ https://outrun.co.il/_next/static/chunks/2378-c01d9a87a3ce5082.js:0
[   80802ms] [LOG] [DEBUG-RESOLVER] resolveContent("legs", 2) → programId="OrAmOH3F375dVio5yGdU" @ https://outrun.co.il/_next/static/chunks/2378-c01d9a87a3ce5082.js:0
[   80955ms] [LOG] [VisualContentService] docToContent "OrAmOH3F375dVio5yGdU_2": {hasVideoVariantsField: true, hasVariantsField: false, rawType: array[0], parsedVariantsCount: 0, allTopLevelKeys: Array(12)} @ https://outrun.co.il/_next/static/chunks/2378-c01d9a87a3ce5082.js:0
[   80955ms] [LOG] [DEBUG-RESOLVER] attempt1 getVisualContentItem("OrAmOH3F375dVio5yGdU", 2) → FOUND @ https://outrun.co.il/_next/static/chunks/2378-c01d9a87a3ce5082.js:0
[   80955ms] [LOG] [VisualContentService] docToContent "OrAmOH3F375dVio5yGdU_2": {hasVideoVariantsField: true, hasVariantsField: false, rawType: array[0], parsedVariantsCount: 0, allTopLevelKeys: Array(12)} @ https://outrun.co.il/_next/static/chunks/2378-c01d9a87a3ce5082.js:0
[   80955ms] [LOG] [DEBUG-RESOLVER] attempt1 getVisualContentItem("OrAmOH3F375dVio5yGdU", 2) → FOUND @ https://outrun.co.il/_next/static/chunks/2378-c01d9a87a3ce5082.js:0
[   81083ms] [LOG] [ContentResolver] Level 2 — exercise video resolved: "היפ טראסט רגל אחת" → https://vz-b17872ab-7a7.b-cdn.net/cf09b02d-edd1-434e-8be6-36… @ https://outrun.co.il/_next/static/chunks/2378-c01d9a87a3ce5082.js:0
[   81084ms] [LOG] [ContentResolver] Level 2 — exercise video resolved: "היפ טראסט רגל אחת" → https://vz-b17872ab-7a7.b-cdn.net/cf09b02d-edd1-434e-8be6-36… @ https://outrun.co.il/_next/static/chunks/2378-c01d9a87a3ce5082.js:0
[   85975ms] [LOG] [DEBUG-RESOLVER] Incoming Category: core Resolved Candidate IDs: [core, kDMpobbKsuVTByTIKUpe] @ https://outrun.co.il/_next/static/chunks/2378-c01d9a87a3ce5082.js:0
[   86143ms] [LOG] [DEBUG-FIRESTORE] Querying IDs: [core, kDMpobbKsuVTByTIKUpe] Snapshot size returned: 20 @ https://outrun.co.il/_next/static/chunks/2378-c01d9a87a3ce5082.js:0
[   86143ms] [LOG] [DEBUG-FIRESTORE] showInOnboarding=true levels: [1, 3, 5, 7, 8, 10, 11, 14] (8 total) @ https://outrun.co.il/_next/static/chunks/2378-c01d9a87a3ce5082.js:0
[   86143ms] [LOG] [DEBUG-RESOLVER] Final onboarding levels for "core": [1, 3, 5, 7, 8, 10, 11, 14] (8 total) @ https://outrun.co.il/_next/static/chunks/2378-c01d9a87a3ce5082.js:0
[   86146ms] [LOG] [DEBUG-RESOLVER] resolveContent("core", 1) → programId="kDMpobbKsuVTByTIKUpe" @ https://outrun.co.il/_next/static/chunks/2378-c01d9a87a3ce5082.js:0
[   86146ms] [LOG] [DEBUG-RESOLVER] resolveContent("core", 2) → programId="kDMpobbKsuVTByTIKUpe" @ https://outrun.co.il/_next/static/chunks/2378-c01d9a87a3ce5082.js:0
[   86146ms] [LOG] [DEBUG-RESOLVER] resolveContent("core", 2) → programId="kDMpobbKsuVTByTIKUpe" @ https://outrun.co.il/_next/static/chunks/2378-c01d9a87a3ce5082.js:0
[   86282ms] [LOG] [VisualContentService] docToContent "kDMpobbKsuVTByTIKUpe_2": {hasVideoVariantsField: true, hasVariantsField: false, rawType: array[0], parsedVariantsCount: 0, allTopLevelKeys: Array(14)} @ https://outrun.co.il/_next/static/chunks/2378-c01d9a87a3ce5082.js:0
[   86282ms] [LOG] [DEBUG-RESOLVER] attempt1 getVisualContentItem("kDMpobbKsuVTByTIKUpe", 2) → FOUND @ https://outrun.co.il/_next/static/chunks/2378-c01d9a87a3ce5082.js:0
[   86282ms] [LOG] [VisualContentService] docToContent "kDMpobbKsuVTByTIKUpe_2": {hasVideoVariantsField: true, hasVariantsField: false, rawType: array[0], parsedVariantsCount: 0, allTopLevelKeys: Array(14)} @ https://outrun.co.il/_next/static/chunks/2378-c01d9a87a3ce5082.js:0
[   86282ms] [LOG] [DEBUG-RESOLVER] attempt1 getVisualContentItem("kDMpobbKsuVTByTIKUpe", 2) → FOUND @ https://outrun.co.il/_next/static/chunks/2378-c01d9a87a3ce5082.js:0
[   86430ms] [LOG] [ContentResolver] Level 2 — exercise video resolved: "כפיפות בטן" → https://vz-b17872ab-7a7.b-cdn.net/cc132d16-7560-4dbb-841e-9f… @ https://outrun.co.il/_next/static/chunks/2378-c01d9a87a3ce5082.js:0
[   86431ms] [LOG] [ContentResolver] Level 2 — exercise video resolved: "כפיפות בטן" → https://vz-b17872ab-7a7.b-cdn.net/cc132d16-7560-4dbb-841e-9f… @ https://outrun.co.il/_next/static/chunks/2378-c01d9a87a3ce5082.js:0
[  114778ms] [LOG] [Assessment] Persisting results: {programId: full_body, levelMode: manual, resolvedLevelId: level_1, average: 1, levels: Object} @ https://outrun.co.il/_next/static/chunks/app/onboarding-new/assessment-visual/page-6cc36b03c0fe4217.js:0
[  115118ms] [LOG] [BranchingLogic] Computed context: {levels: Object, average: 1, tier: beginner, matchedRuleId: undefined, matchedRuleAction: undefined} @ https://outrun.co.il/_next/static/chunks/9140-2750ff62167b2433.js:0
[  115658ms] [LOG] [OnboardingSync][DIAG] doc snapshot {uid: pYZv4stmwKQsQZLmOpDlppVriwG2, step: COMPLETED, mode: UPDATE, hasCore: true, coreRole: (absent)} @ https://outrun.co.il/_next/static/chunks/9140-2750ff62167b2433.js:0
[  115660ms] [LOG] [OnboardingSync] Persona Engine → primaryTrack: health (goal-derived) → dashboardMode: DEFAULT @ https://outrun.co.il/_next/static/chunks/9140-2750ff62167b2433.js:0
[  115797ms] [LOG] [onboarding-sync] maxLevels source: CMS (14 programs) {human_flag: 10, push: 25, full_body: 15, core: 20, pull: 25} @ https://outrun.co.il/_next/static/chunks/9140-2750ff62167b2433.js:0
[  115797ms] [LOG] [OnboardingSync] Using assignedResults from dynamic questionnaire: [Object] @ https://outrun.co.il/_next/static/chunks/9140-2750ff62167b2433.js:0
[  115797ms] [LOG] [OnboardingSync] Writing progression.tracks (Path B/C assessment levels): {full_body: Object, push: Object, pull: Object, legs: Object, core: Object} @ https://outrun.co.il/_next/static/chunks/9140-2750ff62167b2433.js:0
[  115798ms] [LOG] [OnboardingSync][DIAG] payload {uid: pYZv4stmwKQsQZLmOpDlppVriwG2, step: COMPLETED, mode: UPDATE, topLevelKeys: Array(14), coreKeys: Array(11)} @ https://outrun.co.il/_next/static/chunks/9140-2750ff62167b2433.js:0
[  116044ms] [LOG] [OnboardingSync] Kicking off background master-level recalculation for 5 tracks (non-blocking). @ https://outrun.co.il/_next/static/chunks/9140-2750ff62167b2433.js:0
[  116218ms] [LOG] [OnboardingSync] Synced step "COMPLETED" to Firestore for user pYZv4stmwKQsQZLmOpDlppVriwG2 @ https://outrun.co.il/_next/static/chunks/9140-2750ff62167b2433.js:0
[  116399ms] [INFO] [User Service] User pYZv4stmwKQsQZLmOpDlppVriwG2 has missing or empty equipment profile. This may affect Smart Swap functionality. Please update user equipment in the admin panel. @ https://outrun.co.il/_next/static/chunks/9140-2750ff62167b2433.js:0
[  117180ms] [LOG] [KellyBot] Welcome DM seeded for user: pYZv4stmwKQsQZLmOpDlppVriwG2 @ https://outrun.co.il/_next/static/chunks/9140-2750ff62167b2433.js:0
[  117222ms] [LOG] [HealthDeclaration] pdf-service preloaded in background. @ https://outrun.co.il/_next/static/chunks/7343-52f937f3d4f34f2e.js:0
[  117556ms] [LOG] [Progression] Master "47smw26hUyG5ZbE1bhr3" (slug: "upper_body") recalculated → Level 1, 0.00% (from 2 children) @ https://outrun.co.il/_next/static/chunks/9140-2750ff62167b2433.js:0
[  117566ms] [LOG] [Progression] Master "47smw26hUyG5ZbE1bhr3" (slug: "upper_body") recalculated → Level 1, 0.00% (from 2 children) @ https://outrun.co.il/_next/static/chunks/9140-2750ff62167b2433.js:0
[  117749ms] [LOG] [Progression] Master "47smw26hUyG5ZbE1bhr3" (slug: "upper_body") recalculated → Level 1, 0.00% (from 2 children) @ https://outrun.co.il/_next/static/chunks/9140-2750ff62167b2433.js:0
[  117998ms] [LOG] [Progression] Master "H2279XsRGDg9G370J7S9" (slug: "full_body") recalculated → Level 1, 0.00% (from 5 children) @ https://outrun.co.il/_next/static/chunks/9140-2750ff62167b2433.js:0
[  118072ms] [LOG] [Progression] Master "H2279XsRGDg9G370J7S9" (slug: "full_body") recalculated → Level 1, 0.00% (from 5 children) @ https://outrun.co.il/_next/static/chunks/9140-2750ff62167b2433.js:0
[  119003ms] [LOG] [Progression] Master "H2279XsRGDg9G370J7S9" (slug: "full_body") recalculated → Level 1, 0.00% (from 5 children) @ https://outrun.co.il/_next/static/chunks/9140-2750ff62167b2433.js:0
[  119045ms] [LOG] [Progression] Master "H2279XsRGDg9G370J7S9" (slug: "full_body") recalculated → Level 1, 0.00% (from 5 children) @ https://outrun.co.il/_next/static/chunks/9140-2750ff62167b2433.js:0
[  119275ms] [LOG] [Progression] Master "H2279XsRGDg9G370J7S9" (slug: "full_body") recalculated → Level 1, 0.00% (from 5 children) @ https://outrun.co.il/_next/static/chunks/9140-2750ff62167b2433.js:0
[  119727ms] [LOG] [Progression] calisthenics_upper averaging: Tier 3 (foundational exclusion only — skillFocusIds absent) @ https://outrun.co.il/_next/static/chunks/9140-2750ff62167b2433.js:0
[  119727ms] [WARNING] [Progression] getMasterProgramProgress: empty filter for master "calisthenics_upper" (id: "JCac76p48XGZ5MVahLI2") — 3 configured children [core, push, pull] were ALL rejected by the averaging filter. skillFocusIds: [none]. Aborting recalculation to prevent level wipeout (routingEmptySkip=true). @ https://outrun.co.il/_next/static/chunks/9140-2750ff62167b2433.js:0
[  119727ms] [WARNING] [Progression] recalculateMasterLevel: ABORTED write for master "JCac76p48XGZ5MVahLI2" (slug: "calisthenics_upper") — routingEmptySkip flag set by getMasterProgramProgress. Existing level 0 preserved. Check slug map coverage for skill program hashes in subPrograms[]. @ https://outrun.co.il/_next/static/chunks/9140-2750ff62167b2433.js:0
[  120618ms] [LOG] [Progression] calisthenics_upper averaging: Tier 3 (foundational exclusion only — skillFocusIds absent) @ https://outrun.co.il/_next/static/chunks/9140-2750ff62167b2433.js:0
[  120619ms] [WARNING] [Progression] getMasterProgramProgress: empty filter for master "calisthenics_upper" (id: "JCac76p48XGZ5MVahLI2") — 3 configured children [core, push, pull] were ALL rejected by the averaging filter. skillFocusIds: [none]. Aborting recalculation to prevent level wipeout (routingEmptySkip=true). @ https://outrun.co.il/_next/static/chunks/9140-2750ff62167b2433.js:0
[  120619ms] [WARNING] [Progression] recalculateMasterLevel: ABORTED write for master "JCac76p48XGZ5MVahLI2" (slug: "calisthenics_upper") — routingEmptySkip flag set by getMasterProgramProgress. Existing level 0 preserved. Check slug map coverage for skill program hashes in subPrograms[]. @ https://outrun.co.il/_next/static/chunks/9140-2750ff62167b2433.js:0
[  120619ms] [LOG] [Progression] calisthenics_upper averaging: Tier 3 (foundational exclusion only — skillFocusIds absent) @ https://outrun.co.il/_next/static/chunks/9140-2750ff62167b2433.js:0
[  120619ms] [WARNING] [Progression] getMasterProgramProgress: empty filter for master "calisthenics_upper" (id: "JCac76p48XGZ5MVahLI2") — 3 configured children [core, push, pull] were ALL rejected by the averaging filter. skillFocusIds: [none]. Aborting recalculation to prevent level wipeout (routingEmptySkip=true). @ https://outrun.co.il/_next/static/chunks/9140-2750ff62167b2433.js:0
[  120619ms] [WARNING] [Progression] recalculateMasterLevel: ABORTED write for master "JCac76p48XGZ5MVahLI2" (slug: "calisthenics_upper") — routingEmptySkip flag set by getMasterProgramProgress. Existing level 0 preserved. Check slug map coverage for skill program hashes in subPrograms[]. @ https://outrun.co.il/_next/static/chunks/9140-2750ff62167b2433.js:0
[  120872ms] [LOG] [Progression] calisthenics_upper averaging: Tier 3 (foundational exclusion only — skillFocusIds absent) @ https://outrun.co.il/_next/static/chunks/9140-2750ff62167b2433.js:0
[  120872ms] [WARNING] [Progression] getMasterProgramProgress: empty filter for master "calisthenics_upper" (id: "JCac76p48XGZ5MVahLI2") — 3 configured children [core, push, pull] were ALL rejected by the averaging filter. skillFocusIds: [none]. Aborting recalculation to prevent level wipeout (routingEmptySkip=true). @ https://outrun.co.il/_next/static/chunks/9140-2750ff62167b2433.js:0
[  120872ms] [WARNING] [Progression] recalculateMasterLevel: ABORTED write for master "JCac76p48XGZ5MVahLI2" (slug: "calisthenics_upper") — routingEmptySkip flag set by getMasterProgramProgress. Existing level 0 preserved. Check slug map coverage for skill program hashes in subPrograms[]. @ https://outrun.co.il/_next/static/chunks/9140-2750ff62167b2433.js:0
[  122322ms] [LOG] [Progression] Master "fTLWzjP9gH2VNpamyCZF" (slug: "muscle_up") recalculated → Level 1, 0.00% (from 2 children) @ https://outrun.co.il/_next/static/chunks/9140-2750ff62167b2433.js:0
[  122410ms] [LOG] [Progression] Master "fTLWzjP9gH2VNpamyCZF" (slug: "muscle_up") recalculated → Level 1, 0.00% (from 2 children) @ https://outrun.co.il/_next/static/chunks/9140-2750ff62167b2433.js:0
[  122589ms] [LOG] [Progression] Master "fTLWzjP9gH2VNpamyCZF" (slug: "muscle_up") recalculated → Level 1, 0.00% (from 2 children) @ https://outrun.co.il/_next/static/chunks/9140-2750ff62167b2433.js:0
[  123787ms] [LOG] [Progression] Master "47smw26hUyG5ZbE1bhr3" (slug: "upper_body") recalculated → Level 1, 0.00% (from 2 children) @ https://outrun.co.il/_next/static/chunks/9140-2750ff62167b2433.js:0
