[    3210ms] [ERROR] Access to manifest at 'https://vercel.com/sso-api?url=https%3A%2F%2Fout-run-4mtvjjgta-davids-projects-0d6e1f97.vercel.app%2Fmanifest.json&nonce=5c3562160cb9c4c354f1b90984f74d21387a475778b8372c74a60d6e4be5a1a3' (redirected from 'https://out-run-4mtvjjgta-davids-projects-0d6e1f97.vercel.app/manifest.json') from origin 'https://out-run-4mtvjjgta-davids-projects-0d6e1f97.vercel.app' has been blocked by CORS policy: No 'Access-Control-Allow-Origin' header is present on the requested resource. @ https://out-run-4mtvjjgta-davids-projects-0d6e1f97.vercel.app/gateway:0
[    3211ms] [ERROR] Failed to load resource: net::ERR_FAILED @ https://vercel.com/sso-api?url=https%3A%2F%2Fout-run-4mtvjjgta-davids-projects-0d6e1f97.vercel.app%2Fmanifest.json&nonce=5c3562160cb9c4c354f1b90984f74d21387a475778b8372c74a60d6e4be5a1a3:0
[    4523ms] [ERROR] Access to manifest at 'https://vercel.com/sso-api?url=https%3A%2F%2Fout-run-4mtvjjgta-davids-projects-0d6e1f97.vercel.app%2Fmanifest.json&nonce=8baf86481d2761ca3e5e28fb2bf11542d0e8176071acec0c784871de6b080d69' (redirected from 'https://out-run-4mtvjjgta-davids-projects-0d6e1f97.vercel.app/manifest.json') from origin 'https://out-run-4mtvjjgta-davids-projects-0d6e1f97.vercel.app' has been blocked by CORS policy: No 'Access-Control-Allow-Origin' header is present on the requested resource. @ https://out-run-4mtvjjgta-davids-projects-0d6e1f97.vercel.app/gateway:0
[    4523ms] [ERROR] Failed to load resource: net::ERR_FAILED @ https://vercel.com/sso-api?url=https%3A%2F%2Fout-run-4mtvjjgta-davids-projects-0d6e1f97.vercel.app%2Fmanifest.json&nonce=8baf86481d2761ca3e5e28fb2bf11542d0e8176071acec0c784871de6b080d69:0
[   12774ms] [WARNING] [2026-09-22T16:08:01.825Z]  @firebase/auth: Auth (12.6.0): Error while retrieving App Check token: FirebaseError: AppCheck: ReCAPTCHA error. (appCheck/recaptcha-error). @ https://out-run-4mtvjjgta-davids-projects-0d6e1f97.vercel.app/_next/static/chunks/2532-16f59635ee5a761a.js:14
[   13628ms] [WARNING] [2026-09-22T16:08:02.679Z]  @firebase/auth: Auth (12.6.0): Error while retrieving App Check token: FirebaseError: AppCheck: ReCAPTCHA error. (appCheck/recaptcha-error). @ https://out-run-4mtvjjgta-davids-projects-0d6e1f97.vercel.app/_next/static/chunks/2532-16f59635ee5a761a.js:14
[   33122ms] [INFO] [User Service] User 1Junjc6M5vU0zkhNSNJu7W5U1c23 has missing or empty equipment profile. This may affect Smart Swap functionality. Please update user equipment in the admin panel. @ https://out-run-4mtvjjgta-davids-projects-0d6e1f97.vercel.app/_next/static/chunks/9140-1ff4a1a79b8079de.js:0
[   65297ms] [LOG] [DEBUG-PAGE] pathConfig.path: body_focus | categories passed to VisualSlider: [legs] | skipTier: true @ https://out-run-4mtvjjgta-davids-projects-0d6e1f97.vercel.app/_next/static/chunks/app/onboarding-new/assessment-visual/page-409b79241f638119.js:0
[   65455ms] [LOG] [DEBUG-RESOLVER] loadCategoryMap built: {human_flag: EtY8YCol0qpF6DzgcTx1, push: J0fLpmJhG0KDN2tQouxh, core: kDMpobbKsuVTByTIKUpe, pull: UPDBtTdCvX748dtBlWYj, one_arm_pullup: cC0BOmm6KIqYAyQynEIo} @ https://out-run-4mtvjjgta-davids-projects-0d6e1f97.vercel.app/_next/static/chunks/5677-d4372bb3719532cf.js:0
[   65455ms] [LOG] [DEBUG-RESOLVER] Incoming Category: legs Resolved Candidate IDs: [legs, OrAmOH3F375dVio5yGdU] @ https://out-run-4mtvjjgta-davids-projects-0d6e1f97.vercel.app/_next/static/chunks/5677-d4372bb3719532cf.js:0
[   65456ms] [LOG] [DEBUG-PAGE] pathConfig.path: body_focus | categories passed to VisualSlider: [legs] | skipTier: true @ https://out-run-4mtvjjgta-davids-projects-0d6e1f97.vercel.app/_next/static/chunks/app/onboarding-new/assessment-visual/page-409b79241f638119.js:0
[   65457ms] [LOG] [DEBUG-RESOLVER] Incoming Category: legs Resolved Candidate IDs: [legs, OrAmOH3F375dVio5yGdU] @ https://out-run-4mtvjjgta-davids-projects-0d6e1f97.vercel.app/_next/static/chunks/5677-d4372bb3719532cf.js:0
[   65590ms] [LOG] [DEBUG-FIRESTORE] Querying IDs: [legs, OrAmOH3F375dVio5yGdU] Snapshot size returned: 15 @ https://out-run-4mtvjjgta-davids-projects-0d6e1f97.vercel.app/_next/static/chunks/5677-d4372bb3719532cf.js:0
[   65590ms] [LOG] [DEBUG-FIRESTORE] showInOnboarding=true levels: [1, 3, 6, 8, 10, 12] (6 total) @ https://out-run-4mtvjjgta-davids-projects-0d6e1f97.vercel.app/_next/static/chunks/5677-d4372bb3719532cf.js:0
[   65590ms] [LOG] [DEBUG-RESOLVER] Final onboarding levels for "legs": [1, 3, 6, 8, 10, 12] (6 total) @ https://out-run-4mtvjjgta-davids-projects-0d6e1f97.vercel.app/_next/static/chunks/5677-d4372bb3719532cf.js:0
[   65590ms] [LOG] [DEBUG-RESOLVER] resolveContent("legs", 1) → programId="OrAmOH3F375dVio5yGdU" @ https://out-run-4mtvjjgta-davids-projects-0d6e1f97.vercel.app/_next/static/chunks/5677-d4372bb3719532cf.js:0
[   65590ms] [LOG] [DEBUG-RESOLVER] resolveContent("legs", 3) → programId="OrAmOH3F375dVio5yGdU" @ https://out-run-4mtvjjgta-davids-projects-0d6e1f97.vercel.app/_next/static/chunks/5677-d4372bb3719532cf.js:0
[   65591ms] [LOG] [DEBUG-FIRESTORE] Querying IDs: [legs, OrAmOH3F375dVio5yGdU] Snapshot size returned: 15 @ https://out-run-4mtvjjgta-davids-projects-0d6e1f97.vercel.app/_next/static/chunks/5677-d4372bb3719532cf.js:0
[   65591ms] [LOG] [DEBUG-FIRESTORE] showInOnboarding=true levels: [1, 3, 6, 8, 10, 12] (6 total) @ https://out-run-4mtvjjgta-davids-projects-0d6e1f97.vercel.app/_next/static/chunks/5677-d4372bb3719532cf.js:0
[   65591ms] [LOG] [DEBUG-RESOLVER] Final onboarding levels for "legs": [1, 3, 6, 8, 10, 12] (6 total) @ https://out-run-4mtvjjgta-davids-projects-0d6e1f97.vercel.app/_next/static/chunks/5677-d4372bb3719532cf.js:0
[   65591ms] [LOG] [DEBUG-RESOLVER] resolveContent("legs", 1) → programId="OrAmOH3F375dVio5yGdU" @ https://out-run-4mtvjjgta-davids-projects-0d6e1f97.vercel.app/_next/static/chunks/5677-d4372bb3719532cf.js:0
[   65591ms] [LOG] [DEBUG-RESOLVER] resolveContent("legs", 3) → programId="OrAmOH3F375dVio5yGdU" @ https://out-run-4mtvjjgta-davids-projects-0d6e1f97.vercel.app/_next/static/chunks/5677-d4372bb3719532cf.js:0
[   65723ms] [LOG] [VisualContentService] docToContent "OrAmOH3F375dVio5yGdU_1": {hasVideoVariantsField: true, hasVariantsField: false, rawType: array[0], parsedVariantsCount: 0, allTopLevelKeys: Array(14)} @ https://out-run-4mtvjjgta-davids-projects-0d6e1f97.vercel.app/_next/static/chunks/5677-d4372bb3719532cf.js:0
[   65723ms] [LOG] [DEBUG-RESOLVER] attempt1 getVisualContentItem("OrAmOH3F375dVio5yGdU", 1) → FOUND @ https://out-run-4mtvjjgta-davids-projects-0d6e1f97.vercel.app/_next/static/chunks/5677-d4372bb3719532cf.js:0
[   65723ms] [LOG] [VisualContentService] docToContent "OrAmOH3F375dVio5yGdU_1": {hasVideoVariantsField: true, hasVariantsField: false, rawType: array[0], parsedVariantsCount: 0, allTopLevelKeys: Array(14)} @ https://out-run-4mtvjjgta-davids-projects-0d6e1f97.vercel.app/_next/static/chunks/5677-d4372bb3719532cf.js:0
[   65723ms] [LOG] [DEBUG-RESOLVER] attempt1 getVisualContentItem("OrAmOH3F375dVio5yGdU", 1) → FOUND @ https://out-run-4mtvjjgta-davids-projects-0d6e1f97.vercel.app/_next/static/chunks/5677-d4372bb3719532cf.js:0
[   65723ms] [LOG] [VisualContentService] docToContent "OrAmOH3F375dVio5yGdU_3": {hasVideoVariantsField: true, hasVariantsField: false, rawType: array[0], parsedVariantsCount: 0, allTopLevelKeys: Array(12)} @ https://out-run-4mtvjjgta-davids-projects-0d6e1f97.vercel.app/_next/static/chunks/5677-d4372bb3719532cf.js:0
[   65723ms] [LOG] [DEBUG-RESOLVER] attempt1 getVisualContentItem("OrAmOH3F375dVio5yGdU", 3) → FOUND @ https://out-run-4mtvjjgta-davids-projects-0d6e1f97.vercel.app/_next/static/chunks/5677-d4372bb3719532cf.js:0
[   65723ms] [LOG] [VisualContentService] docToContent "OrAmOH3F375dVio5yGdU_3": {hasVideoVariantsField: true, hasVariantsField: false, rawType: array[0], parsedVariantsCount: 0, allTopLevelKeys: Array(12)} @ https://out-run-4mtvjjgta-davids-projects-0d6e1f97.vercel.app/_next/static/chunks/5677-d4372bb3719532cf.js:0
[   65723ms] [LOG] [DEBUG-RESOLVER] attempt1 getVisualContentItem("OrAmOH3F375dVio5yGdU", 3) → FOUND @ https://out-run-4mtvjjgta-davids-projects-0d6e1f97.vercel.app/_next/static/chunks/5677-d4372bb3719532cf.js:0
[   65861ms] [LOG] [ContentResolver] Level 1 — exercise video resolved: "סקוואט טווח חלקי (להגבהה)" → https://vz-b17872ab-7a7.b-cdn.net/8286f82c-fdf8-4f05-8961-a0… @ https://out-run-4mtvjjgta-davids-projects-0d6e1f97.vercel.app/_next/static/chunks/5677-d4372bb3719532cf.js:0
[   65861ms] [LOG] [ContentResolver] Level 1 — exercise video resolved: "סקוואט טווח חלקי (להגבהה)" → https://vz-b17872ab-7a7.b-cdn.net/8286f82c-fdf8-4f05-8961-a0… @ https://out-run-4mtvjjgta-davids-projects-0d6e1f97.vercel.app/_next/static/chunks/5677-d4372bb3719532cf.js:0
[   65862ms] [LOG] [ContentResolver] Level 3 — exercise video resolved: "סקוואט קפיצה" → https://vz-b17872ab-7a7.b-cdn.net/57d8348b-3788-4dd1-880a-8b… @ https://out-run-4mtvjjgta-davids-projects-0d6e1f97.vercel.app/_next/static/chunks/5677-d4372bb3719532cf.js:0
[   65862ms] [LOG] [ContentResolver] Level 3 — exercise video resolved: "סקוואט קפיצה" → https://vz-b17872ab-7a7.b-cdn.net/57d8348b-3788-4dd1-880a-8b… @ https://out-run-4mtvjjgta-davids-projects-0d6e1f97.vercel.app/_next/static/chunks/5677-d4372bb3719532cf.js:0
[   77599ms] [LOG] [DEBUG-RESOLVER] Incoming Category: legs Resolved Candidate IDs: [legs, OrAmOH3F375dVio5yGdU] @ https://out-run-4mtvjjgta-davids-projects-0d6e1f97.vercel.app/_next/static/chunks/5677-d4372bb3719532cf.js:0
[   77749ms] [LOG] [DEBUG-FIRESTORE] Querying IDs: [legs, OrAmOH3F375dVio5yGdU] Snapshot size returned: 15 @ https://out-run-4mtvjjgta-davids-projects-0d6e1f97.vercel.app/_next/static/chunks/5677-d4372bb3719532cf.js:0
[   77749ms] [LOG] [DEBUG-FIRESTORE] showInOnboarding=true levels: [1, 3, 6, 8, 10, 12] (6 total) @ https://out-run-4mtvjjgta-davids-projects-0d6e1f97.vercel.app/_next/static/chunks/5677-d4372bb3719532cf.js:0
[   77749ms] [LOG] [DEBUG-RESOLVER] Final onboarding levels for "legs": [1, 3, 6, 8, 10, 12] (6 total) @ https://out-run-4mtvjjgta-davids-projects-0d6e1f97.vercel.app/_next/static/chunks/5677-d4372bb3719532cf.js:0
[   77754ms] [LOG] [DEBUG-RESOLVER] resolveContent("legs", 1) → programId="OrAmOH3F375dVio5yGdU" @ https://out-run-4mtvjjgta-davids-projects-0d6e1f97.vercel.app/_next/static/chunks/5677-d4372bb3719532cf.js:0
[   77754ms] [LOG] [DEBUG-RESOLVER] resolveContent("legs", 3) → programId="OrAmOH3F375dVio5yGdU" @ https://out-run-4mtvjjgta-davids-projects-0d6e1f97.vercel.app/_next/static/chunks/5677-d4372bb3719532cf.js:0
[   77754ms] [LOG] [DEBUG-RESOLVER] resolveContent("legs", 6) → programId="OrAmOH3F375dVio5yGdU" @ https://out-run-4mtvjjgta-davids-projects-0d6e1f97.vercel.app/_next/static/chunks/5677-d4372bb3719532cf.js:0
[   77754ms] [LOG] [DEBUG-RESOLVER] resolveContent("legs", 8) → programId="OrAmOH3F375dVio5yGdU" @ https://out-run-4mtvjjgta-davids-projects-0d6e1f97.vercel.app/_next/static/chunks/5677-d4372bb3719532cf.js:0
[   77754ms] [LOG] [DEBUG-RESOLVER] resolveContent("legs", 10) → programId="OrAmOH3F375dVio5yGdU" @ https://out-run-4mtvjjgta-davids-projects-0d6e1f97.vercel.app/_next/static/chunks/5677-d4372bb3719532cf.js:0
[   77754ms] [LOG] [DEBUG-RESOLVER] resolveContent("legs", 12) → programId="OrAmOH3F375dVio5yGdU" @ https://out-run-4mtvjjgta-davids-projects-0d6e1f97.vercel.app/_next/static/chunks/5677-d4372bb3719532cf.js:0
[   77754ms] [LOG] [DEBUG-RESOLVER] resolveContent("legs", 1) → programId="OrAmOH3F375dVio5yGdU" @ https://out-run-4mtvjjgta-davids-projects-0d6e1f97.vercel.app/_next/static/chunks/5677-d4372bb3719532cf.js:0
[   77754ms] [LOG] [DEBUG-RESOLVER] resolveContent("legs", 2) → programId="OrAmOH3F375dVio5yGdU" @ https://out-run-4mtvjjgta-davids-projects-0d6e1f97.vercel.app/_next/static/chunks/5677-d4372bb3719532cf.js:0
[   77754ms] [LOG] [DEBUG-RESOLVER] resolveContent("legs", 2) → programId="OrAmOH3F375dVio5yGdU" @ https://out-run-4mtvjjgta-davids-projects-0d6e1f97.vercel.app/_next/static/chunks/5677-d4372bb3719532cf.js:0
[   77975ms] [LOG] [VisualContentService] docToContent "OrAmOH3F375dVio5yGdU_6": {hasVideoVariantsField: true, hasVariantsField: false, rawType: array[0], parsedVariantsCount: 0, allTopLevelKeys: Array(14)} @ https://out-run-4mtvjjgta-davids-projects-0d6e1f97.vercel.app/_next/static/chunks/5677-d4372bb3719532cf.js:0
[   77975ms] [LOG] [DEBUG-RESOLVER] attempt1 getVisualContentItem("OrAmOH3F375dVio5yGdU", 6) → FOUND @ https://out-run-4mtvjjgta-davids-projects-0d6e1f97.vercel.app/_next/static/chunks/5677-d4372bb3719532cf.js:0
[   77975ms] [LOG] [VisualContentService] docToContent "OrAmOH3F375dVio5yGdU_8": {hasVideoVariantsField: true, hasVariantsField: false, rawType: array[0], parsedVariantsCount: 0, allTopLevelKeys: Array(14)} @ https://out-run-4mtvjjgta-davids-projects-0d6e1f97.vercel.app/_next/static/chunks/5677-d4372bb3719532cf.js:0
[   77975ms] [LOG] [DEBUG-RESOLVER] attempt1 getVisualContentItem("OrAmOH3F375dVio5yGdU", 8) → FOUND @ https://out-run-4mtvjjgta-davids-projects-0d6e1f97.vercel.app/_next/static/chunks/5677-d4372bb3719532cf.js:0
[   77975ms] [LOG] [VisualContentService] docToContent "OrAmOH3F375dVio5yGdU_10": {hasVideoVariantsField: true, hasVariantsField: false, rawType: array[0], parsedVariantsCount: 0, allTopLevelKeys: Array(14)} @ https://out-run-4mtvjjgta-davids-projects-0d6e1f97.vercel.app/_next/static/chunks/5677-d4372bb3719532cf.js:0
[   77975ms] [LOG] [DEBUG-RESOLVER] attempt1 getVisualContentItem("OrAmOH3F375dVio5yGdU", 10) → FOUND @ https://out-run-4mtvjjgta-davids-projects-0d6e1f97.vercel.app/_next/static/chunks/5677-d4372bb3719532cf.js:0
[   77975ms] [LOG] [VisualContentService] docToContent "OrAmOH3F375dVio5yGdU_12": {hasVideoVariantsField: true, hasVariantsField: false, rawType: array[0], parsedVariantsCount: 0, allTopLevelKeys: Array(14)} @ https://out-run-4mtvjjgta-davids-projects-0d6e1f97.vercel.app/_next/static/chunks/5677-d4372bb3719532cf.js:0
[   77975ms] [LOG] [DEBUG-RESOLVER] attempt1 getVisualContentItem("OrAmOH3F375dVio5yGdU", 12) → FOUND @ https://out-run-4mtvjjgta-davids-projects-0d6e1f97.vercel.app/_next/static/chunks/5677-d4372bb3719532cf.js:0
[   77976ms] [LOG] [VisualContentService] docToContent "OrAmOH3F375dVio5yGdU_2": {hasVideoVariantsField: true, hasVariantsField: false, rawType: array[0], parsedVariantsCount: 0, allTopLevelKeys: Array(12)} @ https://out-run-4mtvjjgta-davids-projects-0d6e1f97.vercel.app/_next/static/chunks/5677-d4372bb3719532cf.js:0
[   77976ms] [LOG] [DEBUG-RESOLVER] attempt1 getVisualContentItem("OrAmOH3F375dVio5yGdU", 2) → FOUND @ https://out-run-4mtvjjgta-davids-projects-0d6e1f97.vercel.app/_next/static/chunks/5677-d4372bb3719532cf.js:0
[   77976ms] [LOG] [VisualContentService] docToContent "OrAmOH3F375dVio5yGdU_2": {hasVideoVariantsField: true, hasVariantsField: false, rawType: array[0], parsedVariantsCount: 0, allTopLevelKeys: Array(12)} @ https://out-run-4mtvjjgta-davids-projects-0d6e1f97.vercel.app/_next/static/chunks/5677-d4372bb3719532cf.js:0
[   77977ms] [LOG] [DEBUG-RESOLVER] attempt1 getVisualContentItem("OrAmOH3F375dVio5yGdU", 2) → FOUND @ https://out-run-4mtvjjgta-davids-projects-0d6e1f97.vercel.app/_next/static/chunks/5677-d4372bb3719532cf.js:0
[   78079ms] [LOG] [DEBUG-RESOLVER] resolveContent("legs", 12) → programId="OrAmOH3F375dVio5yGdU" @ https://out-run-4mtvjjgta-davids-projects-0d6e1f97.vercel.app/_next/static/chunks/5677-d4372bb3719532cf.js:0
[   78225ms] [LOG] [ContentResolver] Level 6 — exercise video resolved: "פיסטול סקוואט טווח חלקי (להגבהה)" → https://vz-b17872ab-7a7.b-cdn.net/de775009-ca63-44c7-b2ab-fa… @ https://out-run-4mtvjjgta-davids-projects-0d6e1f97.vercel.app/_next/static/chunks/5677-d4372bb3719532cf.js:0
[   78225ms] [LOG] [ContentResolver] Level 8 — exercise video resolved: "סקוואט קשתים" → https://vz-b17872ab-7a7.b-cdn.net/65426bb8-991f-450e-b85a-22… @ https://out-run-4mtvjjgta-davids-projects-0d6e1f97.vercel.app/_next/static/chunks/5677-d4372bb3719532cf.js:0
[   78225ms] [LOG] [ContentResolver] Level 10 — exercise video resolved: "פיסטול סקוואט" → https://vz-b17872ab-7a7.b-cdn.net/c51ca5b7-c182-4fec-9dbe-d5… @ https://out-run-4mtvjjgta-davids-projects-0d6e1f97.vercel.app/_next/static/chunks/5677-d4372bb3719532cf.js:0
[   78225ms] [LOG] [ContentResolver] Level 12 — exercise video resolved: "דרגון סקוואט" → https://vz-b17872ab-7a7.b-cdn.net/1b85355d-ea49-485c-8103-c5… @ https://out-run-4mtvjjgta-davids-projects-0d6e1f97.vercel.app/_next/static/chunks/5677-d4372bb3719532cf.js:0
[   78226ms] [LOG] [ContentResolver] Level 2 — exercise video resolved: "היפ טראסט רגל אחת" → https://vz-b17872ab-7a7.b-cdn.net/cf09b02d-edd1-434e-8be6-36… @ https://out-run-4mtvjjgta-davids-projects-0d6e1f97.vercel.app/_next/static/chunks/5677-d4372bb3719532cf.js:0
[   78226ms] [LOG] [ContentResolver] Level 2 — exercise video resolved: "היפ טראסט רגל אחת" → https://vz-b17872ab-7a7.b-cdn.net/cf09b02d-edd1-434e-8be6-36… @ https://out-run-4mtvjjgta-davids-projects-0d6e1f97.vercel.app/_next/static/chunks/5677-d4372bb3719532cf.js:0
[   78398ms] [LOG] [VisualContentService] docToContent "OrAmOH3F375dVio5yGdU_12": {hasVideoVariantsField: true, hasVariantsField: false, rawType: array[0], parsedVariantsCount: 0, allTopLevelKeys: Array(14)} @ https://out-run-4mtvjjgta-davids-projects-0d6e1f97.vercel.app/_next/static/chunks/5677-d4372bb3719532cf.js:0
[   78398ms] [LOG] [DEBUG-RESOLVER] attempt1 getVisualContentItem("OrAmOH3F375dVio5yGdU", 12) → FOUND @ https://out-run-4mtvjjgta-davids-projects-0d6e1f97.vercel.app/_next/static/chunks/5677-d4372bb3719532cf.js:0
[   78503ms] [LOG] [ContentResolver] Level 12 — exercise video resolved: "דרגון סקוואט" → https://vz-b17872ab-7a7.b-cdn.net/1b85355d-ea49-485c-8103-c5… @ https://out-run-4mtvjjgta-davids-projects-0d6e1f97.vercel.app/_next/static/chunks/5677-d4372bb3719532cf.js:0
[   78503ms] [LOG] [DEBUG-RESOLVER] resolveContent("legs", 11) → programId="OrAmOH3F375dVio5yGdU" @ https://out-run-4mtvjjgta-davids-projects-0d6e1f97.vercel.app/_next/static/chunks/5677-d4372bb3719532cf.js:0
[   78503ms] [LOG] [DEBUG-RESOLVER] resolveContent("legs", 13) → programId="OrAmOH3F375dVio5yGdU" @ https://out-run-4mtvjjgta-davids-projects-0d6e1f97.vercel.app/_next/static/chunks/5677-d4372bb3719532cf.js:0
[   78503ms] [LOG] [DEBUG-RESOLVER] resolveContent("legs", 13) → programId="OrAmOH3F375dVio5yGdU" @ https://out-run-4mtvjjgta-davids-projects-0d6e1f97.vercel.app/_next/static/chunks/5677-d4372bb3719532cf.js:0
[   78675ms] [LOG] [VisualContentService] docToContent "OrAmOH3F375dVio5yGdU_11": {hasVideoVariantsField: true, hasVariantsField: false, rawType: array[0], parsedVariantsCount: 0, allTopLevelKeys: Array(14)} @ https://out-run-4mtvjjgta-davids-projects-0d6e1f97.vercel.app/_next/static/chunks/5677-d4372bb3719532cf.js:0
[   78675ms] [LOG] [DEBUG-RESOLVER] attempt1 getVisualContentItem("OrAmOH3F375dVio5yGdU", 11) → FOUND @ https://out-run-4mtvjjgta-davids-projects-0d6e1f97.vercel.app/_next/static/chunks/5677-d4372bb3719532cf.js:0
[   78677ms] [LOG] [VisualContentService] docToContent "OrAmOH3F375dVio5yGdU_13": {hasVideoVariantsField: true, hasVariantsField: false, rawType: array[0], parsedVariantsCount: 0, allTopLevelKeys: Array(14)} @ https://out-run-4mtvjjgta-davids-projects-0d6e1f97.vercel.app/_next/static/chunks/5677-d4372bb3719532cf.js:0
[   78677ms] [LOG] [DEBUG-RESOLVER] attempt1 getVisualContentItem("OrAmOH3F375dVio5yGdU", 13) → FOUND @ https://out-run-4mtvjjgta-davids-projects-0d6e1f97.vercel.app/_next/static/chunks/5677-d4372bb3719532cf.js:0
[   78677ms] [LOG] [VisualContentService] docToContent "OrAmOH3F375dVio5yGdU_13": {hasVideoVariantsField: true, hasVariantsField: false, rawType: array[0], parsedVariantsCount: 0, allTopLevelKeys: Array(14)} @ https://out-run-4mtvjjgta-davids-projects-0d6e1f97.vercel.app/_next/static/chunks/5677-d4372bb3719532cf.js:0
[   78677ms] [LOG] [DEBUG-RESOLVER] attempt1 getVisualContentItem("OrAmOH3F375dVio5yGdU", 13) → FOUND @ https://out-run-4mtvjjgta-davids-projects-0d6e1f97.vercel.app/_next/static/chunks/5677-d4372bb3719532cf.js:0
[   78831ms] [LOG] [ContentResolver] Level 11 — exercise video resolved: "סיסי סקוואט" → https://vz-b17872ab-7a7.b-cdn.net/c8b3ed8c-7106-4f00-b2ab-35… @ https://out-run-4mtvjjgta-davids-projects-0d6e1f97.vercel.app/_next/static/chunks/5677-d4372bb3719532cf.js:0
[   78831ms] [LOG] [ContentResolver] Level 13 — exercise video resolved: "כפיפת נורדיק" → https://vz-b17872ab-7a7.b-cdn.net/abbdac97-8426-4e04-90c7-09… @ https://out-run-4mtvjjgta-davids-projects-0d6e1f97.vercel.app/_next/static/chunks/5677-d4372bb3719532cf.js:0
[   78832ms] [LOG] [ContentResolver] Level 13 — exercise video resolved: "כפיפת נורדיק" → https://vz-b17872ab-7a7.b-cdn.net/abbdac97-8426-4e04-90c7-09… @ https://out-run-4mtvjjgta-davids-projects-0d6e1f97.vercel.app/_next/static/chunks/5677-d4372bb3719532cf.js:0
