[     365ms] [INFO] %cDownload the React DevTools for a better development experience: https://reactjs.org/link/react-devtools font-weight:bold @ webpack-internal:///(app-pages-browser)/./node_modules/next/dist/compiled/react-dom/cjs/react-dom.development.js:38559
[    1340ms] [INFO] [firebase] App Check bypass: hostname="localhost" treated as local development. initializeAppCheck() will NOT be invoked — this prevents reCAPTCHA Enterprise 403s from crashing the Firestore snapshot listener. Set NEXT_PUBLIC_APP_CHECK_DEBUG_TOKEN to a token registered in the Firebase console (App Check → Apps → Manage debug tokens) if you need a real App Check handshake. @ webpack-internal:///(app-pages-browser)/./src/lib/firebase.ts:125
[    2890ms] [LOG] [Fast Refresh] rebuilding @ webpack-internal:///(app-pages-browser)/./node_modules/next/dist/client/components/react-dev-overlay/app/hot-reloader-client.js:186
[    4427ms] [WARNING] [Fast Refresh] performing full reload

Fast Refresh will perform a full reload when you edit a file that's imported by modules outside of the React rendering tree.
You might have a file which exports a React component but also exports a value that is imported by a non-React component file.
Consider migrating the non-React component export to a separate file and importing it into both files.

It is also possible the parent component of the component you edited is a class component, which disables Fast Refresh.
Fast Refresh requires at least one parent function component in your React tree. @ webpack-internal:///(app-pages-browser)/./node_modules/next/dist/client/components/react-dev-overlay/app/hot-reloader-client.js:112
[    5581ms] [INFO] %cDownload the React DevTools for a better development experience: https://reactjs.org/link/react-devtools font-weight:bold @ webpack-internal:///(app-pages-browser)/./node_modules/next/dist/compiled/react-dom/cjs/react-dom.development.js:38559
[    6340ms] [INFO] [firebase] App Check bypass: hostname="localhost" treated as local development. initializeAppCheck() will NOT be invoked — this prevents reCAPTCHA Enterprise 403s from crashing the Firestore snapshot listener. Set NEXT_PUBLIC_APP_CHECK_DEBUG_TOKEN to a token registered in the Firebase console (App Check → Apps → Manage debug tokens) if you need a real App Check handshake. @ webpack-internal:///(app-pages-browser)/./src/lib/firebase.ts:125
[    6886ms] [WARNING] [Profile] Auth settled with no uid — redirecting to /gateway @ webpack-internal:///(app-pages-browser)/./src/app/onboarding-new/profile/page.tsx:353
[    6969ms] [LOG] [Fast Refresh] rebuilding @ webpack-internal:///(app-pages-browser)/./node_modules/next/dist/client/components/react-dev-overlay/app/hot-reloader-client.js:186
[    8212ms] [WARNING] [Fast Refresh] performing full reload

Fast Refresh will perform a full reload when you edit a file that's imported by modules outside of the React rendering tree.
You might have a file which exports a React component but also exports a value that is imported by a non-React component file.
Consider migrating the non-React component export to a separate file and importing it into both files.

It is also possible the parent component of the component you edited is a class component, which disables Fast Refresh.
Fast Refresh requires at least one parent function component in your React tree. @ webpack-internal:///(app-pages-browser)/./node_modules/next/dist/client/components/react-dev-overlay/app/hot-reloader-client.js:112
[    8888ms] [INFO] %cDownload the React DevTools for a better development experience: https://reactjs.org/link/react-devtools font-weight:bold @ webpack-internal:///(app-pages-browser)/./node_modules/next/dist/compiled/react-dom/cjs/react-dom.development.js:38559
[    8956ms] [INFO] [firebase] App Check bypass: hostname="localhost" treated as local development. initializeAppCheck() will NOT be invoked — this prevents reCAPTCHA Enterprise 403s from crashing the Firestore snapshot listener. Set NEXT_PUBLIC_APP_CHECK_DEBUG_TOKEN to a token registered in the Firebase console (App Check → Apps → Manage debug tokens) if you need a real App Check handshake. @ webpack-internal:///(app-pages-browser)/./src/lib/firebase.ts:125
[    9668ms] [WARNING] [Profile] Auth settled with no uid — redirecting to /gateway @ webpack-internal:///(app-pages-browser)/./src/app/onboarding-new/profile/page.tsx:353
[  241646ms] [INFO] [User Service] User w4Uph9w0p7TNDfuf4LuqAl1PqfU2 has missing or empty equipment profile. This may affect Smart Swap functionality. Please update user equipment in the admin panel. @ webpack-internal:///(app-pages-browser)/./src/lib/firestore.service.ts:71
[  241711ms] [LOG] [Fast Refresh] rebuilding @ webpack-internal:///(app-pages-browser)/./node_modules/next/dist/client/components/react-dev-overlay/app/hot-reloader-client.js:186
[  244156ms] [LOG] [Fast Refresh] done in 2444ms @ webpack-internal:///(app-pages-browser)/./node_modules/next/dist/client/components/react-dev-overlay/app/hot-reloader-client.js:43
[  282781ms] [LOG] [Fast Refresh] rebuilding @ webpack-internal:///(app-pages-browser)/./node_modules/next/dist/client/components/react-dev-overlay/app/hot-reloader-client.js:186
[  285026ms] [LOG] [Fast Refresh] done in 2245ms @ webpack-internal:///(app-pages-browser)/./node_modules/next/dist/client/components/react-dev-overlay/app/hot-reloader-client.js:43
[  285215ms] [LOG] [DEBUG-PAGE] pathConfig.path: health | categories passed to VisualSlider: [push, pull, legs, core] | skipTier: true @ webpack-internal:///(app-pages-browser)/./src/app/onboarding-new/assessment-visual/page.tsx:244
[  285494ms] [LOG] [DEBUG-RESOLVER] loadCategoryMap built: {human_flag: EtY8YCol0qpF6DzgcTx1, push: J0fLpmJhG0KDN2tQouxh, core: kDMpobbKsuVTByTIKUpe, pull: UPDBtTdCvX748dtBlWYj, one_arm_pullup: cC0BOmm6KIqYAyQynEIo} @ webpack-internal:///(app-pages-browser)/./src/features/user/onboarding/services/visual-content-resolver.service.ts:52
[  285495ms] [LOG] [DEBUG-RESOLVER] Incoming Category: push Resolved Candidate IDs: [push, J0fLpmJhG0KDN2tQouxh] @ webpack-internal:///(app-pages-browser)/./src/features/user/onboarding/services/visual-content-resolver.service.ts:339
[  285495ms] [LOG] [DEBUG-RESOLVER] loadCategoryMap built: {human_flag: EtY8YCol0qpF6DzgcTx1, push: J0fLpmJhG0KDN2tQouxh, core: kDMpobbKsuVTByTIKUpe, pull: UPDBtTdCvX748dtBlWYj, one_arm_pullup: cC0BOmm6KIqYAyQynEIo} @ webpack-internal:///(app-pages-browser)/./src/features/user/onboarding/services/visual-content-resolver.service.ts:52
[  285495ms] [LOG] [DEBUG-RESOLVER] Incoming Category: pull Resolved Candidate IDs: [pull, UPDBtTdCvX748dtBlWYj] @ webpack-internal:///(app-pages-browser)/./src/features/user/onboarding/services/visual-content-resolver.service.ts:339
[  285495ms] [LOG] [DEBUG-RESOLVER] loadCategoryMap built: {human_flag: EtY8YCol0qpF6DzgcTx1, push: J0fLpmJhG0KDN2tQouxh, core: kDMpobbKsuVTByTIKUpe, pull: UPDBtTdCvX748dtBlWYj, one_arm_pullup: cC0BOmm6KIqYAyQynEIo} @ webpack-internal:///(app-pages-browser)/./src/features/user/onboarding/services/visual-content-resolver.service.ts:52
[  285495ms] [LOG] [DEBUG-RESOLVER] Incoming Category: legs Resolved Candidate IDs: [legs, OrAmOH3F375dVio5yGdU] @ webpack-internal:///(app-pages-browser)/./src/features/user/onboarding/services/visual-content-resolver.service.ts:339
[  285495ms] [LOG] [DEBUG-RESOLVER] loadCategoryMap built: {human_flag: EtY8YCol0qpF6DzgcTx1, push: J0fLpmJhG0KDN2tQouxh, core: kDMpobbKsuVTByTIKUpe, pull: UPDBtTdCvX748dtBlWYj, one_arm_pullup: cC0BOmm6KIqYAyQynEIo} @ webpack-internal:///(app-pages-browser)/./src/features/user/onboarding/services/visual-content-resolver.service.ts:52
[  285495ms] [LOG] [DEBUG-RESOLVER] Incoming Category: core Resolved Candidate IDs: [core, kDMpobbKsuVTByTIKUpe] @ webpack-internal:///(app-pages-browser)/./src/features/user/onboarding/services/visual-content-resolver.service.ts:339
[  285497ms] [LOG] [DEBUG-PAGE] pathConfig.path: health | categories passed to VisualSlider: [push, pull, legs, core] | skipTier: true @ webpack-internal:///(app-pages-browser)/./src/app/onboarding-new/assessment-visual/page.tsx:244
[  285497ms] [LOG] [DEBUG-RESOLVER] Incoming Category: push Resolved Candidate IDs: [push, J0fLpmJhG0KDN2tQouxh] @ webpack-internal:///(app-pages-browser)/./src/features/user/onboarding/services/visual-content-resolver.service.ts:339
[  285497ms] [LOG] [DEBUG-RESOLVER] Incoming Category: pull Resolved Candidate IDs: [pull, UPDBtTdCvX748dtBlWYj] @ webpack-internal:///(app-pages-browser)/./src/features/user/onboarding/services/visual-content-resolver.service.ts:339
[  285497ms] [LOG] [DEBUG-RESOLVER] Incoming Category: legs Resolved Candidate IDs: [legs, OrAmOH3F375dVio5yGdU] @ webpack-internal:///(app-pages-browser)/./src/features/user/onboarding/services/visual-content-resolver.service.ts:339
[  285498ms] [LOG] [DEBUG-RESOLVER] Incoming Category: core Resolved Candidate IDs: [core, kDMpobbKsuVTByTIKUpe] @ webpack-internal:///(app-pages-browser)/./src/features/user/onboarding/services/visual-content-resolver.service.ts:339
[  285665ms] [LOG] [DEBUG-FIRESTORE] Querying IDs: [push, J0fLpmJhG0KDN2tQouxh] Snapshot size returned: 25 @ webpack-internal:///(app-pages-browser)/./src/features/user/onboarding/services/visual-assessment-content.service.ts:133
[  285665ms] [LOG] [DEBUG-FIRESTORE] showInOnboarding=true levels: [1, 4, 6, 9, 12, 14, 16, 18, 19, 20] (10 total) @ webpack-internal:///(app-pages-browser)/./src/features/user/onboarding/services/visual-assessment-content.service.ts:134
[  285665ms] [LOG] [DEBUG-RESOLVER] Final onboarding levels for "push": [1, 4, 6, 9, 12, 14, 16, 18, 19, 20] (10 total) @ webpack-internal:///(app-pages-browser)/./src/features/user/onboarding/services/visual-content-resolver.service.ts:341
[  285665ms] [LOG] [DEBUG-RESOLVER] resolveContent("push", 1) → programId="J0fLpmJhG0KDN2tQouxh" @ webpack-internal:///(app-pages-browser)/./src/features/user/onboarding/services/visual-content-resolver.service.ts:185
[  285665ms] [LOG] [DEBUG-RESOLVER] resolveContent("push", 4) → programId="J0fLpmJhG0KDN2tQouxh" @ webpack-internal:///(app-pages-browser)/./src/features/user/onboarding/services/visual-content-resolver.service.ts:185
[  285666ms] [LOG] [DEBUG-FIRESTORE] Querying IDs: [push, J0fLpmJhG0KDN2tQouxh] Snapshot size returned: 25 @ webpack-internal:///(app-pages-browser)/./src/features/user/onboarding/services/visual-assessment-content.service.ts:133
[  285666ms] [LOG] [DEBUG-FIRESTORE] showInOnboarding=true levels: [1, 4, 6, 9, 12, 14, 16, 18, 19, 20] (10 total) @ webpack-internal:///(app-pages-browser)/./src/features/user/onboarding/services/visual-assessment-content.service.ts:134
[  285666ms] [LOG] [DEBUG-RESOLVER] Final onboarding levels for "push": [1, 4, 6, 9, 12, 14, 16, 18, 19, 20] (10 total) @ webpack-internal:///(app-pages-browser)/./src/features/user/onboarding/services/visual-content-resolver.service.ts:341
[  285666ms] [LOG] [DEBUG-RESOLVER] resolveContent("push", 1) → programId="J0fLpmJhG0KDN2tQouxh" @ webpack-internal:///(app-pages-browser)/./src/features/user/onboarding/services/visual-content-resolver.service.ts:185
[  285666ms] [LOG] [DEBUG-RESOLVER] resolveContent("push", 4) → programId="J0fLpmJhG0KDN2tQouxh" @ webpack-internal:///(app-pages-browser)/./src/features/user/onboarding/services/visual-content-resolver.service.ts:185
[  286007ms] [LOG] [DEBUG-FIRESTORE] Querying IDs: [pull, UPDBtTdCvX748dtBlWYj] Snapshot size returned: 25 @ webpack-internal:///(app-pages-browser)/./src/features/user/onboarding/services/visual-assessment-content.service.ts:133
[  286007ms] [LOG] [DEBUG-FIRESTORE] showInOnboarding=true levels: [1, 4, 6, 10, 14, 17, 19, 20] (8 total) @ webpack-internal:///(app-pages-browser)/./src/features/user/onboarding/services/visual-assessment-content.service.ts:134
[  286007ms] [LOG] [DEBUG-RESOLVER] Final onboarding levels for "pull": [1, 4, 6, 10, 14, 17, 19, 20] (8 total) @ webpack-internal:///(app-pages-browser)/./src/features/user/onboarding/services/visual-content-resolver.service.ts:341
[  286007ms] [LOG] [DEBUG-RESOLVER] resolveContent("pull", 1) → programId="UPDBtTdCvX748dtBlWYj" @ webpack-internal:///(app-pages-browser)/./src/features/user/onboarding/services/visual-content-resolver.service.ts:185
[  286008ms] [LOG] [DEBUG-RESOLVER] resolveContent("pull", 4) → programId="UPDBtTdCvX748dtBlWYj" @ webpack-internal:///(app-pages-browser)/./src/features/user/onboarding/services/visual-content-resolver.service.ts:185
[  286008ms] [LOG] [DEBUG-FIRESTORE] Querying IDs: [pull, UPDBtTdCvX748dtBlWYj] Snapshot size returned: 25 @ webpack-internal:///(app-pages-browser)/./src/features/user/onboarding/services/visual-assessment-content.service.ts:133
[  286008ms] [LOG] [DEBUG-FIRESTORE] showInOnboarding=true levels: [1, 4, 6, 10, 14, 17, 19, 20] (8 total) @ webpack-internal:///(app-pages-browser)/./src/features/user/onboarding/services/visual-assessment-content.service.ts:134
[  286008ms] [LOG] [DEBUG-RESOLVER] Final onboarding levels for "pull": [1, 4, 6, 10, 14, 17, 19, 20] (8 total) @ webpack-internal:///(app-pages-browser)/./src/features/user/onboarding/services/visual-content-resolver.service.ts:341
[  286008ms] [LOG] [DEBUG-RESOLVER] resolveContent("pull", 1) → programId="UPDBtTdCvX748dtBlWYj" @ webpack-internal:///(app-pages-browser)/./src/features/user/onboarding/services/visual-content-resolver.service.ts:185
[  286008ms] [LOG] [DEBUG-RESOLVER] resolveContent("pull", 4) → programId="UPDBtTdCvX748dtBlWYj" @ webpack-internal:///(app-pages-browser)/./src/features/user/onboarding/services/visual-content-resolver.service.ts:185
[  286008ms] [LOG] [DEBUG-FIRESTORE] Querying IDs: [legs, OrAmOH3F375dVio5yGdU] Snapshot size returned: 15 @ webpack-internal:///(app-pages-browser)/./src/features/user/onboarding/services/visual-assessment-content.service.ts:133
[  286008ms] [LOG] [DEBUG-FIRESTORE] showInOnboarding=true levels: [1, 3, 6, 8, 10, 12] (6 total) @ webpack-internal:///(app-pages-browser)/./src/features/user/onboarding/services/visual-assessment-content.service.ts:134
[  286008ms] [LOG] [DEBUG-RESOLVER] Final onboarding levels for "legs": [1, 3, 6, 8, 10, 12] (6 total) @ webpack-internal:///(app-pages-browser)/./src/features/user/onboarding/services/visual-content-resolver.service.ts:341
[  286008ms] [LOG] [DEBUG-RESOLVER] resolveContent("legs", 1) → programId="OrAmOH3F375dVio5yGdU" @ webpack-internal:///(app-pages-browser)/./src/features/user/onboarding/services/visual-content-resolver.service.ts:185
[  286008ms] [LOG] [DEBUG-RESOLVER] resolveContent("legs", 3) → programId="OrAmOH3F375dVio5yGdU" @ webpack-internal:///(app-pages-browser)/./src/features/user/onboarding/services/visual-content-resolver.service.ts:185
[  286008ms] [LOG] [DEBUG-FIRESTORE] Querying IDs: [legs, OrAmOH3F375dVio5yGdU] Snapshot size returned: 15 @ webpack-internal:///(app-pages-browser)/./src/features/user/onboarding/services/visual-assessment-content.service.ts:133
[  286008ms] [LOG] [DEBUG-FIRESTORE] showInOnboarding=true levels: [1, 3, 6, 8, 10, 12] (6 total) @ webpack-internal:///(app-pages-browser)/./src/features/user/onboarding/services/visual-assessment-content.service.ts:134
[  286008ms] [LOG] [DEBUG-RESOLVER] Final onboarding levels for "legs": [1, 3, 6, 8, 10, 12] (6 total) @ webpack-internal:///(app-pages-browser)/./src/features/user/onboarding/services/visual-content-resolver.service.ts:341
[  286008ms] [LOG] [DEBUG-RESOLVER] resolveContent("legs", 1) → programId="OrAmOH3F375dVio5yGdU" @ webpack-internal:///(app-pages-browser)/./src/features/user/onboarding/services/visual-content-resolver.service.ts:185
[  286008ms] [LOG] [DEBUG-RESOLVER] resolveContent("legs", 3) → programId="OrAmOH3F375dVio5yGdU" @ webpack-internal:///(app-pages-browser)/./src/features/user/onboarding/services/visual-content-resolver.service.ts:185
[  286008ms] [LOG] [DEBUG-FIRESTORE] Querying IDs: [core, kDMpobbKsuVTByTIKUpe] Snapshot size returned: 20 @ webpack-internal:///(app-pages-browser)/./src/features/user/onboarding/services/visual-assessment-content.service.ts:133
[  286009ms] [LOG] [DEBUG-FIRESTORE] showInOnboarding=true levels: [] (0 total) @ webpack-internal:///(app-pages-browser)/./src/features/user/onboarding/services/visual-assessment-content.service.ts:134
[  286009ms] [LOG] [DEBUG-RESOLVER] Final onboarding levels for "core": [] (0 total) @ webpack-internal:///(app-pages-browser)/./src/features/user/onboarding/services/visual-content-resolver.service.ts:341
[  286009ms] [LOG] [DEBUG-RESOLVER] resolveContent("core", 1) → programId="kDMpobbKsuVTByTIKUpe" @ webpack-internal:///(app-pages-browser)/./src/features/user/onboarding/services/visual-content-resolver.service.ts:185
[  286009ms] [LOG] [DEBUG-FIRESTORE] Querying IDs: [core, kDMpobbKsuVTByTIKUpe] Snapshot size returned: 20 @ webpack-internal:///(app-pages-browser)/./src/features/user/onboarding/services/visual-assessment-content.service.ts:133
[  286009ms] [LOG] [DEBUG-FIRESTORE] showInOnboarding=true levels: [] (0 total) @ webpack-internal:///(app-pages-browser)/./src/features/user/onboarding/services/visual-assessment-content.service.ts:134
[  286009ms] [LOG] [DEBUG-RESOLVER] Final onboarding levels for "core": [] (0 total) @ webpack-internal:///(app-pages-browser)/./src/features/user/onboarding/services/visual-content-resolver.service.ts:341
[  286009ms] [LOG] [DEBUG-RESOLVER] resolveContent("core", 1) → programId="kDMpobbKsuVTByTIKUpe" @ webpack-internal:///(app-pages-browser)/./src/features/user/onboarding/services/visual-content-resolver.service.ts:185
[  286009ms] [LOG] [VisualContentService] docToContent "J0fLpmJhG0KDN2tQouxh_1": {hasVideoVariantsField: true, hasVariantsField: false, rawType: array[0], parsedVariantsCount: 0, allTopLevelKeys: Array(14)} @ webpack-internal:///(app-pages-browser)/./src/features/user/onboarding/services/visual-assessment-content.service.ts:59
[  286009ms] [LOG] [DEBUG-RESOLVER] attempt1 getVisualContentItem("J0fLpmJhG0KDN2tQouxh", 1) → FOUND @ webpack-internal:///(app-pages-browser)/./src/features/user/onboarding/services/visual-content-resolver.service.ts:190
[  286009ms] [LOG] [VisualContentService] docToContent "J0fLpmJhG0KDN2tQouxh_1": {hasVideoVariantsField: true, hasVariantsField: false, rawType: array[0], parsedVariantsCount: 0, allTopLevelKeys: Array(14)} @ webpack-internal:///(app-pages-browser)/./src/features/user/onboarding/services/visual-assessment-content.service.ts:59
[  286009ms] [LOG] [DEBUG-RESOLVER] attempt1 getVisualContentItem("J0fLpmJhG0KDN2tQouxh", 1) → FOUND @ webpack-internal:///(app-pages-browser)/./src/features/user/onboarding/services/visual-content-resolver.service.ts:190
[  286009ms] [LOG] [VisualContentService] docToContent "J0fLpmJhG0KDN2tQouxh_4": {hasVideoVariantsField: true, hasVariantsField: false, rawType: array[0], parsedVariantsCount: 0, allTopLevelKeys: Array(14)} @ webpack-internal:///(app-pages-browser)/./src/features/user/onboarding/services/visual-assessment-content.service.ts:59
[  286009ms] [LOG] [DEBUG-RESOLVER] attempt1 getVisualContentItem("J0fLpmJhG0KDN2tQouxh", 4) → FOUND @ webpack-internal:///(app-pages-browser)/./src/features/user/onboarding/services/visual-content-resolver.service.ts:190
[  286009ms] [LOG] [VisualContentService] docToContent "J0fLpmJhG0KDN2tQouxh_4": {hasVideoVariantsField: true, hasVariantsField: false, rawType: array[0], parsedVariantsCount: 0, allTopLevelKeys: Array(14)} @ webpack-internal:///(app-pages-browser)/./src/features/user/onboarding/services/visual-assessment-content.service.ts:59
[  286009ms] [LOG] [DEBUG-RESOLVER] attempt1 getVisualContentItem("J0fLpmJhG0KDN2tQouxh", 4) → FOUND @ webpack-internal:///(app-pages-browser)/./src/features/user/onboarding/services/visual-content-resolver.service.ts:190
[  286171ms] [LOG] [VisualContentService] docToContent "UPDBtTdCvX748dtBlWYj_1": {hasVideoVariantsField: true, hasVariantsField: false, rawType: array[0], parsedVariantsCount: 0, allTopLevelKeys: Array(14)} @ webpack-internal:///(app-pages-browser)/./src/features/user/onboarding/services/visual-assessment-content.service.ts:59
[  286172ms] [LOG] [DEBUG-RESOLVER] attempt1 getVisualContentItem("UPDBtTdCvX748dtBlWYj", 1) → FOUND @ webpack-internal:///(app-pages-browser)/./src/features/user/onboarding/services/visual-content-resolver.service.ts:190
[  286172ms] [LOG] [VisualContentService] docToContent "UPDBtTdCvX748dtBlWYj_1": {hasVideoVariantsField: true, hasVariantsField: false, rawType: array[0], parsedVariantsCount: 0, allTopLevelKeys: Array(14)} @ webpack-internal:///(app-pages-browser)/./src/features/user/onboarding/services/visual-assessment-content.service.ts:59
[  286172ms] [LOG] [DEBUG-RESOLVER] attempt1 getVisualContentItem("UPDBtTdCvX748dtBlWYj", 1) → FOUND @ webpack-internal:///(app-pages-browser)/./src/features/user/onboarding/services/visual-content-resolver.service.ts:190
[  286301ms] [LOG] [VisualContentService] docToContent "UPDBtTdCvX748dtBlWYj_4": {hasVideoVariantsField: true, hasVariantsField: false, rawType: array[0], parsedVariantsCount: 0, allTopLevelKeys: Array(14)} @ webpack-internal:///(app-pages-browser)/./src/features/user/onboarding/services/visual-assessment-content.service.ts:59
[  286301ms] [LOG] [DEBUG-RESOLVER] attempt1 getVisualContentItem("UPDBtTdCvX748dtBlWYj", 4) → FOUND @ webpack-internal:///(app-pages-browser)/./src/features/user/onboarding/services/visual-content-resolver.service.ts:190
[  286301ms] [LOG] [VisualContentService] docToContent "UPDBtTdCvX748dtBlWYj_4": {hasVideoVariantsField: true, hasVariantsField: false, rawType: array[0], parsedVariantsCount: 0, allTopLevelKeys: Array(14)} @ webpack-internal:///(app-pages-browser)/./src/features/user/onboarding/services/visual-assessment-content.service.ts:59
[  286301ms] [LOG] [DEBUG-RESOLVER] attempt1 getVisualContentItem("UPDBtTdCvX748dtBlWYj", 4) → FOUND @ webpack-internal:///(app-pages-browser)/./src/features/user/onboarding/services/visual-content-resolver.service.ts:190
[  286301ms] [LOG] [VisualContentService] docToContent "OrAmOH3F375dVio5yGdU_1": {hasVideoVariantsField: true, hasVariantsField: false, rawType: array[0], parsedVariantsCount: 0, allTopLevelKeys: Array(14)} @ webpack-internal:///(app-pages-browser)/./src/features/user/onboarding/services/visual-assessment-content.service.ts:59
[  286301ms] [LOG] [DEBUG-RESOLVER] attempt1 getVisualContentItem("OrAmOH3F375dVio5yGdU", 1) → FOUND @ webpack-internal:///(app-pages-browser)/./src/features/user/onboarding/services/visual-content-resolver.service.ts:190
[  286302ms] [LOG] [VisualContentService] docToContent "OrAmOH3F375dVio5yGdU_1": {hasVideoVariantsField: true, hasVariantsField: false, rawType: array[0], parsedVariantsCount: 0, allTopLevelKeys: Array(14)} @ webpack-internal:///(app-pages-browser)/./src/features/user/onboarding/services/visual-assessment-content.service.ts:59
[  286302ms] [LOG] [DEBUG-RESOLVER] attempt1 getVisualContentItem("OrAmOH3F375dVio5yGdU", 1) → FOUND @ webpack-internal:///(app-pages-browser)/./src/features/user/onboarding/services/visual-content-resolver.service.ts:190
[  286302ms] [LOG] [VisualContentService] docToContent "OrAmOH3F375dVio5yGdU_3": {hasVideoVariantsField: true, hasVariantsField: false, rawType: array[0], parsedVariantsCount: 0, allTopLevelKeys: Array(12)} @ webpack-internal:///(app-pages-browser)/./src/features/user/onboarding/services/visual-assessment-content.service.ts:59
[  286302ms] [LOG] [DEBUG-RESOLVER] attempt1 getVisualContentItem("OrAmOH3F375dVio5yGdU", 3) → FOUND @ webpack-internal:///(app-pages-browser)/./src/features/user/onboarding/services/visual-content-resolver.service.ts:190
[  286302ms] [LOG] [VisualContentService] docToContent "OrAmOH3F375dVio5yGdU_3": {hasVideoVariantsField: true, hasVariantsField: false, rawType: array[0], parsedVariantsCount: 0, allTopLevelKeys: Array(12)} @ webpack-internal:///(app-pages-browser)/./src/features/user/onboarding/services/visual-assessment-content.service.ts:59
[  286302ms] [LOG] [DEBUG-RESOLVER] attempt1 getVisualContentItem("OrAmOH3F375dVio5yGdU", 3) → FOUND @ webpack-internal:///(app-pages-browser)/./src/features/user/onboarding/services/visual-content-resolver.service.ts:190
[  286302ms] [LOG] [VisualContentService] docToContent "kDMpobbKsuVTByTIKUpe_1": {hasVideoVariantsField: true, hasVariantsField: false, rawType: array[0], parsedVariantsCount: 0, allTopLevelKeys: Array(10)} @ webpack-internal:///(app-pages-browser)/./src/features/user/onboarding/services/visual-assessment-content.service.ts:59
[  286302ms] [LOG] [DEBUG-RESOLVER] attempt1 getVisualContentItem("kDMpobbKsuVTByTIKUpe", 1) → FOUND @ webpack-internal:///(app-pages-browser)/./src/features/user/onboarding/services/visual-content-resolver.service.ts:190
[  286302ms] [LOG] [VisualContentService] docToContent "kDMpobbKsuVTByTIKUpe_1": {hasVideoVariantsField: true, hasVariantsField: false, rawType: array[0], parsedVariantsCount: 0, allTopLevelKeys: Array(10)} @ webpack-internal:///(app-pages-browser)/./src/features/user/onboarding/services/visual-assessment-content.service.ts:59
[  286302ms] [LOG] [DEBUG-RESOLVER] attempt1 getVisualContentItem("kDMpobbKsuVTByTIKUpe", 1) → FOUND @ webpack-internal:///(app-pages-browser)/./src/features/user/onboarding/services/visual-content-resolver.service.ts:190
[  286303ms] [LOG] [ContentResolver] Level 1 — exercise video resolved: "שכיבות סמיכה ב-75°" → https://vz-b17872ab-7a7.b-cdn.net/b1e43b30-37e1-49f7-8c17-74… @ webpack-internal:///(app-pages-browser)/./src/features/user/onboarding/services/visual-content-resolver.service.ts:239
[  286303ms] [LOG] [ContentResolver] Level 1 — exercise video resolved: "שכיבות סמיכה ב-75°" → https://vz-b17872ab-7a7.b-cdn.net/b1e43b30-37e1-49f7-8c17-74… @ webpack-internal:///(app-pages-browser)/./src/features/user/onboarding/services/visual-content-resolver.service.ts:239
[  286304ms] [LOG] [ContentResolver] Level 4 — exercise video resolved: "שכיבות סמיכה ברכיים" → https://vz-b17872ab-7a7.b-cdn.net/7413db0b-1702-4acd-8072-8a… @ webpack-internal:///(app-pages-browser)/./src/features/user/onboarding/services/visual-content-resolver.service.ts:239
[  286304ms] [LOG] [ContentResolver] Level 4 — exercise video resolved: "שכיבות סמיכה ברכיים" → https://vz-b17872ab-7a7.b-cdn.net/7413db0b-1702-4acd-8072-8a… @ webpack-internal:///(app-pages-browser)/./src/features/user/onboarding/services/visual-content-resolver.service.ts:239
[  286395ms] [LOG] [ContentResolver] Level 1 — exercise video resolved: "חתירות ב-75°" → https://vz-b17872ab-7a7.b-cdn.net/90762fc3-e7d8-4070-a312-46… @ webpack-internal:///(app-pages-browser)/./src/features/user/onboarding/services/visual-content-resolver.service.ts:239
[  286395ms] [LOG] [ContentResolver] Level 1 — exercise video resolved: "חתירות ב-75°" → https://vz-b17872ab-7a7.b-cdn.net/90762fc3-e7d8-4070-a312-46… @ webpack-internal:///(app-pages-browser)/./src/features/user/onboarding/services/visual-content-resolver.service.ts:239
[  286474ms] [LOG] [ContentResolver] Level 4 — exercise video resolved: "חתירות ב-15° עם ברכיים כפופות" → https://vz-b17872ab-7a7.b-cdn.net/65b8ee9b-baf7-4ed1-834a-2f… @ webpack-internal:///(app-pages-browser)/./src/features/user/onboarding/services/visual-content-resolver.service.ts:239
[  286475ms] [LOG] [ContentResolver] Level 4 — exercise video resolved: "חתירות ב-15° עם ברכיים כפופות" → https://vz-b17872ab-7a7.b-cdn.net/65b8ee9b-baf7-4ed1-834a-2f… @ webpack-internal:///(app-pages-browser)/./src/features/user/onboarding/services/visual-content-resolver.service.ts:239
[  286475ms] [LOG] [ContentResolver] Level 1 — exercise video resolved: "סקוואט טווח חלקי (להגבהה)" → https://vz-b17872ab-7a7.b-cdn.net/8286f82c-fdf8-4f05-8961-a0… @ webpack-internal:///(app-pages-browser)/./src/features/user/onboarding/services/visual-content-resolver.service.ts:239
[  286475ms] [LOG] [ContentResolver] Level 1 — exercise video resolved: "סקוואט טווח חלקי (להגבהה)" → https://vz-b17872ab-7a7.b-cdn.net/8286f82c-fdf8-4f05-8961-a0… @ webpack-internal:///(app-pages-browser)/./src/features/user/onboarding/services/visual-content-resolver.service.ts:239
[  286476ms] [LOG] [ContentResolver] Level 3 — exercise video resolved: "סקוואט קפיצה" → https://vz-b17872ab-7a7.b-cdn.net/57d8348b-3788-4dd1-880a-8b… @ webpack-internal:///(app-pages-browser)/./src/features/user/onboarding/services/visual-content-resolver.service.ts:239
[  286476ms] [LOG] [ContentResolver] Level 3 — exercise video resolved: "סקוואט קפיצה" → https://vz-b17872ab-7a7.b-cdn.net/57d8348b-3788-4dd1-880a-8b… @ webpack-internal:///(app-pages-browser)/./src/features/user/onboarding/services/visual-content-resolver.service.ts:239
[  297649ms] [LOG] [DEBUG-RESOLVER] Incoming Category: push Resolved Candidate IDs: [push, J0fLpmJhG0KDN2tQouxh] @ webpack-internal:///(app-pages-browser)/./src/features/user/onboarding/services/visual-content-resolver.service.ts:339
[  297650ms] [LOG] [DEBUG-RESOLVER] Incoming Category: push Resolved Candidate IDs: [push, J0fLpmJhG0KDN2tQouxh] @ webpack-internal:///(app-pages-browser)/./src/features/user/onboarding/services/visual-content-resolver.service.ts:339
[  297826ms] [LOG] [DEBUG-FIRESTORE] Querying IDs: [push, J0fLpmJhG0KDN2tQouxh] Snapshot size returned: 25 @ webpack-internal:///(app-pages-browser)/./src/features/user/onboarding/services/visual-assessment-content.service.ts:133
[  297826ms] [LOG] [DEBUG-FIRESTORE] showInOnboarding=true levels: [1, 4, 6, 9, 12, 14, 16, 18, 19, 20] (10 total) @ webpack-internal:///(app-pages-browser)/./src/features/user/onboarding/services/visual-assessment-content.service.ts:134
[  297826ms] [LOG] [DEBUG-RESOLVER] Final onboarding levels for "push": [1, 4, 6, 9, 12, 14, 16, 18, 19, 20] (10 total) @ webpack-internal:///(app-pages-browser)/./src/features/user/onboarding/services/visual-content-resolver.service.ts:341
[  297827ms] [LOG] [DEBUG-FIRESTORE] Querying IDs: [push, J0fLpmJhG0KDN2tQouxh] Snapshot size returned: 25 @ webpack-internal:///(app-pages-browser)/./src/features/user/onboarding/services/visual-assessment-content.service.ts:133
[  297827ms] [LOG] [DEBUG-FIRESTORE] showInOnboarding=true levels: [1, 4, 6, 9, 12, 14, 16, 18, 19, 20] (10 total) @ webpack-internal:///(app-pages-browser)/./src/features/user/onboarding/services/visual-assessment-content.service.ts:134
[  297827ms] [LOG] [DEBUG-RESOLVER] Final onboarding levels for "push": [1, 4, 6, 9, 12, 14, 16, 18, 19, 20] (10 total) @ webpack-internal:///(app-pages-browser)/./src/features/user/onboarding/services/visual-content-resolver.service.ts:341
[  297842ms] [LOG] [DEBUG-RESOLVER] resolveContent("push", 1) → programId="J0fLpmJhG0KDN2tQouxh" @ webpack-internal:///(app-pages-browser)/./src/features/user/onboarding/services/visual-content-resolver.service.ts:185
[  297843ms] [LOG] [DEBUG-RESOLVER] resolveContent("push", 2) → programId="J0fLpmJhG0KDN2tQouxh" @ webpack-internal:///(app-pages-browser)/./src/features/user/onboarding/services/visual-content-resolver.service.ts:185
[  297843ms] [LOG] [DEBUG-RESOLVER] resolveContent("push", 2) → programId="J0fLpmJhG0KDN2tQouxh" @ webpack-internal:///(app-pages-browser)/./src/features/user/onboarding/services/visual-content-resolver.service.ts:185
[  298101ms] [LOG] [VisualContentService] docToContent "J0fLpmJhG0KDN2tQouxh_2": {hasVideoVariantsField: true, hasVariantsField: false, rawType: array[0], parsedVariantsCount: 0, allTopLevelKeys: Array(14)} @ webpack-internal:///(app-pages-browser)/./src/features/user/onboarding/services/visual-assessment-content.service.ts:59
[  298101ms] [LOG] [DEBUG-RESOLVER] attempt1 getVisualContentItem("J0fLpmJhG0KDN2tQouxh", 2) → FOUND @ webpack-internal:///(app-pages-browser)/./src/features/user/onboarding/services/visual-content-resolver.service.ts:190
[  298101ms] [LOG] [VisualContentService] docToContent "J0fLpmJhG0KDN2tQouxh_2": {hasVideoVariantsField: true, hasVariantsField: false, rawType: array[0], parsedVariantsCount: 0, allTopLevelKeys: Array(14)} @ webpack-internal:///(app-pages-browser)/./src/features/user/onboarding/services/visual-assessment-content.service.ts:59
[  298101ms] [LOG] [DEBUG-RESOLVER] attempt1 getVisualContentItem("J0fLpmJhG0KDN2tQouxh", 2) → FOUND @ webpack-internal:///(app-pages-browser)/./src/features/user/onboarding/services/visual-content-resolver.service.ts:190
[  298212ms] [LOG] [ContentResolver] Level 2 — exercise video resolved: "שכיבות סמיכה ב-45°" → https://vz-b17872ab-7a7.b-cdn.net/bb502550-744f-46e3-8b18-62… @ webpack-internal:///(app-pages-browser)/./src/features/user/onboarding/services/visual-content-resolver.service.ts:239
[  298212ms] [LOG] [ContentResolver] Level 2 — exercise video resolved: "שכיבות סמיכה ב-45°" → https://vz-b17872ab-7a7.b-cdn.net/bb502550-744f-46e3-8b18-62… @ webpack-internal:///(app-pages-browser)/./src/features/user/onboarding/services/visual-content-resolver.service.ts:239
