[    2446ms] [WARNING] [2026-09-24T12:53:08.753Z]  @firebase/auth: Auth (12.6.0): Error while retrieving App Check token: FirebaseError: AppCheck: ReCAPTCHA error. (appCheck/recaptcha-error). @ https://outrun.co.il/_next/static/chunks/2532-16f59635ee5a761a.js:14
[    2895ms] [WARNING] [2026-09-24T12:53:09.202Z]  @firebase/auth: Auth (12.6.0): Error while retrieving App Check token: FirebaseError: AppCheck: ReCAPTCHA error. (appCheck/recaptcha-error). @ https://outrun.co.il/_next/static/chunks/2532-16f59635ee5a761a.js:14
[   22333ms] [LOG] [DEBUG-RESOLVER] Incoming Category: muscle_up Resolved Candidate IDs: [muscle_up, fTLWzjP9gH2VNpamyCZF] @ https://outrun.co.il/_next/static/chunks/2390-dc57abc8d12f6b2f.js:0
[   22840ms] [LOG] [DEBUG-RESOLVER] loadCategoryMap built: {human_flag: EtY8YCol0qpF6DzgcTx1, push: J0fLpmJhG0KDN2tQouxh, core: kDMpobbKsuVTByTIKUpe, pull: UPDBtTdCvX748dtBlWYj, one_arm_pullup: cC0BOmm6KIqYAyQynEIo} @ https://outrun.co.il/_next/static/chunks/2390-dc57abc8d12f6b2f.js:0
[   22840ms] [LOG] [DEBUG-RESOLVER] Incoming Category: front_lever Resolved Candidate IDs: [front_lever, mFcuYlNgKXLqWVUFo0zt] @ https://outrun.co.il/_next/static/chunks/2390-dc57abc8d12f6b2f.js:0
[   22841ms] [LOG] [DEBUG-RESOLVER] loadCategoryMap built: {human_flag: EtY8YCol0qpF6DzgcTx1, push: J0fLpmJhG0KDN2tQouxh, core: kDMpobbKsuVTByTIKUpe, pull: UPDBtTdCvX748dtBlWYj, one_arm_pullup: cC0BOmm6KIqYAyQynEIo} @ https://outrun.co.il/_next/static/chunks/2390-dc57abc8d12f6b2f.js:0
[   22841ms] [LOG] [DEBUG-RESOLVER] Incoming Category: planche Resolved Candidate IDs: [planche, pCI5NHXpowu2ySucqDn8] @ https://outrun.co.il/_next/static/chunks/2390-dc57abc8d12f6b2f.js:0
[   22841ms] [LOG] [DEBUG-RESOLVER] loadCategoryMap built: {human_flag: EtY8YCol0qpF6DzgcTx1, push: J0fLpmJhG0KDN2tQouxh, core: kDMpobbKsuVTByTIKUpe, pull: UPDBtTdCvX748dtBlWYj, one_arm_pullup: cC0BOmm6KIqYAyQynEIo} @ https://outrun.co.il/_next/static/chunks/2390-dc57abc8d12f6b2f.js:0
[   22841ms] [LOG] [DEBUG-RESOLVER] Incoming Category: handstand Resolved Candidate IDs: [handstand, IOfBZFeorTTDkcz3tOA6] @ https://outrun.co.il/_next/static/chunks/2390-dc57abc8d12f6b2f.js:0
[   22841ms] [LOG] [DEBUG-RESOLVER] loadCategoryMap built: {human_flag: EtY8YCol0qpF6DzgcTx1, push: J0fLpmJhG0KDN2tQouxh, core: kDMpobbKsuVTByTIKUpe, pull: UPDBtTdCvX748dtBlWYj, one_arm_pullup: cC0BOmm6KIqYAyQynEIo} @ https://outrun.co.il/_next/static/chunks/2390-dc57abc8d12f6b2f.js:0
[   22841ms] [LOG] [DEBUG-RESOLVER] Incoming Category: hspu Resolved Candidate IDs: [hspu, PAxprHuT7HjqrWU4wl0T] @ https://outrun.co.il/_next/static/chunks/2390-dc57abc8d12f6b2f.js:0
[   22841ms] [LOG] [DEBUG-RESOLVER] loadCategoryMap built: {human_flag: EtY8YCol0qpF6DzgcTx1, push: J0fLpmJhG0KDN2tQouxh, core: kDMpobbKsuVTByTIKUpe, pull: UPDBtTdCvX748dtBlWYj, one_arm_pullup: cC0BOmm6KIqYAyQynEIo} @ https://outrun.co.il/_next/static/chunks/2390-dc57abc8d12f6b2f.js:0
[   22841ms] [LOG] [DEBUG-RESOLVER] Incoming Category: one_arm_pullup Resolved Candidate IDs: [one_arm_pullup, cC0BOmm6KIqYAyQynEIo] @ https://outrun.co.il/_next/static/chunks/2390-dc57abc8d12f6b2f.js:0
[   22842ms] [LOG] [DEBUG-FIRESTORE] Querying IDs: [muscle_up, fTLWzjP9gH2VNpamyCZF] Snapshot size returned: 0 @ https://outrun.co.il/_next/static/chunks/2390-dc57abc8d12f6b2f.js:0
[   22842ms] [LOG] [DEBUG-FIRESTORE] showInOnboarding=true levels: [] (0 total) @ https://outrun.co.il/_next/static/chunks/2390-dc57abc8d12f6b2f.js:0
[   22842ms] [LOG] [DEBUG-RESOLVER] Final onboarding levels for "muscle_up": [] (0 total) @ https://outrun.co.il/_next/static/chunks/2390-dc57abc8d12f6b2f.js:0
[   23006ms] [LOG] [DEBUG-FIRESTORE] Querying IDs: [front_lever, mFcuYlNgKXLqWVUFo0zt] Snapshot size returned: 15 @ https://outrun.co.il/_next/static/chunks/2390-dc57abc8d12f6b2f.js:0
[   23006ms] [LOG] [DEBUG-FIRESTORE] showInOnboarding=true levels: [1, 3, 5, 7, 9, 11, 13] (7 total) @ https://outrun.co.il/_next/static/chunks/2390-dc57abc8d12f6b2f.js:0
[   23006ms] [LOG] [DEBUG-RESOLVER] Final onboarding levels for "front_lever": [1, 3, 5, 7, 9, 11, 13] (7 total) @ https://outrun.co.il/_next/static/chunks/2390-dc57abc8d12f6b2f.js:0
[   23007ms] [LOG] [DEBUG-FIRESTORE] Querying IDs: [planche, pCI5NHXpowu2ySucqDn8] Snapshot size returned: 15 @ https://outrun.co.il/_next/static/chunks/2390-dc57abc8d12f6b2f.js:0
[   23007ms] [LOG] [DEBUG-FIRESTORE] showInOnboarding=true levels: [1, 3, 5, 7, 10, 12, 13, 14, 15] (9 total) @ https://outrun.co.il/_next/static/chunks/2390-dc57abc8d12f6b2f.js:0
[   23007ms] [LOG] [DEBUG-RESOLVER] Final onboarding levels for "planche": [1, 3, 5, 7, 10, 12, 13, 14, 15] (9 total) @ https://outrun.co.il/_next/static/chunks/2390-dc57abc8d12f6b2f.js:0
[   23007ms] [LOG] [DEBUG-FIRESTORE] Querying IDs: [handstand, IOfBZFeorTTDkcz3tOA6] Snapshot size returned: 15 @ https://outrun.co.il/_next/static/chunks/2390-dc57abc8d12f6b2f.js:0
[   23007ms] [LOG] [DEBUG-FIRESTORE] showInOnboarding=true levels: [] (0 total) @ https://outrun.co.il/_next/static/chunks/2390-dc57abc8d12f6b2f.js:0
[   23007ms] [LOG] [DEBUG-RESOLVER] Final onboarding levels for "handstand": [] (0 total) @ https://outrun.co.il/_next/static/chunks/2390-dc57abc8d12f6b2f.js:0
[   23007ms] [LOG] [DEBUG-FIRESTORE] Querying IDs: [hspu, PAxprHuT7HjqrWU4wl0T] Snapshot size returned: 15 @ https://outrun.co.il/_next/static/chunks/2390-dc57abc8d12f6b2f.js:0
[   23007ms] [LOG] [DEBUG-FIRESTORE] showInOnboarding=true levels: [1, 3, 6, 8, 9, 10, 11, 12, 13, 14, 15] (11 total) @ https://outrun.co.il/_next/static/chunks/2390-dc57abc8d12f6b2f.js:0
[   23007ms] [LOG] [DEBUG-RESOLVER] Final onboarding levels for "hspu": [1, 3, 6, 8, 9, 10, 11, 12, 13, 14, 15] (11 total) @ https://outrun.co.il/_next/static/chunks/2390-dc57abc8d12f6b2f.js:0
[   23007ms] [LOG] [DEBUG-FIRESTORE] Querying IDs: [one_arm_pullup, cC0BOmm6KIqYAyQynEIo] Snapshot size returned: 15 @ https://outrun.co.il/_next/static/chunks/2390-dc57abc8d12f6b2f.js:0
[   23007ms] [LOG] [DEBUG-FIRESTORE] showInOnboarding=true levels: [1, 4, 6, 7, 8, 10, 11, 13] (8 total) @ https://outrun.co.il/_next/static/chunks/2390-dc57abc8d12f6b2f.js:0
[   23007ms] [LOG] [DEBUG-RESOLVER] Final onboarding levels for "one_arm_pullup": [1, 4, 6, 7, 8, 10, 11, 13] (8 total) @ https://outrun.co.il/_next/static/chunks/2390-dc57abc8d12f6b2f.js:0
[   50192ms] [LOG] [DEBUG-PAGE] pathConfig.path: skills | categories passed to VisualSlider: [front_lever, core] | skipTier: true @ https://outrun.co.il/_next/static/chunks/app/onboarding-new/assessment-visual/page-dbf274f6785e72db.js:0
[   50395ms] [LOG] [DEBUG-RESOLVER] loadCategoryMap built: {human_flag: EtY8YCol0qpF6DzgcTx1, push: J0fLpmJhG0KDN2tQouxh, core: kDMpobbKsuVTByTIKUpe, pull: UPDBtTdCvX748dtBlWYj, one_arm_pullup: cC0BOmm6KIqYAyQynEIo} @ https://outrun.co.il/_next/static/chunks/2390-dc57abc8d12f6b2f.js:0
[   50395ms] [LOG] [DEBUG-RESOLVER] Incoming Category: front_lever Resolved Candidate IDs: [front_lever, mFcuYlNgKXLqWVUFo0zt] @ https://outrun.co.il/_next/static/chunks/2390-dc57abc8d12f6b2f.js:0
[   50395ms] [LOG] [DEBUG-RESOLVER] loadCategoryMap built: {human_flag: EtY8YCol0qpF6DzgcTx1, push: J0fLpmJhG0KDN2tQouxh, core: kDMpobbKsuVTByTIKUpe, pull: UPDBtTdCvX748dtBlWYj, one_arm_pullup: cC0BOmm6KIqYAyQynEIo} @ https://outrun.co.il/_next/static/chunks/2390-dc57abc8d12f6b2f.js:0
[   50395ms] [LOG] [DEBUG-RESOLVER] Incoming Category: core Resolved Candidate IDs: [core, kDMpobbKsuVTByTIKUpe] @ https://outrun.co.il/_next/static/chunks/2390-dc57abc8d12f6b2f.js:0
[   50544ms] [LOG] [DEBUG-FIRESTORE] Querying IDs: [front_lever, mFcuYlNgKXLqWVUFo0zt] Snapshot size returned: 15 @ https://outrun.co.il/_next/static/chunks/2390-dc57abc8d12f6b2f.js:0
[   50544ms] [LOG] [DEBUG-FIRESTORE] showInOnboarding=true levels: [1, 3, 5, 7, 9, 11, 13] (7 total) @ https://outrun.co.il/_next/static/chunks/2390-dc57abc8d12f6b2f.js:0
[   50544ms] [LOG] [DEBUG-RESOLVER] Final onboarding levels for "front_lever": [1, 3, 5, 7, 9, 11, 13] (7 total) @ https://outrun.co.il/_next/static/chunks/2390-dc57abc8d12f6b2f.js:0
[   50545ms] [LOG] [DEBUG-RESOLVER] resolveContent("front_lever", 1) → programId="mFcuYlNgKXLqWVUFo0zt" @ https://outrun.co.il/_next/static/chunks/2390-dc57abc8d12f6b2f.js:0
[   50545ms] [LOG] [DEBUG-RESOLVER] resolveContent("front_lever", 3) → programId="mFcuYlNgKXLqWVUFo0zt" @ https://outrun.co.il/_next/static/chunks/2390-dc57abc8d12f6b2f.js:0
[   50546ms] [LOG] [DEBUG-PAGE] pathConfig.path: skills | categories passed to VisualSlider: [front_lever, core] | skipTier: true @ https://outrun.co.il/_next/static/chunks/app/onboarding-new/assessment-visual/page-dbf274f6785e72db.js:0
[   50546ms] [LOG] [DEBUG-RESOLVER] Incoming Category: front_lever Resolved Candidate IDs: [front_lever, mFcuYlNgKXLqWVUFo0zt] @ https://outrun.co.il/_next/static/chunks/2390-dc57abc8d12f6b2f.js:0
[   50546ms] [LOG] [DEBUG-RESOLVER] Incoming Category: core Resolved Candidate IDs: [core, kDMpobbKsuVTByTIKUpe] @ https://outrun.co.il/_next/static/chunks/2390-dc57abc8d12f6b2f.js:0
[   50556ms] [LOG] [DEBUG-FIRESTORE] Querying IDs: [core, kDMpobbKsuVTByTIKUpe] Snapshot size returned: 20 @ https://outrun.co.il/_next/static/chunks/2390-dc57abc8d12f6b2f.js:0
[   50556ms] [LOG] [DEBUG-FIRESTORE] showInOnboarding=true levels: [1, 3, 5, 7, 8, 10, 11, 14] (8 total) @ https://outrun.co.il/_next/static/chunks/2390-dc57abc8d12f6b2f.js:0
[   50556ms] [LOG] [DEBUG-RESOLVER] Final onboarding levels for "core": [1, 3, 5, 7, 8, 10, 11, 14] (8 total) @ https://outrun.co.il/_next/static/chunks/2390-dc57abc8d12f6b2f.js:0
[   50556ms] [LOG] [DEBUG-RESOLVER] resolveContent("core", 1) → programId="kDMpobbKsuVTByTIKUpe" @ https://outrun.co.il/_next/static/chunks/2390-dc57abc8d12f6b2f.js:0
[   50556ms] [LOG] [DEBUG-RESOLVER] resolveContent("core", 3) → programId="kDMpobbKsuVTByTIKUpe" @ https://outrun.co.il/_next/static/chunks/2390-dc57abc8d12f6b2f.js:0
[   50557ms] [LOG] [DEBUG-FIRESTORE] Querying IDs: [core, kDMpobbKsuVTByTIKUpe] Snapshot size returned: 20 @ https://outrun.co.il/_next/static/chunks/2390-dc57abc8d12f6b2f.js:0
[   50557ms] [LOG] [DEBUG-FIRESTORE] showInOnboarding=true levels: [1, 3, 5, 7, 8, 10, 11, 14] (8 total) @ https://outrun.co.il/_next/static/chunks/2390-dc57abc8d12f6b2f.js:0
[   50557ms] [LOG] [DEBUG-RESOLVER] Final onboarding levels for "core": [1, 3, 5, 7, 8, 10, 11, 14] (8 total) @ https://outrun.co.il/_next/static/chunks/2390-dc57abc8d12f6b2f.js:0
[   50557ms] [LOG] [DEBUG-RESOLVER] resolveContent("core", 1) → programId="kDMpobbKsuVTByTIKUpe" @ https://outrun.co.il/_next/static/chunks/2390-dc57abc8d12f6b2f.js:0
[   50557ms] [LOG] [DEBUG-RESOLVER] resolveContent("core", 3) → programId="kDMpobbKsuVTByTIKUpe" @ https://outrun.co.il/_next/static/chunks/2390-dc57abc8d12f6b2f.js:0
[   50683ms] [LOG] [VisualContentService] docToContent "mFcuYlNgKXLqWVUFo0zt_1": {hasVideoVariantsField: true, hasVariantsField: false, rawType: array[0], parsedVariantsCount: 0, allTopLevelKeys: Array(14)} @ https://outrun.co.il/_next/static/chunks/2390-dc57abc8d12f6b2f.js:0
[   50683ms] [LOG] [DEBUG-RESOLVER] attempt1 getVisualContentItem("mFcuYlNgKXLqWVUFo0zt", 1) → FOUND @ https://outrun.co.il/_next/static/chunks/2390-dc57abc8d12f6b2f.js:0
[   50683ms] [LOG] [VisualContentService] docToContent "mFcuYlNgKXLqWVUFo0zt_3": {hasVideoVariantsField: true, hasVariantsField: false, rawType: array[0], parsedVariantsCount: 0, allTopLevelKeys: Array(14)} @ https://outrun.co.il/_next/static/chunks/2390-dc57abc8d12f6b2f.js:0
[   50683ms] [LOG] [DEBUG-RESOLVER] attempt1 getVisualContentItem("mFcuYlNgKXLqWVUFo0zt", 3) → FOUND @ https://outrun.co.il/_next/static/chunks/2390-dc57abc8d12f6b2f.js:0
[   50684ms] [LOG] [DEBUG-FIRESTORE] Querying IDs: [front_lever, mFcuYlNgKXLqWVUFo0zt] Snapshot size returned: 15 @ https://outrun.co.il/_next/static/chunks/2390-dc57abc8d12f6b2f.js:0
[   50684ms] [LOG] [DEBUG-FIRESTORE] showInOnboarding=true levels: [1, 3, 5, 7, 9, 11, 13] (7 total) @ https://outrun.co.il/_next/static/chunks/2390-dc57abc8d12f6b2f.js:0
[   50684ms] [LOG] [DEBUG-RESOLVER] Final onboarding levels for "front_lever": [1, 3, 5, 7, 9, 11, 13] (7 total) @ https://outrun.co.il/_next/static/chunks/2390-dc57abc8d12f6b2f.js:0
[   50684ms] [LOG] [DEBUG-RESOLVER] resolveContent("front_lever", 1) → programId="mFcuYlNgKXLqWVUFo0zt" @ https://outrun.co.il/_next/static/chunks/2390-dc57abc8d12f6b2f.js:0
[   50684ms] [LOG] [DEBUG-RESOLVER] resolveContent("front_lever", 3) → programId="mFcuYlNgKXLqWVUFo0zt" @ https://outrun.co.il/_next/static/chunks/2390-dc57abc8d12f6b2f.js:0
[   50684ms] [LOG] [VisualContentService] docToContent "kDMpobbKsuVTByTIKUpe_1": {hasVideoVariantsField: true, hasVariantsField: false, rawType: array[0], parsedVariantsCount: 0, allTopLevelKeys: Array(14)} @ https://outrun.co.il/_next/static/chunks/2390-dc57abc8d12f6b2f.js:0
[   50684ms] [LOG] [DEBUG-RESOLVER] attempt1 getVisualContentItem("kDMpobbKsuVTByTIKUpe", 1) → FOUND @ https://outrun.co.il/_next/static/chunks/2390-dc57abc8d12f6b2f.js:0
[   50684ms] [LOG] [VisualContentService] docToContent "kDMpobbKsuVTByTIKUpe_1": {hasVideoVariantsField: true, hasVariantsField: false, rawType: array[0], parsedVariantsCount: 0, allTopLevelKeys: Array(14)} @ https://outrun.co.il/_next/static/chunks/2390-dc57abc8d12f6b2f.js:0
[   50684ms] [LOG] [DEBUG-RESOLVER] attempt1 getVisualContentItem("kDMpobbKsuVTByTIKUpe", 1) → FOUND @ https://outrun.co.il/_next/static/chunks/2390-dc57abc8d12f6b2f.js:0
[   50684ms] [LOG] [VisualContentService] docToContent "kDMpobbKsuVTByTIKUpe_3": {hasVideoVariantsField: true, hasVariantsField: false, rawType: array[0], parsedVariantsCount: 0, allTopLevelKeys: Array(14)} @ https://outrun.co.il/_next/static/chunks/2390-dc57abc8d12f6b2f.js:0
[   50684ms] [LOG] [DEBUG-RESOLVER] attempt1 getVisualContentItem("kDMpobbKsuVTByTIKUpe", 3) → FOUND @ https://outrun.co.il/_next/static/chunks/2390-dc57abc8d12f6b2f.js:0
[   50684ms] [LOG] [VisualContentService] docToContent "kDMpobbKsuVTByTIKUpe_3": {hasVideoVariantsField: true, hasVariantsField: false, rawType: array[0], parsedVariantsCount: 0, allTopLevelKeys: Array(14)} @ https://outrun.co.il/_next/static/chunks/2390-dc57abc8d12f6b2f.js:0
[   50684ms] [LOG] [DEBUG-RESOLVER] attempt1 getVisualContentItem("kDMpobbKsuVTByTIKUpe", 3) → FOUND @ https://outrun.co.il/_next/static/chunks/2390-dc57abc8d12f6b2f.js:0
[   50830ms] [LOG] [ContentResolver] Level 1 — exercise video resolved: "מתח סופינציה" → https://vz-b17872ab-7a7.b-cdn.net/6f2db76f-5634-4fe6-bfa8-b1… @ https://outrun.co.il/_next/static/chunks/2390-dc57abc8d12f6b2f.js:0
[   50830ms] [LOG] [ContentResolver] Level 3 — exercise video resolved: "מתח רחב" → https://vz-b17872ab-7a7.b-cdn.net/b94feac8-97fa-407e-844e-cc… @ https://outrun.co.il/_next/static/chunks/2390-dc57abc8d12f6b2f.js:0
[   50830ms] [LOG] [VisualContentService] docToContent "mFcuYlNgKXLqWVUFo0zt_1": {hasVideoVariantsField: true, hasVariantsField: false, rawType: array[0], parsedVariantsCount: 0, allTopLevelKeys: Array(14)} @ https://outrun.co.il/_next/static/chunks/2390-dc57abc8d12f6b2f.js:0
[   50830ms] [LOG] [DEBUG-RESOLVER] attempt1 getVisualContentItem("mFcuYlNgKXLqWVUFo0zt", 1) → FOUND @ https://outrun.co.il/_next/static/chunks/2390-dc57abc8d12f6b2f.js:0
[   50830ms] [LOG] [VisualContentService] docToContent "mFcuYlNgKXLqWVUFo0zt_3": {hasVideoVariantsField: true, hasVariantsField: false, rawType: array[0], parsedVariantsCount: 0, allTopLevelKeys: Array(14)} @ https://outrun.co.il/_next/static/chunks/2390-dc57abc8d12f6b2f.js:0
[   50830ms] [LOG] [DEBUG-RESOLVER] attempt1 getVisualContentItem("mFcuYlNgKXLqWVUFo0zt", 3) → FOUND @ https://outrun.co.il/_next/static/chunks/2390-dc57abc8d12f6b2f.js:0
[   50830ms] [LOG] [ContentResolver] Level 1 — exercise video resolved: "פלאנק על הברכיים" → https://vz-b17872ab-7a7.b-cdn.net/3011b6ff-f251-4c7b-81f4-e2… @ https://outrun.co.il/_next/static/chunks/2390-dc57abc8d12f6b2f.js:0
[   50831ms] [LOG] [ContentResolver] Level 1 — exercise video resolved: "פלאנק על הברכיים" → https://vz-b17872ab-7a7.b-cdn.net/3011b6ff-f251-4c7b-81f4-e2… @ https://outrun.co.il/_next/static/chunks/2390-dc57abc8d12f6b2f.js:0
[   50831ms] [LOG] [ContentResolver] Level 3 — exercise video resolved: "פלאנק עליות ונגיעות בכתפיים" → https://vz-b17872ab-7a7.b-cdn.net/4d5bc37c-3994-4574-ace7-12… @ https://outrun.co.il/_next/static/chunks/2390-dc57abc8d12f6b2f.js:0
[   50831ms] [LOG] [ContentResolver] Level 3 — exercise video resolved: "פלאנק עליות ונגיעות בכתפיים" → https://vz-b17872ab-7a7.b-cdn.net/4d5bc37c-3994-4574-ace7-12… @ https://outrun.co.il/_next/static/chunks/2390-dc57abc8d12f6b2f.js:0
[   50938ms] [LOG] [ContentResolver] Level 1 — exercise video resolved: "מתח סופינציה" → https://vz-b17872ab-7a7.b-cdn.net/6f2db76f-5634-4fe6-bfa8-b1… @ https://outrun.co.il/_next/static/chunks/2390-dc57abc8d12f6b2f.js:0
[   50939ms] [LOG] [ContentResolver] Level 3 — exercise video resolved: "מתח רחב" → https://vz-b17872ab-7a7.b-cdn.net/b94feac8-97fa-407e-844e-cc… @ https://outrun.co.il/_next/static/chunks/2390-dc57abc8d12f6b2f.js:0
[   58772ms] [LOG] [DEBUG-RESOLVER] Incoming Category: front_lever Resolved Candidate IDs: [front_lever, mFcuYlNgKXLqWVUFo0zt] @ https://outrun.co.il/_next/static/chunks/2390-dc57abc8d12f6b2f.js:0
[   58932ms] [LOG] [DEBUG-FIRESTORE] Querying IDs: [front_lever, mFcuYlNgKXLqWVUFo0zt] Snapshot size returned: 15 @ https://outrun.co.il/_next/static/chunks/2390-dc57abc8d12f6b2f.js:0
[   58932ms] [LOG] [DEBUG-FIRESTORE] showInOnboarding=true levels: [1, 3, 5, 7, 9, 11, 13] (7 total) @ https://outrun.co.il/_next/static/chunks/2390-dc57abc8d12f6b2f.js:0
[   58932ms] [LOG] [DEBUG-RESOLVER] Final onboarding levels for "front_lever": [1, 3, 5, 7, 9, 11, 13] (7 total) @ https://outrun.co.il/_next/static/chunks/2390-dc57abc8d12f6b2f.js:0
[   58937ms] [LOG] [DEBUG-RESOLVER] resolveContent("front_lever", 1) → programId="mFcuYlNgKXLqWVUFo0zt" @ https://outrun.co.il/_next/static/chunks/2390-dc57abc8d12f6b2f.js:0
[   58937ms] [LOG] [DEBUG-RESOLVER] resolveContent("front_lever", 3) → programId="mFcuYlNgKXLqWVUFo0zt" @ https://outrun.co.il/_next/static/chunks/2390-dc57abc8d12f6b2f.js:0
[   58937ms] [LOG] [DEBUG-RESOLVER] resolveContent("front_lever", 5) → programId="mFcuYlNgKXLqWVUFo0zt" @ https://outrun.co.il/_next/static/chunks/2390-dc57abc8d12f6b2f.js:0
[   58937ms] [LOG] [DEBUG-RESOLVER] resolveContent("front_lever", 7) → programId="mFcuYlNgKXLqWVUFo0zt" @ https://outrun.co.il/_next/static/chunks/2390-dc57abc8d12f6b2f.js:0
[   58937ms] [LOG] [DEBUG-RESOLVER] resolveContent("front_lever", 9) → programId="mFcuYlNgKXLqWVUFo0zt" @ https://outrun.co.il/_next/static/chunks/2390-dc57abc8d12f6b2f.js:0
[   58937ms] [LOG] [DEBUG-RESOLVER] resolveContent("front_lever", 11) → programId="mFcuYlNgKXLqWVUFo0zt" @ https://outrun.co.il/_next/static/chunks/2390-dc57abc8d12f6b2f.js:0
[   58937ms] [LOG] [DEBUG-RESOLVER] resolveContent("front_lever", 13) → programId="mFcuYlNgKXLqWVUFo0zt" @ https://outrun.co.il/_next/static/chunks/2390-dc57abc8d12f6b2f.js:0
[   58937ms] [LOG] [DEBUG-RESOLVER] resolveContent("front_lever", 1) → programId="mFcuYlNgKXLqWVUFo0zt" @ https://outrun.co.il/_next/static/chunks/2390-dc57abc8d12f6b2f.js:0
[   58938ms] [LOG] [DEBUG-RESOLVER] resolveContent("front_lever", 2) → programId="mFcuYlNgKXLqWVUFo0zt" @ https://outrun.co.il/_next/static/chunks/2390-dc57abc8d12f6b2f.js:0
[   58938ms] [LOG] [DEBUG-RESOLVER] resolveContent("front_lever", 2) → programId="mFcuYlNgKXLqWVUFo0zt" @ https://outrun.co.il/_next/static/chunks/2390-dc57abc8d12f6b2f.js:0
[   59116ms] [LOG] [VisualContentService] docToContent "mFcuYlNgKXLqWVUFo0zt_5": {hasVideoVariantsField: true, hasVariantsField: false, rawType: array[0], parsedVariantsCount: 0, allTopLevelKeys: Array(14)} @ https://outrun.co.il/_next/static/chunks/2390-dc57abc8d12f6b2f.js:0
[   59116ms] [LOG] [DEBUG-RESOLVER] attempt1 getVisualContentItem("mFcuYlNgKXLqWVUFo0zt", 5) → FOUND @ https://outrun.co.il/_next/static/chunks/2390-dc57abc8d12f6b2f.js:0
[   59116ms] [LOG] [VisualContentService] docToContent "mFcuYlNgKXLqWVUFo0zt_7": {hasVideoVariantsField: true, hasVariantsField: false, rawType: array[0], parsedVariantsCount: 0, allTopLevelKeys: Array(14)} @ https://outrun.co.il/_next/static/chunks/2390-dc57abc8d12f6b2f.js:0
[   59116ms] [LOG] [DEBUG-RESOLVER] attempt1 getVisualContentItem("mFcuYlNgKXLqWVUFo0zt", 7) → FOUND @ https://outrun.co.il/_next/static/chunks/2390-dc57abc8d12f6b2f.js:0
[   59116ms] [LOG] [VisualContentService] docToContent "mFcuYlNgKXLqWVUFo0zt_9": {hasVideoVariantsField: true, hasVariantsField: false, rawType: array[0], parsedVariantsCount: 0, allTopLevelKeys: Array(14)} @ https://outrun.co.il/_next/static/chunks/2390-dc57abc8d12f6b2f.js:0
[   59117ms] [LOG] [DEBUG-RESOLVER] attempt1 getVisualContentItem("mFcuYlNgKXLqWVUFo0zt", 9) → FOUND @ https://outrun.co.il/_next/static/chunks/2390-dc57abc8d12f6b2f.js:0
[   59117ms] [LOG] [VisualContentService] docToContent "mFcuYlNgKXLqWVUFo0zt_11": {hasVideoVariantsField: true, hasVariantsField: false, rawType: array[0], parsedVariantsCount: 0, allTopLevelKeys: Array(14)} @ https://outrun.co.il/_next/static/chunks/2390-dc57abc8d12f6b2f.js:0
[   59117ms] [LOG] [DEBUG-RESOLVER] attempt1 getVisualContentItem("mFcuYlNgKXLqWVUFo0zt", 11) → FOUND @ https://outrun.co.il/_next/static/chunks/2390-dc57abc8d12f6b2f.js:0
[   59117ms] [LOG] [VisualContentService] docToContent "mFcuYlNgKXLqWVUFo0zt_13": {hasVideoVariantsField: true, hasVariantsField: false, rawType: array[0], parsedVariantsCount: 0, allTopLevelKeys: Array(14)} @ https://outrun.co.il/_next/static/chunks/2390-dc57abc8d12f6b2f.js:0
[   59117ms] [LOG] [DEBUG-RESOLVER] attempt1 getVisualContentItem("mFcuYlNgKXLqWVUFo0zt", 13) → FOUND @ https://outrun.co.il/_next/static/chunks/2390-dc57abc8d12f6b2f.js:0
[   59117ms] [LOG] [VisualContentService] docToContent "mFcuYlNgKXLqWVUFo0zt_2": {hasVideoVariantsField: true, hasVariantsField: false, rawType: array[0], parsedVariantsCount: 0, allTopLevelKeys: Array(14)} @ https://outrun.co.il/_next/static/chunks/2390-dc57abc8d12f6b2f.js:0
[   59117ms] [LOG] [DEBUG-RESOLVER] attempt1 getVisualContentItem("mFcuYlNgKXLqWVUFo0zt", 2) → FOUND @ https://outrun.co.il/_next/static/chunks/2390-dc57abc8d12f6b2f.js:0
[   59117ms] [LOG] [VisualContentService] docToContent "mFcuYlNgKXLqWVUFo0zt_2": {hasVideoVariantsField: true, hasVariantsField: false, rawType: array[0], parsedVariantsCount: 0, allTopLevelKeys: Array(14)} @ https://outrun.co.il/_next/static/chunks/2390-dc57abc8d12f6b2f.js:0
[   59117ms] [LOG] [DEBUG-RESOLVER] attempt1 getVisualContentItem("mFcuYlNgKXLqWVUFo0zt", 2) → FOUND @ https://outrun.co.il/_next/static/chunks/2390-dc57abc8d12f6b2f.js:0
[   59251ms] [LOG] [ContentResolver] Level 5 — exercise video resolved: "פרונט לבר בטאק" → https://vz-b17872ab-7a7.b-cdn.net/4492d3f7-76b8-4f6c-8bdd-e1… @ https://outrun.co.il/_next/static/chunks/2390-dc57abc8d12f6b2f.js:0
[   59251ms] [LOG] [ContentResolver] Level 7 — exercise video resolved: "פרונט לבר בטאק מתקדם" → https://vz-b17872ab-7a7.b-cdn.net/6991a593-e8da-4380-a1e1-ab… @ https://outrun.co.il/_next/static/chunks/2390-dc57abc8d12f6b2f.js:0
[   59251ms] [LOG] [ContentResolver] Level 9 — exercise video resolved: "פרונט לבר יהלום" → https://vz-b17872ab-7a7.b-cdn.net/672db07c-e6e2-4024-bbd7-ea… @ https://outrun.co.il/_next/static/chunks/2390-dc57abc8d12f6b2f.js:0
[   59252ms] [LOG] [ContentResolver] Level 11 — exercise video resolved: "פרונט לבר בפישוק" → https://vz-b17872ab-7a7.b-cdn.net/ba8207a0-78fa-49b6-bf30-f0… @ https://outrun.co.il/_next/static/chunks/2390-dc57abc8d12f6b2f.js:0
[   59252ms] [LOG] [ContentResolver] Level 13 — exercise video resolved: "פרונט לבר מלא" → https://vz-b17872ab-7a7.b-cdn.net/a0eec03c-558d-4346-99a7-6c… @ https://outrun.co.il/_next/static/chunks/2390-dc57abc8d12f6b2f.js:0
[   59316ms] [LOG] [ContentResolver] Level 2 — exercise video resolved: "מתח קומנדו" → https://vz-b17872ab-7a7.b-cdn.net/fc8e9782-ed5b-4047-9ac2-1f… @ https://outrun.co.il/_next/static/chunks/2390-dc57abc8d12f6b2f.js:0
[   59316ms] [LOG] [ContentResolver] Level 2 — exercise video resolved: "מתח קומנדו" → https://vz-b17872ab-7a7.b-cdn.net/fc8e9782-ed5b-4047-9ac2-1f… @ https://outrun.co.il/_next/static/chunks/2390-dc57abc8d12f6b2f.js:0
[   75140ms] [LOG] [DEBUG-PAGE] pathConfig.path: body_focus | categories passed to VisualSlider: [pull] | skipTier: true @ https://outrun.co.il/_next/static/chunks/app/onboarding-new/assessment-visual/page-dbf274f6785e72db.js:0
[   75141ms] [LOG] [DEBUG-RESOLVER] Incoming Category: pull Resolved Candidate IDs: [pull, UPDBtTdCvX748dtBlWYj] @ https://outrun.co.il/_next/static/chunks/2390-dc57abc8d12f6b2f.js:0
[   75333ms] [LOG] [DEBUG-PAGE] pathConfig.path: body_focus | categories passed to VisualSlider: [pull] | skipTier: true @ https://outrun.co.il/_next/static/chunks/app/onboarding-new/assessment-visual/page-dbf274f6785e72db.js:0
[   75333ms] [LOG] [DEBUG-RESOLVER] Incoming Category: pull Resolved Candidate IDs: [pull, UPDBtTdCvX748dtBlWYj] @ https://outrun.co.il/_next/static/chunks/2390-dc57abc8d12f6b2f.js:0
[   75339ms] [LOG] [DEBUG-FIRESTORE] Querying IDs: [pull, UPDBtTdCvX748dtBlWYj] Snapshot size returned: 25 @ https://outrun.co.il/_next/static/chunks/2390-dc57abc8d12f6b2f.js:0
[   75339ms] [LOG] [DEBUG-FIRESTORE] showInOnboarding=true levels: [1, 4, 6, 10, 14, 17, 19, 20] (8 total) @ https://outrun.co.il/_next/static/chunks/2390-dc57abc8d12f6b2f.js:0
[   75339ms] [LOG] [DEBUG-RESOLVER] Final onboarding levels for "pull": [1, 4, 6, 10, 14, 17, 19, 20] (8 total) @ https://outrun.co.il/_next/static/chunks/2390-dc57abc8d12f6b2f.js:0
[   75339ms] [LOG] [DEBUG-RESOLVER] resolveContent("pull", 1) → programId="UPDBtTdCvX748dtBlWYj" @ https://outrun.co.il/_next/static/chunks/2390-dc57abc8d12f6b2f.js:0
[   75339ms] [LOG] [DEBUG-RESOLVER] resolveContent("pull", 4) → programId="UPDBtTdCvX748dtBlWYj" @ https://outrun.co.il/_next/static/chunks/2390-dc57abc8d12f6b2f.js:0
[   75339ms] [LOG] [DEBUG-FIRESTORE] Querying IDs: [pull, UPDBtTdCvX748dtBlWYj] Snapshot size returned: 25 @ https://outrun.co.il/_next/static/chunks/2390-dc57abc8d12f6b2f.js:0
[   75339ms] [LOG] [DEBUG-FIRESTORE] showInOnboarding=true levels: [1, 4, 6, 10, 14, 17, 19, 20] (8 total) @ https://outrun.co.il/_next/static/chunks/2390-dc57abc8d12f6b2f.js:0
[   75339ms] [LOG] [DEBUG-RESOLVER] Final onboarding levels for "pull": [1, 4, 6, 10, 14, 17, 19, 20] (8 total) @ https://outrun.co.il/_next/static/chunks/2390-dc57abc8d12f6b2f.js:0
[   75339ms] [LOG] [DEBUG-RESOLVER] resolveContent("pull", 1) → programId="UPDBtTdCvX748dtBlWYj" @ https://outrun.co.il/_next/static/chunks/2390-dc57abc8d12f6b2f.js:0
[   75339ms] [LOG] [DEBUG-RESOLVER] resolveContent("pull", 4) → programId="UPDBtTdCvX748dtBlWYj" @ https://outrun.co.il/_next/static/chunks/2390-dc57abc8d12f6b2f.js:0
[   75464ms] [LOG] [VisualContentService] docToContent "UPDBtTdCvX748dtBlWYj_1": {hasVideoVariantsField: true, hasVariantsField: false, rawType: array[0], parsedVariantsCount: 0, allTopLevelKeys: Array(14)} @ https://outrun.co.il/_next/static/chunks/2390-dc57abc8d12f6b2f.js:0
[   75464ms] [LOG] [DEBUG-RESOLVER] attempt1 getVisualContentItem("UPDBtTdCvX748dtBlWYj", 1) → FOUND @ https://outrun.co.il/_next/static/chunks/2390-dc57abc8d12f6b2f.js:0
[   75464ms] [LOG] [VisualContentService] docToContent "UPDBtTdCvX748dtBlWYj_1": {hasVideoVariantsField: true, hasVariantsField: false, rawType: array[0], parsedVariantsCount: 0, allTopLevelKeys: Array(14)} @ https://outrun.co.il/_next/static/chunks/2390-dc57abc8d12f6b2f.js:0
[   75464ms] [LOG] [DEBUG-RESOLVER] attempt1 getVisualContentItem("UPDBtTdCvX748dtBlWYj", 1) → FOUND @ https://outrun.co.il/_next/static/chunks/2390-dc57abc8d12f6b2f.js:0
[   75464ms] [LOG] [VisualContentService] docToContent "UPDBtTdCvX748dtBlWYj_4": {hasVideoVariantsField: true, hasVariantsField: false, rawType: array[0], parsedVariantsCount: 0, allTopLevelKeys: Array(14)} @ https://outrun.co.il/_next/static/chunks/2390-dc57abc8d12f6b2f.js:0
[   75464ms] [LOG] [DEBUG-RESOLVER] attempt1 getVisualContentItem("UPDBtTdCvX748dtBlWYj", 4) → FOUND @ https://outrun.co.il/_next/static/chunks/2390-dc57abc8d12f6b2f.js:0
[   75464ms] [LOG] [VisualContentService] docToContent "UPDBtTdCvX748dtBlWYj_4": {hasVideoVariantsField: true, hasVariantsField: false, rawType: array[0], parsedVariantsCount: 0, allTopLevelKeys: Array(14)} @ https://outrun.co.il/_next/static/chunks/2390-dc57abc8d12f6b2f.js:0
[   75464ms] [LOG] [DEBUG-RESOLVER] attempt1 getVisualContentItem("UPDBtTdCvX748dtBlWYj", 4) → FOUND @ https://outrun.co.il/_next/static/chunks/2390-dc57abc8d12f6b2f.js:0
[   75470ms] [LOG] [DEBUG-RESOLVER] Incoming Category: pull Resolved Candidate IDs: [pull, UPDBtTdCvX748dtBlWYj] @ https://outrun.co.il/_next/static/chunks/2390-dc57abc8d12f6b2f.js:0
[   75600ms] [LOG] [ContentResolver] Level 1 — exercise video resolved: "חתירות ב-75°" → https://vz-b17872ab-7a7.b-cdn.net/90762fc3-e7d8-4070-a312-46… @ https://outrun.co.il/_next/static/chunks/2390-dc57abc8d12f6b2f.js:0
[   75601ms] [LOG] [ContentResolver] Level 1 — exercise video resolved: "חתירות ב-75°" → https://vz-b17872ab-7a7.b-cdn.net/90762fc3-e7d8-4070-a312-46… @ https://outrun.co.il/_next/static/chunks/2390-dc57abc8d12f6b2f.js:0
[   75601ms] [LOG] [ContentResolver] Level 4 — exercise video resolved: "חתירות ב-15° עם ברכיים כפופות" → https://vz-b17872ab-7a7.b-cdn.net/65b8ee9b-baf7-4ed1-834a-2f… @ https://outrun.co.il/_next/static/chunks/2390-dc57abc8d12f6b2f.js:0
[   75601ms] [LOG] [ContentResolver] Level 4 — exercise video resolved: "חתירות ב-15° עם ברכיים כפופות" → https://vz-b17872ab-7a7.b-cdn.net/65b8ee9b-baf7-4ed1-834a-2f… @ https://outrun.co.il/_next/static/chunks/2390-dc57abc8d12f6b2f.js:0
[   75602ms] [LOG] [DEBUG-FIRESTORE] Querying IDs: [pull, UPDBtTdCvX748dtBlWYj] Snapshot size returned: 25 @ https://outrun.co.il/_next/static/chunks/2390-dc57abc8d12f6b2f.js:0
[   75602ms] [LOG] [DEBUG-FIRESTORE] showInOnboarding=true levels: [1, 4, 6, 10, 14, 17, 19, 20] (8 total) @ https://outrun.co.il/_next/static/chunks/2390-dc57abc8d12f6b2f.js:0
[   75602ms] [LOG] [DEBUG-RESOLVER] Final onboarding levels for "pull": [1, 4, 6, 10, 14, 17, 19, 20] (8 total) @ https://outrun.co.il/_next/static/chunks/2390-dc57abc8d12f6b2f.js:0
[   75605ms] [LOG] [DEBUG-RESOLVER] resolveContent("pull", 1) → programId="UPDBtTdCvX748dtBlWYj" @ https://outrun.co.il/_next/static/chunks/2390-dc57abc8d12f6b2f.js:0
[   75605ms] [LOG] [DEBUG-RESOLVER] resolveContent("pull", 4) → programId="UPDBtTdCvX748dtBlWYj" @ https://outrun.co.il/_next/static/chunks/2390-dc57abc8d12f6b2f.js:0
[   75605ms] [LOG] [DEBUG-RESOLVER] resolveContent("pull", 6) → programId="UPDBtTdCvX748dtBlWYj" @ https://outrun.co.il/_next/static/chunks/2390-dc57abc8d12f6b2f.js:0
[   75605ms] [LOG] [DEBUG-RESOLVER] resolveContent("pull", 10) → programId="UPDBtTdCvX748dtBlWYj" @ https://outrun.co.il/_next/static/chunks/2390-dc57abc8d12f6b2f.js:0
[   75605ms] [LOG] [DEBUG-RESOLVER] resolveContent("pull", 14) → programId="UPDBtTdCvX748dtBlWYj" @ https://outrun.co.il/_next/static/chunks/2390-dc57abc8d12f6b2f.js:0
[   75606ms] [LOG] [DEBUG-RESOLVER] resolveContent("pull", 17) → programId="UPDBtTdCvX748dtBlWYj" @ https://outrun.co.il/_next/static/chunks/2390-dc57abc8d12f6b2f.js:0
[   75606ms] [LOG] [DEBUG-RESOLVER] resolveContent("pull", 19) → programId="UPDBtTdCvX748dtBlWYj" @ https://outrun.co.il/_next/static/chunks/2390-dc57abc8d12f6b2f.js:0
[   75606ms] [LOG] [DEBUG-RESOLVER] resolveContent("pull", 20) → programId="UPDBtTdCvX748dtBlWYj" @ https://outrun.co.il/_next/static/chunks/2390-dc57abc8d12f6b2f.js:0
[   75606ms] [LOG] [DEBUG-RESOLVER] resolveContent("pull", 1) → programId="UPDBtTdCvX748dtBlWYj" @ https://outrun.co.il/_next/static/chunks/2390-dc57abc8d12f6b2f.js:0
[   75606ms] [LOG] [DEBUG-RESOLVER] resolveContent("pull", 2) → programId="UPDBtTdCvX748dtBlWYj" @ https://outrun.co.il/_next/static/chunks/2390-dc57abc8d12f6b2f.js:0
[   75606ms] [LOG] [DEBUG-RESOLVER] resolveContent("pull", 2) → programId="UPDBtTdCvX748dtBlWYj" @ https://outrun.co.il/_next/static/chunks/2390-dc57abc8d12f6b2f.js:0
[   75734ms] [LOG] [VisualContentService] docToContent "UPDBtTdCvX748dtBlWYj_6": {hasVideoVariantsField: true, hasVariantsField: false, rawType: array[0], parsedVariantsCount: 0, allTopLevelKeys: Array(14)} @ https://outrun.co.il/_next/static/chunks/2390-dc57abc8d12f6b2f.js:0
[   75734ms] [LOG] [DEBUG-RESOLVER] attempt1 getVisualContentItem("UPDBtTdCvX748dtBlWYj", 6) → FOUND @ https://outrun.co.il/_next/static/chunks/2390-dc57abc8d12f6b2f.js:0
[   75734ms] [LOG] [VisualContentService] docToContent "UPDBtTdCvX748dtBlWYj_10": {hasVideoVariantsField: true, hasVariantsField: false, rawType: array[0], parsedVariantsCount: 0, allTopLevelKeys: Array(14)} @ https://outrun.co.il/_next/static/chunks/2390-dc57abc8d12f6b2f.js:0
[   75734ms] [LOG] [DEBUG-RESOLVER] attempt1 getVisualContentItem("UPDBtTdCvX748dtBlWYj", 10) → FOUND @ https://outrun.co.il/_next/static/chunks/2390-dc57abc8d12f6b2f.js:0
[   75734ms] [LOG] [VisualContentService] docToContent "UPDBtTdCvX748dtBlWYj_14": {hasVideoVariantsField: true, hasVariantsField: false, rawType: array[0], parsedVariantsCount: 0, allTopLevelKeys: Array(14)} @ https://outrun.co.il/_next/static/chunks/2390-dc57abc8d12f6b2f.js:0
[   75734ms] [LOG] [DEBUG-RESOLVER] attempt1 getVisualContentItem("UPDBtTdCvX748dtBlWYj", 14) → FOUND @ https://outrun.co.il/_next/static/chunks/2390-dc57abc8d12f6b2f.js:0
[   75734ms] [LOG] [VisualContentService] docToContent "UPDBtTdCvX748dtBlWYj_17": {hasVideoVariantsField: true, hasVariantsField: false, rawType: array[0], parsedVariantsCount: 0, allTopLevelKeys: Array(14)} @ https://outrun.co.il/_next/static/chunks/2390-dc57abc8d12f6b2f.js:0
[   75734ms] [LOG] [DEBUG-RESOLVER] attempt1 getVisualContentItem("UPDBtTdCvX748dtBlWYj", 17) → FOUND @ https://outrun.co.il/_next/static/chunks/2390-dc57abc8d12f6b2f.js:0
[   75734ms] [LOG] [VisualContentService] docToContent "UPDBtTdCvX748dtBlWYj_19": {hasVideoVariantsField: true, hasVariantsField: false, rawType: array[0], parsedVariantsCount: 0, allTopLevelKeys: Array(14)} @ https://outrun.co.il/_next/static/chunks/2390-dc57abc8d12f6b2f.js:0
[   75734ms] [LOG] [DEBUG-RESOLVER] attempt1 getVisualContentItem("UPDBtTdCvX748dtBlWYj", 19) → FOUND @ https://outrun.co.il/_next/static/chunks/2390-dc57abc8d12f6b2f.js:0
[   75734ms] [LOG] [VisualContentService] docToContent "UPDBtTdCvX748dtBlWYj_20": {hasVideoVariantsField: true, hasVariantsField: false, rawType: array[0], parsedVariantsCount: 0, allTopLevelKeys: Array(14)} @ https://outrun.co.il/_next/static/chunks/2390-dc57abc8d12f6b2f.js:0
[   75734ms] [LOG] [DEBUG-RESOLVER] attempt1 getVisualContentItem("UPDBtTdCvX748dtBlWYj", 20) → FOUND @ https://outrun.co.il/_next/static/chunks/2390-dc57abc8d12f6b2f.js:0
[   75734ms] [LOG] [VisualContentService] docToContent "UPDBtTdCvX748dtBlWYj_2": {hasVideoVariantsField: true, hasVariantsField: false, rawType: array[0], parsedVariantsCount: 0, allTopLevelKeys: Array(14)} @ https://outrun.co.il/_next/static/chunks/2390-dc57abc8d12f6b2f.js:0
[   75734ms] [LOG] [DEBUG-RESOLVER] attempt1 getVisualContentItem("UPDBtTdCvX748dtBlWYj", 2) → FOUND @ https://outrun.co.il/_next/static/chunks/2390-dc57abc8d12f6b2f.js:0
[   75734ms] [LOG] [VisualContentService] docToContent "UPDBtTdCvX748dtBlWYj_2": {hasVideoVariantsField: true, hasVariantsField: false, rawType: array[0], parsedVariantsCount: 0, allTopLevelKeys: Array(14)} @ https://outrun.co.il/_next/static/chunks/2390-dc57abc8d12f6b2f.js:0
[   75734ms] [LOG] [DEBUG-RESOLVER] attempt1 getVisualContentItem("UPDBtTdCvX748dtBlWYj", 2) → FOUND @ https://outrun.co.il/_next/static/chunks/2390-dc57abc8d12f6b2f.js:0
[   75873ms] [LOG] [ContentResolver] Level 6 — exercise video resolved: "מתח עם גומייה עבה" → https://vz-b17872ab-7a7.b-cdn.net/6ff58ac8-9c8f-456d-9145-12… @ https://outrun.co.il/_next/static/chunks/2390-dc57abc8d12f6b2f.js:0
[   75874ms] [LOG] [ContentResolver] Level 10 — exercise video resolved: "מתח סופינציה" → https://vz-b17872ab-7a7.b-cdn.net/6f2db76f-5634-4fe6-bfa8-b1… @ https://outrun.co.il/_next/static/chunks/2390-dc57abc8d12f6b2f.js:0
[   75874ms] [LOG] [ContentResolver] Level 14 — exercise video resolved: "פרונט לבר בטאק" → https://vz-b17872ab-7a7.b-cdn.net/4492d3f7-76b8-4f6c-8bdd-e1… @ https://outrun.co.il/_next/static/chunks/2390-dc57abc8d12f6b2f.js:0
[   75889ms] [LOG] [ContentResolver] Level 17 — exercise video resolved: "מתח קשתים" → https://vz-b17872ab-7a7.b-cdn.net/fd8caf8e-0541-424e-a1c1-b5… @ https://outrun.co.il/_next/static/chunks/2390-dc57abc8d12f6b2f.js:0
[   75889ms] [LOG] [ContentResolver] Level 19 — exercise video resolved: "החזקת מתח יד אחת ב-90°" → https://vz-b17872ab-7a7.b-cdn.net/81ce89c8-cd72-488b-9f5e-77… @ https://outrun.co.il/_next/static/chunks/2390-dc57abc8d12f6b2f.js:0
[   75949ms] [LOG] [VisualContentService] docToContent "UPDBtTdCvX748dtBlWYj_19": {hasVideoVariantsField: true, hasVariantsField: false, rawType: array[0], parsedVariantsCount: 0, allTopLevelKeys: Array(14)} @ https://outrun.co.il/_next/static/chunks/2390-dc57abc8d12f6b2f.js:0
[   75949ms] [LOG] [ContentResolver] Level 2 — exercise video resolved: "תלייה פסיבית" → https://vz-b17872ab-7a7.b-cdn.net/b4956107-60a2-4f0f-9b09-46… @ https://outrun.co.il/_next/static/chunks/2390-dc57abc8d12f6b2f.js:0
[   75949ms] [LOG] [ContentResolver] Level 2 — exercise video resolved: "תלייה פסיבית" → https://vz-b17872ab-7a7.b-cdn.net/b4956107-60a2-4f0f-9b09-46… @ https://outrun.co.il/_next/static/chunks/2390-dc57abc8d12f6b2f.js:0
[   76056ms] [LOG] [VisualContentService] docToContent "UPDBtTdCvX748dtBlWYj_18": {hasVideoVariantsField: true, hasVariantsField: false, rawType: array[0], parsedVariantsCount: 0, allTopLevelKeys: Array(14)} @ https://outrun.co.il/_next/static/chunks/2390-dc57abc8d12f6b2f.js:0
[   76164ms] [LOG] [VisualContentService] docToContent "UPDBtTdCvX748dtBlWYj_17": {hasVideoVariantsField: true, hasVariantsField: false, rawType: array[0], parsedVariantsCount: 0, allTopLevelKeys: Array(14)} @ https://outrun.co.il/_next/static/chunks/2390-dc57abc8d12f6b2f.js:0
[   76272ms] [LOG] [VisualContentService] docToContent "UPDBtTdCvX748dtBlWYj_16": {hasVideoVariantsField: true, hasVariantsField: false, rawType: array[0], parsedVariantsCount: 0, allTopLevelKeys: Array(14)} @ https://outrun.co.il/_next/static/chunks/2390-dc57abc8d12f6b2f.js:0
[   76412ms] [LOG] [VisualContentService] docToContent "UPDBtTdCvX748dtBlWYj_15": {hasVideoVariantsField: true, hasVariantsField: false, rawType: array[0], parsedVariantsCount: 0, allTopLevelKeys: Array(14)} @ https://outrun.co.il/_next/static/chunks/2390-dc57abc8d12f6b2f.js:0
[   76549ms] [LOG] [VisualContentService] docToContent "UPDBtTdCvX748dtBlWYj_14": {hasVideoVariantsField: true, hasVariantsField: false, rawType: array[0], parsedVariantsCount: 0, allTopLevelKeys: Array(14)} @ https://outrun.co.il/_next/static/chunks/2390-dc57abc8d12f6b2f.js:0
[   76671ms] [LOG] [VisualContentService] docToContent "UPDBtTdCvX748dtBlWYj_13": {hasVideoVariantsField: true, hasVariantsField: false, rawType: array[0], parsedVariantsCount: 0, allTopLevelKeys: Array(14)} @ https://outrun.co.il/_next/static/chunks/2390-dc57abc8d12f6b2f.js:0
[   76794ms] [LOG] [VisualContentService] docToContent "UPDBtTdCvX748dtBlWYj_12": {hasVideoVariantsField: true, hasVariantsField: false, rawType: array[0], parsedVariantsCount: 0, allTopLevelKeys: Array(14)} @ https://outrun.co.il/_next/static/chunks/2390-dc57abc8d12f6b2f.js:0
[   76911ms] [LOG] [VisualContentService] docToContent "UPDBtTdCvX748dtBlWYj_11": {hasVideoVariantsField: true, hasVariantsField: false, rawType: array[0], parsedVariantsCount: 0, allTopLevelKeys: Array(14)} @ https://outrun.co.il/_next/static/chunks/2390-dc57abc8d12f6b2f.js:0
[   77030ms] [LOG] [VisualContentService] docToContent "UPDBtTdCvX748dtBlWYj_10": {hasVideoVariantsField: true, hasVariantsField: false, rawType: array[0], parsedVariantsCount: 0, allTopLevelKeys: Array(14)} @ https://outrun.co.il/_next/static/chunks/2390-dc57abc8d12f6b2f.js:0
[   77139ms] [LOG] [VisualContentService] docToContent "UPDBtTdCvX748dtBlWYj_9": {hasVideoVariantsField: true, hasVariantsField: false, rawType: array[0], parsedVariantsCount: 0, allTopLevelKeys: Array(14)} @ https://outrun.co.il/_next/static/chunks/2390-dc57abc8d12f6b2f.js:0
[   77250ms] [LOG] [VisualContentService] docToContent "UPDBtTdCvX748dtBlWYj_8": {hasVideoVariantsField: true, hasVariantsField: false, rawType: array[0], parsedVariantsCount: 0, allTopLevelKeys: Array(14)} @ https://outrun.co.il/_next/static/chunks/2390-dc57abc8d12f6b2f.js:0
[   77377ms] [LOG] [VisualContentService] docToContent "UPDBtTdCvX748dtBlWYj_7": {hasVideoVariantsField: true, hasVariantsField: false, rawType: array[0], parsedVariantsCount: 0, allTopLevelKeys: Array(14)} @ https://outrun.co.il/_next/static/chunks/2390-dc57abc8d12f6b2f.js:0
[   77488ms] [LOG] [VisualContentService] docToContent "UPDBtTdCvX748dtBlWYj_6": {hasVideoVariantsField: true, hasVariantsField: false, rawType: array[0], parsedVariantsCount: 0, allTopLevelKeys: Array(14)} @ https://outrun.co.il/_next/static/chunks/2390-dc57abc8d12f6b2f.js:0
[   77596ms] [LOG] [VisualContentService] docToContent "UPDBtTdCvX748dtBlWYj_5": {hasVideoVariantsField: true, hasVariantsField: false, rawType: array[0], parsedVariantsCount: 0, allTopLevelKeys: Array(14)} @ https://outrun.co.il/_next/static/chunks/2390-dc57abc8d12f6b2f.js:0
[   77718ms] [LOG] [VisualContentService] docToContent "UPDBtTdCvX748dtBlWYj_4": {hasVideoVariantsField: true, hasVariantsField: false, rawType: array[0], parsedVariantsCount: 0, allTopLevelKeys: Array(14)} @ https://outrun.co.il/_next/static/chunks/2390-dc57abc8d12f6b2f.js:0
[   77843ms] [LOG] [VisualContentService] docToContent "UPDBtTdCvX748dtBlWYj_3": {hasVideoVariantsField: true, hasVariantsField: false, rawType: array[0], parsedVariantsCount: 0, allTopLevelKeys: Array(14)} @ https://outrun.co.il/_next/static/chunks/2390-dc57abc8d12f6b2f.js:0
[   77954ms] [LOG] [VisualContentService] docToContent "UPDBtTdCvX748dtBlWYj_2": {hasVideoVariantsField: true, hasVariantsField: false, rawType: array[0], parsedVariantsCount: 0, allTopLevelKeys: Array(14)} @ https://outrun.co.il/_next/static/chunks/2390-dc57abc8d12f6b2f.js:0
[   78062ms] [LOG] [VisualContentService] docToContent "UPDBtTdCvX748dtBlWYj_1": {hasVideoVariantsField: true, hasVariantsField: false, rawType: array[0], parsedVariantsCount: 0, allTopLevelKeys: Array(14)} @ https://outrun.co.il/_next/static/chunks/2390-dc57abc8d12f6b2f.js:0
[   89347ms] [LOG] [DEBUG-RESOLVER] resolveContent("pull", 10) → programId="UPDBtTdCvX748dtBlWYj" @ https://outrun.co.il/_next/static/chunks/2390-dc57abc8d12f6b2f.js:0
[   89347ms] [LOG] [DEBUG-RESOLVER] resolveContent("pull", 9) → programId="UPDBtTdCvX748dtBlWYj" @ https://outrun.co.il/_next/static/chunks/2390-dc57abc8d12f6b2f.js:0
[   89347ms] [LOG] [DEBUG-RESOLVER] resolveContent("pull", 11) → programId="UPDBtTdCvX748dtBlWYj" @ https://outrun.co.il/_next/static/chunks/2390-dc57abc8d12f6b2f.js:0
[   89347ms] [LOG] [DEBUG-RESOLVER] resolveContent("pull", 11) → programId="UPDBtTdCvX748dtBlWYj" @ https://outrun.co.il/_next/static/chunks/2390-dc57abc8d12f6b2f.js:0
[   89544ms] [LOG] [VisualContentService] docToContent "UPDBtTdCvX748dtBlWYj_9": {hasVideoVariantsField: true, hasVariantsField: false, rawType: array[0], parsedVariantsCount: 0, allTopLevelKeys: Array(14)} @ https://outrun.co.il/_next/static/chunks/2390-dc57abc8d12f6b2f.js:0
[   89544ms] [LOG] [DEBUG-RESOLVER] attempt1 getVisualContentItem("UPDBtTdCvX748dtBlWYj", 9) → FOUND @ https://outrun.co.il/_next/static/chunks/2390-dc57abc8d12f6b2f.js:0
[   89544ms] [LOG] [VisualContentService] docToContent "UPDBtTdCvX748dtBlWYj_11": {hasVideoVariantsField: true, hasVariantsField: false, rawType: array[0], parsedVariantsCount: 0, allTopLevelKeys: Array(14)} @ https://outrun.co.il/_next/static/chunks/2390-dc57abc8d12f6b2f.js:0
[   89544ms] [LOG] [DEBUG-RESOLVER] attempt1 getVisualContentItem("UPDBtTdCvX748dtBlWYj", 11) → FOUND @ https://outrun.co.il/_next/static/chunks/2390-dc57abc8d12f6b2f.js:0
[   89544ms] [LOG] [VisualContentService] docToContent "UPDBtTdCvX748dtBlWYj_11": {hasVideoVariantsField: true, hasVariantsField: false, rawType: array[0], parsedVariantsCount: 0, allTopLevelKeys: Array(14)} @ https://outrun.co.il/_next/static/chunks/2390-dc57abc8d12f6b2f.js:0
[   89544ms] [LOG] [DEBUG-RESOLVER] attempt1 getVisualContentItem("UPDBtTdCvX748dtBlWYj", 11) → FOUND @ https://outrun.co.il/_next/static/chunks/2390-dc57abc8d12f6b2f.js:0
[   89671ms] [LOG] [ContentResolver] Level 9 — exercise video resolved: "מתח אקצנטרי" → https://vz-b17872ab-7a7.b-cdn.net/e7b4f81b-048f-412b-870f-ac… @ https://outrun.co.il/_next/static/chunks/2390-dc57abc8d12f6b2f.js:0
[   89671ms] [LOG] [ContentResolver] Level 11 — exercise video resolved: "מתח קומנדו" → https://vz-b17872ab-7a7.b-cdn.net/fc8e9782-ed5b-4047-9ac2-1f… @ https://outrun.co.il/_next/static/chunks/2390-dc57abc8d12f6b2f.js:0
[   89671ms] [LOG] [ContentResolver] Level 11 — exercise video resolved: "מתח קומנדו" → https://vz-b17872ab-7a7.b-cdn.net/fc8e9782-ed5b-4047-9ac2-1f… @ https://outrun.co.il/_next/static/chunks/2390-dc57abc8d12f6b2f.js:0
[  110723ms] [LOG] [Assessment] Persisting results: {programId: full_body, levelMode: manual, resolvedLevelId: level_3, average: 10, levels: Object} @ https://outrun.co.il/_next/static/chunks/app/onboarding-new/assessment-visual/page-dbf274f6785e72db.js:0
[  111018ms] [LOG] [BranchingLogic] Computed context: {levels: Object, average: 4, tier: beginner, matchedRuleId: undefined, matchedRuleAction: undefined} @ https://outrun.co.il/_next/static/chunks/9140-fc097fbe89bf7705.js:0
[  111506ms] [LOG] [OnboardingSync][DIAG] doc snapshot {uid: Hv0hBzUPThOeMLrB5zpZLzQGq6G2, step: COMPLETED, mode: UPDATE, hasCore: true, coreRole: (absent)} @ https://outrun.co.il/_next/static/chunks/9140-fc097fbe89bf7705.js:0
[  111507ms] [LOG] [OnboardingSync] Persona Engine skipped — no goal signal and primaryTrack already set: health . Leaving it untouched. @ https://outrun.co.il/_next/static/chunks/9140-fc097fbe89bf7705.js:0
[  111640ms] [LOG] [onboarding-sync] maxLevels source: CMS (14 programs) {human_flag: 10, push: 25, full_body: 15, core: 20, pull: 25} @ https://outrun.co.il/_next/static/chunks/9140-fc097fbe89bf7705.js:0
[  111640ms] [LOG] [OnboardingSync] Category contribution: muscleIds=[pull], health=false → pull=pull_level_10 @ https://outrun.co.il/_next/static/chunks/9140-fc097fbe89bf7705.js:0
[  111640ms] [LOG] [OnboardingSync] Using assignedResults from dynamic questionnaire: [Object] @ https://outrun.co.il/_next/static/chunks/9140-fc097fbe89bf7705.js:0
[  111641ms] [LOG] [OnboardingSync] Writing progression.tracks (Path B/C assessment levels): {47smw26hUyG5ZbE1bhr3: Object, H2279XsRGDg9G370J7S9: Object, pull: Object, muscle_up: Object, upper_body: Object} @ https://outrun.co.il/_next/static/chunks/9140-fc097fbe89bf7705.js:0
[  111641ms] [LOG] [OnboardingSync][DIAG] payload {uid: Hv0hBzUPThOeMLrB5zpZLzQGq6G2, step: COMPLETED, mode: UPDATE, topLevelKeys: Array(15), coreKeys: Array(21)} @ https://outrun.co.il/_next/static/chunks/9140-fc097fbe89bf7705.js:0
[  111837ms] [LOG] [OnboardingSync] Kicking off background master-level recalculation for 7 tracks (non-blocking). @ https://outrun.co.il/_next/static/chunks/9140-fc097fbe89bf7705.js:0
[  111970ms] [LOG] [OnboardingSync] Synced step "COMPLETED" to Firestore for user Hv0hBzUPThOeMLrB5zpZLzQGq6G2 @ https://outrun.co.il/_next/static/chunks/9140-fc097fbe89bf7705.js:0
[  112092ms] [INFO] [User Service] User Hv0hBzUPThOeMLrB5zpZLzQGq6G2 has missing or empty equipment profile. This may affect Smart Swap functionality. Please update user equipment in the admin panel. @ https://outrun.co.il/_next/static/chunks/9140-fc097fbe89bf7705.js:0
[  112100ms] [LOG] [Health] Calling syncOnboardingToFirestore(COMPLETED) — full running bridge + activeProgram generation (background, non-blocking) @ https://outrun.co.il/_next/static/chunks/app/onboarding-new/health/page-35b489a04df7527d.js:0
[  112238ms] [LOG] [OnboardingSync][DIAG] doc snapshot {uid: Hv0hBzUPThOeMLrB5zpZLzQGq6G2, step: COMPLETED, mode: UPDATE, hasCore: true, coreRole: (absent)} @ https://outrun.co.il/_next/static/chunks/9140-fc097fbe89bf7705.js:0
[  112239ms] [LOG] [OnboardingSync] Persona Engine skipped — no goal signal and primaryTrack already set: health . Leaving it untouched. @ https://outrun.co.il/_next/static/chunks/9140-fc097fbe89bf7705.js:0
[  112370ms] [LOG] [onboarding-sync] maxLevels source: CMS (14 programs) {human_flag: 10, push: 25, full_body: 15, core: 20, pull: 25} @ https://outrun.co.il/_next/static/chunks/9140-fc097fbe89bf7705.js:0
[  112370ms] [LOG] [OnboardingSync] Category contribution: muscleIds=[pull], health=false → pull=pull_level_10 @ https://outrun.co.il/_next/static/chunks/9140-fc097fbe89bf7705.js:0
[  112370ms] [LOG] [OnboardingSync] Using assignedResults from dynamic questionnaire: [Object] @ https://outrun.co.il/_next/static/chunks/9140-fc097fbe89bf7705.js:0
[  112370ms] [LOG] [OnboardingSync] Writing progression.tracks (Path B/C assessment levels): {full_body: Object, muscle_up: Object, fTLWzjP9gH2VNpamyCZF: Object, H2279XsRGDg9G370J7S9: Object, upper_body: Object} @ https://outrun.co.il/_next/static/chunks/9140-fc097fbe89bf7705.js:0
[  112370ms] [LOG] [OnboardingSync][DIAG] payload {uid: Hv0hBzUPThOeMLrB5zpZLzQGq6G2, step: COMPLETED, mode: UPDATE, topLevelKeys: Array(15), coreKeys: Array(21)} @ https://outrun.co.il/_next/static/chunks/9140-fc097fbe89bf7705.js:0
[  112511ms] [LOG] [OnboardingSync] Kicking off background master-level recalculation for 7 tracks (non-blocking). @ https://outrun.co.il/_next/static/chunks/9140-fc097fbe89bf7705.js:0
[  112673ms] [LOG] [OnboardingSync] Synced step "COMPLETED" to Firestore for user Hv0hBzUPThOeMLrB5zpZLzQGq6G2 @ https://outrun.co.il/_next/static/chunks/9140-fc097fbe89bf7705.js:0
[  112673ms] [LOG] [Health] Background sync complete. Refreshing profile... @ https://outrun.co.il/_next/static/chunks/app/onboarding-new/health/page-35b489a04df7527d.js:0
[  112802ms] [INFO] [User Service] User Hv0hBzUPThOeMLrB5zpZLzQGq6G2 has missing or empty equipment profile. This may affect Smart Swap functionality. Please update user equipment in the admin panel. @ https://outrun.co.il/_next/static/chunks/9140-fc097fbe89bf7705.js:0
[  113103ms] [LOG] [Progression] Master "47smw26hUyG5ZbE1bhr3" (slug: "upper_body") recalculated → Level 10, 0.00% (from 2 children) @ https://outrun.co.il/_next/static/chunks/9140-fc097fbe89bf7705.js:0
[  113192ms] [LOG] [Progression] Master "47smw26hUyG5ZbE1bhr3" (slug: "upper_body") recalculated → Level 10, 0.00% (from 2 children) @ https://outrun.co.il/_next/static/chunks/9140-fc097fbe89bf7705.js:0
[  113238ms] [LOG] [Progression] Master "47smw26hUyG5ZbE1bhr3" (slug: "upper_body") recalculated → Level 10, 0.00% (from 2 children) @ https://outrun.co.il/_next/static/chunks/9140-fc097fbe89bf7705.js:0
[  114146ms] [LOG] [Progression] Master "47smw26hUyG5ZbE1bhr3" (slug: "upper_body") recalculated → Level 10, 0.00% (from 2 children) @ https://outrun.co.il/_next/static/chunks/9140-fc097fbe89bf7705.js:0
[  114186ms] [LOG] [Progression] Master "47smw26hUyG5ZbE1bhr3" (slug: "upper_body") recalculated → Level 10, 0.00% (from 2 children) @ https://outrun.co.il/_next/static/chunks/9140-fc097fbe89bf7705.js:0
[  114230ms] [LOG] [Progression] Master "47smw26hUyG5ZbE1bhr3" (slug: "upper_body") recalculated → Level 10, 0.00% (from 2 children) @ https://outrun.co.il/_next/static/chunks/9140-fc097fbe89bf7705.js:0
[  114721ms] [LOG] [Progression] Master "H2279XsRGDg9G370J7S9" (slug: "full_body") recalculated → Level 10, 0.00% (from 5 children) @ https://outrun.co.il/_next/static/chunks/9140-fc097fbe89bf7705.js:0
[  114759ms] [LOG] [Progression] Master "H2279XsRGDg9G370J7S9" (slug: "full_body") recalculated → Level 10, 0.00% (from 5 children) @ https://outrun.co.il/_next/static/chunks/9140-fc097fbe89bf7705.js:0
[  114802ms] [LOG] [Progression] Master "H2279XsRGDg9G370J7S9" (slug: "full_body") recalculated → Level 10, 0.00% (from 5 children) @ https://outrun.co.il/_next/static/chunks/9140-fc097fbe89bf7705.js:0
[  115579ms] [LOG] [Progression] Master "H2279XsRGDg9G370J7S9" (slug: "full_body") recalculated → Level 10, 0.00% (from 5 children) @ https://outrun.co.il/_next/static/chunks/9140-fc097fbe89bf7705.js:0
[  115609ms] [LOG] [Progression] Master "H2279XsRGDg9G370J7S9" (slug: "full_body") recalculated → Level 10, 0.00% (from 5 children) @ https://outrun.co.il/_next/static/chunks/9140-fc097fbe89bf7705.js:0
[  115656ms] [LOG] [Progression] Master "H2279XsRGDg9G370J7S9" (slug: "full_body") recalculated → Level 10, 0.00% (from 5 children) @ https://outrun.co.il/_next/static/chunks/9140-fc097fbe89bf7705.js:0
[  116198ms] [LOG] [Progression] calisthenics_upper averaging: Tier 3 (foundational exclusion only — skillFocusIds absent) @ https://outrun.co.il/_next/static/chunks/9140-fc097fbe89bf7705.js:0
[  116198ms] [WARNING] [Progression] getMasterProgramProgress: empty filter for master "calisthenics_upper" (id: "JCac76p48XGZ5MVahLI2") — 1 configured child [pull] were ALL rejected by the averaging filter. skillFocusIds: [none]. Aborting recalculation to prevent level wipeout (routingEmptySkip=true). @ https://outrun.co.il/_next/static/chunks/9140-fc097fbe89bf7705.js:0
[  116198ms] [WARNING] [Progression] recalculateMasterLevel: ABORTED write for master "JCac76p48XGZ5MVahLI2" (slug: "calisthenics_upper") — routingEmptySkip flag set by getMasterProgramProgress. Existing level 0 preserved. Check slug map coverage for skill program hashes in subPrograms[]. @ https://outrun.co.il/_next/static/chunks/9140-fc097fbe89bf7705.js:0
[  116199ms] [LOG] [Progression] calisthenics_upper averaging: Tier 3 (foundational exclusion only — skillFocusIds absent) @ https://outrun.co.il/_next/static/chunks/9140-fc097fbe89bf7705.js:0
[  116199ms] [WARNING] [Progression] getMasterProgramProgress: empty filter for master "calisthenics_upper" (id: "JCac76p48XGZ5MVahLI2") — 1 configured child [pull] were ALL rejected by the averaging filter. skillFocusIds: [none]. Aborting recalculation to prevent level wipeout (routingEmptySkip=true). @ https://outrun.co.il/_next/static/chunks/9140-fc097fbe89bf7705.js:0
[  116199ms] [WARNING] [Progression] recalculateMasterLevel: ABORTED write for master "JCac76p48XGZ5MVahLI2" (slug: "calisthenics_upper") — routingEmptySkip flag set by getMasterProgramProgress. Existing level 0 preserved. Check slug map coverage for skill program hashes in subPrograms[]. @ https://outrun.co.il/_next/static/chunks/9140-fc097fbe89bf7705.js:0
[  116199ms] [LOG] [Progression] calisthenics_upper averaging: Tier 3 (foundational exclusion only — skillFocusIds absent) @ https://outrun.co.il/_next/static/chunks/9140-fc097fbe89bf7705.js:0
[  116199ms] [WARNING] [Progression] getMasterProgramProgress: empty filter for master "calisthenics_upper" (id: "JCac76p48XGZ5MVahLI2") — 1 configured child [pull] were ALL rejected by the averaging filter. skillFocusIds: [none]. Aborting recalculation to prevent level wipeout (routingEmptySkip=true). @ https://outrun.co.il/_next/static/chunks/9140-fc097fbe89bf7705.js:0
[  116199ms] [WARNING] [Progression] recalculateMasterLevel: ABORTED write for master "JCac76p48XGZ5MVahLI2" (slug: "calisthenics_upper") — routingEmptySkip flag set by getMasterProgramProgress. Existing level 0 preserved. Check slug map coverage for skill program hashes in subPrograms[]. @ https://outrun.co.il/_next/static/chunks/9140-fc097fbe89bf7705.js:0
[  117074ms] [LOG] [Progression] calisthenics_upper averaging: Tier 3 (foundational exclusion only — skillFocusIds absent) @ https://outrun.co.il/_next/static/chunks/9140-fc097fbe89bf7705.js:0
[  117074ms] [WARNING] [Progression] getMasterProgramProgress: empty filter for master "calisthenics_upper" (id: "JCac76p48XGZ5MVahLI2") — 1 configured child [pull] were ALL rejected by the averaging filter. skillFocusIds: [none]. Aborting recalculation to prevent level wipeout (routingEmptySkip=true). @ https://outrun.co.il/_next/static/chunks/9140-fc097fbe89bf7705.js:0
[  117074ms] [WARNING] [Progression] recalculateMasterLevel: ABORTED write for master "JCac76p48XGZ5MVahLI2" (slug: "calisthenics_upper") — routingEmptySkip flag set by getMasterProgramProgress. Existing level 0 preserved. Check slug map coverage for skill program hashes in subPrograms[]. @ https://outrun.co.il/_next/static/chunks/9140-fc097fbe89bf7705.js:0
[  117074ms] [LOG] [Progression] calisthenics_upper averaging: Tier 3 (foundational exclusion only — skillFocusIds absent) @ https://outrun.co.il/_next/static/chunks/9140-fc097fbe89bf7705.js:0
[  117074ms] [WARNING] [Progression] getMasterProgramProgress: empty filter for master "calisthenics_upper" (id: "JCac76p48XGZ5MVahLI2") — 1 configured child [pull] were ALL rejected by the averaging filter. skillFocusIds: [none]. Aborting recalculation to prevent level wipeout (routingEmptySkip=true). @ https://outrun.co.il/_next/static/chunks/9140-fc097fbe89bf7705.js:0
[  117074ms] [WARNING] [Progression] recalculateMasterLevel: ABORTED write for master "JCac76p48XGZ5MVahLI2" (slug: "calisthenics_upper") — routingEmptySkip flag set by getMasterProgramProgress. Existing level 0 preserved. Check slug map coverage for skill program hashes in subPrograms[]. @ https://outrun.co.il/_next/static/chunks/9140-fc097fbe89bf7705.js:0
[  117074ms] [LOG] [Progression] calisthenics_upper averaging: Tier 3 (foundational exclusion only — skillFocusIds absent) @ https://outrun.co.il/_next/static/chunks/9140-fc097fbe89bf7705.js:0
[  117074ms] [WARNING] [Progression] getMasterProgramProgress: empty filter for master "calisthenics_upper" (id: "JCac76p48XGZ5MVahLI2") — 1 configured child [pull] were ALL rejected by the averaging filter. skillFocusIds: [none]. Aborting recalculation to prevent level wipeout (routingEmptySkip=true). @ https://outrun.co.il/_next/static/chunks/9140-fc097fbe89bf7705.js:0
[  117074ms] [WARNING] [Progression] recalculateMasterLevel: ABORTED write for master "JCac76p48XGZ5MVahLI2" (slug: "calisthenics_upper") — routingEmptySkip flag set by getMasterProgramProgress. Existing level 0 preserved. Check slug map coverage for skill program hashes in subPrograms[]. @ https://outrun.co.il/_next/static/chunks/9140-fc097fbe89bf7705.js:0
[  117307ms] [LOG] [Progression] Master "fTLWzjP9gH2VNpamyCZF" (slug: "muscle_up") recalculated → Level 10, 0.00% (from 2 children) @ https://outrun.co.il/_next/static/chunks/9140-fc097fbe89bf7705.js:0
[  117365ms] [LOG] [Progression] Master "fTLWzjP9gH2VNpamyCZF" (slug: "muscle_up") recalculated → Level 10, 0.00% (from 2 children) @ https://outrun.co.il/_next/static/chunks/9140-fc097fbe89bf7705.js:0
[  117402ms] [LOG] [Progression] Master "fTLWzjP9gH2VNpamyCZF" (slug: "muscle_up") recalculated → Level 10, 0.00% (from 2 children) @ https://outrun.co.il/_next/static/chunks/9140-fc097fbe89bf7705.js:0
[  118368ms] [LOG] [Progression] Master "fTLWzjP9gH2VNpamyCZF" (slug: "muscle_up") recalculated → Level 10, 0.00% (from 2 children) @ https://outrun.co.il/_next/static/chunks/9140-fc097fbe89bf7705.js:0
[  118391ms] [LOG] [Progression] Master "fTLWzjP9gH2VNpamyCZF" (slug: "muscle_up") recalculated → Level 10, 0.00% (from 2 children) @ https://outrun.co.il/_next/static/chunks/9140-fc097fbe89bf7705.js:0
[  118458ms] [LOG] [Progression] Master "fTLWzjP9gH2VNpamyCZF" (slug: "muscle_up") recalculated → Level 10, 0.00% (from 2 children) @ https://outrun.co.il/_next/static/chunks/9140-fc097fbe89bf7705.js:0
[  118848ms] [LOG] [Progression] Master "47smw26hUyG5ZbE1bhr3" (slug: "upper_body") recalculated → Level 10, 0.00% (from 2 children) @ https://outrun.co.il/_next/static/chunks/9140-fc097fbe89bf7705.js:0
[  118895ms] [LOG] [Progression] Master "47smw26hUyG5ZbE1bhr3" (slug: "upper_body") recalculated → Level 10, 0.00% (from 2 children) @ https://outrun.co.il/_next/static/chunks/9140-fc097fbe89bf7705.js:0
[  119575ms] [LOG] [Progression] Master "47smw26hUyG5ZbE1bhr3" (slug: "upper_body") recalculated → Level 10, 0.00% (from 2 children) @ https://outrun.co.il/_next/static/chunks/9140-fc097fbe89bf7705.js:0
[  119605ms] [LOG] [Progression] Master "47smw26hUyG5ZbE1bhr3" (slug: "upper_body") recalculated → Level 10, 0.00% (from 2 children) @ https://outrun.co.il/_next/static/chunks/9140-fc097fbe89bf7705.js:0
[  120065ms] [LOG] [Progression] Master "H2279XsRGDg9G370J7S9" (slug: "full_body") recalculated → Level 10, 0.00% (from 5 children) @ https://outrun.co.il/_next/static/chunks/9140-fc097fbe89bf7705.js:0
[  120120ms] [LOG] [Progression] Master "H2279XsRGDg9G370J7S9" (slug: "full_body") recalculated → Level 10, 0.00% (from 5 children) @ https://outrun.co.il/_next/static/chunks/9140-fc097fbe89bf7705.js:0
[  120805ms] [LOG] [Progression] Master "H2279XsRGDg9G370J7S9" (slug: "full_body") recalculated → Level 10, 0.00% (from 5 children) @ https://outrun.co.il/_next/static/chunks/9140-fc097fbe89bf7705.js:0
[  120855ms] [LOG] [Progression] Master "H2279XsRGDg9G370J7S9" (slug: "full_body") recalculated → Level 10, 0.00% (from 5 children) @ https://outrun.co.il/_next/static/chunks/9140-fc097fbe89bf7705.js:0
[  121355ms] [LOG] [Progression] calisthenics_upper averaging: Tier 3 (foundational exclusion only — skillFocusIds absent) @ https://outrun.co.il/_next/static/chunks/9140-fc097fbe89bf7705.js:0
[  121355ms] [WARNING] [Progression] getMasterProgramProgress: empty filter for master "calisthenics_upper" (id: "JCac76p48XGZ5MVahLI2") — 1 configured child [pull] were ALL rejected by the averaging filter. skillFocusIds: [none]. Aborting recalculation to prevent level wipeout (routingEmptySkip=true). @ https://outrun.co.il/_next/static/chunks/9140-fc097fbe89bf7705.js:0
[  121355ms] [WARNING] [Progression] recalculateMasterLevel: ABORTED write for master "JCac76p48XGZ5MVahLI2" (slug: "calisthenics_upper") — routingEmptySkip flag set by getMasterProgramProgress. Existing level 0 preserved. Check slug map coverage for skill program hashes in subPrograms[]. @ https://outrun.co.il/_next/static/chunks/9140-fc097fbe89bf7705.js:0
[  121355ms] [LOG] [Progression] calisthenics_upper averaging: Tier 3 (foundational exclusion only — skillFocusIds absent) @ https://outrun.co.il/_next/static/chunks/9140-fc097fbe89bf7705.js:0
[  121355ms] [WARNING] [Progression] getMasterProgramProgress: empty filter for master "calisthenics_upper" (id: "JCac76p48XGZ5MVahLI2") — 1 configured child [pull] were ALL rejected by the averaging filter. skillFocusIds: [none]. Aborting recalculation to prevent level wipeout (routingEmptySkip=true). @ https://outrun.co.il/_next/static/chunks/9140-fc097fbe89bf7705.js:0
[  121355ms] [WARNING] [Progression] recalculateMasterLevel: ABORTED write for master "JCac76p48XGZ5MVahLI2" (slug: "calisthenics_upper") — routingEmptySkip flag set by getMasterProgramProgress. Existing level 0 preserved. Check slug map coverage for skill program hashes in subPrograms[]. @ https://outrun.co.il/_next/static/chunks/9140-fc097fbe89bf7705.js:0
[  122260ms] [LOG] [Progression] calisthenics_upper averaging: Tier 3 (foundational exclusion only — skillFocusIds absent) @ https://outrun.co.il/_next/static/chunks/9140-fc097fbe89bf7705.js:0
[  122260ms] [WARNING] [Progression] getMasterProgramProgress: empty filter for master "calisthenics_upper" (id: "JCac76p48XGZ5MVahLI2") — 1 configured child [pull] were ALL rejected by the averaging filter. skillFocusIds: [none]. Aborting recalculation to prevent level wipeout (routingEmptySkip=true). @ https://outrun.co.il/_next/static/chunks/9140-fc097fbe89bf7705.js:0
[  122260ms] [WARNING] [Progression] recalculateMasterLevel: ABORTED write for master "JCac76p48XGZ5MVahLI2" (slug: "calisthenics_upper") — routingEmptySkip flag set by getMasterProgramProgress. Existing level 0 preserved. Check slug map coverage for skill program hashes in subPrograms[]. @ https://outrun.co.il/_next/static/chunks/9140-fc097fbe89bf7705.js:0
[  122260ms] [LOG] [Progression] calisthenics_upper averaging: Tier 3 (foundational exclusion only — skillFocusIds absent) @ https://outrun.co.il/_next/static/chunks/9140-fc097fbe89bf7705.js:0
[  122260ms] [WARNING] [Progression] getMasterProgramProgress: empty filter for master "calisthenics_upper" (id: "JCac76p48XGZ5MVahLI2") — 1 configured child [pull] were ALL rejected by the averaging filter. skillFocusIds: [none]. Aborting recalculation to prevent level wipeout (routingEmptySkip=true). @ https://outrun.co.il/_next/static/chunks/9140-fc097fbe89bf7705.js:0
[  122260ms] [WARNING] [Progression] recalculateMasterLevel: ABORTED write for master "JCac76p48XGZ5MVahLI2" (slug: "calisthenics_upper") — routingEmptySkip flag set by getMasterProgramProgress. Existing level 0 preserved. Check slug map coverage for skill program hashes in subPrograms[]. @ https://outrun.co.il/_next/static/chunks/9140-fc097fbe89bf7705.js:0
[  122380ms] [LOG] [Progression] Master "fTLWzjP9gH2VNpamyCZF" (slug: "muscle_up") recalculated → Level 10, 0.00% (from 2 children) @ https://outrun.co.il/_next/static/chunks/9140-fc097fbe89bf7705.js:0
[  122423ms] [LOG] [Progression] Master "fTLWzjP9gH2VNpamyCZF" (slug: "muscle_up") recalculated → Level 10, 0.00% (from 2 children) @ https://outrun.co.il/_next/static/chunks/9140-fc097fbe89bf7705.js:0
[  123112ms] [LOG] [Progression] Master "fTLWzjP9gH2VNpamyCZF" (slug: "muscle_up") recalculated → Level 10, 0.00% (from 2 children) @ https://outrun.co.il/_next/static/chunks/9140-fc097fbe89bf7705.js:0
[  123244ms] [LOG] [Progression] Master "fTLWzjP9gH2VNpamyCZF" (slug: "muscle_up") recalculated → Level 10, 0.00% (from 2 children) @ https://outrun.co.il/_next/static/chunks/9140-fc097fbe89bf7705.js:0
[  124195ms] [LOG] [Progression] Master "H2279XsRGDg9G370J7S9" (slug: "full_body") recalculated → Level 10, 0.00% (from 5 children) @ https://outrun.co.il/_next/static/chunks/9140-fc097fbe89bf7705.js:0
[  125149ms] [LOG] [Progression] Master "H2279XsRGDg9G370J7S9" (slug: "full_body") recalculated → Level 10, 0.00% (from 5 children) @ https://outrun.co.il/_next/static/chunks/9140-fc097fbe89bf7705.js:0
[  126304ms] [LOG] [Progression] Master "H2279XsRGDg9G370J7S9" (slug: "full_body") recalculated → Level 10, 0.00% (from 5 children) @ https://outrun.co.il/_next/static/chunks/9140-fc097fbe89bf7705.js:0
[  126863ms] [LOG] [Progression] Master "H2279XsRGDg9G370J7S9" (slug: "full_body") recalculated → Level 10, 0.00% (from 5 children) @ https://outrun.co.il/_next/static/chunks/9140-fc097fbe89bf7705.js:0
[  127681ms] [LOG] [Progression] calisthenics_upper averaging: Tier 3 (foundational exclusion only — skillFocusIds absent) @ https://outrun.co.il/_next/static/chunks/9140-fc097fbe89bf7705.js:0
[  127681ms] [WARNING] [Progression] getMasterProgramProgress: empty filter for master "calisthenics_upper" (id: "JCac76p48XGZ5MVahLI2") — 1 configured child [pull] were ALL rejected by the averaging filter. skillFocusIds: [none]. Aborting recalculation to prevent level wipeout (routingEmptySkip=true). @ https://outrun.co.il/_next/static/chunks/9140-fc097fbe89bf7705.js:0
[  127681ms] [WARNING] [Progression] recalculateMasterLevel: ABORTED write for master "JCac76p48XGZ5MVahLI2" (slug: "calisthenics_upper") — routingEmptySkip flag set by getMasterProgramProgress. Existing level 0 preserved. Check slug map coverage for skill program hashes in subPrograms[]. @ https://outrun.co.il/_next/static/chunks/9140-fc097fbe89bf7705.js:0
[  127939ms] [LOG] ✅ [OnboardingSync] Background master program levels recalculated. @ https://outrun.co.il/_next/static/chunks/9140-fc097fbe89bf7705.js:0
[  128285ms] [LOG] [Progression] calisthenics_upper averaging: Tier 3 (foundational exclusion only — skillFocusIds absent) @ https://outrun.co.il/_next/static/chunks/9140-fc097fbe89bf7705.js:0
[  128285ms] [WARNING] [Progression] getMasterProgramProgress: empty filter for master "calisthenics_upper" (id: "JCac76p48XGZ5MVahLI2") — 1 configured child [pull] were ALL rejected by the averaging filter. skillFocusIds: [none]. Aborting recalculation to prevent level wipeout (routingEmptySkip=true). @ https://outrun.co.il/_next/static/chunks/9140-fc097fbe89bf7705.js:0
[  128285ms] [WARNING] [Progression] recalculateMasterLevel: ABORTED write for master "JCac76p48XGZ5MVahLI2" (slug: "calisthenics_upper") — routingEmptySkip flag set by getMasterProgramProgress. Existing level 0 preserved. Check slug map coverage for skill program hashes in subPrograms[]. @ https://outrun.co.il/_next/static/chunks/9140-fc097fbe89bf7705.js:0
[  128502ms] [LOG] ✅ [OnboardingSync] Background master program levels recalculated. @ https://outrun.co.il/_next/static/chunks/9140-fc097fbe89bf7705.js:0
