[     704ms] [LOG] %c
▲

__  __                                     _            __
\ \/ /___  __  __   _________ _____       (_)_  _______/ /_
 \  / __ \/ / / /  / ___/ __ `/ __ \     / / / / / ___/ __/
 / / /_/ / /_/ /  / /__/ /_/ / / / /    / / /_/ (__  ) /_
/_/\____/\__,_/   \___/\__,_/_/ /_/  __/ /\__,_/____/\__/
         __    _          __  __    /___/
   _____/ /_  (_)___     / /_/ /_  (_)___  ____ ______
  / ___/ __ \/ / __ \   / __/ __ \/ / __ \/ __ `/ ___/
 (__  ) / / / / /_/ /  / /_/ / / / / / / / /_/ (__  )
/____/_/ /_/_/ .___/   \__/_/ /_/_/_/ /_/\__, /____/
            /_/                         /____/
  

Hello!

- Open Source https://vercel.com/oss
- Careers https://vercel.com/careers
- Status https://www.vercel-status.com

 font-family: "Geist Mono", monospace; white-space: pre; line-height: 1; @ https://vercel.com/_next/static/immutable/chunks/2re03mm112u9t.js:78
[    1303ms] [WARNING] iso_swr: SSR fetch failed for "/v1/dashboard/projects/out-run-app?teamId=davids-projects-0d6e1f97" {error: iso_swr_fetch_error, message: The request is missing an authentication token} @ https://vercel.com/davids-projects-0d6e1f97/out-run-app/CdfZtpdXmerMvjS5jk4Dq1aPyiSH:90
[    1309ms] [WARNING] iso_swr: SSR fetch failed for "/v1/dashboard/deployments/dpl_CdfZtpdXmerMvjS5jk4Dq1aPyiSH?includeDeleted=true&projectName=out-run-app&teamId=davids-projects-0d6e1f97" {error: iso_swr_fetch_error, message: The request is missing an authentication token} @ https://vercel.com/davids-projects-0d6e1f97/out-run-app/CdfZtpdXmerMvjS5jk4Dq1aPyiSH:121
[    1309ms] [WARNING] iso_swr: SSR fetch failed for "/api/v2/teams/davids-projects-0d6e1f97" {error: iso_swr_fetch_error, message: The request is missing an authentication token} @ https://vercel.com/davids-projects-0d6e1f97/out-run-app/CdfZtpdXmerMvjS5jk4Dq1aPyiSH:121
[    1310ms] [WARNING] iso_swr: SSR fetch failed for "/api/v9/projects/out-run-app?latestDeployments=0&rollbackInfo=true&teamId=davids-projects-0d6e1f97" {error: iso_swr_fetch_error, message: The request is missing an authentication token} @ https://vercel.com/davids-projects-0d6e1f97/out-run-app/CdfZtpdXmerMvjS5jk4Dq1aPyiSH:121
[    1312ms] [WARNING] iso_swr: SSR fetch failed for "/api/dashboard/deployments/dpl_CdfZtpdXmerMvjS5jk4Dq1aPyiSH?includeDeleted=true&projectName=out-run-app&teamId=davids-projects-0d6e1f97" {error: iso_swr_fetch_error, message: The request is missing an authentication token} @ https://vercel.com/davids-projects-0d6e1f97/out-run-app/CdfZtpdXmerMvjS5jk4Dq1aPyiSH:291
[    1578ms] [WARNING] iso_swr[warn] [client] fallback error for key: "/api/v2/teams/davids-projects-0d6e1f97" {error: iso_swr_fetch_error, message: The request is missing an authentication token} @ https://vercel.com/_next/static/immutable/chunks/1e35d40jhgu-c.js:1
[    1586ms] [WARNING] iso_swr[warn] [client] fallback error for key: "/v1/dashboard/projects/out-run-app?teamId=davids-projects-0d6e1f97" {error: iso_swr_fetch_error, message: The request is missing an authentication token} @ https://vercel.com/_next/static/immutable/chunks/1e35d40jhgu-c.js:1
[    1595ms] [WARNING] iso_swr[warn] [client] fallback error for key: "/api/v9/projects/out-run-app?latestDeployments=0&rollbackInfo=true&teamId=davids-projects-0d6e1f97" {error: iso_swr_fetch_error, message: The request is missing an authentication token} @ https://vercel.com/_next/static/immutable/chunks/1e35d40jhgu-c.js:1
[    1603ms] [WARNING] iso_swr[warn] [client] fallback error for key: "/v1/dashboard/deployments/dpl_CdfZtpdXmerMvjS5jk4Dq1aPyiSH?includeDeleted=true&projectName=out-run-app&teamId=davids-projects-0d6e1f97" {error: iso_swr_fetch_error, message: The request is missing an authentication token} @ https://vercel.com/_next/static/immutable/chunks/1e35d40jhgu-c.js:1
[    1911ms] [ERROR] Failed to load resource: the server responded with a status of 403 () @ https://vercel.com/api/v1/dashboard/projects/out-run-app?teamId=davids-projects-0d6e1f97:0
[    1911ms] [ERROR] Failed to load resource: the server responded with a status of 403 () @ https://vercel.com/api/v1/notifications/push:0
[    1911ms] [ERROR] Failed to load resource: the server responded with a status of 403 () @ https://vercel.com/api/jwt:0
[    1936ms] [WARNING] Deprecated API for given entry type. @ https://vercel.com/_next/static/immutable/chunks/2z1mfeti2mxfn.js:18
[    2033ms] [WARNING] Canvas2D: Multiple readback operations using getImageData are faster with the willReadFrequently attribute set to true. See: https://html.spec.whatwg.org/multipage/canvas.html#concept-canvas-will-read-frequently @ https://vercel.com/_next/static/immutable/chunks/2hqa3uju9zi_c.js:44
[    2114ms] [ERROR] Failed to load resource: the server responded with a status of 400 () @ https://vercel.com/e62b3a9e28ed8bca/event:0
[    2178ms] [ERROR] Failed to load resource: the server responded with a status of 403 () @ https://vercel.com/api/user/permissions?projectIdOrName=out-run-app&slug=davids-projects-0d6e1f97:0
[    2180ms] [LOG] Ignored request error CustomFetchError: The request is missing an authentication token
    at h (https://vercel.com/_next/static/immutable/chunks/05x0f1q35__mw.js:2:30830)
    at async https://vercel.com/_next/static/immutable/chunks/1bub_e7741d-m.js:2:11532 @ https://vercel.com/_next/static/immutable/chunks/2z1mfeti2mxfn.js:16
[    2196ms] [ERROR] Failed to load resource: the server responded with a status of 403 () @ https://vercel.com/api/nav/sidebar/badges?scope=project&teamId=davids-projects-0d6e1f97&projectId=out-run-app:0
[    2279ms] [LOG] %c
▲

 _____ _              _                    _   _             __
|_   _| |__   ___    / \   __ _  ___ _ __ | |_(_) ___       / /
  | | | '_ \ / _ \  / _ \ / _` |/ _ \ '_ \| __| |/ __|     / /
  | | | | | |  __/ / ___ \ (_| |  __/ | | | |_| | (__     /_/
  |_| |_| |_|\___|/_/   \_\__, |\___|_| |_|\__|_|\___|    (_)
                           |___/
 ___        __               _                   _                 _
|_ _|_ __  / _|_ __ __ _ ___| |_ _ __ _   _  ___| |_ _   _ _ __ ___
 | || '_ \| |_| '__/ _` / __| __| '__| | | |/ __| __| | | | '__/ _ \
 | || | | |  _| | | (_| \__ \ |_| |  | |_| | (__| |_| |_| | | |  __/
|___|_| |_|_| |_|  \__,_|___/\__|_|   \__,_|\___|\__|\__,_|_|  \___|
  

Hello!

- Open Source https://vercel.com/oss
- Careers https://vercel.com/careers
- Status https://www.vercel-status.com

 font-family: "Geist Mono", monospace; white-space: pre; line-height: 1; @ https://vercel.com/_next/static/immutable/chunks/2re03mm112u9t.js:78
[    2666ms] [WARNING] Deprecated API for given entry type. @ https://vercel.com/_next/static/immutable/chunks/2z1mfeti2mxfn.js:18
[    2880ms] [WARNING] [GSI_LOGGER]: Your client application uses one of the Google One Tap prompt UI status methods that may stop functioning when FedCM becomes mandatory. Refer to the migration guide to update your code accordingly and opt-in to FedCM to test your changes. Learn more: https://developers.google.com/identity/gsi/web/guides/fedcm-migration?s=dc#display_moment and https://developers.google.com/identity/gsi/web/guides/fedcm-migration?s=dc#skipped_moment @ https://vercel.com/_next/static/immutable/chunks/2z1mfeti2mxfn.js:16
[    2883ms] [ERROR] Not signed in with the identity provider. @ https://vercel.com/login?next=%2Fdavids-projects-0d6e1f97%2Fout-run-app%2FCdfZtpdXmerMvjS5jk4Dq1aPyiSH:0
[    2907ms] [ERROR] Failed to load resource: the server responded with a status of 403 () @ https://vercel.com/api/jwt:0
[    4709ms] [ERROR] [GSI_LOGGER]: FedCM get() rejects with NetworkError: Error retrieving a token. @ https://vercel.com/_next/static/immutable/chunks/29spakbm7q6gl.js:8
[    4801ms] [ERROR] Failed to load resource: the server responded with a status of 429 () @ https://o205439.ingest.sentry.io/api/1323670/envelope/?sentry_key=d00780d432ac4ccf882f60dd02062e14&sentry_version=7&sentry_client=sentry.javascript.browser%2F7.111.0:0
[    7855ms] [WARNING] The resource https://vercel.com/_next/static/immutable/chunks/396tcmt9zuvxx.css was preloaded using link preload but not used within a few seconds from the window's load event. Please make sure it has an appropriate `as` value and it is preloaded intentionally. @ https://vercel.com/login?next=%2Fdavids-projects-0d6e1f97%2Fout-run-app%2FCdfZtpdXmerMvjS5jk4Dq1aPyiSH:0
[    7856ms] [WARNING] The resource https://vercel.com/_next/static/immutable/chunks/3flhcz7cw314y.css was preloaded using link preload but not used within a few seconds from the window's load event. Please make sure it has an appropriate `as` value and it is preloaded intentionally. @ https://vercel.com/login?next=%2Fdavids-projects-0d6e1f97%2Fout-run-app%2FCdfZtpdXmerMvjS5jk4Dq1aPyiSH:0
