[    1615ms] [WARNING] [2026-09-24T17:44:38.611Z]  @firebase/auth: Auth (12.6.0): Error while retrieving App Check token: FirebaseError: AppCheck: ReCAPTCHA error. (appCheck/recaptcha-error). @ https://out-run-hf3b2s6td-davids-projects-0d6e1f97.vercel.app/_next/static/chunks/2532-16f59635ee5a761a.js:14
[    1766ms] [ERROR] Access to manifest at 'https://vercel.com/sso-api?url=https%3A%2F%2Fout-run-hf3b2s6td-davids-projects-0d6e1f97.vercel.app%2Fmanifest.json&nonce=a5e4a420df057a6068002a60d0e6b5ed329a0b371332bcb07e740a526389624b' (redirected from 'https://out-run-hf3b2s6td-davids-projects-0d6e1f97.vercel.app/manifest.json') from origin 'https://out-run-hf3b2s6td-davids-projects-0d6e1f97.vercel.app' has been blocked by CORS policy: No 'Access-Control-Allow-Origin' header is present on the requested resource. @ https://out-run-hf3b2s6td-davids-projects-0d6e1f97.vercel.app/onboarding-new/profile:0
[    1766ms] [ERROR] Failed to load resource: net::ERR_FAILED @ https://vercel.com/sso-api?url=https%3A%2F%2Fout-run-hf3b2s6td-davids-projects-0d6e1f97.vercel.app%2Fmanifest.json&nonce=a5e4a420df057a6068002a60d0e6b5ed329a0b371332bcb07e740a526389624b:0
[ 1078794ms] [ERROR] Failed to load resource: net::ERR_NAME_NOT_RESOLVED @ https://www.google-analytics.com/g/collect?v=2&tid=G-DVL9P34LK4&gtm=45je69n0v9240313724za200zd9240313724xf1&_p=1790271878311&gcd=13l3l3l3l1l1&npa=0&dma=0&_eu=AAAAAAQ&_fid=eqrlOSN4klUqSTRMta5PNY&cid=1565120902.1790271466&frm=0&ngs=1&pscdl=noapi&rcb=8&sr=1470x956&uaa=arm&uab=64&uafvl=Google%2520Chrome%3B153.0.8010.53%7CNot_A%2520Brand%3B8.0.0.0%7CChromium%3B153.0.8010.53&uam=&uamb=0&uap=macOS&uapv=26.4.1&uaw=0&ul=he-il&_s=1&tag_exp=115938465~115938469~118897920~118897930~120213116~120385423~120469145~120469153&sid=1790271465&sct=1&seg=1&dl=https%3A%2F%2Fout-run-hf3b2s6td-davids-projects-0d6e1f97.vercel.app%2Fonboarding-new%2Fprofile&dt=Out%20Run%20App&en=page_view&_ee=1&ep.origin=firebase&tfd=6302:0
[ 1079041ms] [ERROR] Failed to load resource: net::ERR_INTERNET_DISCONNECTED @ https://firestore.googleapis.com/google.firestore.v1.Firestore/Listen/channel?VER=8&database=projects%2Fappout-1%2Fdatabases%2F(default)&RID=10541&CVER=22&X-HTTP-Session-Id=gsessionid&zx=ay7mne6gm9to&t=1:0
[ 1079042ms] [WARNING] [2026-09-24T18:02:36.037Z]  @firebase/firestore: Firestore (12.6.0): WebChannelConnection RPC 'Listen' stream 0x64cb4437 transport errored. Name: undefined Message: undefined @ https://out-run-hf3b2s6td-davids-projects-0d6e1f97.vercel.app/_next/static/chunks/2532-16f59635ee5a761a.js:14
[ 1079043ms] [ERROR] Failed to load resource: net::ERR_INTERNET_DISCONNECTED @ https://www.google.com/recaptcha/enterprise/clr?k=6Lf3d9UsAAAAAILBqo6A909pmhyvtYmDoxaKtfMV:0
[ 1079068ms] [ERROR] Failed to load resource: net::ERR_INTERNET_DISCONNECTED @ https://firestore.googleapis.com/google.firestore.v1.Firestore/Listen/channel?VER=8&database=projects%2Fappout-1%2Fdatabases%2F(default)&gsessionid=9TGFh8lDuJVakKiat7117gdKumjK57dTc1gqn_dxGycI4-MYjcM7uA&SID=m-HpZTQdcoX_QelKZJTcCA&RID=37596&TYPE=terminate&zx=dj9sh8hvc980:0
[ 1079074ms] [ERROR] Failed to load resource: net::ERR_INTERNET_DISCONNECTED @ https://www.google.com/g/collect?v=2&tid=G-DVL9P34LK4&gtm=45je69n0v9240313724za200zd9240313724xf1&_p=1790271878311&gcd=13l3l3l3l1l1&npa=0&dma=0&_eu=AAAAAAQ&_fid=eqrlOSN4klUqSTRMta5PNY&cid=1565120902.1790271466&frm=0&ngs=1&pscdl=noapi&rcb=8&sr=1470x956&uaa=arm&uab=64&uafvl=Google%2520Chrome%3B153.0.8010.53%7CNot_A%2520Brand%3B8.0.0.0%7CChromium%3B153.0.8010.53&uam=&uamb=0&uap=macOS&uapv=26.4.1&uaw=0&ul=he-il&_s=1&tag_exp=115938465~115938469~118897920~118897930~120213116~120385423~120469145~120469153&sid=1790271465&sct=1&seg=1&dl=https%3A%2F%2Fout-run-hf3b2s6td-davids-projects-0d6e1f97.vercel.app%2Fonboarding-new%2Fprofile&dt=Out%20Run%20App&en=page_view&_ee=1&ep.origin=firebase&tfd=6302&gaf=1:0
[ 1079074ms] [ERROR] Failed to load resource: net::ERR_INTERNET_DISCONNECTED @ https://firestore.googleapis.com/google.firestore.v1.Firestore/Listen/channel?VER=8&database=projects%2Fappout-1%2Fdatabases%2F(default)&RID=14100&CVER=22&X-HTTP-Session-Id=gsessionid&zx=drckchr90fk5&t=1:0
[ 1079074ms] [WARNING] [2026-09-24T18:02:36.070Z]  @firebase/firestore: Firestore (12.6.0): WebChannelConnection RPC 'Listen' stream 0x64cb4438 transport errored. Name: undefined Message: undefined @ https://out-run-hf3b2s6td-davids-projects-0d6e1f97.vercel.app/_next/static/chunks/2532-16f59635ee5a761a.js:14
[ 1079088ms] [ERROR] Failed to load resource: net::ERR_INTERNET_DISCONNECTED @ https://www.google.com/images/cleardot.gif?zx=rmy0stp0b3s3:0
[ 1079089ms] [ERROR] Failed to load resource: net::ERR_INTERNET_DISCONNECTED @ https://www.google.com/recaptcha/enterprise/clr?k=6Lf3d9UsAAAAAILBqo6A909pmhyvtYmDoxaKtfMV:0
[ 1079089ms] [ERROR] Failed to load resource: net::ERR_INTERNET_DISCONNECTED @ https://www.google.com/recaptcha/enterprise/clr?k=6Lf3d9UsAAAAAILBqo6A909pmhyvtYmDoxaKtfMV:0
[ 1079091ms] [ERROR] Failed to load resource: net::ERR_INTERNET_DISCONNECTED @ https://www.google.com/images/cleardot.gif?zx=b94mrss1ak2a:0
[ 1079093ms] [ERROR] Failed to load resource: net::ERR_INTERNET_DISCONNECTED @ https://www.google.com/recaptcha/enterprise/clr?k=6Lf3d9UsAAAAAILBqo6A909pmhyvtYmDoxaKtfMV:0
[ 1079094ms] [ERROR] Failed to load resource: net::ERR_INTERNET_DISCONNECTED @ https://www.google.com/recaptcha/enterprise/clr?k=6Lf3d9UsAAAAAILBqo6A909pmhyvtYmDoxaKtfMV:0
[ 1079096ms] [ERROR] Failed to load resource: net::ERR_INTERNET_DISCONNECTED @ https://www.google.com/recaptcha/enterprise/clr?k=6Lf3d9UsAAAAAILBqo6A909pmhyvtYmDoxaKtfMV:0
[ 1079097ms] [ERROR] Failed to load resource: net::ERR_INTERNET_DISCONNECTED @ https://www.google.com/recaptcha/enterprise/clr?k=6Lf3d9UsAAAAAILBqo6A909pmhyvtYmDoxaKtfMV:0
[ 1079100ms] [ERROR] Failed to load resource: net::ERR_INTERNET_DISCONNECTED @ https://www.google.com/recaptcha/enterprise/clr?k=6Lf3d9UsAAAAAILBqo6A909pmhyvtYmDoxaKtfMV:0
[ 1079600ms] [ERROR] Failed to load resource: net::ERR_INTERNET_DISCONNECTED @ https://www.google.com/recaptcha/enterprise/clr?k=6Lf3d9UsAAAAAILBqo6A909pmhyvtYmDoxaKtfMV:0
[ 1079600ms] [ERROR] Failed to load resource: net::ERR_INTERNET_DISCONNECTED @ https://firestore.googleapis.com/google.firestore.v1.Firestore/Listen/channel?VER=8&database=projects%2Fappout-1%2Fdatabases%2F(default)&RID=90199&CVER=22&X-HTTP-Session-Id=gsessionid&zx=q3d7ohp4ggdk&t=1:0
[ 1079601ms] [WARNING] [2026-09-24T18:02:36.596Z]  @firebase/firestore: Firestore (12.6.0): WebChannelConnection RPC 'Listen' stream 0x64cb4439 transport errored. Name: undefined Message: undefined @ https://out-run-hf3b2s6td-davids-projects-0d6e1f97.vercel.app/_next/static/chunks/2532-16f59635ee5a761a.js:14
[ 1079604ms] [ERROR] Failed to load resource: net::ERR_INTERNET_DISCONNECTED @ https://www.google.com/recaptcha/enterprise/clr?k=6Lf3d9UsAAAAAILBqo6A909pmhyvtYmDoxaKtfMV:0
[ 1079605ms] [ERROR] Failed to load resource: net::ERR_INTERNET_DISCONNECTED @ https://www.google.com/images/cleardot.gif?zx=ash9bxitc1b0:0
[ 1079607ms] [ERROR] Failed to load resource: net::ERR_INTERNET_DISCONNECTED @ https://www.google.com/recaptcha/enterprise/clr?k=6Lf3d9UsAAAAAILBqo6A909pmhyvtYmDoxaKtfMV:0
[ 1079610ms] [ERROR] Failed to load resource: net::ERR_INTERNET_DISCONNECTED @ https://www.google.com/recaptcha/enterprise/clr?k=6Lf3d9UsAAAAAILBqo6A909pmhyvtYmDoxaKtfMV:0
[ 1081343ms] [ERROR] Failed to load resource: net::ERR_INTERNET_DISCONNECTED @ https://firestore.googleapis.com/google.firestore.v1.Firestore/Listen/channel?VER=8&database=projects%2Fappout-1%2Fdatabases%2F(default)&RID=83526&CVER=22&X-HTTP-Session-Id=gsessionid&zx=y1lbbbbxqwel&t=1:0
[ 1081346ms] [WARNING] [2026-09-24T18:02:38.341Z]  @firebase/firestore: Firestore (12.6.0): WebChannelConnection RPC 'Listen' stream 0x64cb443a transport errored. Name: undefined Message: undefined @ https://out-run-hf3b2s6td-davids-projects-0d6e1f97.vercel.app/_next/static/chunks/2532-16f59635ee5a761a.js:14
[ 1081348ms] [ERROR] Failed to load resource: net::ERR_INTERNET_DISCONNECTED @ https://www.google.com/recaptcha/enterprise/clr?k=6Lf3d9UsAAAAAILBqo6A909pmhyvtYmDoxaKtfMV:0
[ 1081352ms] [ERROR] Failed to load resource: net::ERR_INTERNET_DISCONNECTED @ https://www.google.com/images/cleardot.gif?zx=ia0dou4me42z:0
[ 1081353ms] [ERROR] Failed to load resource: net::ERR_INTERNET_DISCONNECTED @ https://www.google.com/recaptcha/enterprise/clr?k=6Lf3d9UsAAAAAILBqo6A909pmhyvtYmDoxaKtfMV:0
[ 1081357ms] [ERROR] Failed to load resource: net::ERR_INTERNET_DISCONNECTED @ https://www.google.com/recaptcha/enterprise/clr?k=6Lf3d9UsAAAAAILBqo6A909pmhyvtYmDoxaKtfMV:0
[ 1081361ms] [ERROR] Failed to load resource: net::ERR_INTERNET_DISCONNECTED @ https://www.google.com/recaptcha/enterprise/clr?k=6Lf3d9UsAAAAAILBqo6A909pmhyvtYmDoxaKtfMV:0
[ 1700300ms] [ERROR] Failed to load resource: net::ERR_INTERNET_DISCONNECTED @ https://www.google.com/recaptcha/enterprise/clr?k=6Lf3d9UsAAAAAILBqo6A909pmhyvtYmDoxaKtfMV:0
[ 1700301ms] [ERROR] Failed to load resource: net::ERR_INTERNET_DISCONNECTED @ https://firestore.googleapis.com/google.firestore.v1.Firestore/Listen/channel?VER=8&database=projects%2Fappout-1%2Fdatabases%2F(default)&RID=45203&CVER=22&X-HTTP-Session-Id=gsessionid&zx=l1u8gfc6oeio&t=1:0
[ 1700302ms] [WARNING] [2026-09-24T18:12:57.297Z]  @firebase/firestore: Firestore (12.6.0): WebChannelConnection RPC 'Listen' stream 0x64cb443b transport errored. Name: undefined Message: undefined @ https://out-run-hf3b2s6td-davids-projects-0d6e1f97.vercel.app/_next/static/chunks/2532-16f59635ee5a761a.js:14
[ 1700306ms] [ERROR] Failed to load resource: net::ERR_INTERNET_DISCONNECTED @ https://www.google.com/recaptcha/enterprise/clr?k=6Lf3d9UsAAAAAILBqo6A909pmhyvtYmDoxaKtfMV:0
[ 1700309ms] [ERROR] Failed to load resource: net::ERR_INTERNET_DISCONNECTED @ https://www.google.com/images/cleardot.gif?zx=3b3wpv5wmo24:0
[ 1700312ms] [ERROR] Failed to load resource: net::ERR_INTERNET_DISCONNECTED @ https://www.google.com/recaptcha/enterprise/clr?k=6Lf3d9UsAAAAAILBqo6A909pmhyvtYmDoxaKtfMV:0
[ 1700321ms] [ERROR] Failed to load resource: net::ERR_INTERNET_DISCONNECTED @ https://www.google.com/recaptcha/enterprise/clr?k=6Lf3d9UsAAAAAILBqo6A909pmhyvtYmDoxaKtfMV:0
[ 1704565ms] [ERROR] Failed to load resource: net::ERR_INTERNET_DISCONNECTED @ https://www.google.com/recaptcha/enterprise/clr?k=6Lf3d9UsAAAAAILBqo6A909pmhyvtYmDoxaKtfMV:0
[ 1704566ms] [ERROR] Failed to load resource: net::ERR_INTERNET_DISCONNECTED @ https://firestore.googleapis.com/google.firestore.v1.Firestore/Listen/channel?VER=8&database=projects%2Fappout-1%2Fdatabases%2F(default)&RID=4211&CVER=22&X-HTTP-Session-Id=gsessionid&zx=75zhiqxjio20&t=1:0
[ 1704567ms] [WARNING] [2026-09-24T18:13:01.562Z]  @firebase/firestore: Firestore (12.6.0): WebChannelConnection RPC 'Listen' stream 0x64cb443c transport errored. Name: undefined Message: undefined @ https://out-run-hf3b2s6td-davids-projects-0d6e1f97.vercel.app/_next/static/chunks/2532-16f59635ee5a761a.js:14
[ 1704570ms] [ERROR] Failed to load resource: net::ERR_INTERNET_DISCONNECTED @ https://www.google.com/recaptcha/enterprise/clr?k=6Lf3d9UsAAAAAILBqo6A909pmhyvtYmDoxaKtfMV:0
[ 1704571ms] [ERROR] Failed to load resource: net::ERR_INTERNET_DISCONNECTED @ https://www.google.com/images/cleardot.gif?zx=ynczmasnanz:0
[ 1704574ms] [ERROR] Failed to load resource: net::ERR_INTERNET_DISCONNECTED @ https://www.google.com/recaptcha/enterprise/clr?k=6Lf3d9UsAAAAAILBqo6A909pmhyvtYmDoxaKtfMV:0
[ 1704576ms] [ERROR] Failed to load resource: net::ERR_INTERNET_DISCONNECTED @ https://www.google.com/recaptcha/enterprise/clr?k=6Lf3d9UsAAAAAILBqo6A909pmhyvtYmDoxaKtfMV:0
[ 1712453ms] [ERROR] Failed to load resource: net::ERR_INTERNET_DISCONNECTED @ https://firestore.googleapis.com/google.firestore.v1.Firestore/Listen/channel?VER=8&database=projects%2Fappout-1%2Fdatabases%2F(default)&gsessionid=5z2sMM71GHLgIwKcCQvlOCXMJEhCi0tBNT0nbPhJvFxfa7ykOJvA7Q&SID=0TDKmf6979vjgtLtvqKvXg&RID=76911&TYPE=terminate&zx=i6ge4zpl9ao9:0
[ 1712466ms] [ERROR] Failed to load resource: net::ERR_NAME_NOT_RESOLVED @ https://www.google.com/recaptcha/enterprise/clr?k=6Lf3d9UsAAAAAILBqo6A909pmhyvtYmDoxaKtfMV:0
[ 1712475ms] [ERROR] Failed to load resource: net::ERR_INTERNET_DISCONNECTED @ https://firestore.googleapis.com/google.firestore.v1.Firestore/Listen/channel?VER=8&database=projects%2Fappout-1%2Fdatabases%2F(default)&RID=56052&CVER=22&X-HTTP-Session-Id=gsessionid&zx=npe9qic8add6&t=1:0
[ 1712476ms] [WARNING] [2026-09-24T18:13:09.471Z]  @firebase/firestore: Firestore (12.6.0): WebChannelConnection RPC 'Listen' stream 0x64cb443e transport errored. Name: undefined Message: undefined @ https://out-run-hf3b2s6td-davids-projects-0d6e1f97.vercel.app/_next/static/chunks/2532-16f59635ee5a761a.js:14
[ 1712484ms] [ERROR] Failed to load resource: net::ERR_INTERNET_DISCONNECTED @ https://www.google.com/recaptcha/enterprise/clr?k=6Lf3d9UsAAAAAILBqo6A909pmhyvtYmDoxaKtfMV:0
[ 1712549ms] [ERROR] Failed to load resource: net::ERR_INTERNET_DISCONNECTED @ https://www.google.com/images/cleardot.gif?zx=6c2d6afrrg5k:0
[ 1712563ms] [ERROR] Failed to load resource: net::ERR_INTERNET_DISCONNECTED @ https://firestore.googleapis.com/google.firestore.v1.Firestore/Listen/channel?VER=8&database=projects%2Fappout-1%2Fdatabases%2F(default)&RID=63069&CVER=22&X-HTTP-Session-Id=gsessionid&zx=ts07x4cyhdvd&t=1:0
[ 1712563ms] [WARNING] [2026-09-24T18:13:09.559Z]  @firebase/firestore: Firestore (12.6.0): WebChannelConnection RPC 'Listen' stream 0x64cb443f transport errored. Name: undefined Message: undefined @ https://out-run-hf3b2s6td-davids-projects-0d6e1f97.vercel.app/_next/static/chunks/2532-16f59635ee5a761a.js:14
[ 1712565ms] [ERROR] Failed to load resource: net::ERR_INTERNET_DISCONNECTED @ https://www.google.com/recaptcha/enterprise/clr?k=6Lf3d9UsAAAAAILBqo6A909pmhyvtYmDoxaKtfMV:0
[ 1712566ms] [ERROR] Failed to load resource: net::ERR_INTERNET_DISCONNECTED @ https://www.google.com/recaptcha/enterprise/clr?k=6Lf3d9UsAAAAAILBqo6A909pmhyvtYmDoxaKtfMV:0
[ 1712599ms] [ERROR] Failed to load resource: net::ERR_INTERNET_DISCONNECTED @ https://www.google.com/recaptcha/enterprise/clr?k=6Lf3d9UsAAAAAILBqo6A909pmhyvtYmDoxaKtfMV:0
[ 1712599ms] [ERROR] Failed to load resource: net::ERR_INTERNET_DISCONNECTED @ https://www.google.com/images/cleardot.gif?zx=uze99ofktmrr:0
[ 1712599ms] [ERROR] Failed to load resource: net::ERR_INTERNET_DISCONNECTED @ https://www.google.com/recaptcha/enterprise/clr?k=6Lf3d9UsAAAAAILBqo6A909pmhyvtYmDoxaKtfMV:0
[ 1712629ms] [ERROR] Failed to load resource: net::ERR_INTERNET_DISCONNECTED @ https://www.google.com/recaptcha/enterprise/clr?k=6Lf3d9UsAAAAAILBqo6A909pmhyvtYmDoxaKtfMV:0
[ 1712638ms] [ERROR] Failed to load resource: net::ERR_INTERNET_DISCONNECTED @ https://www.google.com/recaptcha/enterprise/clr?k=6Lf3d9UsAAAAAILBqo6A909pmhyvtYmDoxaKtfMV:0
[ 1765141ms] [LOG] [DEBUG-RESOLVER] Incoming Category: muscle_up Resolved Candidate IDs: [muscle_up, fTLWzjP9gH2VNpamyCZF] @ https://out-run-hf3b2s6td-davids-projects-0d6e1f97.vercel.app/_next/static/chunks/2390-dc57abc8d12f6b2f.js:0
[ 1765401ms] [LOG] [DEBUG-RESOLVER] loadCategoryMap built: {human_flag: EtY8YCol0qpF6DzgcTx1, push: J0fLpmJhG0KDN2tQouxh, core: kDMpobbKsuVTByTIKUpe, pull: UPDBtTdCvX748dtBlWYj, one_arm_pullup: cC0BOmm6KIqYAyQynEIo} @ https://out-run-hf3b2s6td-davids-projects-0d6e1f97.vercel.app/_next/static/chunks/2390-dc57abc8d12f6b2f.js:0
[ 1765401ms] [LOG] [DEBUG-RESOLVER] Incoming Category: front_lever Resolved Candidate IDs: [front_lever, mFcuYlNgKXLqWVUFo0zt] @ https://out-run-hf3b2s6td-davids-projects-0d6e1f97.vercel.app/_next/static/chunks/2390-dc57abc8d12f6b2f.js:0
[ 1765401ms] [LOG] [DEBUG-RESOLVER] loadCategoryMap built: {human_flag: EtY8YCol0qpF6DzgcTx1, push: J0fLpmJhG0KDN2tQouxh, core: kDMpobbKsuVTByTIKUpe, pull: UPDBtTdCvX748dtBlWYj, one_arm_pullup: cC0BOmm6KIqYAyQynEIo} @ https://out-run-hf3b2s6td-davids-projects-0d6e1f97.vercel.app/_next/static/chunks/2390-dc57abc8d12f6b2f.js:0
[ 1765401ms] [LOG] [DEBUG-RESOLVER] Incoming Category: planche Resolved Candidate IDs: [planche, pCI5NHXpowu2ySucqDn8] @ https://out-run-hf3b2s6td-davids-projects-0d6e1f97.vercel.app/_next/static/chunks/2390-dc57abc8d12f6b2f.js:0
[ 1765401ms] [LOG] [DEBUG-RESOLVER] loadCategoryMap built: {human_flag: EtY8YCol0qpF6DzgcTx1, push: J0fLpmJhG0KDN2tQouxh, core: kDMpobbKsuVTByTIKUpe, pull: UPDBtTdCvX748dtBlWYj, one_arm_pullup: cC0BOmm6KIqYAyQynEIo} @ https://out-run-hf3b2s6td-davids-projects-0d6e1f97.vercel.app/_next/static/chunks/2390-dc57abc8d12f6b2f.js:0
[ 1765401ms] [LOG] [DEBUG-RESOLVER] Incoming Category: handstand Resolved Candidate IDs: [handstand, IOfBZFeorTTDkcz3tOA6] @ https://out-run-hf3b2s6td-davids-projects-0d6e1f97.vercel.app/_next/static/chunks/2390-dc57abc8d12f6b2f.js:0
[ 1765401ms] [LOG] [DEBUG-RESOLVER] loadCategoryMap built: {human_flag: EtY8YCol0qpF6DzgcTx1, push: J0fLpmJhG0KDN2tQouxh, core: kDMpobbKsuVTByTIKUpe, pull: UPDBtTdCvX748dtBlWYj, one_arm_pullup: cC0BOmm6KIqYAyQynEIo} @ https://out-run-hf3b2s6td-davids-projects-0d6e1f97.vercel.app/_next/static/chunks/2390-dc57abc8d12f6b2f.js:0
[ 1765401ms] [LOG] [DEBUG-RESOLVER] Incoming Category: hspu Resolved Candidate IDs: [hspu, PAxprHuT7HjqrWU4wl0T] @ https://out-run-hf3b2s6td-davids-projects-0d6e1f97.vercel.app/_next/static/chunks/2390-dc57abc8d12f6b2f.js:0
[ 1765401ms] [LOG] [DEBUG-RESOLVER] loadCategoryMap built: {human_flag: EtY8YCol0qpF6DzgcTx1, push: J0fLpmJhG0KDN2tQouxh, core: kDMpobbKsuVTByTIKUpe, pull: UPDBtTdCvX748dtBlWYj, one_arm_pullup: cC0BOmm6KIqYAyQynEIo} @ https://out-run-hf3b2s6td-davids-projects-0d6e1f97.vercel.app/_next/static/chunks/2390-dc57abc8d12f6b2f.js:0
[ 1765401ms] [LOG] [DEBUG-RESOLVER] Incoming Category: one_arm_pullup Resolved Candidate IDs: [one_arm_pullup, cC0BOmm6KIqYAyQynEIo] @ https://out-run-hf3b2s6td-davids-projects-0d6e1f97.vercel.app/_next/static/chunks/2390-dc57abc8d12f6b2f.js:0
[ 1765401ms] [LOG] [DEBUG-FIRESTORE] Querying IDs: [muscle_up, fTLWzjP9gH2VNpamyCZF] Snapshot size returned: 0 @ https://out-run-hf3b2s6td-davids-projects-0d6e1f97.vercel.app/_next/static/chunks/2390-dc57abc8d12f6b2f.js:0
[ 1765401ms] [LOG] [DEBUG-FIRESTORE] showInOnboarding=true levels: [] (0 total) @ https://out-run-hf3b2s6td-davids-projects-0d6e1f97.vercel.app/_next/static/chunks/2390-dc57abc8d12f6b2f.js:0
[ 1765401ms] [LOG] [DEBUG-RESOLVER] Final onboarding levels for "muscle_up": [] (0 total) @ https://out-run-hf3b2s6td-davids-projects-0d6e1f97.vercel.app/_next/static/chunks/2390-dc57abc8d12f6b2f.js:0
[ 1765553ms] [LOG] [DEBUG-FIRESTORE] Querying IDs: [front_lever, mFcuYlNgKXLqWVUFo0zt] Snapshot size returned: 15 @ https://out-run-hf3b2s6td-davids-projects-0d6e1f97.vercel.app/_next/static/chunks/2390-dc57abc8d12f6b2f.js:0
[ 1765554ms] [LOG] [DEBUG-FIRESTORE] showInOnboarding=true levels: [1, 3, 5, 7, 9, 11, 13] (7 total) @ https://out-run-hf3b2s6td-davids-projects-0d6e1f97.vercel.app/_next/static/chunks/2390-dc57abc8d12f6b2f.js:0
[ 1765554ms] [LOG] [DEBUG-RESOLVER] Final onboarding levels for "front_lever": [1, 3, 5, 7, 9, 11, 13] (7 total) @ https://out-run-hf3b2s6td-davids-projects-0d6e1f97.vercel.app/_next/static/chunks/2390-dc57abc8d12f6b2f.js:0
[ 1765554ms] [LOG] [DEBUG-FIRESTORE] Querying IDs: [planche, pCI5NHXpowu2ySucqDn8] Snapshot size returned: 15 @ https://out-run-hf3b2s6td-davids-projects-0d6e1f97.vercel.app/_next/static/chunks/2390-dc57abc8d12f6b2f.js:0
[ 1765554ms] [LOG] [DEBUG-FIRESTORE] showInOnboarding=true levels: [1, 3, 5, 7, 10, 12, 13, 14, 15] (9 total) @ https://out-run-hf3b2s6td-davids-projects-0d6e1f97.vercel.app/_next/static/chunks/2390-dc57abc8d12f6b2f.js:0
[ 1765554ms] [LOG] [DEBUG-RESOLVER] Final onboarding levels for "planche": [1, 3, 5, 7, 10, 12, 13, 14, 15] (9 total) @ https://out-run-hf3b2s6td-davids-projects-0d6e1f97.vercel.app/_next/static/chunks/2390-dc57abc8d12f6b2f.js:0
[ 1765554ms] [LOG] [DEBUG-FIRESTORE] Querying IDs: [handstand, IOfBZFeorTTDkcz3tOA6] Snapshot size returned: 15 @ https://out-run-hf3b2s6td-davids-projects-0d6e1f97.vercel.app/_next/static/chunks/2390-dc57abc8d12f6b2f.js:0
[ 1765554ms] [LOG] [DEBUG-FIRESTORE] showInOnboarding=true levels: [] (0 total) @ https://out-run-hf3b2s6td-davids-projects-0d6e1f97.vercel.app/_next/static/chunks/2390-dc57abc8d12f6b2f.js:0
[ 1765554ms] [LOG] [DEBUG-RESOLVER] Final onboarding levels for "handstand": [] (0 total) @ https://out-run-hf3b2s6td-davids-projects-0d6e1f97.vercel.app/_next/static/chunks/2390-dc57abc8d12f6b2f.js:0
[ 1765554ms] [LOG] [DEBUG-FIRESTORE] Querying IDs: [hspu, PAxprHuT7HjqrWU4wl0T] Snapshot size returned: 15 @ https://out-run-hf3b2s6td-davids-projects-0d6e1f97.vercel.app/_next/static/chunks/2390-dc57abc8d12f6b2f.js:0
[ 1765555ms] [LOG] [DEBUG-FIRESTORE] showInOnboarding=true levels: [1, 3, 6, 8, 9, 10, 11, 12, 13, 14, 15] (11 total) @ https://out-run-hf3b2s6td-davids-projects-0d6e1f97.vercel.app/_next/static/chunks/2390-dc57abc8d12f6b2f.js:0
[ 1765555ms] [LOG] [DEBUG-RESOLVER] Final onboarding levels for "hspu": [1, 3, 6, 8, 9, 10, 11, 12, 13, 14, 15] (11 total) @ https://out-run-hf3b2s6td-davids-projects-0d6e1f97.vercel.app/_next/static/chunks/2390-dc57abc8d12f6b2f.js:0
[ 1765710ms] [LOG] [DEBUG-FIRESTORE] Querying IDs: [one_arm_pullup, cC0BOmm6KIqYAyQynEIo] Snapshot size returned: 15 @ https://out-run-hf3b2s6td-davids-projects-0d6e1f97.vercel.app/_next/static/chunks/2390-dc57abc8d12f6b2f.js:0
[ 1765710ms] [LOG] [DEBUG-FIRESTORE] showInOnboarding=true levels: [1, 4, 6, 7, 8, 10, 11, 13] (8 total) @ https://out-run-hf3b2s6td-davids-projects-0d6e1f97.vercel.app/_next/static/chunks/2390-dc57abc8d12f6b2f.js:0
[ 1765710ms] [LOG] [DEBUG-RESOLVER] Final onboarding levels for "one_arm_pullup": [1, 4, 6, 7, 8, 10, 11, 13] (8 total) @ https://out-run-hf3b2s6td-davids-projects-0d6e1f97.vercel.app/_next/static/chunks/2390-dc57abc8d12f6b2f.js:0
[ 1816721ms] [LOG] [DEBUG-PAGE] pathConfig.path: body_focus | categories passed to VisualSlider: [push, pull, legs, core] | skipTier: true @ https://out-run-hf3b2s6td-davids-projects-0d6e1f97.vercel.app/_next/static/chunks/app/onboarding-new/assessment-visual/page-dea2a20291a856c2.js:0
[ 1816884ms] [LOG] [DEBUG-RESOLVER] loadCategoryMap built: {human_flag: EtY8YCol0qpF6DzgcTx1, push: J0fLpmJhG0KDN2tQouxh, core: kDMpobbKsuVTByTIKUpe, pull: UPDBtTdCvX748dtBlWYj, one_arm_pullup: cC0BOmm6KIqYAyQynEIo} @ https://out-run-hf3b2s6td-davids-projects-0d6e1f97.vercel.app/_next/static/chunks/2390-dc57abc8d12f6b2f.js:0
[ 1816884ms] [LOG] [DEBUG-RESOLVER] Incoming Category: push Resolved Candidate IDs: [push, J0fLpmJhG0KDN2tQouxh] @ https://out-run-hf3b2s6td-davids-projects-0d6e1f97.vercel.app/_next/static/chunks/2390-dc57abc8d12f6b2f.js:0
[ 1816885ms] [LOG] [DEBUG-RESOLVER] loadCategoryMap built: {human_flag: EtY8YCol0qpF6DzgcTx1, push: J0fLpmJhG0KDN2tQouxh, core: kDMpobbKsuVTByTIKUpe, pull: UPDBtTdCvX748dtBlWYj, one_arm_pullup: cC0BOmm6KIqYAyQynEIo} @ https://out-run-hf3b2s6td-davids-projects-0d6e1f97.vercel.app/_next/static/chunks/2390-dc57abc8d12f6b2f.js:0
[ 1816885ms] [LOG] [DEBUG-RESOLVER] Incoming Category: pull Resolved Candidate IDs: [pull, UPDBtTdCvX748dtBlWYj] @ https://out-run-hf3b2s6td-davids-projects-0d6e1f97.vercel.app/_next/static/chunks/2390-dc57abc8d12f6b2f.js:0
[ 1816885ms] [LOG] [DEBUG-RESOLVER] loadCategoryMap built: {human_flag: EtY8YCol0qpF6DzgcTx1, push: J0fLpmJhG0KDN2tQouxh, core: kDMpobbKsuVTByTIKUpe, pull: UPDBtTdCvX748dtBlWYj, one_arm_pullup: cC0BOmm6KIqYAyQynEIo} @ https://out-run-hf3b2s6td-davids-projects-0d6e1f97.vercel.app/_next/static/chunks/2390-dc57abc8d12f6b2f.js:0
[ 1816885ms] [LOG] [DEBUG-RESOLVER] Incoming Category: legs Resolved Candidate IDs: [legs, OrAmOH3F375dVio5yGdU] @ https://out-run-hf3b2s6td-davids-projects-0d6e1f97.vercel.app/_next/static/chunks/2390-dc57abc8d12f6b2f.js:0
[ 1816885ms] [LOG] [DEBUG-RESOLVER] loadCategoryMap built: {human_flag: EtY8YCol0qpF6DzgcTx1, push: J0fLpmJhG0KDN2tQouxh, core: kDMpobbKsuVTByTIKUpe, pull: UPDBtTdCvX748dtBlWYj, one_arm_pullup: cC0BOmm6KIqYAyQynEIo} @ https://out-run-hf3b2s6td-davids-projects-0d6e1f97.vercel.app/_next/static/chunks/2390-dc57abc8d12f6b2f.js:0
[ 1816885ms] [LOG] [DEBUG-RESOLVER] Incoming Category: core Resolved Candidate IDs: [core, kDMpobbKsuVTByTIKUpe] @ https://out-run-hf3b2s6td-davids-projects-0d6e1f97.vercel.app/_next/static/chunks/2390-dc57abc8d12f6b2f.js:0
[ 1816886ms] [LOG] [DEBUG-PAGE] pathConfig.path: body_focus | categories passed to VisualSlider: [push, pull, legs, core] | skipTier: true @ https://out-run-hf3b2s6td-davids-projects-0d6e1f97.vercel.app/_next/static/chunks/app/onboarding-new/assessment-visual/page-dea2a20291a856c2.js:0
[ 1816886ms] [LOG] [DEBUG-RESOLVER] Incoming Category: push Resolved Candidate IDs: [push, J0fLpmJhG0KDN2tQouxh] @ https://out-run-hf3b2s6td-davids-projects-0d6e1f97.vercel.app/_next/static/chunks/2390-dc57abc8d12f6b2f.js:0
[ 1816886ms] [LOG] [DEBUG-RESOLVER] Incoming Category: pull Resolved Candidate IDs: [pull, UPDBtTdCvX748dtBlWYj] @ https://out-run-hf3b2s6td-davids-projects-0d6e1f97.vercel.app/_next/static/chunks/2390-dc57abc8d12f6b2f.js:0
[ 1816886ms] [LOG] [DEBUG-RESOLVER] Incoming Category: legs Resolved Candidate IDs: [legs, OrAmOH3F375dVio5yGdU] @ https://out-run-hf3b2s6td-davids-projects-0d6e1f97.vercel.app/_next/static/chunks/2390-dc57abc8d12f6b2f.js:0
[ 1816887ms] [LOG] [DEBUG-RESOLVER] Incoming Category: core Resolved Candidate IDs: [core, kDMpobbKsuVTByTIKUpe] @ https://out-run-hf3b2s6td-davids-projects-0d6e1f97.vercel.app/_next/static/chunks/2390-dc57abc8d12f6b2f.js:0
[ 1817063ms] [LOG] [DEBUG-FIRESTORE] Querying IDs: [push, J0fLpmJhG0KDN2tQouxh] Snapshot size returned: 25 @ https://out-run-hf3b2s6td-davids-projects-0d6e1f97.vercel.app/_next/static/chunks/2390-dc57abc8d12f6b2f.js:0
[ 1817063ms] [LOG] [DEBUG-FIRESTORE] showInOnboarding=true levels: [1, 4, 6, 9, 12, 14, 16, 18, 19, 20] (10 total) @ https://out-run-hf3b2s6td-davids-projects-0d6e1f97.vercel.app/_next/static/chunks/2390-dc57abc8d12f6b2f.js:0
[ 1817063ms] [LOG] [DEBUG-RESOLVER] Final onboarding levels for "push": [1, 4, 6, 9, 12, 14, 16, 18, 19, 20] (10 total) @ https://out-run-hf3b2s6td-davids-projects-0d6e1f97.vercel.app/_next/static/chunks/2390-dc57abc8d12f6b2f.js:0
[ 1817063ms] [LOG] [DEBUG-RESOLVER] resolveContent("push", 1) → programId="J0fLpmJhG0KDN2tQouxh" @ https://out-run-hf3b2s6td-davids-projects-0d6e1f97.vercel.app/_next/static/chunks/2390-dc57abc8d12f6b2f.js:0
[ 1817063ms] [LOG] [DEBUG-RESOLVER] resolveContent("push", 4) → programId="J0fLpmJhG0KDN2tQouxh" @ https://out-run-hf3b2s6td-davids-projects-0d6e1f97.vercel.app/_next/static/chunks/2390-dc57abc8d12f6b2f.js:0
[ 1817063ms] [LOG] [DEBUG-FIRESTORE] Querying IDs: [push, J0fLpmJhG0KDN2tQouxh] Snapshot size returned: 25 @ https://out-run-hf3b2s6td-davids-projects-0d6e1f97.vercel.app/_next/static/chunks/2390-dc57abc8d12f6b2f.js:0
[ 1817063ms] [LOG] [DEBUG-FIRESTORE] showInOnboarding=true levels: [1, 4, 6, 9, 12, 14, 16, 18, 19, 20] (10 total) @ https://out-run-hf3b2s6td-davids-projects-0d6e1f97.vercel.app/_next/static/chunks/2390-dc57abc8d12f6b2f.js:0
[ 1817064ms] [LOG] [DEBUG-RESOLVER] Final onboarding levels for "push": [1, 4, 6, 9, 12, 14, 16, 18, 19, 20] (10 total) @ https://out-run-hf3b2s6td-davids-projects-0d6e1f97.vercel.app/_next/static/chunks/2390-dc57abc8d12f6b2f.js:0
[ 1817064ms] [LOG] [DEBUG-RESOLVER] resolveContent("push", 1) → programId="J0fLpmJhG0KDN2tQouxh" @ https://out-run-hf3b2s6td-davids-projects-0d6e1f97.vercel.app/_next/static/chunks/2390-dc57abc8d12f6b2f.js:0
[ 1817064ms] [LOG] [DEBUG-RESOLVER] resolveContent("push", 4) → programId="J0fLpmJhG0KDN2tQouxh" @ https://out-run-hf3b2s6td-davids-projects-0d6e1f97.vercel.app/_next/static/chunks/2390-dc57abc8d12f6b2f.js:0
[ 1817064ms] [LOG] [DEBUG-FIRESTORE] Querying IDs: [pull, UPDBtTdCvX748dtBlWYj] Snapshot size returned: 25 @ https://out-run-hf3b2s6td-davids-projects-0d6e1f97.vercel.app/_next/static/chunks/2390-dc57abc8d12f6b2f.js:0
[ 1817064ms] [LOG] [DEBUG-FIRESTORE] showInOnboarding=true levels: [1, 4, 6, 10, 14, 17, 19, 20] (8 total) @ https://out-run-hf3b2s6td-davids-projects-0d6e1f97.vercel.app/_next/static/chunks/2390-dc57abc8d12f6b2f.js:0
[ 1817064ms] [LOG] [DEBUG-RESOLVER] Final onboarding levels for "pull": [1, 4, 6, 10, 14, 17, 19, 20] (8 total) @ https://out-run-hf3b2s6td-davids-projects-0d6e1f97.vercel.app/_next/static/chunks/2390-dc57abc8d12f6b2f.js:0
[ 1817064ms] [LOG] [DEBUG-RESOLVER] resolveContent("pull", 1) → programId="UPDBtTdCvX748dtBlWYj" @ https://out-run-hf3b2s6td-davids-projects-0d6e1f97.vercel.app/_next/static/chunks/2390-dc57abc8d12f6b2f.js:0
[ 1817064ms] [LOG] [DEBUG-RESOLVER] resolveContent("pull", 4) → programId="UPDBtTdCvX748dtBlWYj" @ https://out-run-hf3b2s6td-davids-projects-0d6e1f97.vercel.app/_next/static/chunks/2390-dc57abc8d12f6b2f.js:0
[ 1817064ms] [LOG] [DEBUG-FIRESTORE] Querying IDs: [pull, UPDBtTdCvX748dtBlWYj] Snapshot size returned: 25 @ https://out-run-hf3b2s6td-davids-projects-0d6e1f97.vercel.app/_next/static/chunks/2390-dc57abc8d12f6b2f.js:0
[ 1817064ms] [LOG] [DEBUG-FIRESTORE] showInOnboarding=true levels: [1, 4, 6, 10, 14, 17, 19, 20] (8 total) @ https://out-run-hf3b2s6td-davids-projects-0d6e1f97.vercel.app/_next/static/chunks/2390-dc57abc8d12f6b2f.js:0
[ 1817064ms] [LOG] [DEBUG-RESOLVER] Final onboarding levels for "pull": [1, 4, 6, 10, 14, 17, 19, 20] (8 total) @ https://out-run-hf3b2s6td-davids-projects-0d6e1f97.vercel.app/_next/static/chunks/2390-dc57abc8d12f6b2f.js:0
[ 1817064ms] [LOG] [DEBUG-RESOLVER] resolveContent("pull", 1) → programId="UPDBtTdCvX748dtBlWYj" @ https://out-run-hf3b2s6td-davids-projects-0d6e1f97.vercel.app/_next/static/chunks/2390-dc57abc8d12f6b2f.js:0
[ 1817064ms] [LOG] [DEBUG-RESOLVER] resolveContent("pull", 4) → programId="UPDBtTdCvX748dtBlWYj" @ https://out-run-hf3b2s6td-davids-projects-0d6e1f97.vercel.app/_next/static/chunks/2390-dc57abc8d12f6b2f.js:0
[ 1817064ms] [LOG] [DEBUG-FIRESTORE] Querying IDs: [legs, OrAmOH3F375dVio5yGdU] Snapshot size returned: 15 @ https://out-run-hf3b2s6td-davids-projects-0d6e1f97.vercel.app/_next/static/chunks/2390-dc57abc8d12f6b2f.js:0
[ 1817064ms] [LOG] [DEBUG-FIRESTORE] showInOnboarding=true levels: [1, 3, 6, 8, 10, 12] (6 total) @ https://out-run-hf3b2s6td-davids-projects-0d6e1f97.vercel.app/_next/static/chunks/2390-dc57abc8d12f6b2f.js:0
[ 1817064ms] [LOG] [DEBUG-RESOLVER] Final onboarding levels for "legs": [1, 3, 6, 8, 10, 12] (6 total) @ https://out-run-hf3b2s6td-davids-projects-0d6e1f97.vercel.app/_next/static/chunks/2390-dc57abc8d12f6b2f.js:0
[ 1817064ms] [LOG] [DEBUG-RESOLVER] resolveContent("legs", 1) → programId="OrAmOH3F375dVio5yGdU" @ https://out-run-hf3b2s6td-davids-projects-0d6e1f97.vercel.app/_next/static/chunks/2390-dc57abc8d12f6b2f.js:0
[ 1817064ms] [LOG] [DEBUG-RESOLVER] resolveContent("legs", 3) → programId="OrAmOH3F375dVio5yGdU" @ https://out-run-hf3b2s6td-davids-projects-0d6e1f97.vercel.app/_next/static/chunks/2390-dc57abc8d12f6b2f.js:0
[ 1817064ms] [LOG] [DEBUG-FIRESTORE] Querying IDs: [legs, OrAmOH3F375dVio5yGdU] Snapshot size returned: 15 @ https://out-run-hf3b2s6td-davids-projects-0d6e1f97.vercel.app/_next/static/chunks/2390-dc57abc8d12f6b2f.js:0
[ 1817065ms] [LOG] [DEBUG-FIRESTORE] showInOnboarding=true levels: [1, 3, 6, 8, 10, 12] (6 total) @ https://out-run-hf3b2s6td-davids-projects-0d6e1f97.vercel.app/_next/static/chunks/2390-dc57abc8d12f6b2f.js:0
[ 1817065ms] [LOG] [DEBUG-RESOLVER] Final onboarding levels for "legs": [1, 3, 6, 8, 10, 12] (6 total) @ https://out-run-hf3b2s6td-davids-projects-0d6e1f97.vercel.app/_next/static/chunks/2390-dc57abc8d12f6b2f.js:0
[ 1817065ms] [LOG] [DEBUG-RESOLVER] resolveContent("legs", 1) → programId="OrAmOH3F375dVio5yGdU" @ https://out-run-hf3b2s6td-davids-projects-0d6e1f97.vercel.app/_next/static/chunks/2390-dc57abc8d12f6b2f.js:0
[ 1817065ms] [LOG] [DEBUG-RESOLVER] resolveContent("legs", 3) → programId="OrAmOH3F375dVio5yGdU" @ https://out-run-hf3b2s6td-davids-projects-0d6e1f97.vercel.app/_next/static/chunks/2390-dc57abc8d12f6b2f.js:0
[ 1817091ms] [LOG] [DEBUG-FIRESTORE] Querying IDs: [core, kDMpobbKsuVTByTIKUpe] Snapshot size returned: 20 @ https://out-run-hf3b2s6td-davids-projects-0d6e1f97.vercel.app/_next/static/chunks/2390-dc57abc8d12f6b2f.js:0
[ 1817092ms] [LOG] [DEBUG-FIRESTORE] showInOnboarding=true levels: [1, 3, 5, 7, 8, 10, 11, 14] (8 total) @ https://out-run-hf3b2s6td-davids-projects-0d6e1f97.vercel.app/_next/static/chunks/2390-dc57abc8d12f6b2f.js:0
[ 1817092ms] [LOG] [DEBUG-RESOLVER] Final onboarding levels for "core": [1, 3, 5, 7, 8, 10, 11, 14] (8 total) @ https://out-run-hf3b2s6td-davids-projects-0d6e1f97.vercel.app/_next/static/chunks/2390-dc57abc8d12f6b2f.js:0
[ 1817092ms] [LOG] [DEBUG-RESOLVER] resolveContent("core", 1) → programId="kDMpobbKsuVTByTIKUpe" @ https://out-run-hf3b2s6td-davids-projects-0d6e1f97.vercel.app/_next/static/chunks/2390-dc57abc8d12f6b2f.js:0
[ 1817092ms] [LOG] [DEBUG-RESOLVER] resolveContent("core", 3) → programId="kDMpobbKsuVTByTIKUpe" @ https://out-run-hf3b2s6td-davids-projects-0d6e1f97.vercel.app/_next/static/chunks/2390-dc57abc8d12f6b2f.js:0
[ 1817092ms] [LOG] [DEBUG-FIRESTORE] Querying IDs: [core, kDMpobbKsuVTByTIKUpe] Snapshot size returned: 20 @ https://out-run-hf3b2s6td-davids-projects-0d6e1f97.vercel.app/_next/static/chunks/2390-dc57abc8d12f6b2f.js:0
[ 1817092ms] [LOG] [DEBUG-FIRESTORE] showInOnboarding=true levels: [1, 3, 5, 7, 8, 10, 11, 14] (8 total) @ https://out-run-hf3b2s6td-davids-projects-0d6e1f97.vercel.app/_next/static/chunks/2390-dc57abc8d12f6b2f.js:0
[ 1817092ms] [LOG] [DEBUG-RESOLVER] Final onboarding levels for "core": [1, 3, 5, 7, 8, 10, 11, 14] (8 total) @ https://out-run-hf3b2s6td-davids-projects-0d6e1f97.vercel.app/_next/static/chunks/2390-dc57abc8d12f6b2f.js:0
[ 1817092ms] [LOG] [DEBUG-RESOLVER] resolveContent("core", 1) → programId="kDMpobbKsuVTByTIKUpe" @ https://out-run-hf3b2s6td-davids-projects-0d6e1f97.vercel.app/_next/static/chunks/2390-dc57abc8d12f6b2f.js:0
[ 1817092ms] [LOG] [DEBUG-RESOLVER] resolveContent("core", 3) → programId="kDMpobbKsuVTByTIKUpe" @ https://out-run-hf3b2s6td-davids-projects-0d6e1f97.vercel.app/_next/static/chunks/2390-dc57abc8d12f6b2f.js:0
[ 1817243ms] [LOG] [VisualContentService] docToContent "J0fLpmJhG0KDN2tQouxh_1": {hasVideoVariantsField: true, hasVariantsField: false, rawType: array[0], parsedVariantsCount: 0, allTopLevelKeys: Array(14)} @ https://out-run-hf3b2s6td-davids-projects-0d6e1f97.vercel.app/_next/static/chunks/2390-dc57abc8d12f6b2f.js:0
[ 1817243ms] [LOG] [DEBUG-RESOLVER] attempt1 getVisualContentItem("J0fLpmJhG0KDN2tQouxh", 1) → FOUND @ https://out-run-hf3b2s6td-davids-projects-0d6e1f97.vercel.app/_next/static/chunks/2390-dc57abc8d12f6b2f.js:0
[ 1817243ms] [LOG] [VisualContentService] docToContent "J0fLpmJhG0KDN2tQouxh_1": {hasVideoVariantsField: true, hasVariantsField: false, rawType: array[0], parsedVariantsCount: 0, allTopLevelKeys: Array(14)} @ https://out-run-hf3b2s6td-davids-projects-0d6e1f97.vercel.app/_next/static/chunks/2390-dc57abc8d12f6b2f.js:0
[ 1817243ms] [LOG] [DEBUG-RESOLVER] attempt1 getVisualContentItem("J0fLpmJhG0KDN2tQouxh", 1) → FOUND @ https://out-run-hf3b2s6td-davids-projects-0d6e1f97.vercel.app/_next/static/chunks/2390-dc57abc8d12f6b2f.js:0
[ 1817243ms] [LOG] [VisualContentService] docToContent "J0fLpmJhG0KDN2tQouxh_4": {hasVideoVariantsField: true, hasVariantsField: false, rawType: array[0], parsedVariantsCount: 0, allTopLevelKeys: Array(14)} @ https://out-run-hf3b2s6td-davids-projects-0d6e1f97.vercel.app/_next/static/chunks/2390-dc57abc8d12f6b2f.js:0
[ 1817243ms] [LOG] [DEBUG-RESOLVER] attempt1 getVisualContentItem("J0fLpmJhG0KDN2tQouxh", 4) → FOUND @ https://out-run-hf3b2s6td-davids-projects-0d6e1f97.vercel.app/_next/static/chunks/2390-dc57abc8d12f6b2f.js:0
[ 1817243ms] [LOG] [VisualContentService] docToContent "J0fLpmJhG0KDN2tQouxh_4": {hasVideoVariantsField: true, hasVariantsField: false, rawType: array[0], parsedVariantsCount: 0, allTopLevelKeys: Array(14)} @ https://out-run-hf3b2s6td-davids-projects-0d6e1f97.vercel.app/_next/static/chunks/2390-dc57abc8d12f6b2f.js:0
[ 1817243ms] [LOG] [DEBUG-RESOLVER] attempt1 getVisualContentItem("J0fLpmJhG0KDN2tQouxh", 4) → FOUND @ https://out-run-hf3b2s6td-davids-projects-0d6e1f97.vercel.app/_next/static/chunks/2390-dc57abc8d12f6b2f.js:0
[ 1817243ms] [LOG] [VisualContentService] docToContent "UPDBtTdCvX748dtBlWYj_1": {hasVideoVariantsField: true, hasVariantsField: false, rawType: array[0], parsedVariantsCount: 0, allTopLevelKeys: Array(14)} @ https://out-run-hf3b2s6td-davids-projects-0d6e1f97.vercel.app/_next/static/chunks/2390-dc57abc8d12f6b2f.js:0
[ 1817243ms] [LOG] [DEBUG-RESOLVER] attempt1 getVisualContentItem("UPDBtTdCvX748dtBlWYj", 1) → FOUND @ https://out-run-hf3b2s6td-davids-projects-0d6e1f97.vercel.app/_next/static/chunks/2390-dc57abc8d12f6b2f.js:0
[ 1817243ms] [LOG] [VisualContentService] docToContent "UPDBtTdCvX748dtBlWYj_1": {hasVideoVariantsField: true, hasVariantsField: false, rawType: array[0], parsedVariantsCount: 0, allTopLevelKeys: Array(14)} @ https://out-run-hf3b2s6td-davids-projects-0d6e1f97.vercel.app/_next/static/chunks/2390-dc57abc8d12f6b2f.js:0
[ 1817243ms] [LOG] [DEBUG-RESOLVER] attempt1 getVisualContentItem("UPDBtTdCvX748dtBlWYj", 1) → FOUND @ https://out-run-hf3b2s6td-davids-projects-0d6e1f97.vercel.app/_next/static/chunks/2390-dc57abc8d12f6b2f.js:0
[ 1817243ms] [LOG] [VisualContentService] docToContent "UPDBtTdCvX748dtBlWYj_4": {hasVideoVariantsField: true, hasVariantsField: false, rawType: array[0], parsedVariantsCount: 0, allTopLevelKeys: Array(14)} @ https://out-run-hf3b2s6td-davids-projects-0d6e1f97.vercel.app/_next/static/chunks/2390-dc57abc8d12f6b2f.js:0
[ 1817243ms] [LOG] [DEBUG-RESOLVER] attempt1 getVisualContentItem("UPDBtTdCvX748dtBlWYj", 4) → FOUND @ https://out-run-hf3b2s6td-davids-projects-0d6e1f97.vercel.app/_next/static/chunks/2390-dc57abc8d12f6b2f.js:0
[ 1817243ms] [LOG] [VisualContentService] docToContent "UPDBtTdCvX748dtBlWYj_4": {hasVideoVariantsField: true, hasVariantsField: false, rawType: array[0], parsedVariantsCount: 0, allTopLevelKeys: Array(14)} @ https://out-run-hf3b2s6td-davids-projects-0d6e1f97.vercel.app/_next/static/chunks/2390-dc57abc8d12f6b2f.js:0
[ 1817243ms] [LOG] [DEBUG-RESOLVER] attempt1 getVisualContentItem("UPDBtTdCvX748dtBlWYj", 4) → FOUND @ https://out-run-hf3b2s6td-davids-projects-0d6e1f97.vercel.app/_next/static/chunks/2390-dc57abc8d12f6b2f.js:0
[ 1817244ms] [LOG] [VisualContentService] docToContent "OrAmOH3F375dVio5yGdU_1": {hasVideoVariantsField: true, hasVariantsField: false, rawType: array[0], parsedVariantsCount: 0, allTopLevelKeys: Array(14)} @ https://out-run-hf3b2s6td-davids-projects-0d6e1f97.vercel.app/_next/static/chunks/2390-dc57abc8d12f6b2f.js:0
[ 1817244ms] [LOG] [DEBUG-RESOLVER] attempt1 getVisualContentItem("OrAmOH3F375dVio5yGdU", 1) → FOUND @ https://out-run-hf3b2s6td-davids-projects-0d6e1f97.vercel.app/_next/static/chunks/2390-dc57abc8d12f6b2f.js:0
[ 1817244ms] [LOG] [VisualContentService] docToContent "OrAmOH3F375dVio5yGdU_1": {hasVideoVariantsField: true, hasVariantsField: false, rawType: array[0], parsedVariantsCount: 0, allTopLevelKeys: Array(14)} @ https://out-run-hf3b2s6td-davids-projects-0d6e1f97.vercel.app/_next/static/chunks/2390-dc57abc8d12f6b2f.js:0
[ 1817244ms] [LOG] [DEBUG-RESOLVER] attempt1 getVisualContentItem("OrAmOH3F375dVio5yGdU", 1) → FOUND @ https://out-run-hf3b2s6td-davids-projects-0d6e1f97.vercel.app/_next/static/chunks/2390-dc57abc8d12f6b2f.js:0
[ 1817244ms] [LOG] [VisualContentService] docToContent "OrAmOH3F375dVio5yGdU_3": {hasVideoVariantsField: true, hasVariantsField: false, rawType: array[0], parsedVariantsCount: 0, allTopLevelKeys: Array(12)} @ https://out-run-hf3b2s6td-davids-projects-0d6e1f97.vercel.app/_next/static/chunks/2390-dc57abc8d12f6b2f.js:0
[ 1817244ms] [LOG] [DEBUG-RESOLVER] attempt1 getVisualContentItem("OrAmOH3F375dVio5yGdU", 3) → FOUND @ https://out-run-hf3b2s6td-davids-projects-0d6e1f97.vercel.app/_next/static/chunks/2390-dc57abc8d12f6b2f.js:0
[ 1817244ms] [LOG] [VisualContentService] docToContent "OrAmOH3F375dVio5yGdU_3": {hasVideoVariantsField: true, hasVariantsField: false, rawType: array[0], parsedVariantsCount: 0, allTopLevelKeys: Array(12)} @ https://out-run-hf3b2s6td-davids-projects-0d6e1f97.vercel.app/_next/static/chunks/2390-dc57abc8d12f6b2f.js:0
[ 1817244ms] [LOG] [DEBUG-RESOLVER] attempt1 getVisualContentItem("OrAmOH3F375dVio5yGdU", 3) → FOUND @ https://out-run-hf3b2s6td-davids-projects-0d6e1f97.vercel.app/_next/static/chunks/2390-dc57abc8d12f6b2f.js:0
[ 1817245ms] [LOG] [VisualContentService] docToContent "kDMpobbKsuVTByTIKUpe_1": {hasVideoVariantsField: true, hasVariantsField: false, rawType: array[0], parsedVariantsCount: 0, allTopLevelKeys: Array(14)} @ https://out-run-hf3b2s6td-davids-projects-0d6e1f97.vercel.app/_next/static/chunks/2390-dc57abc8d12f6b2f.js:0
[ 1817245ms] [LOG] [DEBUG-RESOLVER] attempt1 getVisualContentItem("kDMpobbKsuVTByTIKUpe", 1) → FOUND @ https://out-run-hf3b2s6td-davids-projects-0d6e1f97.vercel.app/_next/static/chunks/2390-dc57abc8d12f6b2f.js:0
[ 1817245ms] [LOG] [VisualContentService] docToContent "kDMpobbKsuVTByTIKUpe_1": {hasVideoVariantsField: true, hasVariantsField: false, rawType: array[0], parsedVariantsCount: 0, allTopLevelKeys: Array(14)} @ https://out-run-hf3b2s6td-davids-projects-0d6e1f97.vercel.app/_next/static/chunks/2390-dc57abc8d12f6b2f.js:0
[ 1817245ms] [LOG] [DEBUG-RESOLVER] attempt1 getVisualContentItem("kDMpobbKsuVTByTIKUpe", 1) → FOUND @ https://out-run-hf3b2s6td-davids-projects-0d6e1f97.vercel.app/_next/static/chunks/2390-dc57abc8d12f6b2f.js:0
[ 1817417ms] [LOG] [VisualContentService] docToContent "kDMpobbKsuVTByTIKUpe_3": {hasVideoVariantsField: true, hasVariantsField: false, rawType: array[0], parsedVariantsCount: 0, allTopLevelKeys: Array(14)} @ https://out-run-hf3b2s6td-davids-projects-0d6e1f97.vercel.app/_next/static/chunks/2390-dc57abc8d12f6b2f.js:0
[ 1817417ms] [LOG] [DEBUG-RESOLVER] attempt1 getVisualContentItem("kDMpobbKsuVTByTIKUpe", 3) → FOUND @ https://out-run-hf3b2s6td-davids-projects-0d6e1f97.vercel.app/_next/static/chunks/2390-dc57abc8d12f6b2f.js:0
[ 1817417ms] [LOG] [VisualContentService] docToContent "kDMpobbKsuVTByTIKUpe_3": {hasVideoVariantsField: true, hasVariantsField: false, rawType: array[0], parsedVariantsCount: 0, allTopLevelKeys: Array(14)} @ https://out-run-hf3b2s6td-davids-projects-0d6e1f97.vercel.app/_next/static/chunks/2390-dc57abc8d12f6b2f.js:0
[ 1817417ms] [LOG] [DEBUG-RESOLVER] attempt1 getVisualContentItem("kDMpobbKsuVTByTIKUpe", 3) → FOUND @ https://out-run-hf3b2s6td-davids-projects-0d6e1f97.vercel.app/_next/static/chunks/2390-dc57abc8d12f6b2f.js:0
[ 1817418ms] [LOG] [ContentResolver] Level 1 — exercise video resolved: "שכיבות סמיכה ב-75°" → https://vz-b17872ab-7a7.b-cdn.net/b1e43b30-37e1-49f7-8c17-74… @ https://out-run-hf3b2s6td-davids-projects-0d6e1f97.vercel.app/_next/static/chunks/2390-dc57abc8d12f6b2f.js:0
[ 1817418ms] [LOG] [ContentResolver] Level 1 — exercise video resolved: "שכיבות סמיכה ב-75°" → https://vz-b17872ab-7a7.b-cdn.net/b1e43b30-37e1-49f7-8c17-74… @ https://out-run-hf3b2s6td-davids-projects-0d6e1f97.vercel.app/_next/static/chunks/2390-dc57abc8d12f6b2f.js:0
[ 1817418ms] [LOG] [ContentResolver] Level 4 — exercise video resolved: "שכיבות סמיכה ברכיים" → https://vz-b17872ab-7a7.b-cdn.net/7413db0b-1702-4acd-8072-8a… @ https://out-run-hf3b2s6td-davids-projects-0d6e1f97.vercel.app/_next/static/chunks/2390-dc57abc8d12f6b2f.js:0
[ 1817419ms] [LOG] [ContentResolver] Level 4 — exercise video resolved: "שכיבות סמיכה ברכיים" → https://vz-b17872ab-7a7.b-cdn.net/7413db0b-1702-4acd-8072-8a… @ https://out-run-hf3b2s6td-davids-projects-0d6e1f97.vercel.app/_next/static/chunks/2390-dc57abc8d12f6b2f.js:0
[ 1817419ms] [LOG] [ContentResolver] Level 1 — exercise video resolved: "חתירות ב-75°" → https://vz-b17872ab-7a7.b-cdn.net/90762fc3-e7d8-4070-a312-46… @ https://out-run-hf3b2s6td-davids-projects-0d6e1f97.vercel.app/_next/static/chunks/2390-dc57abc8d12f6b2f.js:0
[ 1817419ms] [LOG] [ContentResolver] Level 1 — exercise video resolved: "חתירות ב-75°" → https://vz-b17872ab-7a7.b-cdn.net/90762fc3-e7d8-4070-a312-46… @ https://out-run-hf3b2s6td-davids-projects-0d6e1f97.vercel.app/_next/static/chunks/2390-dc57abc8d12f6b2f.js:0
[ 1817419ms] [LOG] [ContentResolver] Level 4 — exercise video resolved: "חתירות ב-15° עם ברכיים כפופות" → https://vz-b17872ab-7a7.b-cdn.net/65b8ee9b-baf7-4ed1-834a-2f… @ https://out-run-hf3b2s6td-davids-projects-0d6e1f97.vercel.app/_next/static/chunks/2390-dc57abc8d12f6b2f.js:0
[ 1817419ms] [LOG] [ContentResolver] Level 4 — exercise video resolved: "חתירות ב-15° עם ברכיים כפופות" → https://vz-b17872ab-7a7.b-cdn.net/65b8ee9b-baf7-4ed1-834a-2f… @ https://out-run-hf3b2s6td-davids-projects-0d6e1f97.vercel.app/_next/static/chunks/2390-dc57abc8d12f6b2f.js:0
[ 1817419ms] [LOG] [ContentResolver] Level 1 — exercise video resolved: "סקוואט טווח חלקי (להגבהה)" → https://vz-b17872ab-7a7.b-cdn.net/8286f82c-fdf8-4f05-8961-a0… @ https://out-run-hf3b2s6td-davids-projects-0d6e1f97.vercel.app/_next/static/chunks/2390-dc57abc8d12f6b2f.js:0
[ 1817420ms] [LOG] [ContentResolver] Level 1 — exercise video resolved: "סקוואט טווח חלקי (להגבהה)" → https://vz-b17872ab-7a7.b-cdn.net/8286f82c-fdf8-4f05-8961-a0… @ https://out-run-hf3b2s6td-davids-projects-0d6e1f97.vercel.app/_next/static/chunks/2390-dc57abc8d12f6b2f.js:0
[ 1817595ms] [LOG] [ContentResolver] Level 3 — exercise video resolved: "סקוואט קפיצה" → https://vz-b17872ab-7a7.b-cdn.net/57d8348b-3788-4dd1-880a-8b… @ https://out-run-hf3b2s6td-davids-projects-0d6e1f97.vercel.app/_next/static/chunks/2390-dc57abc8d12f6b2f.js:0
[ 1817595ms] [LOG] [ContentResolver] Level 3 — exercise video resolved: "סקוואט קפיצה" → https://vz-b17872ab-7a7.b-cdn.net/57d8348b-3788-4dd1-880a-8b… @ https://out-run-hf3b2s6td-davids-projects-0d6e1f97.vercel.app/_next/static/chunks/2390-dc57abc8d12f6b2f.js:0
[ 1817596ms] [LOG] [ContentResolver] Level 1 — exercise video resolved: "פלאנק על הברכיים" → https://vz-b17872ab-7a7.b-cdn.net/3011b6ff-f251-4c7b-81f4-e2… @ https://out-run-hf3b2s6td-davids-projects-0d6e1f97.vercel.app/_next/static/chunks/2390-dc57abc8d12f6b2f.js:0
[ 1817596ms] [LOG] [ContentResolver] Level 1 — exercise video resolved: "פלאנק על הברכיים" → https://vz-b17872ab-7a7.b-cdn.net/3011b6ff-f251-4c7b-81f4-e2… @ https://out-run-hf3b2s6td-davids-projects-0d6e1f97.vercel.app/_next/static/chunks/2390-dc57abc8d12f6b2f.js:0
[ 1817596ms] [LOG] [ContentResolver] Level 3 — exercise video resolved: "פלאנק עליות ונגיעות בכתפיים" → https://vz-b17872ab-7a7.b-cdn.net/4d5bc37c-3994-4574-ace7-12… @ https://out-run-hf3b2s6td-davids-projects-0d6e1f97.vercel.app/_next/static/chunks/2390-dc57abc8d12f6b2f.js:0
[ 1817596ms] [LOG] [ContentResolver] Level 3 — exercise video resolved: "פלאנק עליות ונגיעות בכתפיים" → https://vz-b17872ab-7a7.b-cdn.net/4d5bc37c-3994-4574-ace7-12… @ https://out-run-hf3b2s6td-davids-projects-0d6e1f97.vercel.app/_next/static/chunks/2390-dc57abc8d12f6b2f.js:0
