[   14357ms] [INFO] Autofocus processing was blocked because a document already has a focused element. @ https://www.google.com/search?q=vercel&sca_esv=2a75c7f50559d645&ei=OPyTao-2DNm4hbIP8dKc2A8&biw=1200&bih=728&gs_ssp=eJzj4tVP1zc0zKhKLshNM7RQYDRgdGDwYitLLUpOzQEAaWgHkw&oq=v&gs_lp=Egxnd3Mtd2l6LXNlcnAiAXYqAggAMhYQLhiABBiKBRhDGLEDGIMBGMcBGNEDMg4QLhiABBixAxjHARjRAzIOEC4YgAQYsQMYxwEY0QMyBRAAGIAEMgUQABiABDIFEAAYgAQyCxAAGIAEGLEDGIMBMggQABiABBixAzILEC4YgAQYxwEY0QMyCBAuGIAEGLEDMiUQLhiABBiKBRhDGLEDGIMBGMcBGNEDGJcFGNwEGN4EGOAE2AEBSJYtUOcYWLAkcAN4AJABAJgBhQGgAfYBqgEDMC4yuAEByAEA-AEBmAIGoALtCMICCBAAGIAEGLADwgIJEAAYBxgeGLADwgIHEAAYHhiwA8ICCxAAGAEYgAQYChgqwgIREC4YgAQYsQMYgwEYxwEY0QPCAg4QABiABBiKBRixAxiDAZgDAIgGAZAGCroGBggBEAEYFJIHBzMuMi42LTGgB7IWsgcDMC4yuAeAAsIHBTAuNC4yyAcPgAgB&sclient=gws-wiz-serp:0
[   14685ms] [WARNING] Failed to execute 'postMessage' on 'DOMWindow': The target origin provided ('https://www.youtube.com') does not match the recipient window's origin ('https://www.google.com'). @ https://www.youtube.com/s/player/e937390a/www-widgetapi.vflset/www-widgetapi.js:162
[   15640ms] [LOG] %c
▲

__  __                                     _            __
\ \/ /___  __  __   _________ _____       (_)_  _______/ /_
 \  / __ \/ / / /  / ___/ __ `/ __ \     / / / / / ___/ __/
 / / /_/ / /_/ /  / /__/ /_/ / / / /    / / /_/ (__  ) /_
/_/\____/\__,_/   \___/\__,_/_/ /_/  __/ /\__,_/____/\__/
         __    _          __  __    /___/
   _____/ /_  (_)___     / /_/ /_  (_)___  ____ ______
  / ___/ __ \/ / __ \   / __/ __ \/ / __ \/ __ `/ ___/
 (__  ) / / / / /_/ /  / /_/ / / / / / / / /_/ (__  )
/____/_/ /_/_/ .___/   \__/_/ /_/_/_/ /_/\__, /____/
            /_/                         /____/
  

Hello!

- Open Source https://vercel.com/oss
- Careers https://vercel.com/careers
- Status https://vercel-status.com

 font-family: "Geist Mono", monospace; white-space: pre; line-height: 1; @ https://vercel.com/vc-ap-vercel-marketing/_next/static/immutable/chunks/0r2sc6ujqefk5.js:78
[   15868ms] [WARNING] Deprecated API for given entry type. @ https://vercel.com/vc-ap-vercel-marketing/_next/static/immutable/chunks/2hj5b4d8jrb9l.js:18
[   16268ms] [ERROR] Failed to load resource: the server responded with a status of 429 () @ https://o205439.ingest.us.sentry.io/api/4507726617772032/envelope/?sentry_key=285c77642188feae6e662bd2903e2d52&sentry_version=7&sentry_client=sentry.javascript.browser%2F7.111.0:0
[   16364ms] [ERROR] Failed to load resource: the server responded with a status of 403 () @ https://vercel.com/api/jwt:0
[   16821ms] [ERROR] Loading the image 'https://py8fhxnkzwtsqdo9.public.blob.vercel-storage.com/front/favicon/vercel/android-chrome-192x192.png' violates the following Content Security Policy directive: "img-src 'self' blob: data: *.github.io avatars.githubusercontent.com user-images.githubusercontent.com vercel.com vercel.live *.vercel.sh assets.vercel.com cdn.raster.app https://images.ctfassets.net https://www.google.com https://i.ytimg.com https://s3.amazonaws.com pbs.twimg.com https://www.gravatar.com https://lishhsx6kmthaacj.public.blob.vercel-storage.com https://fvqcrhkhgatlyl2m.public.blob.vercel-storage.com". The action has been blocked. @ https://vercel.com/:0
[   16821ms] [WARNING] Error while trying to use the following icon from the Manifest: https://py8fhxnkzwtsqdo9.public.blob.vercel-storage.com/front/favicon/vercel/android-chrome-192x192.png (Download error or resource isn't a valid image) @ https://vercel.com/:0
[   20663ms] [WARNING] The resource https://vercel.com/vc-ap-vercel-marketing/_next/static/immutable/media/GeistPixel_Line.p.3lxddzyuwzx1_.woff2 was preloaded using link preload but not used within a few seconds from the window's load event. Please make sure it has an appropriate `as` value and it is preloaded intentionally. @ https://vercel.com/:0
[   20663ms] [WARNING] The resource https://vercel.com/vc-ap-vercel-marketing/_next/static/immutable/media/GeistPixel_Square.p.3ig4wtfmw09gh.woff2 was preloaded using link preload but not used within a few seconds from the window's load event. Please make sure it has an appropriate `as` value and it is preloaded intentionally. @ https://vercel.com/:0
[   20663ms] [WARNING] The resource https://vercel.com/vc-ap-vercel-marketing/_next/static/immutable/media/GeistPixel_Triangle.p.0s2yyo-clipe_.woff2 was preloaded using link preload but not used within a few seconds from the window's load event. Please make sure it has an appropriate `as` value and it is preloaded intentionally. @ https://vercel.com/:0
[   20663ms] [WARNING] The resource https://vercel.com/vc-ap-vercel-marketing/_next/static/immutable/media/GeistPixel_Circle.p.2p5mi6n8co77s.woff2 was preloaded using link preload but not used within a few seconds from the window's load event. Please make sure it has an appropriate `as` value and it is preloaded intentionally. @ https://vercel.com/:0
[   20663ms] [WARNING] The resource https://vercel.com/vc-ap-vercel-marketing/_next/static/immutable/media/GeistPixel_Grid.p.0c5uz3kz61pux.woff2 was preloaded using link preload but not used within a few seconds from the window's load event. Please make sure it has an appropriate `as` value and it is preloaded intentionally. @ https://vercel.com/:0
[   20663ms] [WARNING] The resource https://vercel.com/vc-ap-vercel-marketing/_next/static/immutable/chunks/0664aebca395y.css was preloaded using link preload but not used within a few seconds from the window's load event. Please make sure it has an appropriate `as` value and it is preloaded intentionally. @ https://vercel.com/:0
[   20663ms] [WARNING] The resource https://vercel.com/vc-ap-vercel-marketing/_next/static/immutable/chunks/28c6c78cqk0pp.css was preloaded using link preload but not used within a few seconds from the window's load event. Please make sure it has an appropriate `as` value and it is preloaded intentionally. @ https://vercel.com/:0
[   20663ms] [WARNING] The resource https://vercel.com/vc-ap-vercel-marketing/_next/static/immutable/chunks/1pz-9h8f1p_45.css was preloaded using link preload but not used within a few seconds from the window's load event. Please make sure it has an appropriate `as` value and it is preloaded intentionally. @ https://vercel.com/:0
[   20663ms] [WARNING] The resource https://pbs.twimg.com/profile_images/2066963499344154624/UZJ7QChX_400x400.jpg was preloaded using link preload but not used within a few seconds from the window's load event. Please make sure it has an appropriate `as` value and it is preloaded intentionally. @ https://vercel.com/:0
[   29575ms] [WARNING] The resource https://vercel.com/vc-ap-vercel-marketing/_next/static/immutable/media/GeistPixel_Line.p.3lxddzyuwzx1_.woff2 was preloaded using link preload but not used within a few seconds from the window's load event. Please make sure it has an appropriate `as` value and it is preloaded intentionally. @ https://vercel.com/:0
[   29575ms] [WARNING] The resource https://vercel.com/vc-ap-vercel-marketing/_next/static/immutable/media/GeistPixel_Square.p.3ig4wtfmw09gh.woff2 was preloaded using link preload but not used within a few seconds from the window's load event. Please make sure it has an appropriate `as` value and it is preloaded intentionally. @ https://vercel.com/:0
[   29575ms] [WARNING] The resource https://vercel.com/vc-ap-vercel-marketing/_next/static/immutable/media/GeistPixel_Triangle.p.0s2yyo-clipe_.woff2 was preloaded using link preload but not used within a few seconds from the window's load event. Please make sure it has an appropriate `as` value and it is preloaded intentionally. @ https://vercel.com/:0
[   29575ms] [WARNING] The resource https://vercel.com/vc-ap-vercel-marketing/_next/static/immutable/media/GeistPixel_Circle.p.2p5mi6n8co77s.woff2 was preloaded using link preload but not used within a few seconds from the window's load event. Please make sure it has an appropriate `as` value and it is preloaded intentionally. @ https://vercel.com/:0
[   29575ms] [WARNING] The resource https://vercel.com/vc-ap-vercel-marketing/_next/static/immutable/media/GeistPixel_Grid.p.0c5uz3kz61pux.woff2 was preloaded using link preload but not used within a few seconds from the window's load event. Please make sure it has an appropriate `as` value and it is preloaded intentionally. @ https://vercel.com/:0
[   29575ms] [WARNING] The resource https://vercel.com/vc-ap-vercel-marketing/_next/static/immutable/chunks/0664aebca395y.css was preloaded using link preload but not used within a few seconds from the window's load event. Please make sure it has an appropriate `as` value and it is preloaded intentionally. @ https://vercel.com/:0
[   29575ms] [WARNING] The resource https://vercel.com/vc-ap-vercel-marketing/_next/static/immutable/chunks/28c6c78cqk0pp.css was preloaded using link preload but not used within a few seconds from the window's load event. Please make sure it has an appropriate `as` value and it is preloaded intentionally. @ https://vercel.com/:0
[   29575ms] [WARNING] The resource https://vercel.com/vc-ap-vercel-marketing/_next/static/immutable/chunks/1pz-9h8f1p_45.css was preloaded using link preload but not used within a few seconds from the window's load event. Please make sure it has an appropriate `as` value and it is preloaded intentionally. @ https://vercel.com/:0
[   29575ms] [WARNING] The resource https://pbs.twimg.com/profile_images/2066963499344154624/UZJ7QChX_400x400.jpg was preloaded using link preload but not used within a few seconds from the window's load event. Please make sure it has an appropriate `as` value and it is preloaded intentionally. @ https://vercel.com/:0
