[     616ms] [WARNING] [2026-09-23T16:45:30.945Z]  @firebase/auth: Auth (12.6.0): Error while retrieving App Check token: FirebaseError: AppCheck: ReCAPTCHA error. (appCheck/recaptcha-error). @ https://out-run-app-git-worktree-streng-98e01f-davids-projects-0d6e1f97.vercel.app/_next/static/chunks/2532-16f59635ee5a761a.js:14
[     931ms] [ERROR] Access to manifest at 'https://vercel.com/sso-api?url=https%3A%2F%2Fout-run-app-git-worktree-streng-98e01f-davids-projects-0d6e1f97.vercel.app%2Fmanifest.json&nonce=db9c8eac5c21ed09c37709eba8a7558ab26214b44f94f68b346d5bf427754c9f' (redirected from 'https://out-run-app-git-worktree-streng-98e01f-davids-projects-0d6e1f97.vercel.app/manifest.json') from origin 'https://out-run-app-git-worktree-streng-98e01f-davids-projects-0d6e1f97.vercel.app' has been blocked by CORS policy: No 'Access-Control-Allow-Origin' header is present on the requested resource. @ https://out-run-app-git-worktree-streng-98e01f-davids-projects-0d6e1f97.vercel.app/onboarding-new/program-path:0
[     931ms] [ERROR] Failed to load resource: net::ERR_FAILED @ https://vercel.com/sso-api?url=https%3A%2F%2Fout-run-app-git-worktree-streng-98e01f-davids-projects-0d6e1f97.vercel.app%2Fmanifest.json&nonce=db9c8eac5c21ed09c37709eba8a7558ab26214b44f94f68b346d5bf427754c9f:0
[   41669ms] [LOG] [DEBUG-PAGE] pathConfig.path: body_focus | categories passed to VisualSlider: [pull] | skipTier: true @ https://out-run-app-git-worktree-streng-98e01f-davids-projects-0d6e1f97.vercel.app/_next/static/chunks/app/onboarding-new/assessment-visual/page-187e5f0441b97f63.js:0
[   41875ms] [LOG] [DEBUG-RESOLVER] loadCategoryMap built: {human_flag: EtY8YCol0qpF6DzgcTx1, push: J0fLpmJhG0KDN2tQouxh, core: kDMpobbKsuVTByTIKUpe, pull: UPDBtTdCvX748dtBlWYj, one_arm_pullup: cC0BOmm6KIqYAyQynEIo} @ https://out-run-app-git-worktree-streng-98e01f-davids-projects-0d6e1f97.vercel.app/_next/static/chunks/5677-5430621fec5c75a9.js:0
[   41876ms] [LOG] [DEBUG-RESOLVER] Incoming Category: pull Resolved Candidate IDs: [pull, UPDBtTdCvX748dtBlWYj] @ https://out-run-app-git-worktree-streng-98e01f-davids-projects-0d6e1f97.vercel.app/_next/static/chunks/5677-5430621fec5c75a9.js:0
[   41877ms] [LOG] [DEBUG-PAGE] pathConfig.path: body_focus | categories passed to VisualSlider: [pull] | skipTier: true @ https://out-run-app-git-worktree-streng-98e01f-davids-projects-0d6e1f97.vercel.app/_next/static/chunks/app/onboarding-new/assessment-visual/page-187e5f0441b97f63.js:0
[   41877ms] [LOG] [DEBUG-RESOLVER] Incoming Category: pull Resolved Candidate IDs: [pull, UPDBtTdCvX748dtBlWYj] @ https://out-run-app-git-worktree-streng-98e01f-davids-projects-0d6e1f97.vercel.app/_next/static/chunks/5677-5430621fec5c75a9.js:0
[   42040ms] [LOG] [DEBUG-FIRESTORE] Querying IDs: [pull, UPDBtTdCvX748dtBlWYj] Snapshot size returned: 25 @ https://out-run-app-git-worktree-streng-98e01f-davids-projects-0d6e1f97.vercel.app/_next/static/chunks/5677-5430621fec5c75a9.js:0
[   42040ms] [LOG] [DEBUG-FIRESTORE] showInOnboarding=true levels: [1, 4, 6, 10, 14, 17, 19, 20] (8 total) @ https://out-run-app-git-worktree-streng-98e01f-davids-projects-0d6e1f97.vercel.app/_next/static/chunks/5677-5430621fec5c75a9.js:0
[   42040ms] [LOG] [DEBUG-RESOLVER] Final onboarding levels for "pull": [1, 4, 6, 10, 14, 17, 19, 20] (8 total) @ https://out-run-app-git-worktree-streng-98e01f-davids-projects-0d6e1f97.vercel.app/_next/static/chunks/5677-5430621fec5c75a9.js:0
[   42040ms] [LOG] [DEBUG-RESOLVER] resolveContent("pull", 1) → programId="UPDBtTdCvX748dtBlWYj" @ https://out-run-app-git-worktree-streng-98e01f-davids-projects-0d6e1f97.vercel.app/_next/static/chunks/5677-5430621fec5c75a9.js:0
[   42041ms] [LOG] [DEBUG-RESOLVER] resolveContent("pull", 4) → programId="UPDBtTdCvX748dtBlWYj" @ https://out-run-app-git-worktree-streng-98e01f-davids-projects-0d6e1f97.vercel.app/_next/static/chunks/5677-5430621fec5c75a9.js:0
[   42041ms] [LOG] [DEBUG-FIRESTORE] Querying IDs: [pull, UPDBtTdCvX748dtBlWYj] Snapshot size returned: 25 @ https://out-run-app-git-worktree-streng-98e01f-davids-projects-0d6e1f97.vercel.app/_next/static/chunks/5677-5430621fec5c75a9.js:0
[   42041ms] [LOG] [DEBUG-FIRESTORE] showInOnboarding=true levels: [1, 4, 6, 10, 14, 17, 19, 20] (8 total) @ https://out-run-app-git-worktree-streng-98e01f-davids-projects-0d6e1f97.vercel.app/_next/static/chunks/5677-5430621fec5c75a9.js:0
[   42041ms] [LOG] [DEBUG-RESOLVER] Final onboarding levels for "pull": [1, 4, 6, 10, 14, 17, 19, 20] (8 total) @ https://out-run-app-git-worktree-streng-98e01f-davids-projects-0d6e1f97.vercel.app/_next/static/chunks/5677-5430621fec5c75a9.js:0
[   42041ms] [LOG] [DEBUG-RESOLVER] resolveContent("pull", 1) → programId="UPDBtTdCvX748dtBlWYj" @ https://out-run-app-git-worktree-streng-98e01f-davids-projects-0d6e1f97.vercel.app/_next/static/chunks/5677-5430621fec5c75a9.js:0
[   42041ms] [LOG] [DEBUG-RESOLVER] resolveContent("pull", 4) → programId="UPDBtTdCvX748dtBlWYj" @ https://out-run-app-git-worktree-streng-98e01f-davids-projects-0d6e1f97.vercel.app/_next/static/chunks/5677-5430621fec5c75a9.js:0
[   42197ms] [LOG] [VisualContentService] docToContent "UPDBtTdCvX748dtBlWYj_1": {hasVideoVariantsField: true, hasVariantsField: false, rawType: array[0], parsedVariantsCount: 0, allTopLevelKeys: Array(14)} @ https://out-run-app-git-worktree-streng-98e01f-davids-projects-0d6e1f97.vercel.app/_next/static/chunks/5677-5430621fec5c75a9.js:0
[   42197ms] [LOG] [DEBUG-RESOLVER] attempt1 getVisualContentItem("UPDBtTdCvX748dtBlWYj", 1) → FOUND @ https://out-run-app-git-worktree-streng-98e01f-davids-projects-0d6e1f97.vercel.app/_next/static/chunks/5677-5430621fec5c75a9.js:0
[   42197ms] [LOG] [VisualContentService] docToContent "UPDBtTdCvX748dtBlWYj_1": {hasVideoVariantsField: true, hasVariantsField: false, rawType: array[0], parsedVariantsCount: 0, allTopLevelKeys: Array(14)} @ https://out-run-app-git-worktree-streng-98e01f-davids-projects-0d6e1f97.vercel.app/_next/static/chunks/5677-5430621fec5c75a9.js:0
[   42197ms] [LOG] [DEBUG-RESOLVER] attempt1 getVisualContentItem("UPDBtTdCvX748dtBlWYj", 1) → FOUND @ https://out-run-app-git-worktree-streng-98e01f-davids-projects-0d6e1f97.vercel.app/_next/static/chunks/5677-5430621fec5c75a9.js:0
[   42197ms] [LOG] [VisualContentService] docToContent "UPDBtTdCvX748dtBlWYj_4": {hasVideoVariantsField: true, hasVariantsField: false, rawType: array[0], parsedVariantsCount: 0, allTopLevelKeys: Array(14)} @ https://out-run-app-git-worktree-streng-98e01f-davids-projects-0d6e1f97.vercel.app/_next/static/chunks/5677-5430621fec5c75a9.js:0
[   42197ms] [LOG] [DEBUG-RESOLVER] attempt1 getVisualContentItem("UPDBtTdCvX748dtBlWYj", 4) → FOUND @ https://out-run-app-git-worktree-streng-98e01f-davids-projects-0d6e1f97.vercel.app/_next/static/chunks/5677-5430621fec5c75a9.js:0
[   42197ms] [LOG] [VisualContentService] docToContent "UPDBtTdCvX748dtBlWYj_4": {hasVideoVariantsField: true, hasVariantsField: false, rawType: array[0], parsedVariantsCount: 0, allTopLevelKeys: Array(14)} @ https://out-run-app-git-worktree-streng-98e01f-davids-projects-0d6e1f97.vercel.app/_next/static/chunks/5677-5430621fec5c75a9.js:0
[   42197ms] [LOG] [DEBUG-RESOLVER] attempt1 getVisualContentItem("UPDBtTdCvX748dtBlWYj", 4) → FOUND @ https://out-run-app-git-worktree-streng-98e01f-davids-projects-0d6e1f97.vercel.app/_next/static/chunks/5677-5430621fec5c75a9.js:0
[   42354ms] [LOG] [ContentResolver] Level 1 — exercise video resolved: "חתירות ב-75°" → https://vz-b17872ab-7a7.b-cdn.net/90762fc3-e7d8-4070-a312-46… @ https://out-run-app-git-worktree-streng-98e01f-davids-projects-0d6e1f97.vercel.app/_next/static/chunks/5677-5430621fec5c75a9.js:0
[   42357ms] [LOG] [ContentResolver] Level 1 — exercise video resolved: "חתירות ב-75°" → https://vz-b17872ab-7a7.b-cdn.net/90762fc3-e7d8-4070-a312-46… @ https://out-run-app-git-worktree-streng-98e01f-davids-projects-0d6e1f97.vercel.app/_next/static/chunks/5677-5430621fec5c75a9.js:0
[   42358ms] [LOG] [ContentResolver] Level 4 — exercise video resolved: "חתירות ב-15° עם ברכיים כפופות" → https://vz-b17872ab-7a7.b-cdn.net/65b8ee9b-baf7-4ed1-834a-2f… @ https://out-run-app-git-worktree-streng-98e01f-davids-projects-0d6e1f97.vercel.app/_next/static/chunks/5677-5430621fec5c75a9.js:0
[   42358ms] [LOG] [ContentResolver] Level 4 — exercise video resolved: "חתירות ב-15° עם ברכיים כפופות" → https://vz-b17872ab-7a7.b-cdn.net/65b8ee9b-baf7-4ed1-834a-2f… @ https://out-run-app-git-worktree-streng-98e01f-davids-projects-0d6e1f97.vercel.app/_next/static/chunks/5677-5430621fec5c75a9.js:0
