[     347ms] [LOG] [DEBUG-RESOLVER] Incoming Category: muscle_up Resolved Candidate IDs: [muscle_up, fTLWzjP9gH2VNpamyCZF] @ https://outrun.co.il/_next/static/chunks/2390-dc57abc8d12f6b2f.js:0
[     466ms] [WARNING] [2026-09-24T04:18:36.608Z]  @firebase/auth: Auth (12.6.0): Error while retrieving App Check token: FirebaseError: AppCheck: ReCAPTCHA error. (appCheck/recaptcha-error). @ https://outrun.co.il/_next/static/chunks/2532-16f59635ee5a761a.js:14
[    1058ms] [LOG] [DEBUG-RESOLVER] loadCategoryMap built: {human_flag: EtY8YCol0qpF6DzgcTx1, push: J0fLpmJhG0KDN2tQouxh, core: kDMpobbKsuVTByTIKUpe, pull: UPDBtTdCvX748dtBlWYj, one_arm_pullup: cC0BOmm6KIqYAyQynEIo} @ https://outrun.co.il/_next/static/chunks/2390-dc57abc8d12f6b2f.js:0
[    1059ms] [LOG] [DEBUG-RESOLVER] Incoming Category: front_lever Resolved Candidate IDs: [front_lever, mFcuYlNgKXLqWVUFo0zt] @ https://outrun.co.il/_next/static/chunks/2390-dc57abc8d12f6b2f.js:0
[    1059ms] [LOG] [DEBUG-RESOLVER] loadCategoryMap built: {human_flag: EtY8YCol0qpF6DzgcTx1, push: J0fLpmJhG0KDN2tQouxh, core: kDMpobbKsuVTByTIKUpe, pull: UPDBtTdCvX748dtBlWYj, one_arm_pullup: cC0BOmm6KIqYAyQynEIo} @ https://outrun.co.il/_next/static/chunks/2390-dc57abc8d12f6b2f.js:0
[    1059ms] [LOG] [DEBUG-RESOLVER] Incoming Category: planche Resolved Candidate IDs: [planche, pCI5NHXpowu2ySucqDn8] @ https://outrun.co.il/_next/static/chunks/2390-dc57abc8d12f6b2f.js:0
[    1059ms] [LOG] [DEBUG-RESOLVER] loadCategoryMap built: {human_flag: EtY8YCol0qpF6DzgcTx1, push: J0fLpmJhG0KDN2tQouxh, core: kDMpobbKsuVTByTIKUpe, pull: UPDBtTdCvX748dtBlWYj, one_arm_pullup: cC0BOmm6KIqYAyQynEIo} @ https://outrun.co.il/_next/static/chunks/2390-dc57abc8d12f6b2f.js:0
[    1059ms] [LOG] [DEBUG-RESOLVER] Incoming Category: handstand Resolved Candidate IDs: [handstand, IOfBZFeorTTDkcz3tOA6] @ https://outrun.co.il/_next/static/chunks/2390-dc57abc8d12f6b2f.js:0
[    1059ms] [LOG] [DEBUG-RESOLVER] loadCategoryMap built: {human_flag: EtY8YCol0qpF6DzgcTx1, push: J0fLpmJhG0KDN2tQouxh, core: kDMpobbKsuVTByTIKUpe, pull: UPDBtTdCvX748dtBlWYj, one_arm_pullup: cC0BOmm6KIqYAyQynEIo} @ https://outrun.co.il/_next/static/chunks/2390-dc57abc8d12f6b2f.js:0
[    1059ms] [LOG] [DEBUG-RESOLVER] Incoming Category: hspu Resolved Candidate IDs: [hspu, PAxprHuT7HjqrWU4wl0T] @ https://outrun.co.il/_next/static/chunks/2390-dc57abc8d12f6b2f.js:0
[    1060ms] [LOG] [DEBUG-RESOLVER] loadCategoryMap built: {human_flag: EtY8YCol0qpF6DzgcTx1, push: J0fLpmJhG0KDN2tQouxh, core: kDMpobbKsuVTByTIKUpe, pull: UPDBtTdCvX748dtBlWYj, one_arm_pullup: cC0BOmm6KIqYAyQynEIo} @ https://outrun.co.il/_next/static/chunks/2390-dc57abc8d12f6b2f.js:0
[    1060ms] [LOG] [DEBUG-RESOLVER] Incoming Category: one_arm_pullup Resolved Candidate IDs: [one_arm_pullup, cC0BOmm6KIqYAyQynEIo] @ https://outrun.co.il/_next/static/chunks/2390-dc57abc8d12f6b2f.js:0
[    1060ms] [LOG] [DEBUG-FIRESTORE] Querying IDs: [muscle_up, fTLWzjP9gH2VNpamyCZF] Snapshot size returned: 0 @ https://outrun.co.il/_next/static/chunks/2390-dc57abc8d12f6b2f.js:0
[    1060ms] [LOG] [DEBUG-FIRESTORE] showInOnboarding=true levels: [] (0 total) @ https://outrun.co.il/_next/static/chunks/2390-dc57abc8d12f6b2f.js:0
[    1060ms] [LOG] [DEBUG-RESOLVER] Final onboarding levels for "muscle_up": [] (0 total) @ https://outrun.co.il/_next/static/chunks/2390-dc57abc8d12f6b2f.js:0
[    1487ms] [LOG] [DEBUG-FIRESTORE] Querying IDs: [front_lever, mFcuYlNgKXLqWVUFo0zt] Snapshot size returned: 15 @ https://outrun.co.il/_next/static/chunks/2390-dc57abc8d12f6b2f.js:0
[    1487ms] [LOG] [DEBUG-FIRESTORE] showInOnboarding=true levels: [1, 3, 5, 7, 9, 11, 13] (7 total) @ https://outrun.co.il/_next/static/chunks/2390-dc57abc8d12f6b2f.js:0
[    1487ms] [LOG] [DEBUG-RESOLVER] Final onboarding levels for "front_lever": [1, 3, 5, 7, 9, 11, 13] (7 total) @ https://outrun.co.il/_next/static/chunks/2390-dc57abc8d12f6b2f.js:0
[    1487ms] [LOG] [DEBUG-FIRESTORE] Querying IDs: [planche, pCI5NHXpowu2ySucqDn8] Snapshot size returned: 15 @ https://outrun.co.il/_next/static/chunks/2390-dc57abc8d12f6b2f.js:0
[    1487ms] [LOG] [DEBUG-FIRESTORE] showInOnboarding=true levels: [1, 3, 5, 7, 10, 12, 13, 14, 15] (9 total) @ https://outrun.co.il/_next/static/chunks/2390-dc57abc8d12f6b2f.js:0
[    1487ms] [LOG] [DEBUG-RESOLVER] Final onboarding levels for "planche": [1, 3, 5, 7, 10, 12, 13, 14, 15] (9 total) @ https://outrun.co.il/_next/static/chunks/2390-dc57abc8d12f6b2f.js:0
[    1488ms] [LOG] [DEBUG-FIRESTORE] Querying IDs: [handstand, IOfBZFeorTTDkcz3tOA6] Snapshot size returned: 15 @ https://outrun.co.il/_next/static/chunks/2390-dc57abc8d12f6b2f.js:0
[    1488ms] [LOG] [DEBUG-FIRESTORE] showInOnboarding=true levels: [] (0 total) @ https://outrun.co.il/_next/static/chunks/2390-dc57abc8d12f6b2f.js:0
[    1488ms] [LOG] [DEBUG-RESOLVER] Final onboarding levels for "handstand": [] (0 total) @ https://outrun.co.il/_next/static/chunks/2390-dc57abc8d12f6b2f.js:0
[    1488ms] [LOG] [DEBUG-FIRESTORE] Querying IDs: [hspu, PAxprHuT7HjqrWU4wl0T] Snapshot size returned: 15 @ https://outrun.co.il/_next/static/chunks/2390-dc57abc8d12f6b2f.js:0
[    1488ms] [LOG] [DEBUG-FIRESTORE] showInOnboarding=true levels: [1, 3, 6, 8, 9, 10, 11, 12, 13, 14, 15] (11 total) @ https://outrun.co.il/_next/static/chunks/2390-dc57abc8d12f6b2f.js:0
[    1488ms] [LOG] [DEBUG-RESOLVER] Final onboarding levels for "hspu": [1, 3, 6, 8, 9, 10, 11, 12, 13, 14, 15] (11 total) @ https://outrun.co.il/_next/static/chunks/2390-dc57abc8d12f6b2f.js:0
[    1658ms] [LOG] [DEBUG-FIRESTORE] Querying IDs: [one_arm_pullup, cC0BOmm6KIqYAyQynEIo] Snapshot size returned: 15 @ https://outrun.co.il/_next/static/chunks/2390-dc57abc8d12f6b2f.js:0
[    1658ms] [LOG] [DEBUG-FIRESTORE] showInOnboarding=true levels: [1, 4, 6, 7, 8, 10, 11, 13] (8 total) @ https://outrun.co.il/_next/static/chunks/2390-dc57abc8d12f6b2f.js:0
[    1658ms] [LOG] [DEBUG-RESOLVER] Final onboarding levels for "one_arm_pullup": [1, 4, 6, 7, 8, 10, 11, 13] (8 total) @ https://outrun.co.il/_next/static/chunks/2390-dc57abc8d12f6b2f.js:0
[   35732ms] [LOG] [DEBUG-PAGE] pathConfig.path: skills | categories passed to VisualSlider: [hspu, core] | skipTier: true @ https://outrun.co.il/_next/static/chunks/app/onboarding-new/assessment-visual/page-d2f66167bd1a377a.js:0
[   35882ms] [LOG] [DEBUG-RESOLVER] loadCategoryMap built: {human_flag: EtY8YCol0qpF6DzgcTx1, push: J0fLpmJhG0KDN2tQouxh, core: kDMpobbKsuVTByTIKUpe, pull: UPDBtTdCvX748dtBlWYj, one_arm_pullup: cC0BOmm6KIqYAyQynEIo} @ https://outrun.co.il/_next/static/chunks/2390-dc57abc8d12f6b2f.js:0
[   35882ms] [LOG] [DEBUG-RESOLVER] Incoming Category: hspu Resolved Candidate IDs: [hspu, PAxprHuT7HjqrWU4wl0T] @ https://outrun.co.il/_next/static/chunks/2390-dc57abc8d12f6b2f.js:0
[   35882ms] [LOG] [DEBUG-RESOLVER] loadCategoryMap built: {human_flag: EtY8YCol0qpF6DzgcTx1, push: J0fLpmJhG0KDN2tQouxh, core: kDMpobbKsuVTByTIKUpe, pull: UPDBtTdCvX748dtBlWYj, one_arm_pullup: cC0BOmm6KIqYAyQynEIo} @ https://outrun.co.il/_next/static/chunks/2390-dc57abc8d12f6b2f.js:0
[   35882ms] [LOG] [DEBUG-RESOLVER] Incoming Category: core Resolved Candidate IDs: [core, kDMpobbKsuVTByTIKUpe] @ https://outrun.co.il/_next/static/chunks/2390-dc57abc8d12f6b2f.js:0
[   36022ms] [LOG] [DEBUG-FIRESTORE] Querying IDs: [hspu, PAxprHuT7HjqrWU4wl0T] Snapshot size returned: 15 @ https://outrun.co.il/_next/static/chunks/2390-dc57abc8d12f6b2f.js:0
[   36022ms] [LOG] [DEBUG-FIRESTORE] showInOnboarding=true levels: [1, 3, 6, 8, 9, 10, 11, 12, 13, 14, 15] (11 total) @ https://outrun.co.il/_next/static/chunks/2390-dc57abc8d12f6b2f.js:0
[   36022ms] [LOG] [DEBUG-RESOLVER] Final onboarding levels for "hspu": [1, 3, 6, 8, 9, 10, 11, 12, 13, 14, 15] (11 total) @ https://outrun.co.il/_next/static/chunks/2390-dc57abc8d12f6b2f.js:0
[   36022ms] [LOG] [DEBUG-RESOLVER] resolveContent("hspu", 1) → programId="PAxprHuT7HjqrWU4wl0T" @ https://outrun.co.il/_next/static/chunks/2390-dc57abc8d12f6b2f.js:0
[   36023ms] [LOG] [DEBUG-RESOLVER] resolveContent("hspu", 3) → programId="PAxprHuT7HjqrWU4wl0T" @ https://outrun.co.il/_next/static/chunks/2390-dc57abc8d12f6b2f.js:0
[   36024ms] [LOG] [DEBUG-PAGE] pathConfig.path: skills | categories passed to VisualSlider: [hspu, core] | skipTier: true @ https://outrun.co.il/_next/static/chunks/app/onboarding-new/assessment-visual/page-d2f66167bd1a377a.js:0
[   36024ms] [LOG] [DEBUG-RESOLVER] Incoming Category: hspu Resolved Candidate IDs: [hspu, PAxprHuT7HjqrWU4wl0T] @ https://outrun.co.il/_next/static/chunks/2390-dc57abc8d12f6b2f.js:0
[   36024ms] [LOG] [DEBUG-RESOLVER] Incoming Category: core Resolved Candidate IDs: [core, kDMpobbKsuVTByTIKUpe] @ https://outrun.co.il/_next/static/chunks/2390-dc57abc8d12f6b2f.js:0
[   36026ms] [LOG] [DEBUG-FIRESTORE] Querying IDs: [core, kDMpobbKsuVTByTIKUpe] Snapshot size returned: 20 @ https://outrun.co.il/_next/static/chunks/2390-dc57abc8d12f6b2f.js:0
[   36027ms] [LOG] [DEBUG-FIRESTORE] showInOnboarding=true levels: [1, 3, 5, 7, 8, 10, 11, 14] (8 total) @ https://outrun.co.il/_next/static/chunks/2390-dc57abc8d12f6b2f.js:0
[   36027ms] [LOG] [DEBUG-RESOLVER] Final onboarding levels for "core": [1, 3, 5, 7, 8, 10, 11, 14] (8 total) @ https://outrun.co.il/_next/static/chunks/2390-dc57abc8d12f6b2f.js:0
[   36027ms] [LOG] [DEBUG-RESOLVER] resolveContent("core", 1) → programId="kDMpobbKsuVTByTIKUpe" @ https://outrun.co.il/_next/static/chunks/2390-dc57abc8d12f6b2f.js:0
[   36027ms] [LOG] [DEBUG-RESOLVER] resolveContent("core", 3) → programId="kDMpobbKsuVTByTIKUpe" @ https://outrun.co.il/_next/static/chunks/2390-dc57abc8d12f6b2f.js:0
[   36035ms] [LOG] [DEBUG-FIRESTORE] Querying IDs: [core, kDMpobbKsuVTByTIKUpe] Snapshot size returned: 20 @ https://outrun.co.il/_next/static/chunks/2390-dc57abc8d12f6b2f.js:0
[   36035ms] [LOG] [DEBUG-FIRESTORE] showInOnboarding=true levels: [1, 3, 5, 7, 8, 10, 11, 14] (8 total) @ https://outrun.co.il/_next/static/chunks/2390-dc57abc8d12f6b2f.js:0
[   36035ms] [LOG] [DEBUG-RESOLVER] Final onboarding levels for "core": [1, 3, 5, 7, 8, 10, 11, 14] (8 total) @ https://outrun.co.il/_next/static/chunks/2390-dc57abc8d12f6b2f.js:0
[   36035ms] [LOG] [DEBUG-RESOLVER] resolveContent("core", 1) → programId="kDMpobbKsuVTByTIKUpe" @ https://outrun.co.il/_next/static/chunks/2390-dc57abc8d12f6b2f.js:0
[   36035ms] [LOG] [DEBUG-RESOLVER] resolveContent("core", 3) → programId="kDMpobbKsuVTByTIKUpe" @ https://outrun.co.il/_next/static/chunks/2390-dc57abc8d12f6b2f.js:0
[   36151ms] [LOG] [VisualContentService] docToContent "PAxprHuT7HjqrWU4wl0T_1": {hasVideoVariantsField: true, hasVariantsField: false, rawType: array[0], parsedVariantsCount: 0, allTopLevelKeys: Array(14)} @ https://outrun.co.il/_next/static/chunks/2390-dc57abc8d12f6b2f.js:0
[   36151ms] [LOG] [DEBUG-RESOLVER] attempt1 getVisualContentItem("PAxprHuT7HjqrWU4wl0T", 1) → FOUND @ https://outrun.co.il/_next/static/chunks/2390-dc57abc8d12f6b2f.js:0
[   36151ms] [LOG] [VisualContentService] docToContent "PAxprHuT7HjqrWU4wl0T_3": {hasVideoVariantsField: true, hasVariantsField: false, rawType: array[0], parsedVariantsCount: 0, allTopLevelKeys: Array(14)} @ https://outrun.co.il/_next/static/chunks/2390-dc57abc8d12f6b2f.js:0
[   36151ms] [LOG] [DEBUG-RESOLVER] attempt1 getVisualContentItem("PAxprHuT7HjqrWU4wl0T", 3) → FOUND @ https://outrun.co.il/_next/static/chunks/2390-dc57abc8d12f6b2f.js:0
[   36151ms] [LOG] [DEBUG-FIRESTORE] Querying IDs: [hspu, PAxprHuT7HjqrWU4wl0T] Snapshot size returned: 15 @ https://outrun.co.il/_next/static/chunks/2390-dc57abc8d12f6b2f.js:0
[   36151ms] [LOG] [DEBUG-FIRESTORE] showInOnboarding=true levels: [1, 3, 6, 8, 9, 10, 11, 12, 13, 14, 15] (11 total) @ https://outrun.co.il/_next/static/chunks/2390-dc57abc8d12f6b2f.js:0
[   36151ms] [LOG] [DEBUG-RESOLVER] Final onboarding levels for "hspu": [1, 3, 6, 8, 9, 10, 11, 12, 13, 14, 15] (11 total) @ https://outrun.co.il/_next/static/chunks/2390-dc57abc8d12f6b2f.js:0
[   36151ms] [LOG] [DEBUG-RESOLVER] resolveContent("hspu", 1) → programId="PAxprHuT7HjqrWU4wl0T" @ https://outrun.co.il/_next/static/chunks/2390-dc57abc8d12f6b2f.js:0
[   36151ms] [LOG] [DEBUG-RESOLVER] resolveContent("hspu", 3) → programId="PAxprHuT7HjqrWU4wl0T" @ https://outrun.co.il/_next/static/chunks/2390-dc57abc8d12f6b2f.js:0
[   36151ms] [LOG] [VisualContentService] docToContent "kDMpobbKsuVTByTIKUpe_1": {hasVideoVariantsField: true, hasVariantsField: false, rawType: array[0], parsedVariantsCount: 0, allTopLevelKeys: Array(14)} @ https://outrun.co.il/_next/static/chunks/2390-dc57abc8d12f6b2f.js:0
[   36151ms] [LOG] [DEBUG-RESOLVER] attempt1 getVisualContentItem("kDMpobbKsuVTByTIKUpe", 1) → FOUND @ https://outrun.co.il/_next/static/chunks/2390-dc57abc8d12f6b2f.js:0
[   36151ms] [LOG] [VisualContentService] docToContent "kDMpobbKsuVTByTIKUpe_1": {hasVideoVariantsField: true, hasVariantsField: false, rawType: array[0], parsedVariantsCount: 0, allTopLevelKeys: Array(14)} @ https://outrun.co.il/_next/static/chunks/2390-dc57abc8d12f6b2f.js:0
[   36152ms] [LOG] [DEBUG-RESOLVER] attempt1 getVisualContentItem("kDMpobbKsuVTByTIKUpe", 1) → FOUND @ https://outrun.co.il/_next/static/chunks/2390-dc57abc8d12f6b2f.js:0
[   36152ms] [LOG] [VisualContentService] docToContent "kDMpobbKsuVTByTIKUpe_3": {hasVideoVariantsField: true, hasVariantsField: false, rawType: array[0], parsedVariantsCount: 0, allTopLevelKeys: Array(14)} @ https://outrun.co.il/_next/static/chunks/2390-dc57abc8d12f6b2f.js:0
[   36152ms] [LOG] [DEBUG-RESOLVER] attempt1 getVisualContentItem("kDMpobbKsuVTByTIKUpe", 3) → FOUND @ https://outrun.co.il/_next/static/chunks/2390-dc57abc8d12f6b2f.js:0
[   36152ms] [LOG] [VisualContentService] docToContent "kDMpobbKsuVTByTIKUpe_3": {hasVideoVariantsField: true, hasVariantsField: false, rawType: array[0], parsedVariantsCount: 0, allTopLevelKeys: Array(14)} @ https://outrun.co.il/_next/static/chunks/2390-dc57abc8d12f6b2f.js:0
[   36152ms] [LOG] [DEBUG-RESOLVER] attempt1 getVisualContentItem("kDMpobbKsuVTByTIKUpe", 3) → FOUND @ https://outrun.co.il/_next/static/chunks/2390-dc57abc8d12f6b2f.js:0
[   36365ms] [LOG] [ContentResolver] Level 1 — exercise video resolved: "מקבילים" → https://vz-b17872ab-7a7.b-cdn.net/726dd77e-6f84-4862-a7ab-cd… @ https://outrun.co.il/_next/static/chunks/2390-dc57abc8d12f6b2f.js:0
[   36366ms] [LOG] [ContentResolver] Level 3 — exercise video resolved: "שכיבות סמיכה פייק" → https://vz-b17872ab-7a7.b-cdn.net/0fa11ec8-3148-470b-86f5-67… @ https://outrun.co.il/_next/static/chunks/2390-dc57abc8d12f6b2f.js:0
[   36366ms] [LOG] [VisualContentService] docToContent "PAxprHuT7HjqrWU4wl0T_1": {hasVideoVariantsField: true, hasVariantsField: false, rawType: array[0], parsedVariantsCount: 0, allTopLevelKeys: Array(14)} @ https://outrun.co.il/_next/static/chunks/2390-dc57abc8d12f6b2f.js:0
[   36366ms] [LOG] [DEBUG-RESOLVER] attempt1 getVisualContentItem("PAxprHuT7HjqrWU4wl0T", 1) → FOUND @ https://outrun.co.il/_next/static/chunks/2390-dc57abc8d12f6b2f.js:0
[   36366ms] [LOG] [VisualContentService] docToContent "PAxprHuT7HjqrWU4wl0T_3": {hasVideoVariantsField: true, hasVariantsField: false, rawType: array[0], parsedVariantsCount: 0, allTopLevelKeys: Array(14)} @ https://outrun.co.il/_next/static/chunks/2390-dc57abc8d12f6b2f.js:0
[   36366ms] [LOG] [DEBUG-RESOLVER] attempt1 getVisualContentItem("PAxprHuT7HjqrWU4wl0T", 3) → FOUND @ https://outrun.co.il/_next/static/chunks/2390-dc57abc8d12f6b2f.js:0
[   36366ms] [LOG] [ContentResolver] Level 1 — exercise video resolved: "פלאנק על הברכיים" → https://vz-b17872ab-7a7.b-cdn.net/3011b6ff-f251-4c7b-81f4-e2… @ https://outrun.co.il/_next/static/chunks/2390-dc57abc8d12f6b2f.js:0
[   36366ms] [LOG] [ContentResolver] Level 1 — exercise video resolved: "פלאנק על הברכיים" → https://vz-b17872ab-7a7.b-cdn.net/3011b6ff-f251-4c7b-81f4-e2… @ https://outrun.co.il/_next/static/chunks/2390-dc57abc8d12f6b2f.js:0
[   36367ms] [LOG] [ContentResolver] Level 3 — exercise video resolved: "פלאנק עליות ונגיעות בכתפיים" → https://vz-b17872ab-7a7.b-cdn.net/4d5bc37c-3994-4574-ace7-12… @ https://outrun.co.il/_next/static/chunks/2390-dc57abc8d12f6b2f.js:0
[   36367ms] [LOG] [ContentResolver] Level 3 — exercise video resolved: "פלאנק עליות ונגיעות בכתפיים" → https://vz-b17872ab-7a7.b-cdn.net/4d5bc37c-3994-4574-ace7-12… @ https://outrun.co.il/_next/static/chunks/2390-dc57abc8d12f6b2f.js:0
[   36459ms] [LOG] [ContentResolver] Level 1 — exercise video resolved: "מקבילים" → https://vz-b17872ab-7a7.b-cdn.net/726dd77e-6f84-4862-a7ab-cd… @ https://outrun.co.il/_next/static/chunks/2390-dc57abc8d12f6b2f.js:0
[   36461ms] [LOG] [ContentResolver] Level 3 — exercise video resolved: "שכיבות סמיכה פייק" → https://vz-b17872ab-7a7.b-cdn.net/0fa11ec8-3148-470b-86f5-67… @ https://outrun.co.il/_next/static/chunks/2390-dc57abc8d12f6b2f.js:0
[   51074ms] [LOG] [DEBUG-RESOLVER] Incoming Category: hspu Resolved Candidate IDs: [hspu, PAxprHuT7HjqrWU4wl0T] @ https://outrun.co.il/_next/static/chunks/2390-dc57abc8d12f6b2f.js:0
[   51243ms] [LOG] [DEBUG-FIRESTORE] Querying IDs: [hspu, PAxprHuT7HjqrWU4wl0T] Snapshot size returned: 15 @ https://outrun.co.il/_next/static/chunks/2390-dc57abc8d12f6b2f.js:0
[   51243ms] [LOG] [DEBUG-FIRESTORE] showInOnboarding=true levels: [1, 3, 6, 8, 9, 10, 11, 12, 13, 14, 15] (11 total) @ https://outrun.co.il/_next/static/chunks/2390-dc57abc8d12f6b2f.js:0
[   51243ms] [LOG] [DEBUG-RESOLVER] Final onboarding levels for "hspu": [1, 3, 6, 8, 9, 10, 11, 12, 13, 14, 15] (11 total) @ https://outrun.co.il/_next/static/chunks/2390-dc57abc8d12f6b2f.js:0
[   51248ms] [LOG] [DEBUG-RESOLVER] resolveContent("hspu", 1) → programId="PAxprHuT7HjqrWU4wl0T" @ https://outrun.co.il/_next/static/chunks/2390-dc57abc8d12f6b2f.js:0
[   51248ms] [LOG] [DEBUG-RESOLVER] resolveContent("hspu", 3) → programId="PAxprHuT7HjqrWU4wl0T" @ https://outrun.co.il/_next/static/chunks/2390-dc57abc8d12f6b2f.js:0
[   51248ms] [LOG] [DEBUG-RESOLVER] resolveContent("hspu", 6) → programId="PAxprHuT7HjqrWU4wl0T" @ https://outrun.co.il/_next/static/chunks/2390-dc57abc8d12f6b2f.js:0
[   51248ms] [LOG] [DEBUG-RESOLVER] resolveContent("hspu", 8) → programId="PAxprHuT7HjqrWU4wl0T" @ https://outrun.co.il/_next/static/chunks/2390-dc57abc8d12f6b2f.js:0
[   51248ms] [LOG] [DEBUG-RESOLVER] resolveContent("hspu", 9) → programId="PAxprHuT7HjqrWU4wl0T" @ https://outrun.co.il/_next/static/chunks/2390-dc57abc8d12f6b2f.js:0
[   51248ms] [LOG] [DEBUG-RESOLVER] resolveContent("hspu", 10) → programId="PAxprHuT7HjqrWU4wl0T" @ https://outrun.co.il/_next/static/chunks/2390-dc57abc8d12f6b2f.js:0
[   51248ms] [LOG] [DEBUG-RESOLVER] resolveContent("hspu", 11) → programId="PAxprHuT7HjqrWU4wl0T" @ https://outrun.co.il/_next/static/chunks/2390-dc57abc8d12f6b2f.js:0
[   51248ms] [LOG] [DEBUG-RESOLVER] resolveContent("hspu", 12) → programId="PAxprHuT7HjqrWU4wl0T" @ https://outrun.co.il/_next/static/chunks/2390-dc57abc8d12f6b2f.js:0
[   51248ms] [LOG] [DEBUG-RESOLVER] resolveContent("hspu", 13) → programId="PAxprHuT7HjqrWU4wl0T" @ https://outrun.co.il/_next/static/chunks/2390-dc57abc8d12f6b2f.js:0
[   51248ms] [LOG] [DEBUG-RESOLVER] resolveContent("hspu", 14) → programId="PAxprHuT7HjqrWU4wl0T" @ https://outrun.co.il/_next/static/chunks/2390-dc57abc8d12f6b2f.js:0
[   51248ms] [LOG] [DEBUG-RESOLVER] resolveContent("hspu", 15) → programId="PAxprHuT7HjqrWU4wl0T" @ https://outrun.co.il/_next/static/chunks/2390-dc57abc8d12f6b2f.js:0
[   51248ms] [LOG] [DEBUG-RESOLVER] resolveContent("hspu", 1) → programId="PAxprHuT7HjqrWU4wl0T" @ https://outrun.co.il/_next/static/chunks/2390-dc57abc8d12f6b2f.js:0
[   51249ms] [LOG] [DEBUG-RESOLVER] resolveContent("hspu", 2) → programId="PAxprHuT7HjqrWU4wl0T" @ https://outrun.co.il/_next/static/chunks/2390-dc57abc8d12f6b2f.js:0
[   51249ms] [LOG] [DEBUG-RESOLVER] resolveContent("hspu", 2) → programId="PAxprHuT7HjqrWU4wl0T" @ https://outrun.co.il/_next/static/chunks/2390-dc57abc8d12f6b2f.js:0
[   51481ms] [LOG] [VisualContentService] docToContent "PAxprHuT7HjqrWU4wl0T_6": {hasVideoVariantsField: true, hasVariantsField: false, rawType: array[0], parsedVariantsCount: 0, allTopLevelKeys: Array(14)} @ https://outrun.co.il/_next/static/chunks/2390-dc57abc8d12f6b2f.js:0
[   51481ms] [LOG] [DEBUG-RESOLVER] attempt1 getVisualContentItem("PAxprHuT7HjqrWU4wl0T", 6) → FOUND @ https://outrun.co.il/_next/static/chunks/2390-dc57abc8d12f6b2f.js:0
[   51481ms] [LOG] [VisualContentService] docToContent "PAxprHuT7HjqrWU4wl0T_8": {hasVideoVariantsField: true, hasVariantsField: false, rawType: array[0], parsedVariantsCount: 0, allTopLevelKeys: Array(14)} @ https://outrun.co.il/_next/static/chunks/2390-dc57abc8d12f6b2f.js:0
[   51481ms] [LOG] [DEBUG-RESOLVER] attempt1 getVisualContentItem("PAxprHuT7HjqrWU4wl0T", 8) → FOUND @ https://outrun.co.il/_next/static/chunks/2390-dc57abc8d12f6b2f.js:0
[   51481ms] [LOG] [VisualContentService] docToContent "PAxprHuT7HjqrWU4wl0T_9": {hasVideoVariantsField: true, hasVariantsField: false, rawType: array[0], parsedVariantsCount: 0, allTopLevelKeys: Array(14)} @ https://outrun.co.il/_next/static/chunks/2390-dc57abc8d12f6b2f.js:0
[   51481ms] [LOG] [DEBUG-RESOLVER] attempt1 getVisualContentItem("PAxprHuT7HjqrWU4wl0T", 9) → FOUND @ https://outrun.co.il/_next/static/chunks/2390-dc57abc8d12f6b2f.js:0
[   51481ms] [LOG] [VisualContentService] docToContent "PAxprHuT7HjqrWU4wl0T_10": {hasVideoVariantsField: true, hasVariantsField: false, rawType: array[0], parsedVariantsCount: 0, allTopLevelKeys: Array(14)} @ https://outrun.co.il/_next/static/chunks/2390-dc57abc8d12f6b2f.js:0
[   51481ms] [LOG] [DEBUG-RESOLVER] attempt1 getVisualContentItem("PAxprHuT7HjqrWU4wl0T", 10) → FOUND @ https://outrun.co.il/_next/static/chunks/2390-dc57abc8d12f6b2f.js:0
[   51481ms] [LOG] [VisualContentService] docToContent "PAxprHuT7HjqrWU4wl0T_11": {hasVideoVariantsField: true, hasVariantsField: false, rawType: array[0], parsedVariantsCount: 0, allTopLevelKeys: Array(14)} @ https://outrun.co.il/_next/static/chunks/2390-dc57abc8d12f6b2f.js:0
[   51481ms] [LOG] [DEBUG-RESOLVER] attempt1 getVisualContentItem("PAxprHuT7HjqrWU4wl0T", 11) → FOUND @ https://outrun.co.il/_next/static/chunks/2390-dc57abc8d12f6b2f.js:0
[   51481ms] [LOG] [VisualContentService] docToContent "PAxprHuT7HjqrWU4wl0T_12": {hasVideoVariantsField: true, hasVariantsField: false, rawType: array[0], parsedVariantsCount: 0, allTopLevelKeys: Array(14)} @ https://outrun.co.il/_next/static/chunks/2390-dc57abc8d12f6b2f.js:0
[   51481ms] [LOG] [DEBUG-RESOLVER] attempt1 getVisualContentItem("PAxprHuT7HjqrWU4wl0T", 12) → FOUND @ https://outrun.co.il/_next/static/chunks/2390-dc57abc8d12f6b2f.js:0
[   51481ms] [LOG] [VisualContentService] docToContent "PAxprHuT7HjqrWU4wl0T_13": {hasVideoVariantsField: true, hasVariantsField: false, rawType: array[0], parsedVariantsCount: 0, allTopLevelKeys: Array(14)} @ https://outrun.co.il/_next/static/chunks/2390-dc57abc8d12f6b2f.js:0
[   51481ms] [LOG] [DEBUG-RESOLVER] attempt1 getVisualContentItem("PAxprHuT7HjqrWU4wl0T", 13) → FOUND @ https://outrun.co.il/_next/static/chunks/2390-dc57abc8d12f6b2f.js:0
[   51481ms] [LOG] [VisualContentService] docToContent "PAxprHuT7HjqrWU4wl0T_14": {hasVideoVariantsField: true, hasVariantsField: false, rawType: array[0], parsedVariantsCount: 0, allTopLevelKeys: Array(14)} @ https://outrun.co.il/_next/static/chunks/2390-dc57abc8d12f6b2f.js:0
[   51481ms] [LOG] [DEBUG-RESOLVER] attempt1 getVisualContentItem("PAxprHuT7HjqrWU4wl0T", 14) → FOUND @ https://outrun.co.il/_next/static/chunks/2390-dc57abc8d12f6b2f.js:0
[   51481ms] [LOG] [VisualContentService] docToContent "PAxprHuT7HjqrWU4wl0T_15": {hasVideoVariantsField: true, hasVariantsField: false, rawType: array[0], parsedVariantsCount: 0, allTopLevelKeys: Array(14)} @ https://outrun.co.il/_next/static/chunks/2390-dc57abc8d12f6b2f.js:0
[   51481ms] [LOG] [DEBUG-RESOLVER] attempt1 getVisualContentItem("PAxprHuT7HjqrWU4wl0T", 15) → FOUND @ https://outrun.co.il/_next/static/chunks/2390-dc57abc8d12f6b2f.js:0
[   51482ms] [LOG] [VisualContentService] docToContent "PAxprHuT7HjqrWU4wl0T_2": {hasVideoVariantsField: true, hasVariantsField: false, rawType: array[0], parsedVariantsCount: 0, allTopLevelKeys: Array(14)} @ https://outrun.co.il/_next/static/chunks/2390-dc57abc8d12f6b2f.js:0
[   51482ms] [LOG] [DEBUG-RESOLVER] attempt1 getVisualContentItem("PAxprHuT7HjqrWU4wl0T", 2) → FOUND @ https://outrun.co.il/_next/static/chunks/2390-dc57abc8d12f6b2f.js:0
[   51482ms] [LOG] [VisualContentService] docToContent "PAxprHuT7HjqrWU4wl0T_2": {hasVideoVariantsField: true, hasVariantsField: false, rawType: array[0], parsedVariantsCount: 0, allTopLevelKeys: Array(14)} @ https://outrun.co.il/_next/static/chunks/2390-dc57abc8d12f6b2f.js:0
[   51482ms] [LOG] [DEBUG-RESOLVER] attempt1 getVisualContentItem("PAxprHuT7HjqrWU4wl0T", 2) → FOUND @ https://outrun.co.il/_next/static/chunks/2390-dc57abc8d12f6b2f.js:0
[   51704ms] [LOG] [ContentResolver] Level 6 — exercise video resolved: "עמידת ידיים חזה לקיר" → https://vz-b17872ab-7a7.b-cdn.net/8242e2e8-b191-49ac-8973-3a… @ https://outrun.co.il/_next/static/chunks/2390-dc57abc8d12f6b2f.js:0
[   51704ms] [LOG] [ContentResolver] Level 8 — exercise video resolved: "לחיצה מישיבת L לפייק" → https://vz-b17872ab-7a7.b-cdn.net/342be4cc-77b0-4802-855c-1c… @ https://outrun.co.il/_next/static/chunks/2390-dc57abc8d12f6b2f.js:0
[   51704ms] [LOG] [ContentResolver] Level 9 — exercise video resolved: "שכיבות סמיכה שלילי בעמידת ידיים חזה לקיר " → https://vz-b17872ab-7a7.b-cdn.net/77df2070-6039-4806-8962-e3… @ https://outrun.co.il/_next/static/chunks/2390-dc57abc8d12f6b2f.js:0
[   51704ms] [LOG] [ContentResolver] Level 10 — exercise video resolved: "שכיבות סמיכה שלילי בעמידת ידיים חזה לקיר " → https://vz-b17872ab-7a7.b-cdn.net/77df2070-6039-4806-8962-e3… @ https://outrun.co.il/_next/static/chunks/2390-dc57abc8d12f6b2f.js:0
[   51705ms] [LOG] [ContentResolver] Level 11 — exercise video resolved: "שכיבות סמיכה בעמידת ידיים חזה לקיר" → https://vz-b17872ab-7a7.b-cdn.net/97901438-7f7a-43d1-9fa3-1a… @ https://outrun.co.il/_next/static/chunks/2390-dc57abc8d12f6b2f.js:0
[   51705ms] [LOG] [VisualContentService] docToContent "PAxprHuT7HjqrWU4wl0T_11": {hasVideoVariantsField: true, hasVariantsField: false, rawType: array[0], parsedVariantsCount: 0, allTopLevelKeys: Array(14)} @ https://outrun.co.il/_next/static/chunks/2390-dc57abc8d12f6b2f.js:0
[   51705ms] [LOG] [VisualContentService] docToContent "PAxprHuT7HjqrWU4wl0T_12": {hasVideoVariantsField: true, hasVariantsField: false, rawType: array[0], parsedVariantsCount: 0, allTopLevelKeys: Array(14)} @ https://outrun.co.il/_next/static/chunks/2390-dc57abc8d12f6b2f.js:0
[   51705ms] [LOG] [VisualContentService] docToContent "PAxprHuT7HjqrWU4wl0T_13": {hasVideoVariantsField: true, hasVariantsField: false, rawType: array[0], parsedVariantsCount: 0, allTopLevelKeys: Array(14)} @ https://outrun.co.il/_next/static/chunks/2390-dc57abc8d12f6b2f.js:0
[   51705ms] [LOG] [VisualContentService] docToContent "PAxprHuT7HjqrWU4wl0T_14": {hasVideoVariantsField: true, hasVariantsField: false, rawType: array[0], parsedVariantsCount: 0, allTopLevelKeys: Array(14)} @ https://outrun.co.il/_next/static/chunks/2390-dc57abc8d12f6b2f.js:0
[   51705ms] [LOG] [ContentResolver] Level 2 — exercise video resolved: "עמידת פייק" → https://vz-b17872ab-7a7.b-cdn.net/d16b6553-027b-4fa8-9fa0-bd… @ https://outrun.co.il/_next/static/chunks/2390-dc57abc8d12f6b2f.js:0
[   51705ms] [LOG] [ContentResolver] Level 2 — exercise video resolved: "עמידת פייק" → https://vz-b17872ab-7a7.b-cdn.net/d16b6553-027b-4fa8-9fa0-bd… @ https://outrun.co.il/_next/static/chunks/2390-dc57abc8d12f6b2f.js:0
[   51832ms] [LOG] [VisualContentService] docToContent "PAxprHuT7HjqrWU4wl0T_10": {hasVideoVariantsField: true, hasVariantsField: false, rawType: array[0], parsedVariantsCount: 0, allTopLevelKeys: Array(14)} @ https://outrun.co.il/_next/static/chunks/2390-dc57abc8d12f6b2f.js:0
[   51832ms] [LOG] [VisualContentService] docToContent "PAxprHuT7HjqrWU4wl0T_11": {hasVideoVariantsField: true, hasVariantsField: false, rawType: array[0], parsedVariantsCount: 0, allTopLevelKeys: Array(14)} @ https://outrun.co.il/_next/static/chunks/2390-dc57abc8d12f6b2f.js:0
[   51832ms] [LOG] [VisualContentService] docToContent "PAxprHuT7HjqrWU4wl0T_12": {hasVideoVariantsField: true, hasVariantsField: false, rawType: array[0], parsedVariantsCount: 0, allTopLevelKeys: Array(14)} @ https://outrun.co.il/_next/static/chunks/2390-dc57abc8d12f6b2f.js:0
[   51892ms] [LOG] [VisualContentService] docToContent "PAxprHuT7HjqrWU4wl0T_13": {hasVideoVariantsField: true, hasVariantsField: false, rawType: array[0], parsedVariantsCount: 0, allTopLevelKeys: Array(14)} @ https://outrun.co.il/_next/static/chunks/2390-dc57abc8d12f6b2f.js:0
[   51922ms] [LOG] [VisualContentService] docToContent "PAxprHuT7HjqrWU4wl0T_9": {hasVideoVariantsField: true, hasVariantsField: false, rawType: array[0], parsedVariantsCount: 0, allTopLevelKeys: Array(14)} @ https://outrun.co.il/_next/static/chunks/2390-dc57abc8d12f6b2f.js:0
[   51942ms] [LOG] [VisualContentService] docToContent "PAxprHuT7HjqrWU4wl0T_10": {hasVideoVariantsField: true, hasVariantsField: false, rawType: array[0], parsedVariantsCount: 0, allTopLevelKeys: Array(14)} @ https://outrun.co.il/_next/static/chunks/2390-dc57abc8d12f6b2f.js:0
[   51942ms] [LOG] [VisualContentService] docToContent "PAxprHuT7HjqrWU4wl0T_11": {hasVideoVariantsField: true, hasVariantsField: false, rawType: array[0], parsedVariantsCount: 0, allTopLevelKeys: Array(14)} @ https://outrun.co.il/_next/static/chunks/2390-dc57abc8d12f6b2f.js:0
[   51982ms] [LOG] [VisualContentService] docToContent "PAxprHuT7HjqrWU4wl0T_12": {hasVideoVariantsField: true, hasVariantsField: false, rawType: array[0], parsedVariantsCount: 0, allTopLevelKeys: Array(14)} @ https://outrun.co.il/_next/static/chunks/2390-dc57abc8d12f6b2f.js:0
[   52101ms] [LOG] [VisualContentService] docToContent "PAxprHuT7HjqrWU4wl0T_8": {hasVideoVariantsField: true, hasVariantsField: false, rawType: array[0], parsedVariantsCount: 0, allTopLevelKeys: Array(14)} @ https://outrun.co.il/_next/static/chunks/2390-dc57abc8d12f6b2f.js:0
[   52101ms] [LOG] [VisualContentService] docToContent "PAxprHuT7HjqrWU4wl0T_9": {hasVideoVariantsField: true, hasVariantsField: false, rawType: array[0], parsedVariantsCount: 0, allTopLevelKeys: Array(14)} @ https://outrun.co.il/_next/static/chunks/2390-dc57abc8d12f6b2f.js:0
[   52101ms] [LOG] [VisualContentService] docToContent "PAxprHuT7HjqrWU4wl0T_10": {hasVideoVariantsField: true, hasVariantsField: false, rawType: array[0], parsedVariantsCount: 0, allTopLevelKeys: Array(14)} @ https://outrun.co.il/_next/static/chunks/2390-dc57abc8d12f6b2f.js:0
[   52104ms] [LOG] [VisualContentService] docToContent "PAxprHuT7HjqrWU4wl0T_11": {hasVideoVariantsField: true, hasVariantsField: false, rawType: array[0], parsedVariantsCount: 0, allTopLevelKeys: Array(14)} @ https://outrun.co.il/_next/static/chunks/2390-dc57abc8d12f6b2f.js:0
[   52208ms] [LOG] [VisualContentService] docToContent "PAxprHuT7HjqrWU4wl0T_7": {hasVideoVariantsField: true, hasVariantsField: false, rawType: array[0], parsedVariantsCount: 0, allTopLevelKeys: Array(14)} @ https://outrun.co.il/_next/static/chunks/2390-dc57abc8d12f6b2f.js:0
[   52209ms] [LOG] [VisualContentService] docToContent "PAxprHuT7HjqrWU4wl0T_8": {hasVideoVariantsField: true, hasVariantsField: false, rawType: array[0], parsedVariantsCount: 0, allTopLevelKeys: Array(14)} @ https://outrun.co.il/_next/static/chunks/2390-dc57abc8d12f6b2f.js:0
[   52209ms] [LOG] [VisualContentService] docToContent "PAxprHuT7HjqrWU4wl0T_9": {hasVideoVariantsField: true, hasVariantsField: false, rawType: array[0], parsedVariantsCount: 0, allTopLevelKeys: Array(14)} @ https://outrun.co.il/_next/static/chunks/2390-dc57abc8d12f6b2f.js:0
[   52209ms] [LOG] [VisualContentService] docToContent "PAxprHuT7HjqrWU4wl0T_10": {hasVideoVariantsField: true, hasVariantsField: false, rawType: array[0], parsedVariantsCount: 0, allTopLevelKeys: Array(14)} @ https://outrun.co.il/_next/static/chunks/2390-dc57abc8d12f6b2f.js:0
[   52331ms] [LOG] [VisualContentService] docToContent "PAxprHuT7HjqrWU4wl0T_6": {hasVideoVariantsField: true, hasVariantsField: false, rawType: array[0], parsedVariantsCount: 0, allTopLevelKeys: Array(14)} @ https://outrun.co.il/_next/static/chunks/2390-dc57abc8d12f6b2f.js:0
[   52331ms] [LOG] [VisualContentService] docToContent "PAxprHuT7HjqrWU4wl0T_7": {hasVideoVariantsField: true, hasVariantsField: false, rawType: array[0], parsedVariantsCount: 0, allTopLevelKeys: Array(14)} @ https://outrun.co.il/_next/static/chunks/2390-dc57abc8d12f6b2f.js:0
[   52331ms] [LOG] [VisualContentService] docToContent "PAxprHuT7HjqrWU4wl0T_8": {hasVideoVariantsField: true, hasVariantsField: false, rawType: array[0], parsedVariantsCount: 0, allTopLevelKeys: Array(14)} @ https://outrun.co.il/_next/static/chunks/2390-dc57abc8d12f6b2f.js:0
[   52331ms] [LOG] [VisualContentService] docToContent "PAxprHuT7HjqrWU4wl0T_9": {hasVideoVariantsField: true, hasVariantsField: false, rawType: array[0], parsedVariantsCount: 0, allTopLevelKeys: Array(14)} @ https://outrun.co.il/_next/static/chunks/2390-dc57abc8d12f6b2f.js:0
[   52474ms] [LOG] [VisualContentService] docToContent "PAxprHuT7HjqrWU4wl0T_5": {hasVideoVariantsField: true, hasVariantsField: false, rawType: array[0], parsedVariantsCount: 0, allTopLevelKeys: Array(14)} @ https://outrun.co.il/_next/static/chunks/2390-dc57abc8d12f6b2f.js:0
[   52475ms] [LOG] [VisualContentService] docToContent "PAxprHuT7HjqrWU4wl0T_6": {hasVideoVariantsField: true, hasVariantsField: false, rawType: array[0], parsedVariantsCount: 0, allTopLevelKeys: Array(14)} @ https://outrun.co.il/_next/static/chunks/2390-dc57abc8d12f6b2f.js:0
[   52475ms] [LOG] [VisualContentService] docToContent "PAxprHuT7HjqrWU4wl0T_7": {hasVideoVariantsField: true, hasVariantsField: false, rawType: array[0], parsedVariantsCount: 0, allTopLevelKeys: Array(14)} @ https://outrun.co.il/_next/static/chunks/2390-dc57abc8d12f6b2f.js:0
[   52475ms] [LOG] [VisualContentService] docToContent "PAxprHuT7HjqrWU4wl0T_8": {hasVideoVariantsField: true, hasVariantsField: false, rawType: array[0], parsedVariantsCount: 0, allTopLevelKeys: Array(14)} @ https://outrun.co.il/_next/static/chunks/2390-dc57abc8d12f6b2f.js:0
[   52581ms] [LOG] [VisualContentService] docToContent "PAxprHuT7HjqrWU4wl0T_4": {hasVideoVariantsField: true, hasVariantsField: false, rawType: array[0], parsedVariantsCount: 0, allTopLevelKeys: Array(14)} @ https://outrun.co.il/_next/static/chunks/2390-dc57abc8d12f6b2f.js:0
[   52582ms] [LOG] [VisualContentService] docToContent "PAxprHuT7HjqrWU4wl0T_5": {hasVideoVariantsField: true, hasVariantsField: false, rawType: array[0], parsedVariantsCount: 0, allTopLevelKeys: Array(14)} @ https://outrun.co.il/_next/static/chunks/2390-dc57abc8d12f6b2f.js:0
[   52582ms] [LOG] [VisualContentService] docToContent "PAxprHuT7HjqrWU4wl0T_6": {hasVideoVariantsField: true, hasVariantsField: false, rawType: array[0], parsedVariantsCount: 0, allTopLevelKeys: Array(14)} @ https://outrun.co.il/_next/static/chunks/2390-dc57abc8d12f6b2f.js:0
[   52582ms] [LOG] [VisualContentService] docToContent "PAxprHuT7HjqrWU4wl0T_7": {hasVideoVariantsField: true, hasVariantsField: false, rawType: array[0], parsedVariantsCount: 0, allTopLevelKeys: Array(14)} @ https://outrun.co.il/_next/static/chunks/2390-dc57abc8d12f6b2f.js:0
[   52706ms] [LOG] [VisualContentService] docToContent "PAxprHuT7HjqrWU4wl0T_3": {hasVideoVariantsField: true, hasVariantsField: false, rawType: array[0], parsedVariantsCount: 0, allTopLevelKeys: Array(14)} @ https://outrun.co.il/_next/static/chunks/2390-dc57abc8d12f6b2f.js:0
[   52706ms] [LOG] [VisualContentService] docToContent "PAxprHuT7HjqrWU4wl0T_4": {hasVideoVariantsField: true, hasVariantsField: false, rawType: array[0], parsedVariantsCount: 0, allTopLevelKeys: Array(14)} @ https://outrun.co.il/_next/static/chunks/2390-dc57abc8d12f6b2f.js:0
[   52706ms] [LOG] [VisualContentService] docToContent "PAxprHuT7HjqrWU4wl0T_5": {hasVideoVariantsField: true, hasVariantsField: false, rawType: array[0], parsedVariantsCount: 0, allTopLevelKeys: Array(14)} @ https://outrun.co.il/_next/static/chunks/2390-dc57abc8d12f6b2f.js:0
[   52706ms] [LOG] [VisualContentService] docToContent "PAxprHuT7HjqrWU4wl0T_6": {hasVideoVariantsField: true, hasVariantsField: false, rawType: array[0], parsedVariantsCount: 0, allTopLevelKeys: Array(14)} @ https://outrun.co.il/_next/static/chunks/2390-dc57abc8d12f6b2f.js:0
[   52860ms] [LOG] [VisualContentService] docToContent "PAxprHuT7HjqrWU4wl0T_3": {hasVideoVariantsField: true, hasVariantsField: false, rawType: array[0], parsedVariantsCount: 0, allTopLevelKeys: Array(14)} @ https://outrun.co.il/_next/static/chunks/2390-dc57abc8d12f6b2f.js:0
[   52860ms] [LOG] [VisualContentService] docToContent "PAxprHuT7HjqrWU4wl0T_4": {hasVideoVariantsField: true, hasVariantsField: false, rawType: array[0], parsedVariantsCount: 0, allTopLevelKeys: Array(14)} @ https://outrun.co.il/_next/static/chunks/2390-dc57abc8d12f6b2f.js:0
[   52860ms] [LOG] [VisualContentService] docToContent "PAxprHuT7HjqrWU4wl0T_5": {hasVideoVariantsField: true, hasVariantsField: false, rawType: array[0], parsedVariantsCount: 0, allTopLevelKeys: Array(14)} @ https://outrun.co.il/_next/static/chunks/2390-dc57abc8d12f6b2f.js:0
[   52865ms] [LOG] [VisualContentService] docToContent "PAxprHuT7HjqrWU4wl0T_2": {hasVideoVariantsField: true, hasVariantsField: false, rawType: array[0], parsedVariantsCount: 0, allTopLevelKeys: Array(14)} @ https://outrun.co.il/_next/static/chunks/2390-dc57abc8d12f6b2f.js:0
[   52865ms] [LOG] [VisualContentService] docToContent "PAxprHuT7HjqrWU4wl0T_2": {hasVideoVariantsField: true, hasVariantsField: false, rawType: array[0], parsedVariantsCount: 0, allTopLevelKeys: Array(14)} @ https://outrun.co.il/_next/static/chunks/2390-dc57abc8d12f6b2f.js:0
[   53028ms] [LOG] [VisualContentService] docToContent "PAxprHuT7HjqrWU4wl0T_3": {hasVideoVariantsField: true, hasVariantsField: false, rawType: array[0], parsedVariantsCount: 0, allTopLevelKeys: Array(14)} @ https://outrun.co.il/_next/static/chunks/2390-dc57abc8d12f6b2f.js:0
[   53028ms] [LOG] [VisualContentService] docToContent "PAxprHuT7HjqrWU4wl0T_4": {hasVideoVariantsField: true, hasVariantsField: false, rawType: array[0], parsedVariantsCount: 0, allTopLevelKeys: Array(14)} @ https://outrun.co.il/_next/static/chunks/2390-dc57abc8d12f6b2f.js:0
[   53028ms] [LOG] [VisualContentService] docToContent "PAxprHuT7HjqrWU4wl0T_1": {hasVideoVariantsField: true, hasVariantsField: false, rawType: array[0], parsedVariantsCount: 0, allTopLevelKeys: Array(14)} @ https://outrun.co.il/_next/static/chunks/2390-dc57abc8d12f6b2f.js:0
[   53028ms] [LOG] [VisualContentService] docToContent "PAxprHuT7HjqrWU4wl0T_1": {hasVideoVariantsField: true, hasVariantsField: false, rawType: array[0], parsedVariantsCount: 0, allTopLevelKeys: Array(14)} @ https://outrun.co.il/_next/static/chunks/2390-dc57abc8d12f6b2f.js:0
[   53136ms] [LOG] [VisualContentService] docToContent "PAxprHuT7HjqrWU4wl0T_2": {hasVideoVariantsField: true, hasVariantsField: false, rawType: array[0], parsedVariantsCount: 0, allTopLevelKeys: Array(14)} @ https://outrun.co.il/_next/static/chunks/2390-dc57abc8d12f6b2f.js:0
[   53136ms] [LOG] [VisualContentService] docToContent "PAxprHuT7HjqrWU4wl0T_3": {hasVideoVariantsField: true, hasVariantsField: false, rawType: array[0], parsedVariantsCount: 0, allTopLevelKeys: Array(14)} @ https://outrun.co.il/_next/static/chunks/2390-dc57abc8d12f6b2f.js:0
[   53239ms] [LOG] [VisualContentService] docToContent "PAxprHuT7HjqrWU4wl0T_1": {hasVideoVariantsField: true, hasVariantsField: false, rawType: array[0], parsedVariantsCount: 0, allTopLevelKeys: Array(14)} @ https://outrun.co.il/_next/static/chunks/2390-dc57abc8d12f6b2f.js:0
[   53239ms] [LOG] [VisualContentService] docToContent "PAxprHuT7HjqrWU4wl0T_2": {hasVideoVariantsField: true, hasVariantsField: false, rawType: array[0], parsedVariantsCount: 0, allTopLevelKeys: Array(14)} @ https://outrun.co.il/_next/static/chunks/2390-dc57abc8d12f6b2f.js:0
[   53349ms] [LOG] [VisualContentService] docToContent "PAxprHuT7HjqrWU4wl0T_1": {hasVideoVariantsField: true, hasVariantsField: false, rawType: array[0], parsedVariantsCount: 0, allTopLevelKeys: Array(14)} @ https://outrun.co.il/_next/static/chunks/2390-dc57abc8d12f6b2f.js:0
[  379019ms] [LOG] [DEBUG-RESOLVER] resolveContent("hspu", 3) → programId="PAxprHuT7HjqrWU4wl0T" @ https://outrun.co.il/_next/static/chunks/2390-dc57abc8d12f6b2f.js:0
[  379132ms] [LOG] [VisualContentService] docToContent "PAxprHuT7HjqrWU4wl0T_3": {hasVideoVariantsField: true, hasVariantsField: false, rawType: array[0], parsedVariantsCount: 0, allTopLevelKeys: Array(14)} @ https://outrun.co.il/_next/static/chunks/2390-dc57abc8d12f6b2f.js:0
[  379132ms] [LOG] [DEBUG-RESOLVER] attempt1 getVisualContentItem("PAxprHuT7HjqrWU4wl0T", 3) → FOUND @ https://outrun.co.il/_next/static/chunks/2390-dc57abc8d12f6b2f.js:0
[  379250ms] [LOG] [ContentResolver] Level 3 — exercise video resolved: "שכיבות סמיכה פייק" → https://vz-b17872ab-7a7.b-cdn.net/0fa11ec8-3148-470b-86f5-67… @ https://outrun.co.il/_next/static/chunks/2390-dc57abc8d12f6b2f.js:0
[  379250ms] [LOG] [DEBUG-RESOLVER] resolveContent("hspu", 2) → programId="PAxprHuT7HjqrWU4wl0T" @ https://outrun.co.il/_next/static/chunks/2390-dc57abc8d12f6b2f.js:0
[  379250ms] [LOG] [DEBUG-RESOLVER] resolveContent("hspu", 4) → programId="PAxprHuT7HjqrWU4wl0T" @ https://outrun.co.il/_next/static/chunks/2390-dc57abc8d12f6b2f.js:0
[  379250ms] [LOG] [DEBUG-RESOLVER] resolveContent("hspu", 4) → programId="PAxprHuT7HjqrWU4wl0T" @ https://outrun.co.il/_next/static/chunks/2390-dc57abc8d12f6b2f.js:0
[  379370ms] [LOG] [VisualContentService] docToContent "PAxprHuT7HjqrWU4wl0T_2": {hasVideoVariantsField: true, hasVariantsField: false, rawType: array[0], parsedVariantsCount: 0, allTopLevelKeys: Array(14)} @ https://outrun.co.il/_next/static/chunks/2390-dc57abc8d12f6b2f.js:0
[  379370ms] [LOG] [DEBUG-RESOLVER] attempt1 getVisualContentItem("PAxprHuT7HjqrWU4wl0T", 2) → FOUND @ https://outrun.co.il/_next/static/chunks/2390-dc57abc8d12f6b2f.js:0
[  379379ms] [LOG] [VisualContentService] docToContent "PAxprHuT7HjqrWU4wl0T_4": {hasVideoVariantsField: true, hasVariantsField: false, rawType: array[0], parsedVariantsCount: 0, allTopLevelKeys: Array(14)} @ https://outrun.co.il/_next/static/chunks/2390-dc57abc8d12f6b2f.js:0
[  379379ms] [LOG] [DEBUG-RESOLVER] attempt1 getVisualContentItem("PAxprHuT7HjqrWU4wl0T", 4) → FOUND @ https://outrun.co.il/_next/static/chunks/2390-dc57abc8d12f6b2f.js:0
[  379379ms] [LOG] [VisualContentService] docToContent "PAxprHuT7HjqrWU4wl0T_4": {hasVideoVariantsField: true, hasVariantsField: false, rawType: array[0], parsedVariantsCount: 0, allTopLevelKeys: Array(14)} @ https://outrun.co.il/_next/static/chunks/2390-dc57abc8d12f6b2f.js:0
[  379379ms] [LOG] [DEBUG-RESOLVER] attempt1 getVisualContentItem("PAxprHuT7HjqrWU4wl0T", 4) → FOUND @ https://outrun.co.il/_next/static/chunks/2390-dc57abc8d12f6b2f.js:0
[  379538ms] [LOG] [ContentResolver] Level 2 — exercise video resolved: "עמידת פייק" → https://vz-b17872ab-7a7.b-cdn.net/d16b6553-027b-4fa8-9fa0-bd… @ https://outrun.co.il/_next/static/chunks/2390-dc57abc8d12f6b2f.js:0
[  379538ms] [LOG] [ContentResolver] Level 4 — exercise video resolved: "עמידת פייק גובה ברך" → https://vz-b17872ab-7a7.b-cdn.net/6579bf6b-6527-4637-b9bc-03… @ https://outrun.co.il/_next/static/chunks/2390-dc57abc8d12f6b2f.js:0
[  379539ms] [LOG] [ContentResolver] Level 4 — exercise video resolved: "עמידת פייק גובה ברך" → https://vz-b17872ab-7a7.b-cdn.net/6579bf6b-6527-4637-b9bc-03… @ https://outrun.co.il/_next/static/chunks/2390-dc57abc8d12f6b2f.js:0
[  380871ms] [LOG] [DEBUG-RESOLVER] resolveContent("hspu", 6) → programId="PAxprHuT7HjqrWU4wl0T" @ https://outrun.co.il/_next/static/chunks/2390-dc57abc8d12f6b2f.js:0
[  380979ms] [LOG] [VisualContentService] docToContent "PAxprHuT7HjqrWU4wl0T_6": {hasVideoVariantsField: true, hasVariantsField: false, rawType: array[0], parsedVariantsCount: 0, allTopLevelKeys: Array(14)} @ https://outrun.co.il/_next/static/chunks/2390-dc57abc8d12f6b2f.js:0
[  380979ms] [LOG] [DEBUG-RESOLVER] attempt1 getVisualContentItem("PAxprHuT7HjqrWU4wl0T", 6) → FOUND @ https://outrun.co.il/_next/static/chunks/2390-dc57abc8d12f6b2f.js:0
[  381090ms] [LOG] [ContentResolver] Level 6 — exercise video resolved: "עמידת ידיים חזה לקיר" → https://vz-b17872ab-7a7.b-cdn.net/8242e2e8-b191-49ac-8973-3a… @ https://outrun.co.il/_next/static/chunks/2390-dc57abc8d12f6b2f.js:0
[  381090ms] [LOG] [DEBUG-RESOLVER] resolveContent("hspu", 5) → programId="PAxprHuT7HjqrWU4wl0T" @ https://outrun.co.il/_next/static/chunks/2390-dc57abc8d12f6b2f.js:0
[  381090ms] [LOG] [DEBUG-RESOLVER] resolveContent("hspu", 7) → programId="PAxprHuT7HjqrWU4wl0T" @ https://outrun.co.il/_next/static/chunks/2390-dc57abc8d12f6b2f.js:0
[  381090ms] [LOG] [DEBUG-RESOLVER] resolveContent("hspu", 7) → programId="PAxprHuT7HjqrWU4wl0T" @ https://outrun.co.il/_next/static/chunks/2390-dc57abc8d12f6b2f.js:0
[  381218ms] [LOG] [VisualContentService] docToContent "PAxprHuT7HjqrWU4wl0T_5": {hasVideoVariantsField: true, hasVariantsField: false, rawType: array[0], parsedVariantsCount: 0, allTopLevelKeys: Array(14)} @ https://outrun.co.il/_next/static/chunks/2390-dc57abc8d12f6b2f.js:0
[  381218ms] [LOG] [DEBUG-RESOLVER] attempt1 getVisualContentItem("PAxprHuT7HjqrWU4wl0T", 5) → FOUND @ https://outrun.co.il/_next/static/chunks/2390-dc57abc8d12f6b2f.js:0
[  381218ms] [LOG] [VisualContentService] docToContent "PAxprHuT7HjqrWU4wl0T_7": {hasVideoVariantsField: true, hasVariantsField: false, rawType: array[0], parsedVariantsCount: 0, allTopLevelKeys: Array(14)} @ https://outrun.co.il/_next/static/chunks/2390-dc57abc8d12f6b2f.js:0
[  381218ms] [LOG] [DEBUG-RESOLVER] attempt1 getVisualContentItem("PAxprHuT7HjqrWU4wl0T", 7) → FOUND @ https://outrun.co.il/_next/static/chunks/2390-dc57abc8d12f6b2f.js:0
[  381218ms] [LOG] [VisualContentService] docToContent "PAxprHuT7HjqrWU4wl0T_7": {hasVideoVariantsField: true, hasVariantsField: false, rawType: array[0], parsedVariantsCount: 0, allTopLevelKeys: Array(14)} @ https://outrun.co.il/_next/static/chunks/2390-dc57abc8d12f6b2f.js:0
[  381218ms] [LOG] [DEBUG-RESOLVER] attempt1 getVisualContentItem("PAxprHuT7HjqrWU4wl0T", 7) → FOUND @ https://outrun.co.il/_next/static/chunks/2390-dc57abc8d12f6b2f.js:0
[  381338ms] [LOG] [ContentResolver] Level 5 — exercise video resolved: "שכיבות סמיכה פייק גובה ברך" → https://vz-b17872ab-7a7.b-cdn.net/dd052f3a-2677-4fa8-af31-0d… @ https://outrun.co.il/_next/static/chunks/2390-dc57abc8d12f6b2f.js:0
[  381347ms] [LOG] [ContentResolver] Level 7 — exercise video resolved: "שכיבות סמיכה פייק עמוקות גובה אגן" → https://vz-b17872ab-7a7.b-cdn.net/4c14d6f4-e4b2-4c7f-9cc0-df… @ https://outrun.co.il/_next/static/chunks/2390-dc57abc8d12f6b2f.js:0
[  381347ms] [LOG] [ContentResolver] Level 7 — exercise video resolved: "שכיבות סמיכה פייק עמוקות גובה אגן" → https://vz-b17872ab-7a7.b-cdn.net/4c14d6f4-e4b2-4c7f-9cc0-df… @ https://outrun.co.il/_next/static/chunks/2390-dc57abc8d12f6b2f.js:0
[  382589ms] [LOG] [DEBUG-RESOLVER] resolveContent("hspu", 1) → programId="PAxprHuT7HjqrWU4wl0T" @ https://outrun.co.il/_next/static/chunks/2390-dc57abc8d12f6b2f.js:0
[  382717ms] [LOG] [VisualContentService] docToContent "PAxprHuT7HjqrWU4wl0T_1": {hasVideoVariantsField: true, hasVariantsField: false, rawType: array[0], parsedVariantsCount: 0, allTopLevelKeys: Array(14)} @ https://outrun.co.il/_next/static/chunks/2390-dc57abc8d12f6b2f.js:0
[  382717ms] [LOG] [DEBUG-RESOLVER] attempt1 getVisualContentItem("PAxprHuT7HjqrWU4wl0T", 1) → FOUND @ https://outrun.co.il/_next/static/chunks/2390-dc57abc8d12f6b2f.js:0
[  382832ms] [LOG] [ContentResolver] Level 1 — exercise video resolved: "מקבילים" → https://vz-b17872ab-7a7.b-cdn.net/726dd77e-6f84-4862-a7ab-cd… @ https://outrun.co.il/_next/static/chunks/2390-dc57abc8d12f6b2f.js:0
[  382832ms] [LOG] [DEBUG-RESOLVER] resolveContent("hspu", 2) → programId="PAxprHuT7HjqrWU4wl0T" @ https://outrun.co.il/_next/static/chunks/2390-dc57abc8d12f6b2f.js:0
[  382832ms] [LOG] [DEBUG-RESOLVER] resolveContent("hspu", 2) → programId="PAxprHuT7HjqrWU4wl0T" @ https://outrun.co.il/_next/static/chunks/2390-dc57abc8d12f6b2f.js:0
[  386739ms] [LOG] [DEBUG-RESOLVER] resolveContent("hspu", 3) → programId="PAxprHuT7HjqrWU4wl0T" @ https://outrun.co.il/_next/static/chunks/2390-dc57abc8d12f6b2f.js:0
[  386739ms] [LOG] [DEBUG-RESOLVER] resolveContent("hspu", 2) → programId="PAxprHuT7HjqrWU4wl0T" @ https://outrun.co.il/_next/static/chunks/2390-dc57abc8d12f6b2f.js:0
[  386740ms] [LOG] [DEBUG-RESOLVER] resolveContent("hspu", 4) → programId="PAxprHuT7HjqrWU4wl0T" @ https://outrun.co.il/_next/static/chunks/2390-dc57abc8d12f6b2f.js:0
[  386740ms] [LOG] [DEBUG-RESOLVER] resolveContent("hspu", 4) → programId="PAxprHuT7HjqrWU4wl0T" @ https://outrun.co.il/_next/static/chunks/2390-dc57abc8d12f6b2f.js:0
[  388521ms] [LOG] [DEBUG-RESOLVER] resolveContent("hspu", 1) → programId="PAxprHuT7HjqrWU4wl0T" @ https://outrun.co.il/_next/static/chunks/2390-dc57abc8d12f6b2f.js:0
[  388522ms] [LOG] [DEBUG-RESOLVER] resolveContent("hspu", 2) → programId="PAxprHuT7HjqrWU4wl0T" @ https://outrun.co.il/_next/static/chunks/2390-dc57abc8d12f6b2f.js:0
[  388522ms] [LOG] [DEBUG-RESOLVER] resolveContent("hspu", 2) → programId="PAxprHuT7HjqrWU4wl0T" @ https://outrun.co.il/_next/static/chunks/2390-dc57abc8d12f6b2f.js:0
[  610123ms] [WARNING] [2026-09-24T04:28:46.266Z]  @firebase/auth: Auth (12.6.0): Error while retrieving App Check token: FirebaseError: AppCheck: ReCAPTCHA error. (appCheck/recaptcha-error). @ https://outrun.co.il/_next/static/chunks/2532-16f59635ee5a761a.js:14
