[     783ms] [WARNING] An iframe which has both allow-scripts and allow-same-origin for its sandbox attribute can escape its sandboxing. @ https://drive.google.com/auth_warmup:0
[    1298ms] [WARNING] An iframe which has both allow-scripts and allow-same-origin for its sandbox attribute can escape its sandboxing. @ https://drive.google.com/drivesharing/clientmodel?id=11_SKsjJoElOO7VMhgMuI0DMfJcKpoXCm&foreignService=texmex&authuser=1&origin=https%3A%2F%2Fdrive.google.com:0
[    1760ms] [ERROR] Failed to load resource: the server responded with a status of 429 () @ https://feedback-pa.clients6.google.com/v1/survey/trigger?key=AIzaSyDVQw45DwoYh632gvsP5vPDqEKvb-Ywnb8:0
[ 1484631ms] [ERROR] Failed to load resource: net::ERR_INTERNET_DISCONNECTED @ https://drive.google.com/generate_204:0
[ 1485131ms] [ERROR] Failed to load resource: net::ERR_INTERNET_DISCONNECTED @ https://ssl.gstatic.com/docs/common/cleardot.gif?zx=ikt7q1bu6e66:0
[ 1494368ms] [ERROR] Failed to load resource: net::ERR_INTERNET_DISCONNECTED @ https://drive.google.com/generate_204:0
[ 1495175ms] [ERROR] Failed to load resource: net::ERR_INTERNET_DISCONNECTED @ https://ssl.gstatic.com/docs/common/cleardot.gif?zx=1l88udv1ymtv:0
[ 1505185ms] [ERROR] Failed to load resource: net::ERR_INTERNET_DISCONNECTED @ https://ssl.gstatic.com/docs/common/cleardot.gif?zx=nq7t5v2q4a0z:0
[ 1515191ms] [ERROR] Failed to load resource: net::ERR_INTERNET_DISCONNECTED @ https://ssl.gstatic.com/docs/common/cleardot.gif?zx=54vj4n72jfl3:0
[ 1524375ms] [ERROR] Failed to load resource: net::ERR_INTERNET_DISCONNECTED @ https://drive.google.com/generate_204:0
[ 1525196ms] [ERROR] Failed to load resource: net::ERR_INTERNET_DISCONNECTED @ https://ssl.gstatic.com/docs/common/cleardot.gif?zx=vclz6h7mu28c:0
[ 2453190ms] [ERROR] Failed to load resource: net::ERR_INTERNET_DISCONNECTED @ https://ssl.gstatic.com/docs/common/cleardot.gif?zx=6552sdegt0a4:0
[ 4494697ms] [ERROR] Failed to load resource: net::ERR_INTERNET_DISCONNECTED @ https://ssl.gstatic.com/docs/common/cleardot.gif?zx=phclu8ipygct:0
[ 4552628ms] [ERROR] Failed to load resource: net::ERR_INTERNET_DISCONNECTED @ https://drive.google.com/generate_204:0
[ 4553505ms] [ERROR] Failed to load resource: net::ERR_INTERNET_DISCONNECTED @ https://ssl.gstatic.com/docs/common/cleardot.gif?zx=venbfwwenqhn:0
[ 4563510ms] [ERROR] Failed to load resource: net::ERR_INTERNET_DISCONNECTED @ https://ssl.gstatic.com/docs/common/cleardot.gif?zx=l0sgtzjgawzc:0
[ 4573520ms] [ERROR] Failed to load resource: net::ERR_INTERNET_DISCONNECTED @ https://ssl.gstatic.com/docs/common/cleardot.gif?zx=koyew51e0di8:0
[ 4582635ms] [ERROR] Failed to load resource: net::ERR_INTERNET_DISCONNECTED @ https://drive.google.com/generate_204:0
[ 4583525ms] [ERROR] Failed to load resource: net::ERR_INTERNET_DISCONNECTED @ https://ssl.gstatic.com/docs/common/cleardot.gif?zx=xminxkz6gfb5:0
[ 4593530ms] [ERROR] Failed to load resource: net::ERR_INTERNET_DISCONNECTED @ https://ssl.gstatic.com/docs/common/cleardot.gif?zx=uf944r61bk6f:0
[ 4603536ms] [ERROR] Failed to load resource: net::ERR_INTERNET_DISCONNECTED @ https://ssl.gstatic.com/docs/common/cleardot.gif?zx=ihmlex7hr1tj:0
[ 4612641ms] [ERROR] Failed to load resource: net::ERR_INTERNET_DISCONNECTED @ https://drive.google.com/generate_204:0
[ 4613542ms] [ERROR] Failed to load resource: net::ERR_INTERNET_DISCONNECTED @ https://ssl.gstatic.com/docs/common/cleardot.gif?zx=ysvjwjpo0i8s:0
[ 4623550ms] [ERROR] Failed to load resource: net::ERR_INTERNET_DISCONNECTED @ https://ssl.gstatic.com/docs/common/cleardot.gif?zx=kvvz3gwbizys:0
[ 4633555ms] [ERROR] Failed to load resource: net::ERR_INTERNET_DISCONNECTED @ https://ssl.gstatic.com/docs/common/cleardot.gif?zx=4xncizmlddnh:0
[ 4642648ms] [ERROR] Failed to load resource: net::ERR_INTERNET_DISCONNECTED @ https://drive.google.com/generate_204:0
[ 4643562ms] [ERROR] Failed to load resource: net::ERR_INTERNET_DISCONNECTED @ https://ssl.gstatic.com/docs/common/cleardot.gif?zx=luerkjgv86cl:0
[ 4815486ms] [ERROR] Failed to load resource: net::ERR_INTERNET_DISCONNECTED @ https://drive.google.com/generate_204:0
[ 4815616ms] [ERROR] Failed to load resource: net::ERR_INTERNET_DISCONNECTED @ https://ssl.gstatic.com/docs/common/cleardot.gif?zx=r11nliz22e8h:0
[ 4822671ms] [ERROR] Failed to load resource: net::ERR_INTERNET_DISCONNECTED @ https://drive.google.com/generate_204:0
[ 4825629ms] [ERROR] Failed to load resource: net::ERR_INTERNET_DISCONNECTED @ https://ssl.gstatic.com/docs/common/cleardot.gif?zx=97c4l7a6uwl3:0
[ 4835635ms] [ERROR] Failed to load resource: net::ERR_INTERNET_DISCONNECTED @ https://ssl.gstatic.com/docs/common/cleardot.gif?zx=we7mcqvk67sm:0
[ 4845642ms] [ERROR] Failed to load resource: net::ERR_INTERNET_DISCONNECTED @ https://ssl.gstatic.com/docs/common/cleardot.gif?zx=j3eevs73u8hc:0
[ 4852678ms] [ERROR] Failed to load resource: net::ERR_INTERNET_DISCONNECTED @ https://drive.google.com/generate_204:0
[ 4855648ms] [ERROR] Failed to load resource: net::ERR_INTERNET_DISCONNECTED @ https://ssl.gstatic.com/docs/common/cleardot.gif?zx=5zs31lfth4ey:0
[ 4865658ms] [ERROR] Failed to load resource: net::ERR_INTERNET_DISCONNECTED @ https://ssl.gstatic.com/docs/common/cleardot.gif?zx=aups8sxsvm7h:0
[ 4875664ms] [ERROR] Failed to load resource: net::ERR_INTERNET_DISCONNECTED @ https://ssl.gstatic.com/docs/common/cleardot.gif?zx=a4ga6o4lz92r:0
[ 4882687ms] [ERROR] Failed to load resource: net::ERR_INTERNET_DISCONNECTED @ https://drive.google.com/generate_204:0
[ 4885678ms] [ERROR] Failed to load resource: net::ERR_INTERNET_DISCONNECTED @ https://ssl.gstatic.com/docs/common/cleardot.gif?zx=tn9f7frhprch:0
[ 6657225ms] [ERROR] Failed to load resource: net::ERR_INTERNET_DISCONNECTED @ https://drive.google.com/generate_204:0
[ 6657283ms] [ERROR] Failed to load resource: net::ERR_INTERNET_DISCONNECTED @ https://ssl.gstatic.com/docs/common/cleardot.gif?zx=lcp8xm3jbxyj:0
[ 8595858ms] [ERROR] Failed to load resource: net::ERR_INTERNET_DISCONNECTED @ https://ssl.gstatic.com/docs/common/cleardot.gif?zx=kyazwwdp6vbi:0
[ 9621082ms] [ERROR] Failed to load resource: net::ERR_INTERNET_DISCONNECTED @ https://drive.google.com/generate_204:0
[ 9622615ms] [ERROR] Failed to load resource: net::ERR_INTERNET_DISCONNECTED @ https://ssl.gstatic.com/docs/common/cleardot.gif?zx=1mh1rw7egrb8:0
[11669116ms] [ERROR] Failed to load resource: net::ERR_INTERNET_DISCONNECTED @ https://ssl.gstatic.com/docs/common/cleardot.gif?zx=8ikwcsqm2e5y:0
[12930303ms] [ERROR] Failed to load resource: net::ERR_INTERNET_DISCONNECTED @ https://ssl.gstatic.com/docs/common/cleardot.gif?zx=w2hdqiql9idb:0
[12938751ms] [ERROR] Failed to load resource: net::ERR_INTERNET_DISCONNECTED @ https://drive.google.com/generate_204:0
[12940308ms] [ERROR] Failed to load resource: net::ERR_INTERNET_DISCONNECTED @ https://ssl.gstatic.com/docs/common/cleardot.gif?zx=bxvzogwpjtq:0
[12950317ms] [ERROR] Failed to load resource: net::ERR_INTERNET_DISCONNECTED @ https://ssl.gstatic.com/docs/common/cleardot.gif?zx=kj3daasnpdxe:0
[12960325ms] [ERROR] Failed to load resource: net::ERR_INTERNET_DISCONNECTED @ https://ssl.gstatic.com/docs/common/cleardot.gif?zx=wlp4bzty5l4d:0
[12968757ms] [ERROR] Failed to load resource: net::ERR_INTERNET_DISCONNECTED @ https://drive.google.com/generate_204:0
[12970334ms] [ERROR] Failed to load resource: net::ERR_INTERNET_DISCONNECTED @ https://ssl.gstatic.com/docs/common/cleardot.gif?zx=ny9m6ij0on0j:0
[15067174ms] [ERROR] Failed to load resource: net::ERR_INTERNET_DISCONNECTED @ https://ssl.gstatic.com/docs/common/cleardot.gif?zx=27xrptozsai3:0
[16587691ms] [ERROR] Failed to load resource: net::ERR_INTERNET_DISCONNECTED @ https://ssl.gstatic.com/docs/common/cleardot.gif?zx=il9ifs4mdbww:0
[16596107ms] [ERROR] Failed to load resource: net::ERR_INTERNET_DISCONNECTED @ https://drive.google.com/generate_204:0
[16597698ms] [ERROR] Failed to load resource: net::ERR_INTERNET_DISCONNECTED @ https://ssl.gstatic.com/docs/common/cleardot.gif?zx=k8b8bpdffrgl:0
[16607707ms] [ERROR] Failed to load resource: net::ERR_INTERNET_DISCONNECTED @ https://ssl.gstatic.com/docs/common/cleardot.gif?zx=gc9tw8foxcfk:0
[16617714ms] [ERROR] Failed to load resource: net::ERR_INTERNET_DISCONNECTED @ https://ssl.gstatic.com/docs/common/cleardot.gif?zx=6xja16i6y12n:0
[16626115ms] [ERROR] Failed to load resource: net::ERR_INTERNET_DISCONNECTED @ https://drive.google.com/generate_204:0
[16627722ms] [ERROR] Failed to load resource: net::ERR_INTERNET_DISCONNECTED @ https://ssl.gstatic.com/docs/common/cleardot.gif?zx=gwvi9nuu66le:0
[17654804ms] [ERROR] Failed to load resource: net::ERR_INTERNET_DISCONNECTED @ https://ssl.gstatic.com/docs/common/cleardot.gif?zx=7yelzwgti4ru:0
[19688296ms] [ERROR] Failed to load resource: net::ERR_INTERNET_DISCONNECTED @ https://ssl.gstatic.com/docs/common/cleardot.gif?zx=ou1rgo7oxcwq:0
[20253432ms] [ERROR] Failed to load resource: net::ERR_INTERNET_DISCONNECTED @ https://drive.google.com/generate_204:0
[20255053ms] [ERROR] Failed to load resource: net::ERR_INTERNET_DISCONNECTED @ https://ssl.gstatic.com/docs/common/cleardot.gif?zx=jajm4jldy2r9:0
[20265069ms] [ERROR] Failed to load resource: net::ERR_INTERNET_DISCONNECTED @ https://ssl.gstatic.com/docs/common/cleardot.gif?zx=voiug141bxsm:0
[20275079ms] [ERROR] Failed to load resource: net::ERR_INTERNET_DISCONNECTED @ https://ssl.gstatic.com/docs/common/cleardot.gif?zx=o9v1dg35bqr:0
[20283440ms] [ERROR] Failed to load resource: net::ERR_INTERNET_DISCONNECTED @ https://drive.google.com/generate_204:0
[20285084ms] [ERROR] Failed to load resource: net::ERR_INTERNET_DISCONNECTED @ https://ssl.gstatic.com/docs/common/cleardot.gif?zx=occvd1w0tfao:0
[21241165ms] [ERROR] Failed to load resource: net::ERR_INTERNET_DISCONNECTED @ https://ssl.gstatic.com/docs/common/cleardot.gif?zx=drqdsomgycqz:0
[22245942ms] [ERROR] Failed to load resource: net::ERR_INTERNET_DISCONNECTED @ https://ssl.gstatic.com/docs/common/cleardot.gif?zx=g94pyczaenkj:0
[22254291ms] [ERROR] Failed to load resource: net::ERR_INTERNET_DISCONNECTED @ https://drive.google.com/generate_204:0
[22255952ms] [ERROR] Failed to load resource: net::ERR_INTERNET_DISCONNECTED @ https://ssl.gstatic.com/docs/common/cleardot.gif?zx=3aw143kte2eo:0
[22265956ms] [ERROR] Failed to load resource: net::ERR_INTERNET_DISCONNECTED @ https://ssl.gstatic.com/docs/common/cleardot.gif?zx=nvmlm5wa9s7t:0
[22275961ms] [ERROR] Failed to load resource: net::ERR_INTERNET_DISCONNECTED @ https://ssl.gstatic.com/docs/common/cleardot.gif?zx=h5fj682vmuzt:0
[22284039ms] [ERROR] Failed to load resource: net::ERR_INTERNET_DISCONNECTED @ https://waa-pa.clients6.google.com/$rpc/google.internal.waa.v1.Waa/Ping:0
[22284040ms] [ERROR] Failed to load resource: net::ERR_INTERNET_DISCONNECTED @ https://play.google.com/log?hasfast=true&auth=SAPISIDHASH+aa55ad893582f1f68360ea754d578c66368e647b+SAPISID1PHASH+aa55ad893582f1f68360ea754d578c66368e647b+SAPISID3PHASH+aa55ad893582f1f68360ea754d578c66368e647b&authuser=0&format=json:0
[22284040ms] [ERROR] Failed to load resource: net::ERR_INTERNET_DISCONNECTED @ https://play.google.com/log?format=json&hasfast=true&authuser=1:0
[22284297ms] [ERROR] Failed to load resource: net::ERR_INTERNET_DISCONNECTED @ https://drive.google.com/generate_204:0
[22285045ms] [ERROR] Failed to load resource: net::ERR_INTERNET_DISCONNECTED @ https://waa-pa.googleapis.com/$rpc/google.internal.waa.v1.Waa/Ping:0
[22285970ms] [ERROR] Failed to load resource: net::ERR_INTERNET_DISCONNECTED @ https://ssl.gstatic.com/docs/common/cleardot.gif?zx=evqckvwq2o6p:0
[23239830ms] [ERROR] Failed to load resource: net::ERR_INTERNET_DISCONNECTED @ https://ssl.gstatic.com/docs/common/cleardot.gif?zx=qgpevq8hmfcq:0
[23257482ms] [ERROR] Failed to load resource: net::ERR_INTERNET_DISCONNECTED @ https://ssl.gstatic.com/docs/common/cleardot.gif?zx=579xbryo2khe:0
[23265774ms] [ERROR] Failed to load resource: net::ERR_INTERNET_DISCONNECTED @ https://drive.google.com/generate_204:0
[23267490ms] [ERROR] Failed to load resource: net::ERR_INTERNET_DISCONNECTED @ https://ssl.gstatic.com/docs/common/cleardot.gif?zx=3w64xlcbfsol:0
[23277496ms] [ERROR] Failed to load resource: net::ERR_INTERNET_DISCONNECTED @ https://ssl.gstatic.com/docs/common/cleardot.gif?zx=hlyjecvb569i:0
[23287504ms] [ERROR] Failed to load resource: net::ERR_INTERNET_DISCONNECTED @ https://ssl.gstatic.com/docs/common/cleardot.gif?zx=iohsh0pkfo43:0
[23303158ms] [ERROR] Failed to load resource: net::ERR_INTERNET_DISCONNECTED @ https://drive.google.com/generate_204:0
[23304885ms] [ERROR] Failed to load resource: net::ERR_INTERNET_DISCONNECTED @ https://ssl.gstatic.com/docs/common/cleardot.gif?zx=4a1rscwuxms1:0
[23314891ms] [ERROR] Failed to load resource: net::ERR_INTERNET_DISCONNECTED @ https://ssl.gstatic.com/docs/common/cleardot.gif?zx=aanjusq015hi:0
[23324899ms] [ERROR] Failed to load resource: net::ERR_INTERNET_DISCONNECTED @ https://ssl.gstatic.com/docs/common/cleardot.gif?zx=kpii8jj3to9:0
[23333169ms] [ERROR] Failed to load resource: net::ERR_INTERNET_DISCONNECTED @ https://drive.google.com/generate_204:0
[23334904ms] [ERROR] Failed to load resource: net::ERR_INTERNET_DISCONNECTED @ https://ssl.gstatic.com/docs/common/cleardot.gif?zx=eoihnogdxjey:0
[23344913ms] [ERROR] Failed to load resource: net::ERR_INTERNET_DISCONNECTED @ https://ssl.gstatic.com/docs/common/cleardot.gif?zx=iyb5q7xw5sug:0
[23362204ms] [ERROR] Failed to load resource: net::ERR_INTERNET_DISCONNECTED @ https://ssl.gstatic.com/docs/common/cleardot.gif?zx=hbsen9dhn8k8:0
[23370458ms] [ERROR] Failed to load resource: net::ERR_INTERNET_DISCONNECTED @ https://drive.google.com/generate_204:0
[23372211ms] [ERROR] Failed to load resource: net::ERR_INTERNET_DISCONNECTED @ https://ssl.gstatic.com/docs/common/cleardot.gif?zx=fpsm2nenw3dk:0
[23382218ms] [ERROR] Failed to load resource: net::ERR_INTERNET_DISCONNECTED @ https://ssl.gstatic.com/docs/common/cleardot.gif?zx=n89fm46vc5fb:0
[23392224ms] [ERROR] Failed to load resource: net::ERR_INTERNET_DISCONNECTED @ https://ssl.gstatic.com/docs/common/cleardot.gif?zx=jd9pqzi5zejk:0
[23400467ms] [ERROR] Failed to load resource: net::ERR_INTERNET_DISCONNECTED @ https://drive.google.com/generate_204:0
[23402232ms] [ERROR] Failed to load resource: net::ERR_INTERNET_DISCONNECTED @ https://ssl.gstatic.com/docs/common/cleardot.gif?zx=g1bcx07u1gwz:0
[23419072ms] [ERROR] Failed to load resource: net::ERR_INTERNET_DISCONNECTED @ https://ssl.gstatic.com/docs/common/cleardot.gif?zx=qvqyxtz2gx7l:0
[23429079ms] [ERROR] Failed to load resource: net::ERR_INTERNET_DISCONNECTED @ https://ssl.gstatic.com/docs/common/cleardot.gif?zx=65ef0z8wfaze:0
[23437306ms] [ERROR] Failed to load resource: net::ERR_INTERNET_DISCONNECTED @ https://drive.google.com/generate_204:0
[23439085ms] [ERROR] Failed to load resource: net::ERR_INTERNET_DISCONNECTED @ https://ssl.gstatic.com/docs/common/cleardot.gif?zx=by1hf4ju83lg:0
[23449092ms] [ERROR] Failed to load resource: net::ERR_INTERNET_DISCONNECTED @ https://ssl.gstatic.com/docs/common/cleardot.gif?zx=gq6vkk9e2udz:0
[23908223ms] [ERROR] Failed to load resource: net::ERR_INTERNET_DISCONNECTED @ https://ssl.gstatic.com/docs/common/cleardot.gif?zx=vusdfgt5ox4e:0
[23916437ms] [ERROR] Failed to load resource: net::ERR_INTERNET_DISCONNECTED @ https://drive.google.com/generate_204:0
[23918229ms] [ERROR] Failed to load resource: net::ERR_INTERNET_DISCONNECTED @ https://ssl.gstatic.com/docs/common/cleardot.gif?zx=j55tw4c615j2:0
[23928237ms] [ERROR] Failed to load resource: net::ERR_INTERNET_DISCONNECTED @ https://ssl.gstatic.com/docs/common/cleardot.gif?zx=yj9jayutgw6n:0
[23938242ms] [ERROR] Failed to load resource: net::ERR_INTERNET_DISCONNECTED @ https://ssl.gstatic.com/docs/common/cleardot.gif?zx=fndyj4e212f:0
[23946443ms] [ERROR] Failed to load resource: net::ERR_INTERNET_DISCONNECTED @ https://drive.google.com/generate_204:0
[23948250ms] [ERROR] Failed to load resource: net::ERR_INTERNET_DISCONNECTED @ https://ssl.gstatic.com/docs/common/cleardot.gif?zx=kjvflx4lhv8x:0
[24233213ms] [ERROR] Failed to load resource: net::ERR_INTERNET_DISCONNECTED @ https://ssl.gstatic.com/docs/common/cleardot.gif?zx=bxkjxjtxoqez:0
[24243228ms] [ERROR] Failed to load resource: net::ERR_INTERNET_DISCONNECTED @ https://ssl.gstatic.com/docs/common/cleardot.gif?zx=w5s5n9iv5kq5:0
