[   34637ms] [ERROR] Failed to load resource: net::ERR_CONNECTION_CLOSED @ https://fonts.googleapis.com/icon?family=Material+Icons+Round:0
[   35204ms] [WARNING] [2026-09-23T06:32:31.740Z]  @firebase/auth: Auth (12.6.0): Error while retrieving App Check token: FirebaseError: AppCheck: ReCAPTCHA error. (appCheck/recaptcha-error). @ https://outrun.co.il/_next/static/chunks/2532-16f59635ee5a761a.js:14
[   46189ms] [INFO] [User Service] User Hv0hBzUPThOeMLrB5zpZLzQGq6G2 has missing or empty equipment profile. This may affect Smart Swap functionality. Please update user equipment in the admin panel. @ https://outrun.co.il/_next/static/chunks/9140-74b9d860149fe2f6.js:0
[   47252ms] [INFO] [User Service] User Hv0hBzUPThOeMLrB5zpZLzQGq6G2 has missing or empty equipment profile. This may affect Smart Swap functionality. Please update user equipment in the admin panel. @ https://outrun.co.il/_next/static/chunks/9140-74b9d860149fe2f6.js:0
[   48723ms] [INFO] [User Service] User Hv0hBzUPThOeMLrB5zpZLzQGq6G2 has missing or empty equipment profile. This may affect Smart Swap functionality. Please update user equipment in the admin panel. @ https://outrun.co.il/_next/static/chunks/9140-74b9d860149fe2f6.js:0
[   50004ms] [INFO] [User Service] User Hv0hBzUPThOeMLrB5zpZLzQGq6G2 has missing or empty equipment profile. This may affect Smart Swap functionality. Please update user equipment in the admin panel. @ https://outrun.co.il/_next/static/chunks/9140-74b9d860149fe2f6.js:0
[   68637ms] [INFO] [User Service] User Hv0hBzUPThOeMLrB5zpZLzQGq6G2 has missing or empty equipment profile. This may affect Smart Swap functionality. Please update user equipment in the admin panel. @ https://outrun.co.il/_next/static/chunks/9140-74b9d860149fe2f6.js:0
[   68926ms] [INFO] [User Service] User Hv0hBzUPThOeMLrB5zpZLzQGq6G2 has missing or empty equipment profile. This may affect Smart Swap functionality. Please update user equipment in the admin panel. @ https://outrun.co.il/_next/static/chunks/9140-74b9d860149fe2f6.js:0
[   70532ms] [WARNING] [2026-09-23T06:33:07.068Z]  @firebase/auth: Auth (12.6.0): Error while retrieving App Check token: FirebaseError: AppCheck: ReCAPTCHA error. (appCheck/recaptcha-error). @ https://outrun.co.il/_next/static/chunks/2532-16f59635ee5a761a.js:14
[   75304ms] [INFO] [User Service] User Hv0hBzUPThOeMLrB5zpZLzQGq6G2 has missing or empty equipment profile. This may affect Smart Swap functionality. Please update user equipment in the admin panel. @ https://outrun.co.il/_next/static/chunks/9140-74b9d860149fe2f6.js:0
[   75588ms] [INFO] [User Service] User Hv0hBzUPThOeMLrB5zpZLzQGq6G2 has missing or empty equipment profile. This may affect Smart Swap functionality. Please update user equipment in the admin panel. @ https://outrun.co.il/_next/static/chunks/9140-74b9d860149fe2f6.js:0
[   77120ms] [WARNING] [2026-09-23T06:33:13.655Z]  @firebase/auth: Auth (12.6.0): Error while retrieving App Check token: FirebaseError: AppCheck: ReCAPTCHA error. (appCheck/recaptcha-error). @ https://outrun.co.il/_next/static/chunks/2532-16f59635ee5a761a.js:14
[   81009ms] [INFO] [User Service] User Hv0hBzUPThOeMLrB5zpZLzQGq6G2 has missing or empty equipment profile. This may affect Smart Swap functionality. Please update user equipment in the admin panel. @ https://outrun.co.il/_next/static/chunks/9140-74b9d860149fe2f6.js:0
[   81330ms] [INFO] [User Service] User Hv0hBzUPThOeMLrB5zpZLzQGq6G2 has missing or empty equipment profile. This may affect Smart Swap functionality. Please update user equipment in the admin panel. @ https://outrun.co.il/_next/static/chunks/9140-74b9d860149fe2f6.js:0
[   82674ms] [WARNING] [2026-09-23T06:33:19.210Z]  @firebase/auth: Auth (12.6.0): Error while retrieving App Check token: FirebaseError: AppCheck: ReCAPTCHA error. (appCheck/recaptcha-error). @ https://outrun.co.il/_next/static/chunks/2532-16f59635ee5a761a.js:14
[   86674ms] [INFO] [User Service] User Hv0hBzUPThOeMLrB5zpZLzQGq6G2 has missing or empty equipment profile. This may affect Smart Swap functionality. Please update user equipment in the admin panel. @ https://outrun.co.il/_next/static/chunks/9140-74b9d860149fe2f6.js:0
[   88974ms] [INFO] [User Service] User Hv0hBzUPThOeMLrB5zpZLzQGq6G2 has missing or empty equipment profile. This may affect Smart Swap functionality. Please update user equipment in the admin panel. @ https://outrun.co.il/_next/static/chunks/9140-74b9d860149fe2f6.js:0
[   96166ms] [ERROR] Failed to load resource: the server responded with a status of 429 () @ https://outrun.co.il/api/auth/login-link-gate:0
[  629717ms] [ERROR] Failed to load resource: net::ERR_NETWORK_CHANGED @ https://firestore.googleapis.com/google.firestore.v1.Firestore/Listen/channel?VER=8&database=projects%2Fappout-1%2Fdatabases%2F(default)&RID=5438&CVER=22&X-HTTP-Session-Id=gsessionid&zx=q7h52sbnp5t5&t=1:0
[  629720ms] [WARNING] [2026-09-23T06:42:26.254Z]  @firebase/firestore: Firestore (12.6.0): WebChannelConnection RPC 'Listen' stream 0x2f6b4aee transport errored. Name: undefined Message: undefined @ https://outrun.co.il/_next/static/chunks/2532-16f59635ee5a761a.js:14
[  629726ms] [ERROR] [2026-09-23T06:42:26.259Z]  @firebase/firestore: Firestore (12.6.0): Could not reach Cloud Firestore backend. Connection failed 1 times. Most recent error: FirebaseError: [code=unavailable]: The operation could not be completed
This typically indicates that your device does not have a healthy Internet connection at the moment. The client will operate in offline mode until it is able to successfully connect to the backend. @ https://outrun.co.il/_next/static/chunks/2117-3c64067cbd5bff19.js:0
[  676990ms] [ERROR] Failed to load resource: net::ERR_NETWORK_CHANGED @ https://firestore.googleapis.com/google.firestore.v1.Firestore/Listen/channel?gsessionid=sojIiyLRhBXdY8w1XrA631q_LWoNNxhU2DDWvy7-_6DI6ASS7njSfw&VER=8&database=projects%2Fappout-1%2Fdatabases%2F(default)&RID=rpc&SID=XHGGXE2zljW3OSEEkLcN3A&AID=12&CI=0&TYPE=xmlhttp&zx=j3pwq4bxdlcg&t=1:0
[  677173ms] [ERROR] Failed to load resource: net::ERR_NETWORK_CHANGED @ https://firestore.googleapis.com/google.firestore.v1.Firestore/Listen/channel?gsessionid=sojIiyLRhBXdY8w1XrA631q_LWoNNxhU2DDWvy7-_6DI6ASS7njSfw&VER=8&database=projects%2Fappout-1%2Fdatabases%2F(default)&RID=rpc&SID=XHGGXE2zljW3OSEEkLcN3A&AID=13&CI=0&TYPE=xmlhttp&zx=cgxbdjjr2mfb&t=1:0
[  727348ms] [ERROR] Failed to load resource: net::ERR_NETWORK_CHANGED @ https://firestore.googleapis.com/google.firestore.v1.Firestore/Listen/channel?gsessionid=sojIiyLRhBXdY8w1XrA631q_LWoNNxhU2DDWvy7-_6DI6ASS7njSfw&VER=8&database=projects%2Fappout-1%2Fdatabases%2F(default)&RID=rpc&SID=XHGGXE2zljW3OSEEkLcN3A&AID=13&CI=0&TYPE=xmlhttp&zx=jokkdu6kw84g&t=2:0
[  727606ms] [ERROR] Failed to load resource: net::ERR_NETWORK_CHANGED @ https://firestore.googleapis.com/google.firestore.v1.Firestore/Listen/channel?gsessionid=sojIiyLRhBXdY8w1XrA631q_LWoNNxhU2DDWvy7-_6DI6ASS7njSfw&VER=8&database=projects%2Fappout-1%2Fdatabases%2F(default)&RID=rpc&SID=XHGGXE2zljW3OSEEkLcN3A&AID=16&CI=0&TYPE=xmlhttp&zx=nq5xkwsgwtdh&t=1:0
[  782337ms] [ERROR] Failed to load resource: net::ERR_NETWORK_CHANGED @ https://firestore.googleapis.com/google.firestore.v1.Firestore/Listen/channel?gsessionid=sojIiyLRhBXdY8w1XrA631q_LWoNNxhU2DDWvy7-_6DI6ASS7njSfw&VER=8&database=projects%2Fappout-1%2Fdatabases%2F(default)&RID=rpc&SID=XHGGXE2zljW3OSEEkLcN3A&AID=17&CI=0&TYPE=xmlhttp&zx=8k30rusb1egf&t=1:0
[  782530ms] [ERROR] Failed to load resource: net::ERR_NETWORK_CHANGED @ https://firestore.googleapis.com/google.firestore.v1.Firestore/Listen/channel?gsessionid=sojIiyLRhBXdY8w1XrA631q_LWoNNxhU2DDWvy7-_6DI6ASS7njSfw&VER=8&database=projects%2Fappout-1%2Fdatabases%2F(default)&RID=rpc&SID=XHGGXE2zljW3OSEEkLcN3A&AID=20&CI=0&TYPE=xmlhttp&zx=p619voo6e5mx&t=1:0
[ 1754507ms] [ERROR] Failed to load resource: net::ERR_NAME_NOT_RESOLVED @ https://firestore.googleapis.com/google.firestore.v1.Firestore/Listen/channel?VER=8&database=projects%2Fappout-1%2Fdatabases%2F(default)&RID=97644&CVER=22&X-HTTP-Session-Id=gsessionid&zx=nqtehf4w5ny6&t=1:0
[ 1754508ms] [WARNING] [2026-09-23T07:01:11.043Z]  @firebase/firestore: Firestore (12.6.0): WebChannelConnection RPC 'Listen' stream 0x2f6b4af0 transport errored. Name: undefined Message: undefined @ https://outrun.co.il/_next/static/chunks/2532-16f59635ee5a761a.js:14
[ 1754509ms] [ERROR] Failed to load resource: net::ERR_NAME_NOT_RESOLVED @ https://www.google.com/recaptcha/enterprise/clr?k=6Lf3d9UsAAAAAILBqo6A909pmhyvtYmDoxaKtfMV:0
[ 1754511ms] [ERROR] Failed to load resource: net::ERR_NAME_NOT_RESOLVED @ https://www.google.com/images/cleardot.gif?zx=65mpzb826gx0:0
[ 1754516ms] [ERROR] Failed to load resource: net::ERR_NAME_NOT_RESOLVED @ https://www.google.com/recaptcha/enterprise/clr?k=6Lf3d9UsAAAAAILBqo6A909pmhyvtYmDoxaKtfMV:0
[ 1754525ms] [ERROR] Failed to load resource: net::ERR_NAME_NOT_RESOLVED @ https://www.google.com/recaptcha/enterprise/clr?k=6Lf3d9UsAAAAAILBqo6A909pmhyvtYmDoxaKtfMV:0
[ 1754526ms] [ERROR] Failed to load resource: net::ERR_NAME_NOT_RESOLVED @ https://www.google.com/recaptcha/enterprise/clr?k=6Lf3d9UsAAAAAILBqo6A909pmhyvtYmDoxaKtfMV:0
[ 1754526ms] [ERROR] Failed to load resource: net::ERR_NAME_NOT_RESOLVED @ https://firestore.googleapis.com/google.firestore.v1.Firestore/Listen/channel?VER=8&database=projects%2Fappout-1%2Fdatabases%2F(default)&RID=71756&CVER=22&X-HTTP-Session-Id=gsessionid&zx=upjspqvxvmb&t=1:0
[ 1754526ms] [WARNING] [2026-09-23T07:01:11.062Z]  @firebase/firestore: Firestore (12.6.0): WebChannelConnection RPC 'Listen' stream 0x2f6b4af1 transport errored. Name: undefined Message: undefined @ https://outrun.co.il/_next/static/chunks/2532-16f59635ee5a761a.js:14
[ 1754529ms] [ERROR] Failed to load resource: net::ERR_NAME_NOT_RESOLVED @ https://www.google.com/recaptcha/enterprise/clr?k=6Lf3d9UsAAAAAILBqo6A909pmhyvtYmDoxaKtfMV:0
[ 1754530ms] [ERROR] Failed to load resource: net::ERR_NAME_NOT_RESOLVED @ https://www.google.com/images/cleardot.gif?zx=7cw6y2aarvd1:0
[ 1754530ms] [ERROR] Failed to load resource: net::ERR_NAME_NOT_RESOLVED @ https://www.google.com/recaptcha/enterprise/clr?k=6Lf3d9UsAAAAAILBqo6A909pmhyvtYmDoxaKtfMV:0
[ 1754530ms] [ERROR] Failed to load resource: net::ERR_NAME_NOT_RESOLVED @ https://www.google.com/recaptcha/enterprise/clr?k=6Lf3d9UsAAAAAILBqo6A909pmhyvtYmDoxaKtfMV:0
[ 1754532ms] [ERROR] Failed to load resource: net::ERR_NAME_NOT_RESOLVED @ https://www.google.com/recaptcha/enterprise/clr?k=6Lf3d9UsAAAAAILBqo6A909pmhyvtYmDoxaKtfMV:0
[ 1754597ms] [ERROR] Failed to load resource: net::ERR_INTERNET_DISCONNECTED @ https://www.google.com/recaptcha/enterprise/clr?k=6Lf3d9UsAAAAAILBqo6A909pmhyvtYmDoxaKtfMV:0
[ 1754609ms] [ERROR] Failed to load resource: net::ERR_INTERNET_DISCONNECTED @ https://www.google.com/recaptcha/enterprise/clr?k=6Lf3d9UsAAAAAILBqo6A909pmhyvtYmDoxaKtfMV:0
[ 1754610ms] [ERROR] Failed to load resource: net::ERR_INTERNET_DISCONNECTED @ https://firestore.googleapis.com/google.firestore.v1.Firestore/Listen/channel?VER=8&database=projects%2Fappout-1%2Fdatabases%2F(default)&RID=7181&CVER=22&X-HTTP-Session-Id=gsessionid&zx=7sgrxr4s7e92&t=1:0
[ 1754610ms] [WARNING] [2026-09-23T07:01:11.145Z]  @firebase/firestore: Firestore (12.6.0): WebChannelConnection RPC 'Listen' stream 0x2f6b4af2 transport errored. Name: undefined Message: undefined @ https://outrun.co.il/_next/static/chunks/2532-16f59635ee5a761a.js:14
[ 1754630ms] [ERROR] Failed to load resource: net::ERR_INTERNET_DISCONNECTED @ https://firestore.googleapis.com/google.firestore.v1.Firestore/Listen/channel?VER=8&database=projects%2Fappout-1%2Fdatabases%2F(default)&RID=42674&CVER=22&X-HTTP-Session-Id=gsessionid&zx=da75i5s1zrky&t=1:0
[ 1754631ms] [WARNING] [2026-09-23T07:01:11.166Z]  @firebase/firestore: Firestore (12.6.0): WebChannelConnection RPC 'Listen' stream 0x2f6b4af3 transport errored. Name: undefined Message: undefined @ https://outrun.co.il/_next/static/chunks/2532-16f59635ee5a761a.js:14
[ 1754635ms] [ERROR] Failed to load resource: net::ERR_INTERNET_DISCONNECTED @ https://www.google.com/recaptcha/enterprise/clr?k=6Lf3d9UsAAAAAILBqo6A909pmhyvtYmDoxaKtfMV:0
[ 1754635ms] [ERROR] Failed to load resource: net::ERR_INTERNET_DISCONNECTED @ https://www.google.com/images/cleardot.gif?zx=7mg35m9xddz3:0
[ 1754635ms] [ERROR] Failed to load resource: net::ERR_INTERNET_DISCONNECTED @ https://www.google.com/recaptcha/enterprise/clr?k=6Lf3d9UsAAAAAILBqo6A909pmhyvtYmDoxaKtfMV:0
[ 1754636ms] [ERROR] Failed to load resource: net::ERR_INTERNET_DISCONNECTED @ https://www.google.com/images/cleardot.gif?zx=iw06q3t1x65r:0
[ 1754638ms] [ERROR] Failed to load resource: net::ERR_INTERNET_DISCONNECTED @ https://www.google.com/recaptcha/enterprise/clr?k=6Lf3d9UsAAAAAILBqo6A909pmhyvtYmDoxaKtfMV:0
[ 1754639ms] [ERROR] Failed to load resource: net::ERR_INTERNET_DISCONNECTED @ https://www.google.com/recaptcha/enterprise/clr?k=6Lf3d9UsAAAAAILBqo6A909pmhyvtYmDoxaKtfMV:0
[ 1754655ms] [ERROR] Failed to load resource: net::ERR_INTERNET_DISCONNECTED @ https://www.google.com/recaptcha/enterprise/clr?k=6Lf3d9UsAAAAAILBqo6A909pmhyvtYmDoxaKtfMV:0
[ 1754658ms] [ERROR] Failed to load resource: net::ERR_INTERNET_DISCONNECTED @ https://www.google.com/recaptcha/enterprise/clr?k=6Lf3d9UsAAAAAILBqo6A909pmhyvtYmDoxaKtfMV:0
[ 1755345ms] [ERROR] Failed to load resource: net::ERR_INTERNET_DISCONNECTED @ https://firestore.googleapis.com/google.firestore.v1.Firestore/Listen/channel?VER=8&database=projects%2Fappout-1%2Fdatabases%2F(default)&RID=64990&CVER=22&X-HTTP-Session-Id=gsessionid&zx=wn4wvz1mzv3y&t=1:0
[ 1755346ms] [WARNING] [2026-09-23T07:01:11.881Z]  @firebase/firestore: Firestore (12.6.0): WebChannelConnection RPC 'Listen' stream 0x2f6b4af4 transport errored. Name: undefined Message: undefined @ https://outrun.co.il/_next/static/chunks/2532-16f59635ee5a761a.js:14
[ 1755348ms] [ERROR] Failed to load resource: net::ERR_INTERNET_DISCONNECTED @ https://www.google.com/recaptcha/enterprise/clr?k=6Lf3d9UsAAAAAILBqo6A909pmhyvtYmDoxaKtfMV:0
[ 1755357ms] [ERROR] Failed to load resource: net::ERR_INTERNET_DISCONNECTED @ https://www.google.com/images/cleardot.gif?zx=ddwwefze1dv:0
[ 1755357ms] [ERROR] Failed to load resource: net::ERR_INTERNET_DISCONNECTED @ https://www.google.com/recaptcha/enterprise/clr?k=6Lf3d9UsAAAAAILBqo6A909pmhyvtYmDoxaKtfMV:0
[ 1755361ms] [ERROR] Failed to load resource: net::ERR_INTERNET_DISCONNECTED @ https://www.google.com/recaptcha/enterprise/clr?k=6Lf3d9UsAAAAAILBqo6A909pmhyvtYmDoxaKtfMV:0
[ 1755363ms] [ERROR] Failed to load resource: net::ERR_INTERNET_DISCONNECTED @ https://www.google.com/recaptcha/enterprise/clr?k=6Lf3d9UsAAAAAILBqo6A909pmhyvtYmDoxaKtfMV:0
[ 1757431ms] [ERROR] Failed to load resource: net::ERR_INTERNET_DISCONNECTED @ https://firestore.googleapis.com/google.firestore.v1.Firestore/Listen/channel?VER=8&database=projects%2Fappout-1%2Fdatabases%2F(default)&RID=35149&CVER=22&X-HTTP-Session-Id=gsessionid&zx=jjlzgsdsgij0&t=1:0
[ 1757431ms] [WARNING] [2026-09-23T07:01:13.967Z]  @firebase/firestore: Firestore (12.6.0): WebChannelConnection RPC 'Listen' stream 0x2f6b4af5 transport errored. Name: undefined Message: undefined @ https://outrun.co.il/_next/static/chunks/2532-16f59635ee5a761a.js:14
[ 1757434ms] [ERROR] Failed to load resource: net::ERR_INTERNET_DISCONNECTED @ https://www.google.com/recaptcha/enterprise/clr?k=6Lf3d9UsAAAAAILBqo6A909pmhyvtYmDoxaKtfMV:0
[ 1757437ms] [ERROR] Failed to load resource: net::ERR_INTERNET_DISCONNECTED @ https://www.google.com/images/cleardot.gif?zx=pbnm9jdew9zl:0
[ 1757438ms] [ERROR] Failed to load resource: net::ERR_INTERNET_DISCONNECTED @ https://www.google.com/recaptcha/enterprise/clr?k=6Lf3d9UsAAAAAILBqo6A909pmhyvtYmDoxaKtfMV:0
[ 1757442ms] [ERROR] Failed to load resource: net::ERR_INTERNET_DISCONNECTED @ https://www.google.com/recaptcha/enterprise/clr?k=6Lf3d9UsAAAAAILBqo6A909pmhyvtYmDoxaKtfMV:0
[ 1757444ms] [ERROR] Failed to load resource: net::ERR_INTERNET_DISCONNECTED @ https://www.google.com/recaptcha/enterprise/clr?k=6Lf3d9UsAAAAAILBqo6A909pmhyvtYmDoxaKtfMV:0
[ 1760441ms] [ERROR] Failed to load resource: net::ERR_INTERNET_DISCONNECTED @ https://firestore.googleapis.com/google.firestore.v1.Firestore/Listen/channel?VER=8&database=projects%2Fappout-1%2Fdatabases%2F(default)&RID=95374&CVER=22&X-HTTP-Session-Id=gsessionid&zx=4ymtiqc2y8i4&t=1:0
[ 1760442ms] [WARNING] [2026-09-23T07:01:16.977Z]  @firebase/firestore: Firestore (12.6.0): WebChannelConnection RPC 'Listen' stream 0x2f6b4af6 transport errored. Name: undefined Message: undefined @ https://outrun.co.il/_next/static/chunks/2532-16f59635ee5a761a.js:14
[ 1760444ms] [ERROR] Failed to load resource: net::ERR_INTERNET_DISCONNECTED @ https://www.google.com/recaptcha/enterprise/clr?k=6Lf3d9UsAAAAAILBqo6A909pmhyvtYmDoxaKtfMV:0
[ 1760447ms] [ERROR] Failed to load resource: net::ERR_INTERNET_DISCONNECTED @ https://www.google.com/images/cleardot.gif?zx=z8guwj38kd77:0
[ 1760448ms] [ERROR] Failed to load resource: net::ERR_INTERNET_DISCONNECTED @ https://www.google.com/recaptcha/enterprise/clr?k=6Lf3d9UsAAAAAILBqo6A909pmhyvtYmDoxaKtfMV:0
[ 1760451ms] [ERROR] Failed to load resource: net::ERR_INTERNET_DISCONNECTED @ https://www.google.com/recaptcha/enterprise/clr?k=6Lf3d9UsAAAAAILBqo6A909pmhyvtYmDoxaKtfMV:0
[ 1760454ms] [ERROR] Failed to load resource: net::ERR_INTERNET_DISCONNECTED @ https://www.google.com/recaptcha/enterprise/clr?k=6Lf3d9UsAAAAAILBqo6A909pmhyvtYmDoxaKtfMV:0
[ 1765388ms] [ERROR] Failed to load resource: net::ERR_INTERNET_DISCONNECTED @ https://firestore.googleapis.com/google.firestore.v1.Firestore/Listen/channel?VER=8&database=projects%2Fappout-1%2Fdatabases%2F(default)&RID=98660&CVER=22&X-HTTP-Session-Id=gsessionid&zx=5filf6vbxg5n&t=1:0
[ 1765388ms] [WARNING] [2026-09-23T07:01:21.924Z]  @firebase/firestore: Firestore (12.6.0): WebChannelConnection RPC 'Listen' stream 0x2f6b4af7 transport errored. Name: undefined Message: undefined @ https://outrun.co.il/_next/static/chunks/2532-16f59635ee5a761a.js:14
[ 1765390ms] [ERROR] Failed to load resource: net::ERR_INTERNET_DISCONNECTED @ https://www.google.com/recaptcha/enterprise/clr?k=6Lf3d9UsAAAAAILBqo6A909pmhyvtYmDoxaKtfMV:0
[ 1765392ms] [ERROR] Failed to load resource: net::ERR_INTERNET_DISCONNECTED @ https://www.google.com/images/cleardot.gif?zx=et6k7w35t9ax:0
[ 1765393ms] [ERROR] Failed to load resource: net::ERR_INTERNET_DISCONNECTED @ https://www.google.com/recaptcha/enterprise/clr?k=6Lf3d9UsAAAAAILBqo6A909pmhyvtYmDoxaKtfMV:0
[ 1765397ms] [ERROR] Failed to load resource: net::ERR_INTERNET_DISCONNECTED @ https://www.google.com/recaptcha/enterprise/clr?k=6Lf3d9UsAAAAAILBqo6A909pmhyvtYmDoxaKtfMV:0
[ 1765400ms] [ERROR] Failed to load resource: net::ERR_INTERNET_DISCONNECTED @ https://www.google.com/recaptcha/enterprise/clr?k=6Lf3d9UsAAAAAILBqo6A909pmhyvtYmDoxaKtfMV:0
[ 1772459ms] [ERROR] Failed to load resource: net::ERR_INTERNET_DISCONNECTED @ https://firestore.googleapis.com/google.firestore.v1.Firestore/Listen/channel?VER=8&database=projects%2Fappout-1%2Fdatabases%2F(default)&RID=94021&CVER=22&X-HTTP-Session-Id=gsessionid&zx=st8cdx6bdak6&t=1:0
[ 1772460ms] [WARNING] [2026-09-23T07:01:28.995Z]  @firebase/firestore: Firestore (12.6.0): WebChannelConnection RPC 'Listen' stream 0x2f6b4af8 transport errored. Name: undefined Message: undefined @ https://outrun.co.il/_next/static/chunks/2532-16f59635ee5a761a.js:14
[ 1772462ms] [ERROR] Failed to load resource: net::ERR_INTERNET_DISCONNECTED @ https://www.google.com/recaptcha/enterprise/clr?k=6Lf3d9UsAAAAAILBqo6A909pmhyvtYmDoxaKtfMV:0
[ 1772464ms] [ERROR] Failed to load resource: net::ERR_INTERNET_DISCONNECTED @ https://www.google.com/images/cleardot.gif?zx=fbtvl71jwjko:0
[ 1772466ms] [ERROR] Failed to load resource: net::ERR_INTERNET_DISCONNECTED @ https://www.google.com/recaptcha/enterprise/clr?k=6Lf3d9UsAAAAAILBqo6A909pmhyvtYmDoxaKtfMV:0
[ 1772469ms] [ERROR] Failed to load resource: net::ERR_INTERNET_DISCONNECTED @ https://www.google.com/recaptcha/enterprise/clr?k=6Lf3d9UsAAAAAILBqo6A909pmhyvtYmDoxaKtfMV:0
[ 1772472ms] [ERROR] Failed to load resource: net::ERR_INTERNET_DISCONNECTED @ https://www.google.com/recaptcha/enterprise/clr?k=6Lf3d9UsAAAAAILBqo6A909pmhyvtYmDoxaKtfMV:0
[ 1776854ms] [ERROR] Failed to load resource: net::ERR_INTERNET_DISCONNECTED @ https://firestore.googleapis.com/google.firestore.v1.Firestore/Listen/channel?VER=8&database=projects%2Fappout-1%2Fdatabases%2F(default)&RID=8771&CVER=22&X-HTTP-Session-Id=gsessionid&zx=hz3xehjfyg1s&t=1:0
[ 1776854ms] [WARNING] [2026-09-23T07:01:33.390Z]  @firebase/firestore: Firestore (12.6.0): WebChannelConnection RPC 'Listen' stream 0x2f6b4af9 transport errored. Name: undefined Message: undefined @ https://outrun.co.il/_next/static/chunks/2532-16f59635ee5a761a.js:14
[ 1776857ms] [ERROR] Failed to load resource: net::ERR_INTERNET_DISCONNECTED @ https://www.google.com/recaptcha/enterprise/clr?k=6Lf3d9UsAAAAAILBqo6A909pmhyvtYmDoxaKtfMV:0
[ 1776858ms] [ERROR] Failed to load resource: net::ERR_INTERNET_DISCONNECTED @ https://www.google.com/images/cleardot.gif?zx=9ah6ur7qsk2i:0
[ 1776861ms] [ERROR] Failed to load resource: net::ERR_INTERNET_DISCONNECTED @ https://www.google.com/recaptcha/enterprise/clr?k=6Lf3d9UsAAAAAILBqo6A909pmhyvtYmDoxaKtfMV:0
[ 1776864ms] [ERROR] Failed to load resource: net::ERR_INTERNET_DISCONNECTED @ https://www.google.com/recaptcha/enterprise/clr?k=6Lf3d9UsAAAAAILBqo6A909pmhyvtYmDoxaKtfMV:0
[ 1776866ms] [ERROR] Failed to load resource: net::ERR_INTERNET_DISCONNECTED @ https://www.google.com/recaptcha/enterprise/clr?k=6Lf3d9UsAAAAAILBqo6A909pmhyvtYmDoxaKtfMV:0
[ 1788396ms] [ERROR] Failed to load resource: net::ERR_INTERNET_DISCONNECTED @ https://firestore.googleapis.com/google.firestore.v1.Firestore/Listen/channel?VER=8&database=projects%2Fappout-1%2Fdatabases%2F(default)&RID=71597&CVER=22&X-HTTP-Session-Id=gsessionid&zx=zdwvwqkz5sxq&t=1:0
[ 1788396ms] [WARNING] [2026-09-23T07:01:44.932Z]  @firebase/firestore: Firestore (12.6.0): WebChannelConnection RPC 'Listen' stream 0x2f6b4afa transport errored. Name: undefined Message: undefined @ https://outrun.co.il/_next/static/chunks/2532-16f59635ee5a761a.js:14
[ 1788398ms] [ERROR] Failed to load resource: net::ERR_INTERNET_DISCONNECTED @ https://www.google.com/recaptcha/enterprise/clr?k=6Lf3d9UsAAAAAILBqo6A909pmhyvtYmDoxaKtfMV:0
[ 1788400ms] [ERROR] Failed to load resource: net::ERR_INTERNET_DISCONNECTED @ https://www.google.com/images/cleardot.gif?zx=em0a22y92cs5:0
[ 1788400ms] [ERROR] Failed to load resource: net::ERR_INTERNET_DISCONNECTED @ https://www.google.com/recaptcha/enterprise/clr?k=6Lf3d9UsAAAAAILBqo6A909pmhyvtYmDoxaKtfMV:0
[ 1788404ms] [ERROR] Failed to load resource: net::ERR_INTERNET_DISCONNECTED @ https://www.google.com/recaptcha/enterprise/clr?k=6Lf3d9UsAAAAAILBqo6A909pmhyvtYmDoxaKtfMV:0
[ 1788405ms] [ERROR] Failed to load resource: net::ERR_INTERNET_DISCONNECTED @ https://www.google.com/recaptcha/enterprise/clr?k=6Lf3d9UsAAAAAILBqo6A909pmhyvtYmDoxaKtfMV:0
[ 2757297ms] [ERROR] Failed to load resource: net::ERR_INTERNET_DISCONNECTED @ https://firestore.googleapis.com/google.firestore.v1.Firestore/Listen/channel?VER=8&database=projects%2Fappout-1%2Fdatabases%2F(default)&RID=58793&CVER=22&X-HTTP-Session-Id=gsessionid&zx=en61djrcgova&t=1:0
[ 2757298ms] [WARNING] [2026-09-23T07:17:53.834Z]  @firebase/firestore: Firestore (12.6.0): WebChannelConnection RPC 'Listen' stream 0x2f6b4afb transport errored. Name: undefined Message: undefined @ https://outrun.co.il/_next/static/chunks/2532-16f59635ee5a761a.js:14
[ 2757300ms] [ERROR] Failed to load resource: net::ERR_INTERNET_DISCONNECTED @ https://www.google.com/recaptcha/enterprise/clr?k=6Lf3d9UsAAAAAILBqo6A909pmhyvtYmDoxaKtfMV:0
[ 2757303ms] [ERROR] Failed to load resource: net::ERR_INTERNET_DISCONNECTED @ https://www.google.com/images/cleardot.gif?zx=hm6vjlrm1348:0
[ 2757303ms] [ERROR] Failed to load resource: net::ERR_INTERNET_DISCONNECTED @ https://www.google.com/recaptcha/enterprise/clr?k=6Lf3d9UsAAAAAILBqo6A909pmhyvtYmDoxaKtfMV:0
[ 2757306ms] [ERROR] Failed to load resource: net::ERR_INTERNET_DISCONNECTED @ https://www.google.com/recaptcha/enterprise/clr?k=6Lf3d9UsAAAAAILBqo6A909pmhyvtYmDoxaKtfMV:0
[ 2757309ms] [ERROR] Failed to load resource: net::ERR_INTERNET_DISCONNECTED @ https://www.google.com/recaptcha/enterprise/clr?k=6Lf3d9UsAAAAAILBqo6A909pmhyvtYmDoxaKtfMV:0
[ 2841156ms] [ERROR] Failed to load resource: net::ERR_NETWORK_CHANGED @ https://firestore.googleapis.com/google.firestore.v1.Firestore/Listen/channel?gsessionid=0wAYBaTp-o1Xm1IYnvPslcN1VobqO9pah_UAwPCzGBH4l3RkSLXxSw&VER=8&database=projects%2Fappout-1%2Fdatabases%2F(default)&RID=rpc&SID=T0pS7F1caEfL7zWdXHmkxA&AID=0&CI=0&TYPE=xmlhttp&zx=1hct9mz4kztg&t=1:0
[ 2841201ms] [ERROR] Failed to load resource: net::ERR_NAME_NOT_RESOLVED @ https://firestore.googleapis.com/google.firestore.v1.Firestore/Listen/channel?gsessionid=0wAYBaTp-o1Xm1IYnvPslcN1VobqO9pah_UAwPCzGBH4l3RkSLXxSw&VER=8&database=projects%2Fappout-1%2Fdatabases%2F(default)&RID=rpc&SID=T0pS7F1caEfL7zWdXHmkxA&AID=12&CI=0&TYPE=xmlhttp&zx=efin4hjxm776&t=1:0
[ 3108637ms] [ERROR] Failed to load resource: net::ERR_NETWORK_IO_SUSPENDED @ https://firestore.googleapis.com/google.firestore.v1.Firestore/Listen/channel?gsessionid=0wAYBaTp-o1Xm1IYnvPslcN1VobqO9pah_UAwPCzGBH4l3RkSLXxSw&VER=8&database=projects%2Fappout-1%2Fdatabases%2F(default)&RID=rpc&SID=T0pS7F1caEfL7zWdXHmkxA&AID=24&CI=0&TYPE=xmlhttp&zx=z9h6e6tw5svt&t=1:0
[ 4019975ms] [ERROR] Failed to load resource: net::ERR_INTERNET_DISCONNECTED @ https://firestore.googleapis.com/google.firestore.v1.Firestore/Listen/channel?VER=8&database=projects%2Fappout-1%2Fdatabases%2F(default)&gsessionid=0wAYBaTp-o1Xm1IYnvPslcN1VobqO9pah_UAwPCzGBH4l3RkSLXxSw&SID=T0pS7F1caEfL7zWdXHmkxA&RID=14017&TYPE=terminate&zx=vu777u4t7x4w:0
[ 4019989ms] [WARNING] [2026-09-23T07:38:56.525Z]  @firebase/auth: Auth (12.6.0): Error while retrieving App Check token: FirebaseError: AppCheck: ReCAPTCHA error. (appCheck/recaptcha-error). @ https://outrun.co.il/_next/static/chunks/2532-16f59635ee5a761a.js:14
[ 4020015ms] [ERROR] Failed to load resource: net::ERR_INTERNET_DISCONNECTED @ https://www.google.com/recaptcha/enterprise/clr?k=6Lf3d9UsAAAAAILBqo6A909pmhyvtYmDoxaKtfMV:0
[ 4020024ms] [ERROR] Failed to load resource: net::ERR_INTERNET_DISCONNECTED @ https://securetoken.googleapis.com/v1/token?key=AIzaSyCezG55zVQEZWCEs-lHzx_yQldg-Ej2X60:0
[ 4020027ms] [ERROR] Failed to load resource: net::ERR_INTERNET_DISCONNECTED @ https://www.google.com/recaptcha/enterprise/clr?k=6Lf3d9UsAAAAAILBqo6A909pmhyvtYmDoxaKtfMV:0
[ 4020028ms] [WARNING] [2026-09-23T07:38:56.564Z]  @firebase/auth: Auth (12.6.0): Error while retrieving App Check token: FirebaseError: AppCheck: ReCAPTCHA error. (appCheck/recaptcha-error). @ https://outrun.co.il/_next/static/chunks/2532-16f59635ee5a761a.js:14
[ 4020033ms] [ERROR] Failed to load resource: net::ERR_INTERNET_DISCONNECTED @ https://www.google.com/recaptcha/enterprise/clr?k=6Lf3d9UsAAAAAILBqo6A909pmhyvtYmDoxaKtfMV:0
[ 4020038ms] [ERROR] Failed to load resource: net::ERR_INTERNET_DISCONNECTED @ https://www.google.com/recaptcha/enterprise/clr?k=6Lf3d9UsAAAAAILBqo6A909pmhyvtYmDoxaKtfMV:0
[ 4020038ms] [ERROR] Failed to load resource: net::ERR_INTERNET_DISCONNECTED @ https://www.google.com/recaptcha/enterprise/clr?k=6Lf3d9UsAAAAAILBqo6A909pmhyvtYmDoxaKtfMV:0
[ 4020039ms] [ERROR] Failed to load resource: net::ERR_INTERNET_DISCONNECTED @ https://securetoken.googleapis.com/v1/token?key=AIzaSyCezG55zVQEZWCEs-lHzx_yQldg-Ej2X60:0
[ 4020041ms] [ERROR] Failed to load resource: net::ERR_NAME_NOT_RESOLVED @ https://www.google.com/recaptcha/enterprise/clr?k=6Lf3d9UsAAAAAILBqo6A909pmhyvtYmDoxaKtfMV:0
[ 4020043ms] [ERROR] Failed to load resource: net::ERR_INTERNET_DISCONNECTED @ https://www.google.com/recaptcha/enterprise/clr?k=6Lf3d9UsAAAAAILBqo6A909pmhyvtYmDoxaKtfMV:0
[ 4020048ms] [ERROR] Failed to load resource: net::ERR_INTERNET_DISCONNECTED @ https://www.google.com/recaptcha/enterprise/clr?k=6Lf3d9UsAAAAAILBqo6A909pmhyvtYmDoxaKtfMV:0
[ 4021224ms] [WARNING] [2026-09-23T07:38:57.759Z]  @firebase/auth: Auth (12.6.0): Error while retrieving App Check token: FirebaseError: AppCheck: ReCAPTCHA error. (appCheck/recaptcha-error). @ https://outrun.co.il/_next/static/chunks/2532-16f59635ee5a761a.js:14
[ 4021233ms] [ERROR] Failed to load resource: net::ERR_INTERNET_DISCONNECTED @ https://www.google.com/recaptcha/enterprise/clr?k=6Lf3d9UsAAAAAILBqo6A909pmhyvtYmDoxaKtfMV:0
[ 4021238ms] [ERROR] Failed to load resource: net::ERR_INTERNET_DISCONNECTED @ https://securetoken.googleapis.com/v1/token?key=AIzaSyCezG55zVQEZWCEs-lHzx_yQldg-Ej2X60:0
[ 4021239ms] [ERROR] Failed to load resource: net::ERR_INTERNET_DISCONNECTED @ https://www.google.com/recaptcha/enterprise/clr?k=6Lf3d9UsAAAAAILBqo6A909pmhyvtYmDoxaKtfMV:0
[ 4021242ms] [ERROR] Failed to load resource: net::ERR_INTERNET_DISCONNECTED @ https://www.google.com/recaptcha/enterprise/clr?k=6Lf3d9UsAAAAAILBqo6A909pmhyvtYmDoxaKtfMV:0
[ 4021244ms] [ERROR] Failed to load resource: net::ERR_INTERNET_DISCONNECTED @ https://www.google.com/recaptcha/enterprise/clr?k=6Lf3d9UsAAAAAILBqo6A909pmhyvtYmDoxaKtfMV:0
[ 4022121ms] [WARNING] [2026-09-23T07:38:58.656Z]  @firebase/auth: Auth (12.6.0): Error while retrieving App Check token: FirebaseError: AppCheck: ReCAPTCHA error. (appCheck/recaptcha-error). @ https://outrun.co.il/_next/static/chunks/2532-16f59635ee5a761a.js:14
[ 4022126ms] [ERROR] Failed to load resource: net::ERR_INTERNET_DISCONNECTED @ https://securetoken.googleapis.com/v1/token?key=AIzaSyCezG55zVQEZWCEs-lHzx_yQldg-Ej2X60:0
[ 4022126ms] [ERROR] Failed to load resource: net::ERR_INTERNET_DISCONNECTED @ https://www.google.com/recaptcha/enterprise/clr?k=6Lf3d9UsAAAAAILBqo6A909pmhyvtYmDoxaKtfMV:0
[ 4022129ms] [ERROR] Failed to load resource: net::ERR_INTERNET_DISCONNECTED @ https://www.google.com/recaptcha/enterprise/clr?k=6Lf3d9UsAAAAAILBqo6A909pmhyvtYmDoxaKtfMV:0
[ 4022130ms] [ERROR] Failed to load resource: net::ERR_INTERNET_DISCONNECTED @ https://www.google.com/recaptcha/enterprise/clr?k=6Lf3d9UsAAAAAILBqo6A909pmhyvtYmDoxaKtfMV:0
[ 4022132ms] [ERROR] Failed to load resource: net::ERR_INTERNET_DISCONNECTED @ https://www.google.com/recaptcha/enterprise/clr?k=6Lf3d9UsAAAAAILBqo6A909pmhyvtYmDoxaKtfMV:0
[ 4024142ms] [WARNING] [2026-09-23T07:39:00.677Z]  @firebase/auth: Auth (12.6.0): Error while retrieving App Check token: FirebaseError: AppCheck: ReCAPTCHA error. (appCheck/recaptcha-error). @ https://outrun.co.il/_next/static/chunks/2532-16f59635ee5a761a.js:14
[ 4024148ms] [ERROR] Failed to load resource: net::ERR_INTERNET_DISCONNECTED @ https://securetoken.googleapis.com/v1/token?key=AIzaSyCezG55zVQEZWCEs-lHzx_yQldg-Ej2X60:0
[ 4024149ms] [ERROR] Failed to load resource: net::ERR_INTERNET_DISCONNECTED @ https://www.google.com/recaptcha/enterprise/clr?k=6Lf3d9UsAAAAAILBqo6A909pmhyvtYmDoxaKtfMV:0
[ 4024154ms] [ERROR] Failed to load resource: net::ERR_INTERNET_DISCONNECTED @ https://www.google.com/recaptcha/enterprise/clr?k=6Lf3d9UsAAAAAILBqo6A909pmhyvtYmDoxaKtfMV:0
[ 4024160ms] [ERROR] Failed to load resource: net::ERR_INTERNET_DISCONNECTED @ https://www.google.com/recaptcha/enterprise/clr?k=6Lf3d9UsAAAAAILBqo6A909pmhyvtYmDoxaKtfMV:0
[ 4024164ms] [ERROR] Failed to load resource: net::ERR_INTERNET_DISCONNECTED @ https://www.google.com/recaptcha/enterprise/clr?k=6Lf3d9UsAAAAAILBqo6A909pmhyvtYmDoxaKtfMV:0
[ 4027379ms] [WARNING] [2026-09-23T07:39:03.914Z]  @firebase/auth: Auth (12.6.0): Error while retrieving App Check token: FirebaseError: AppCheck: ReCAPTCHA error. (appCheck/recaptcha-error). @ https://outrun.co.il/_next/static/chunks/2532-16f59635ee5a761a.js:14
[ 4027385ms] [ERROR] Failed to load resource: net::ERR_INTERNET_DISCONNECTED @ https://securetoken.googleapis.com/v1/token?key=AIzaSyCezG55zVQEZWCEs-lHzx_yQldg-Ej2X60:0
[ 4027386ms] [ERROR] Failed to load resource: net::ERR_INTERNET_DISCONNECTED @ https://www.google.com/recaptcha/enterprise/clr?k=6Lf3d9UsAAAAAILBqo6A909pmhyvtYmDoxaKtfMV:0
[ 4027390ms] [ERROR] Failed to load resource: net::ERR_INTERNET_DISCONNECTED @ https://www.google.com/recaptcha/enterprise/clr?k=6Lf3d9UsAAAAAILBqo6A909pmhyvtYmDoxaKtfMV:0
[ 4027396ms] [ERROR] Failed to load resource: net::ERR_INTERNET_DISCONNECTED @ https://www.google.com/recaptcha/enterprise/clr?k=6Lf3d9UsAAAAAILBqo6A909pmhyvtYmDoxaKtfMV:0
[ 4027399ms] [ERROR] Failed to load resource: net::ERR_INTERNET_DISCONNECTED @ https://www.google.com/recaptcha/enterprise/clr?k=6Lf3d9UsAAAAAILBqo6A909pmhyvtYmDoxaKtfMV:0
[ 4034954ms] [WARNING] [2026-09-23T07:39:11.489Z]  @firebase/auth: Auth (12.6.0): Error while retrieving App Check token: FirebaseError: AppCheck: ReCAPTCHA error. (appCheck/recaptcha-error). @ https://outrun.co.il/_next/static/chunks/2532-16f59635ee5a761a.js:14
[ 4034960ms] [ERROR] Failed to load resource: net::ERR_INTERNET_DISCONNECTED @ https://www.google.com/recaptcha/enterprise/clr?k=6Lf3d9UsAAAAAILBqo6A909pmhyvtYmDoxaKtfMV:0
[ 4034962ms] [ERROR] Failed to load resource: net::ERR_INTERNET_DISCONNECTED @ https://securetoken.googleapis.com/v1/token?key=AIzaSyCezG55zVQEZWCEs-lHzx_yQldg-Ej2X60:0
[ 4034966ms] [ERROR] Failed to load resource: net::ERR_INTERNET_DISCONNECTED @ https://www.google.com/recaptcha/enterprise/clr?k=6Lf3d9UsAAAAAILBqo6A909pmhyvtYmDoxaKtfMV:0
[ 4034972ms] [ERROR] Failed to load resource: net::ERR_INTERNET_DISCONNECTED @ https://www.google.com/recaptcha/enterprise/clr?k=6Lf3d9UsAAAAAILBqo6A909pmhyvtYmDoxaKtfMV:0
[ 4034976ms] [ERROR] Failed to load resource: net::ERR_INTERNET_DISCONNECTED @ https://www.google.com/recaptcha/enterprise/clr?k=6Lf3d9UsAAAAAILBqo6A909pmhyvtYmDoxaKtfMV:0
[ 4042440ms] [WARNING] [2026-09-23T07:39:18.975Z]  @firebase/auth: Auth (12.6.0): Error while retrieving App Check token: FirebaseError: AppCheck: ReCAPTCHA error. (appCheck/recaptcha-error). @ https://outrun.co.il/_next/static/chunks/2532-16f59635ee5a761a.js:14
[ 4042446ms] [ERROR] Failed to load resource: net::ERR_INTERNET_DISCONNECTED @ https://securetoken.googleapis.com/v1/token?key=AIzaSyCezG55zVQEZWCEs-lHzx_yQldg-Ej2X60:0
[ 4042447ms] [ERROR] Failed to load resource: net::ERR_INTERNET_DISCONNECTED @ https://www.google.com/recaptcha/enterprise/clr?k=6Lf3d9UsAAAAAILBqo6A909pmhyvtYmDoxaKtfMV:0
[ 4042452ms] [ERROR] Failed to load resource: net::ERR_INTERNET_DISCONNECTED @ https://www.google.com/recaptcha/enterprise/clr?k=6Lf3d9UsAAAAAILBqo6A909pmhyvtYmDoxaKtfMV:0
[ 4042460ms] [ERROR] Failed to load resource: net::ERR_INTERNET_DISCONNECTED @ https://www.google.com/recaptcha/enterprise/clr?k=6Lf3d9UsAAAAAILBqo6A909pmhyvtYmDoxaKtfMV:0
[ 4042465ms] [ERROR] Failed to load resource: net::ERR_INTERNET_DISCONNECTED @ https://www.google.com/recaptcha/enterprise/clr?k=6Lf3d9UsAAAAAILBqo6A909pmhyvtYmDoxaKtfMV:0
[ 5051757ms] [WARNING] [2026-09-23T07:56:08.292Z]  @firebase/auth: Auth (12.6.0): Error while retrieving App Check token: FirebaseError: AppCheck: ReCAPTCHA error. (appCheck/recaptcha-error). @ https://outrun.co.il/_next/static/chunks/2532-16f59635ee5a761a.js:14
[ 5051768ms] [ERROR] Failed to load resource: net::ERR_INTERNET_DISCONNECTED @ https://www.google.com/recaptcha/enterprise/clr?k=6Lf3d9UsAAAAAILBqo6A909pmhyvtYmDoxaKtfMV:0
[ 5051770ms] [ERROR] Failed to load resource: net::ERR_INTERNET_DISCONNECTED @ https://securetoken.googleapis.com/v1/token?key=AIzaSyCezG55zVQEZWCEs-lHzx_yQldg-Ej2X60:0
[ 5051772ms] [ERROR] Failed to load resource: net::ERR_INTERNET_DISCONNECTED @ https://www.google.com/recaptcha/enterprise/clr?k=6Lf3d9UsAAAAAILBqo6A909pmhyvtYmDoxaKtfMV:0
[ 5051775ms] [ERROR] Failed to load resource: net::ERR_INTERNET_DISCONNECTED @ https://www.google.com/recaptcha/enterprise/clr?k=6Lf3d9UsAAAAAILBqo6A909pmhyvtYmDoxaKtfMV:0
[ 5051779ms] [ERROR] Failed to load resource: net::ERR_INTERNET_DISCONNECTED @ https://www.google.com/recaptcha/enterprise/clr?k=6Lf3d9UsAAAAAILBqo6A909pmhyvtYmDoxaKtfMV:0
[ 5067158ms] [WARNING] [2026-09-23T07:56:23.693Z]  @firebase/auth: Auth (12.6.0): Error while retrieving App Check token: FirebaseError: AppCheck: ReCAPTCHA error. (appCheck/recaptcha-error). @ https://outrun.co.il/_next/static/chunks/2532-16f59635ee5a761a.js:14
[ 5067164ms] [ERROR] Failed to load resource: net::ERR_INTERNET_DISCONNECTED @ https://securetoken.googleapis.com/v1/token?key=AIzaSyCezG55zVQEZWCEs-lHzx_yQldg-Ej2X60:0
[ 5067165ms] [ERROR] Failed to load resource: net::ERR_INTERNET_DISCONNECTED @ https://www.google.com/recaptcha/enterprise/clr?k=6Lf3d9UsAAAAAILBqo6A909pmhyvtYmDoxaKtfMV:0
[ 5067170ms] [ERROR] Failed to load resource: net::ERR_INTERNET_DISCONNECTED @ https://www.google.com/recaptcha/enterprise/clr?k=6Lf3d9UsAAAAAILBqo6A909pmhyvtYmDoxaKtfMV:0
[ 5067175ms] [ERROR] Failed to load resource: net::ERR_INTERNET_DISCONNECTED @ https://www.google.com/recaptcha/enterprise/clr?k=6Lf3d9UsAAAAAILBqo6A909pmhyvtYmDoxaKtfMV:0
[ 5067180ms] [ERROR] Failed to load resource: net::ERR_INTERNET_DISCONNECTED @ https://www.google.com/recaptcha/enterprise/clr?k=6Lf3d9UsAAAAAILBqo6A909pmhyvtYmDoxaKtfMV:0
[ 6096138ms] [WARNING] [2026-09-23T08:13:32.673Z]  @firebase/auth: Auth (12.6.0): Error while retrieving App Check token: FirebaseError: AppCheck: ReCAPTCHA error. (appCheck/recaptcha-error). @ https://outrun.co.il/_next/static/chunks/2532-16f59635ee5a761a.js:14
[ 6096146ms] [ERROR] Failed to load resource: net::ERR_INTERNET_DISCONNECTED @ https://securetoken.googleapis.com/v1/token?key=AIzaSyCezG55zVQEZWCEs-lHzx_yQldg-Ej2X60:0
[ 6096148ms] [ERROR] Failed to load resource: net::ERR_INTERNET_DISCONNECTED @ https://www.google.com/recaptcha/enterprise/clr?k=6Lf3d9UsAAAAAILBqo6A909pmhyvtYmDoxaKtfMV:0
[ 6096151ms] [ERROR] Failed to load resource: net::ERR_INTERNET_DISCONNECTED @ https://www.google.com/recaptcha/enterprise/clr?k=6Lf3d9UsAAAAAILBqo6A909pmhyvtYmDoxaKtfMV:0
[ 6096156ms] [ERROR] Failed to load resource: net::ERR_INTERNET_DISCONNECTED @ https://www.google.com/recaptcha/enterprise/clr?k=6Lf3d9UsAAAAAILBqo6A909pmhyvtYmDoxaKtfMV:0
[ 6096159ms] [ERROR] Failed to load resource: net::ERR_INTERNET_DISCONNECTED @ https://www.google.com/recaptcha/enterprise/clr?k=6Lf3d9UsAAAAAILBqo6A909pmhyvtYmDoxaKtfMV:0
[ 7710574ms] [WARNING] [2026-09-23T08:40:27.109Z]  @firebase/auth: Auth (12.6.0): Error while retrieving App Check token: FirebaseError: AppCheck: ReCAPTCHA error. (appCheck/recaptcha-error). @ https://outrun.co.il/_next/static/chunks/2532-16f59635ee5a761a.js:14
[ 7710586ms] [ERROR] Failed to load resource: net::ERR_INTERNET_DISCONNECTED @ https://www.google.com/recaptcha/enterprise/clr?k=6Lf3d9UsAAAAAILBqo6A909pmhyvtYmDoxaKtfMV:0
[ 7710587ms] [ERROR] Failed to load resource: net::ERR_INTERNET_DISCONNECTED @ https://securetoken.googleapis.com/v1/token?key=AIzaSyCezG55zVQEZWCEs-lHzx_yQldg-Ej2X60:0
[ 7710589ms] [WARNING] [2026-09-23T08:40:27.124Z]  @firebase/auth: Auth (12.6.0): Error while retrieving App Check token: FirebaseError: AppCheck: ReCAPTCHA error. (appCheck/recaptcha-error). @ https://outrun.co.il/_next/static/chunks/2532-16f59635ee5a761a.js:14
[ 7710590ms] [ERROR] Failed to load resource: net::ERR_INTERNET_DISCONNECTED @ https://www.google.com/recaptcha/enterprise/clr?k=6Lf3d9UsAAAAAILBqo6A909pmhyvtYmDoxaKtfMV:0
[ 7710592ms] [ERROR] Failed to load resource: net::ERR_INTERNET_DISCONNECTED @ https://securetoken.googleapis.com/v1/token?key=AIzaSyCezG55zVQEZWCEs-lHzx_yQldg-Ej2X60:0
[ 7710592ms] [ERROR] Failed to load resource: net::ERR_INTERNET_DISCONNECTED @ https://www.google.com/recaptcha/enterprise/clr?k=6Lf3d9UsAAAAAILBqo6A909pmhyvtYmDoxaKtfMV:0
[ 7710593ms] [ERROR] Failed to load resource: net::ERR_INTERNET_DISCONNECTED @ https://www.google.com/recaptcha/enterprise/clr?k=6Lf3d9UsAAAAAILBqo6A909pmhyvtYmDoxaKtfMV:0
[ 7710594ms] [ERROR] Failed to load resource: net::ERR_INTERNET_DISCONNECTED @ https://www.google.com/recaptcha/enterprise/clr?k=6Lf3d9UsAAAAAILBqo6A909pmhyvtYmDoxaKtfMV:0
[ 7710595ms] [ERROR] Failed to load resource: net::ERR_INTERNET_DISCONNECTED @ https://www.google.com/recaptcha/enterprise/clr?k=6Lf3d9UsAAAAAILBqo6A909pmhyvtYmDoxaKtfMV:0
[ 7710596ms] [ERROR] Failed to load resource: net::ERR_INTERNET_DISCONNECTED @ https://www.google.com/recaptcha/enterprise/clr?k=6Lf3d9UsAAAAAILBqo6A909pmhyvtYmDoxaKtfMV:0
[ 7710597ms] [ERROR] Failed to load resource: net::ERR_INTERNET_DISCONNECTED @ https://www.google.com/recaptcha/enterprise/clr?k=6Lf3d9UsAAAAAILBqo6A909pmhyvtYmDoxaKtfMV:0
[ 7711281ms] [WARNING] [2026-09-23T08:40:27.816Z]  @firebase/auth: Auth (12.6.0): Error while retrieving App Check token: FirebaseError: AppCheck: ReCAPTCHA error. (appCheck/recaptcha-error). @ https://outrun.co.il/_next/static/chunks/2532-16f59635ee5a761a.js:14
[ 7711284ms] [ERROR] Failed to load resource: net::ERR_INTERNET_DISCONNECTED @ https://securetoken.googleapis.com/v1/token?key=AIzaSyCezG55zVQEZWCEs-lHzx_yQldg-Ej2X60:0
[ 7711284ms] [ERROR] Failed to load resource: net::ERR_INTERNET_DISCONNECTED @ https://www.google.com/recaptcha/enterprise/clr?k=6Lf3d9UsAAAAAILBqo6A909pmhyvtYmDoxaKtfMV:0
[ 7711286ms] [ERROR] Failed to load resource: net::ERR_INTERNET_DISCONNECTED @ https://www.google.com/recaptcha/enterprise/clr?k=6Lf3d9UsAAAAAILBqo6A909pmhyvtYmDoxaKtfMV:0
[ 7711288ms] [ERROR] Failed to load resource: net::ERR_INTERNET_DISCONNECTED @ https://www.google.com/recaptcha/enterprise/clr?k=6Lf3d9UsAAAAAILBqo6A909pmhyvtYmDoxaKtfMV:0
[ 7711289ms] [ERROR] Failed to load resource: net::ERR_INTERNET_DISCONNECTED @ https://www.google.com/recaptcha/enterprise/clr?k=6Lf3d9UsAAAAAILBqo6A909pmhyvtYmDoxaKtfMV:0
[ 7712215ms] [WARNING] [2026-09-23T08:40:28.750Z]  @firebase/auth: Auth (12.6.0): Error while retrieving App Check token: FirebaseError: AppCheck: ReCAPTCHA error. (appCheck/recaptcha-error). @ https://outrun.co.il/_next/static/chunks/2532-16f59635ee5a761a.js:14
[ 7712226ms] [ERROR] Failed to load resource: net::ERR_INTERNET_DISCONNECTED @ https://securetoken.googleapis.com/v1/token?key=AIzaSyCezG55zVQEZWCEs-lHzx_yQldg-Ej2X60:0
[ 7712226ms] [ERROR] Failed to load resource: net::ERR_INTERNET_DISCONNECTED @ https://www.google.com/recaptcha/enterprise/clr?k=6Lf3d9UsAAAAAILBqo6A909pmhyvtYmDoxaKtfMV:0
[ 7712229ms] [ERROR] Failed to load resource: net::ERR_INTERNET_DISCONNECTED @ https://www.google.com/recaptcha/enterprise/clr?k=6Lf3d9UsAAAAAILBqo6A909pmhyvtYmDoxaKtfMV:0
[ 7712233ms] [ERROR] Failed to load resource: net::ERR_INTERNET_DISCONNECTED @ https://www.google.com/recaptcha/enterprise/clr?k=6Lf3d9UsAAAAAILBqo6A909pmhyvtYmDoxaKtfMV:0
[ 7712237ms] [ERROR] Failed to load resource: net::ERR_INTERNET_DISCONNECTED @ https://www.google.com/recaptcha/enterprise/clr?k=6Lf3d9UsAAAAAILBqo6A909pmhyvtYmDoxaKtfMV:0
[ 7713453ms] [WARNING] [2026-09-23T08:40:29.989Z]  @firebase/auth: Auth (12.6.0): Error while retrieving App Check token: FirebaseError: AppCheck: ReCAPTCHA error. (appCheck/recaptcha-error). @ https://outrun.co.il/_next/static/chunks/2532-16f59635ee5a761a.js:14
[ 7713462ms] [ERROR] Failed to load resource: net::ERR_INTERNET_DISCONNECTED @ https://www.google.com/recaptcha/enterprise/clr?k=6Lf3d9UsAAAAAILBqo6A909pmhyvtYmDoxaKtfMV:0
[ 7713464ms] [ERROR] Failed to load resource: net::ERR_INTERNET_DISCONNECTED @ https://securetoken.googleapis.com/v1/token?key=AIzaSyCezG55zVQEZWCEs-lHzx_yQldg-Ej2X60:0
[ 7713469ms] [ERROR] Failed to load resource: net::ERR_INTERNET_DISCONNECTED @ https://www.google.com/recaptcha/enterprise/clr?k=6Lf3d9UsAAAAAILBqo6A909pmhyvtYmDoxaKtfMV:0
[ 7713473ms] [ERROR] Failed to load resource: net::ERR_INTERNET_DISCONNECTED @ https://www.google.com/recaptcha/enterprise/clr?k=6Lf3d9UsAAAAAILBqo6A909pmhyvtYmDoxaKtfMV:0
[ 7713476ms] [ERROR] Failed to load resource: net::ERR_INTERNET_DISCONNECTED @ https://www.google.com/recaptcha/enterprise/clr?k=6Lf3d9UsAAAAAILBqo6A909pmhyvtYmDoxaKtfMV:0
