[    3994ms] [ERROR] Access to manifest at 'https://vercel.com/sso-api?url=https%3A%2F%2Fout-run-r3rugcw69-davids-projects-0d6e1f97.vercel.app%2Fmanifest.json&nonce=646b9bf798686a99e8f8596f3c63ed4086febaccdc50299358421a06d2eb0215' (redirected from 'https://out-run-r3rugcw69-davids-projects-0d6e1f97.vercel.app/manifest.json') from origin 'https://out-run-r3rugcw69-davids-projects-0d6e1f97.vercel.app' has been blocked by CORS policy: No 'Access-Control-Allow-Origin' header is present on the requested resource. @ https://out-run-r3rugcw69-davids-projects-0d6e1f97.vercel.app/admin/approval-center:0
[    3994ms] [ERROR] Failed to load resource: net::ERR_FAILED @ https://vercel.com/sso-api?url=https%3A%2F%2Fout-run-r3rugcw69-davids-projects-0d6e1f97.vercel.app%2Fmanifest.json&nonce=646b9bf798686a99e8f8596f3c63ed4086febaccdc50299358421a06d2eb0215:0
[    4635ms] [ERROR] Access to manifest at 'https://vercel.com/sso-api?url=https%3A%2F%2Fout-run-r3rugcw69-davids-projects-0d6e1f97.vercel.app%2Fmanifest.json&nonce=c6df31800cf004b959e84afd6e0c64890fa604c0a289300ee82a6f756a3adad4' (redirected from 'https://out-run-r3rugcw69-davids-projects-0d6e1f97.vercel.app/manifest.json') from origin 'https://out-run-r3rugcw69-davids-projects-0d6e1f97.vercel.app' has been blocked by CORS policy: No 'Access-Control-Allow-Origin' header is present on the requested resource. @ https://out-run-r3rugcw69-davids-projects-0d6e1f97.vercel.app/admin/login:0
[    4635ms] [ERROR] Failed to load resource: net::ERR_FAILED @ https://vercel.com/sso-api?url=https%3A%2F%2Fout-run-r3rugcw69-davids-projects-0d6e1f97.vercel.app%2Fmanifest.json&nonce=c6df31800cf004b959e84afd6e0c64890fa604c0a289300ee82a6f756a3adad4:0
[  279028ms] [WARNING] [2026-08-31T18:51:10.622Z]  @firebase/auth: Auth (12.6.0): Error while retrieving App Check token: FirebaseError: AppCheck: ReCAPTCHA error. (appCheck/recaptcha-error). @ https://out-run-r3rugcw69-davids-projects-0d6e1f97.vercel.app/_next/static/chunks/2532-16f59635ee5a761a.js:14
[  280050ms] [ERROR] Failed to load resource: the server responded with a status of 400 () @ https://identitytoolkit.googleapis.com/v1/accounts:sendOobCode?key=AIzaSyCezG55zVQEZWCEs-lHzx_yQldg-Ej2X60:0
[  280052ms] [ERROR] Error sending magic link: FirebaseError: Firebase: Domain not allowlisted by project (auth/unauthorized-continue-uri).
    at f (https://out-run-r3rugcw69-davids-projects-0d6e1f97.vercel.app/_next/static/chunks/ebf8faf4-4b21e6e1cecfd8ac.js:1:1896)
    at O (https://out-run-r3rugcw69-davids-projects-0d6e1f97.vercel.app/_next/static/chunks/ebf8faf4-4b21e6e1cecfd8ac.js:1:8099)
    at async tU (https://out-run-r3rugcw69-davids-projects-0d6e1f97.vercel.app/_next/static/chunks/ebf8faf4-4b21e6e1cecfd8ac.js:1:60268)
    at async I (https://out-run-r3rugcw69-davids-projects-0d6e1f97.vercel.app/_next/static/chunks/7034-7cd1955270212085.js:1:1211350)
    at async c (https://out-run-r3rugcw69-davids-projects-0d6e1f97.vercel.app/_next/static/chunks/8300-0950e8326e0b1f18.js:1:13829)
    at async w (https://out-run-r3rugcw69-davids-projects-0d6e1f97.vercel.app/_next/static/chunks/app/admin/login/page-c59bdb8834fc0129.js:1:1163) @ https://out-run-r3rugcw69-davids-projects-0d6e1f97.vercel.app/_next/static/chunks/2117-3c64067cbd5bff19.js:0
[  290228ms] [WARNING] [2026-08-31T18:51:21.821Z]  @firebase/auth: Auth (12.6.0): Error while retrieving App Check token: FirebaseError: AppCheck: ReCAPTCHA error. (appCheck/recaptcha-error). @ https://out-run-r3rugcw69-davids-projects-0d6e1f97.vercel.app/_next/static/chunks/2532-16f59635ee5a761a.js:14
[  290780ms] [ERROR] Failed to load resource: the server responded with a status of 400 () @ https://identitytoolkit.googleapis.com/v1/accounts:sendOobCode?key=AIzaSyCezG55zVQEZWCEs-lHzx_yQldg-Ej2X60:0
[  290781ms] [ERROR] Error sending magic link: FirebaseError: Firebase: Domain not allowlisted by project (auth/unauthorized-continue-uri).
    at f (https://out-run-r3rugcw69-davids-projects-0d6e1f97.vercel.app/_next/static/chunks/ebf8faf4-4b21e6e1cecfd8ac.js:1:1896)
    at O (https://out-run-r3rugcw69-davids-projects-0d6e1f97.vercel.app/_next/static/chunks/ebf8faf4-4b21e6e1cecfd8ac.js:1:8099)
    at async tU (https://out-run-r3rugcw69-davids-projects-0d6e1f97.vercel.app/_next/static/chunks/ebf8faf4-4b21e6e1cecfd8ac.js:1:60268)
    at async I (https://out-run-r3rugcw69-davids-projects-0d6e1f97.vercel.app/_next/static/chunks/7034-7cd1955270212085.js:1:1211350)
    at async c (https://out-run-r3rugcw69-davids-projects-0d6e1f97.vercel.app/_next/static/chunks/8300-0950e8326e0b1f18.js:1:13829)
    at async w (https://out-run-r3rugcw69-davids-projects-0d6e1f97.vercel.app/_next/static/chunks/app/admin/login/page-c59bdb8834fc0129.js:1:1163) @ https://out-run-r3rugcw69-davids-projects-0d6e1f97.vercel.app/_next/static/chunks/2117-3c64067cbd5bff19.js:0
