[    3339ms] [WARNING] [2026-09-22T13:23:26.057Z]  @firebase/auth: Auth (12.6.0): Error while retrieving App Check token: FirebaseError: AppCheck: ReCAPTCHA error. (appCheck/recaptcha-error). @ https://outrun.co.il/_next/static/chunks/2532-16f59635ee5a761a.js:14
[    5043ms] [LOG] [ActivityStore] No Firestore data, created new day @ https://outrun.co.il/_next/static/chunks/1381-2a035a20bf094eec.js:0
[    5044ms] [LOG] [ActivityStore] No Firestore data, created new day @ https://outrun.co.il/_next/static/chunks/1381-2a035a20bf094eec.js:0
[    5044ms] [LOG] [ActivityStore] No Firestore data, created new day @ https://outrun.co.il/_next/static/chunks/1381-2a035a20bf094eec.js:0
[    5240ms] [INFO] [User Service] User 5UkzK70jmBYoRM0pyna7nhVPZRk1 has missing or empty equipment profile. This may affect Smart Swap functionality. Please update user equipment in the admin panel. @ https://outrun.co.il/_next/static/chunks/9140-74b9d860149fe2f6.js:0
[    5258ms] [LOG] [HomeContext] Domain 'upper_body' resolved to L21 (Source: Tracks) @ https://outrun.co.il/_next/static/chunks/5083-f6e420f10333a4df.js:0
[    5259ms] [LOG] [HomeContext] Domain 'push' resolved to L21 (Source: Tracks) @ https://outrun.co.il/_next/static/chunks/5083-f6e420f10333a4df.js:0
[    5259ms] [LOG] [HomeContext] Domain 'full_body' resolved to L15 (Source: Tracks) @ https://outrun.co.il/_next/static/chunks/5083-f6e420f10333a4df.js:0
[    5259ms] [LOG] [HomeContext] Domain 'front_lever' resolved to L11 (Source: Tracks) @ https://outrun.co.il/_next/static/chunks/5083-f6e420f10333a4df.js:0
[    5259ms] [LOG] [HomeContext] Domain '47smw26hUyG5ZbE1bhr3' resolved to L21 (Source: Tracks) @ https://outrun.co.il/_next/static/chunks/5083-f6e420f10333a4df.js:0
[    5259ms] [LOG] [HomeContext] Domain 'H2279XsRGDg9G370J7S9' resolved to L15 (Source: Tracks) @ https://outrun.co.il/_next/static/chunks/5083-f6e420f10333a4df.js:0
[    5259ms] [LOG] [HomeContext] Domain 'pull' resolved to L20 (Source: Tracks) @ https://outrun.co.il/_next/static/chunks/5083-f6e420f10333a4df.js:0
[    5259ms] [LOG] [HomeContext] Domain 'planche' resolved to L12 (Source: Tracks) @ https://outrun.co.il/_next/static/chunks/5083-f6e420f10333a4df.js:0
[    5259ms] [LOG] [HomeContext] Domain 'fTLWzjP9gH2VNpamyCZF' → slug 'muscle_up' dual-keyed at L21 (Source: Tracks) @ https://outrun.co.il/_next/static/chunks/5083-f6e420f10333a4df.js:0
[    5259ms] [LOG] [HomeContext] Domain 'calisthenics_upper' resolved to L12 (Source: Tracks) @ https://outrun.co.il/_next/static/chunks/5083-f6e420f10333a4df.js:0
[    5259ms] [LOG] [HomeContext] Domain 'legs' resolved to L12 (Source: Tracks) @ https://outrun.co.il/_next/static/chunks/5083-f6e420f10333a4df.js:0
[    5259ms] [LOG] [HomeContext] Domain 'core' resolved to L10 (Source: Tracks) @ https://outrun.co.il/_next/static/chunks/5083-f6e420f10333a4df.js:0
[    5259ms] [LOG] [HomeContext] Domain 'muscle_up' resolved to L21 (Source: Tracks) @ https://outrun.co.il/_next/static/chunks/5083-f6e420f10333a4df.js:0
[    5259ms] [LOG] [HomeContext] Domain 'handstand' — no assessed level, left ABSENT (no invention) @ https://outrun.co.il/_next/static/chunks/5083-f6e420f10333a4df.js:0
[    5259ms] [LOG] [HomeContext] Domain 'handstand_pushup' — no assessed level, left ABSENT (no invention) @ https://outrun.co.il/_next/static/chunks/5083-f6e420f10333a4df.js:0
[    5259ms] [LOG] [HomeContext] Domain 'one_arm_pullup' — no assessed level, left ABSENT (no invention) @ https://outrun.co.il/_next/static/chunks/5083-f6e420f10333a4df.js:0
[    5259ms] [LOG] [HomeContext] Domain 'human_flag' — no assessed level, left ABSENT (no invention) @ https://outrun.co.il/_next/static/chunks/5083-f6e420f10333a4df.js:0
[    5259ms] [LOG] [home] scoreBreakdown "full-strength" (score=30): {goalMatch: 30, gapFilling: 0, stepDeficit: 0, preferenceMatch: 0, recoveryMatch: 0} @ https://outrun.co.il/_next/static/chunks/app/home/page-4d1652e87d2152af.js:0
[    5260ms] [LOG] [HomeWorkout] 🏞️ No location specified → "park" (PARK FORCE active) @ https://outrun.co.il/_next/static/chunks/1381-2a035a20bf094eec.js:0
[    5260ms] [LOG] [LOC-OVERRIDE] {"requested":null,"requestedSource":"none","resolved":"park","winner":"PARK_FORCE","path":"generateHomeWorkoutTrio"} @ https://outrun.co.il/_next/static/chunks/1381-2a035a20bf094eec.js:0
[    5260ms] [LOG] [HomeWorkout] scheduledProgramIds normalised: [] → [calisthenics_upper] @ https://outrun.co.il/_next/static/chunks/1381-2a035a20bf094eec.js:0
[    5260ms] [LOG] [home] scoreBreakdown "safety-net" (score=0): {goalMatch: 0, gapFilling: 0, stepDeficit: 0, preferenceMatch: 0, recoveryMatch: 0} @ https://outrun.co.il/_next/static/chunks/app/home/page-4d1652e87d2152af.js:0
[    5431ms] [LOG] [ActivityStore] Loaded from Firestore - Streak: 0 @ https://outrun.co.il/_next/static/chunks/1381-2a035a20bf094eec.js:0
[    5434ms] [LOG] [ActivityStore] Loaded from Firestore - Streak: 0 @ https://outrun.co.il/_next/static/chunks/1381-2a035a20bf094eec.js:0
[    5435ms] [LOG] [ActivityStore] Loaded from Firestore - Streak: 0 @ https://outrun.co.il/_next/static/chunks/1381-2a035a20bf094eec.js:0
[    5638ms] [LOG] [HomeWorkout:Trio] Domain 'upper_body' resolved to L21 (Source: Tracks) @ https://outrun.co.il/_next/static/chunks/5083-f6e420f10333a4df.js:0
[    5638ms] [LOG] [HomeWorkout:Trio] Domain 'push' resolved to L21 (Source: Tracks) @ https://outrun.co.il/_next/static/chunks/5083-f6e420f10333a4df.js:0
[    5638ms] [LOG] [HomeWorkout:Trio] Domain 'full_body' resolved to L15 (Source: Tracks) @ https://outrun.co.il/_next/static/chunks/5083-f6e420f10333a4df.js:0
[    5638ms] [LOG] [HomeWorkout:Trio] Domain 'front_lever' resolved to L11 (Source: Tracks) @ https://outrun.co.il/_next/static/chunks/5083-f6e420f10333a4df.js:0
[    5638ms] [LOG] [HomeWorkout:Trio] Skipping master program "47smw26hUyG5ZbE1bhr3" (display-only) @ https://outrun.co.il/_next/static/chunks/5083-f6e420f10333a4df.js:0
[    5638ms] [LOG] [HomeWorkout:Trio] Skipping master program "H2279XsRGDg9G370J7S9" (display-only) @ https://outrun.co.il/_next/static/chunks/5083-f6e420f10333a4df.js:0
[    5638ms] [LOG] [HomeWorkout:Trio] Domain 'pull' resolved to L20 (Source: Tracks) @ https://outrun.co.il/_next/static/chunks/5083-f6e420f10333a4df.js:0
[    5638ms] [LOG] [HomeWorkout:Trio] Domain 'planche' resolved to L12 (Source: Tracks) @ https://outrun.co.il/_next/static/chunks/5083-f6e420f10333a4df.js:0
[    5638ms] [LOG] [HomeWorkout:Trio] Skipping master program "fTLWzjP9gH2VNpamyCZF" (display-only) @ https://outrun.co.il/_next/static/chunks/5083-f6e420f10333a4df.js:0
[    5638ms] [LOG] [HomeWorkout:Trio] Domain 'calisthenics_upper' resolved to L12 (Source: Tracks) @ https://outrun.co.il/_next/static/chunks/5083-f6e420f10333a4df.js:0
[    5638ms] [LOG] [HomeWorkout:Trio] Domain 'legs' resolved to L12 (Source: Tracks) @ https://outrun.co.il/_next/static/chunks/5083-f6e420f10333a4df.js:0
[    5638ms] [LOG] [HomeWorkout:Trio] Domain 'core' resolved to L10 (Source: Tracks) @ https://outrun.co.il/_next/static/chunks/5083-f6e420f10333a4df.js:0
[    5638ms] [LOG] [HomeWorkout:Trio] Domain 'muscle_up' resolved to L21 (Source: Tracks) @ https://outrun.co.il/_next/static/chunks/5083-f6e420f10333a4df.js:0
[    5638ms] [LOG] [HomeWorkout:Trio] Domain 'handstand' — no assessed level, left ABSENT (no invention) @ https://outrun.co.il/_next/static/chunks/5083-f6e420f10333a4df.js:0
[    5638ms] [LOG] [HomeWorkout:Trio] Domain 'handstand_pushup' — no assessed level, left ABSENT (no invention) @ https://outrun.co.il/_next/static/chunks/5083-f6e420f10333a4df.js:0
[    5638ms] [LOG] [HomeWorkout:Trio] Domain 'one_arm_pullup' — no assessed level, left ABSENT (no invention) @ https://outrun.co.il/_next/static/chunks/5083-f6e420f10333a4df.js:0
[    5638ms] [LOG] [HomeWorkout:Trio] Domain 'human_flag' — no assessed level, left ABSENT (no invention) @ https://outrun.co.il/_next/static/chunks/5083-f6e420f10333a4df.js:0
[    5638ms] [LOG] [HomeWorkout:Trio] [MasterDerive] "H2279XsRGDg9G370J7S9" → L15 (avg of [21,20,12] = 18, cap=15) @ https://outrun.co.il/_next/static/chunks/5083-f6e420f10333a4df.js:0
[    5638ms] [LOG] [HomeWorkout:Trio] [MasterDerive] "fTLWzjP9gH2VNpamyCZF" → L15 (avg of [21,20,12] = 18, cap=15) @ https://outrun.co.il/_next/static/chunks/5083-f6e420f10333a4df.js:0
[    5638ms] [LOG] [HomeWorkout:Trio] [MasterDerive] "47smw26hUyG5ZbE1bhr3" → L15 (avg of [21,20,12] = 18, cap=15) @ https://outrun.co.il/_next/static/chunks/5083-f6e420f10333a4df.js:0
[    5638ms] [LOG] [HomeWorkout:Trio] [MasterDerive] "JCac76p48XGZ5MVahLI2" → L15 (avg of [21,20,12] = 18, cap=15) @ https://outrun.co.il/_next/static/chunks/5083-f6e420f10333a4df.js:0
[    5638ms] [LOG] [HomeWorkout] calisthenics_upper: child domains resolved via idToSlug → [planche, front_lever] @ https://outrun.co.il/_next/static/chunks/1381-2a035a20bf094eec.js:0
[    5639ms] [LOG] [HomeWorkout] Empty equipment profile for location "park" — defaulting to bodyweight @ https://outrun.co.il/_next/static/chunks/5083-f6e420f10333a4df.js:0
[    5639ms] [WARNING] [InputSanitizer] ⚠️ No park inventory resolved — ESSENTIAL_PARK_GEAR fallback active @ https://outrun.co.il/_next/static/chunks/5083-f6e420f10333a4df.js:0
[    5790ms] [LOG] [WorkoutTrio] No app_config/workout_trio doc → using pre-seeded Hebrew labels @ https://outrun.co.il/_next/static/chunks/1381-2a035a20bf094eec.js:0
[    5790ms] [LOG] [LOC-OVERRIDE] {"requested":null,"requestedSource":"none","resolved":"park","winner":"DEFAULT_LOCATION","path":"tryRestDayFastPath"} @ https://outrun.co.il/_next/static/chunks/1381-2a035a20bf094eec.js:0
[    5790ms] [LOG] [WorkoutTrio] Rest-day fast path: 3 options from pool of 7 (targeted query, full pipeline skipped) @ https://outrun.co.il/_next/static/chunks/1381-2a035a20bf094eec.js:0
[    5790ms] [LOG] [home] scoreBreakdown "recovery-follow-up" (score=0): {goalMatch: 0, gapFilling: 0, stepDeficit: 0, preferenceMatch: 0, recoveryMatch: 0} @ https://outrun.co.il/_next/static/chunks/app/home/page-4d1652e87d2152af.js:0
[    5790ms] [LOG] [DomainBudget] activeProgramId="calisthenics_upper" slug="calisthenics_upper" resolvedChildDomains=[planche, front_lever] isFullBodyMaster=false isCalisthenicsUpperMaster=true isUpperBodyMaster=false @ https://outrun.co.il/_next/static/chunks/1381-2a035a20bf094eec.js:0
[    5791ms] [LOG] [DomainBudget] calisthenics_upper budgets (skills + parents): [planche=L12, front_lever=L11, push=L21, pull=L20] @ https://outrun.co.il/_next/static/chunks/1381-2a035a20bf094eec.js:0
[    5791ms] [LOG] activeProgramId: calisthenics_upper @ https://outrun.co.il/_next/static/chunks/1381-2a035a20bf094eec.js:0
[    5791ms] [LOG] progression.tracks: {upper_body: Object, push: Object, full_body: Object, front_lever: Object, 47smw26hUyG5ZbE1bhr3: Object} @ https://outrun.co.il/_next/static/chunks/1381-2a035a20bf094eec.js:0
[    5791ms] [LOG] progression.domains: {pull: Object, handstand: Object, handstand_pushup: Object, planche: Object, upper_body: Object} @ https://outrun.co.il/_next/static/chunks/1381-2a035a20bf094eec.js:0
[    5791ms] [LOG] progression.activePrograms: [Object] @ https://outrun.co.il/_next/static/chunks/1381-2a035a20bf094eec.js:0
[    5791ms] [LOG] progression.skillFocusIds: [planche, front_lever] @ https://outrun.co.il/_next/static/chunks/1381-2a035a20bf094eec.js:0
[    5791ms] [LOG] progression.masterProgramSubLevels: (none) @ https://outrun.co.il/_next/static/chunks/1381-2a035a20bf094eec.js:0
[    5791ms] [LOG] Derived userLevel (base): 21 @ https://outrun.co.il/_next/static/chunks/1381-2a035a20bf094eec.js:0
[    5791ms] [LOG] scheduleDays count: 2 @ https://outrun.co.il/_next/static/chunks/1381-2a035a20bf094eec.js:0
[    5791ms] [LOG] Base User Level: 21 @ https://outrun.co.il/_next/static/chunks/1381-2a035a20bf094eec.js:0
[    5791ms] [LOG] Schedule Days (total / remaining): 2 / 2 @ https://outrun.co.il/_next/static/chunks/1381-2a035a20bf094eec.js:0
[    5791ms] [LOG] Source: Admin Panel (ProgramLevelSettings) @ https://outrun.co.il/_next/static/chunks/1381-2a035a20bf094eec.js:0
[    5791ms] [LOG] Effective Weekly Budget: 42 @ https://outrun.co.il/_next/static/chunks/1381-2a035a20bf094eec.js:0
[    5791ms] [LOG] Completed This Week (all domains): 0 @ https://outrun.co.il/_next/static/chunks/1381-2a035a20bf094eec.js:0
[    5791ms] [LOG] Remaining Sets: 42 = 42 − 0 @ https://outrun.co.il/_next/static/chunks/1381-2a035a20bf094eec.js:0
[    5791ms] [LOG] Daily Budget: ceil(42 / 2) = 21 @ https://outrun.co.il/_next/static/chunks/1381-2a035a20bf094eec.js:0
[    5791ms] [LOG] Final dailySetBudget (min 2): 21 @ https://outrun.co.il/_next/static/chunks/1381-2a035a20bf094eec.js:0
[    5792ms] [LOG] [Periodization] Cycle clock: startDate=2026-09-21 daysSinceStart=0 → Week 1/5 @ https://outrun.co.il/_next/static/chunks/1381-2a035a20bf094eec.js:0
[    5792ms] [LOG]   Inputs:        cycleWeek=1, gapDays=0 @ https://outrun.co.il/_next/static/chunks/1381-2a035a20bf094eec.js:0
[    5792ms] [LOG]   Volume mult:   x1 @ https://outrun.co.il/_next/static/chunks/1381-2a035a20bf094eec.js:0
[    5792ms] [LOG]   Δ override:    none @ https://outrun.co.il/_next/static/chunks/1381-2a035a20bf094eec.js:0
[    5792ms] [LOG]   Protocol mult: x1 @ https://outrun.co.il/_next/static/chunks/1381-2a035a20bf094eec.js:0
[    5792ms] [LOG]   SA cap:        none @ https://outrun.co.il/_next/static/chunks/1381-2a035a20bf094eec.js:0
[    5792ms] [LOG]   Detraining:    false @ https://outrun.co.il/_next/static/chunks/1381-2a035a20bf094eec.js:0
[    5792ms] [LOG]   Default focus: Normal(1) @ https://outrun.co.il/_next/static/chunks/1381-2a035a20bf094eec.js:0
[    5792ms] [LOG]   Restart cycle: false @ https://outrun.co.il/_next/static/chunks/1381-2a035a20bf094eec.js:0
[    5792ms] [LOG] [SkillPriority] wired: resolvedChildDomains=[planche, front_lever] → priority={planche:1, front_lever:2} @ https://outrun.co.il/_next/static/chunks/1381-2a035a20bf094eec.js:0
[    5792ms] [LOG] [HomeWorkout] calisthenics_upper focusDomains: [planche, front_lever, push, pull] @ https://outrun.co.il/_next/static/chunks/1381-2a035a20bf094eec.js:0
[    5792ms] [LOG] [InputSanitizer] focusDomains priority path: [planche, front_lever, push, pull] → activeProgramFilters @ https://outrun.co.il/_next/static/chunks/5083-f6e420f10333a4df.js:0
[    5793ms] [LOG] [ShadowLevel] TARGET PROGRAM: "פלאנק רחוק" → program="kDMpobbKsuVTByTIKUpe" (slug="core") userLevel=10 (adminTag=8) (movementGroup=core, muscle=back) @ https://outrun.co.il/_next/static/chunks/5083-f6e420f10333a4df.js:0
[    5793ms] [WARNING] [ParkGating] "מתח לא שוויוני עם טבעות" — 1 park method(s) all gated → exercise excluded Required gear not in park inventory: [Object] Available: [bodyweight, pullup_bar, dip_station, bench, low_bar, high_bar, step, park_bench, park_step] @ https://outrun.co.il/_next/static/chunks/5083-f6e420f10333a4df.js:0
[    5793ms] [WARNING] [ParkGating] "מתח יד אחת עם גומייה" — 2 park method(s) all gated → exercise excluded Required gear not in park inventory: [Object, Object] Available: [bodyweight, pullup_bar, dip_station, bench, low_bar, high_bar, step, park_bench, park_step] @ https://outrun.co.il/_next/static/chunks/5083-f6e420f10333a4df.js:0
[    5794ms] [WARNING] [ParkGating] "סקין דה קאט טאק מתקדם" — 2 park method(s) all gated → exercise excluded Required gear not in park inventory: [Object, Object] Available: [bodyweight, pullup_bar, dip_station, bench, low_bar, high_bar, step, park_bench, park_step] @ https://outrun.co.il/_next/static/chunks/5083-f6e420f10333a4df.js:0
[    5794ms] [WARNING] [ParkGating] "פלאנץ׳ בטאק מתקדם בעזרת גומייה דקה" — 1 park method(s) all gated → exercise excluded Required gear not in park inventory: [Object] Available: [bodyweight, pullup_bar, dip_station, bench, low_bar, high_bar, step, park_bench, park_step] @ https://outrun.co.il/_next/static/chunks/5083-f6e420f10333a4df.js:0
[    5794ms] [WARNING] [ParkGating] "פלאנץ׳ יהלום בעזרת גומייה דקה" — 1 park method(s) all gated → exercise excluded Required gear not in park inventory: [Object] Available: [bodyweight, pullup_bar, dip_station, bench, low_bar, high_bar, step, park_bench, park_step] @ https://outrun.co.il/_next/static/chunks/5083-f6e420f10333a4df.js:0
[    5794ms] [WARNING] [ParkGating] "פרונט לבר בפישוק עם גומייה" — 2 park method(s) all gated → exercise excluded Required gear not in park inventory: [Object, Object] Available: [bodyweight, pullup_bar, dip_station, bench, low_bar, high_bar, step, park_bench, park_step] @ https://outrun.co.il/_next/static/chunks/5083-f6e420f10333a4df.js:0
[    5794ms] [WARNING] [ParkGating] "פרונט לבר יהלום עם גומייה" — 2 park method(s) all gated → exercise excluded Required gear not in park inventory: [Object, Object] Available: [bodyweight, pullup_bar, dip_station, bench, low_bar, high_bar, step, park_bench, park_step] @ https://outrun.co.il/_next/static/chunks/5083-f6e420f10333a4df.js:0
[    5794ms] [WARNING] [ParkGating] "פרונט לבר רגל אחת בעזרת גומייה" — 2 park method(s) all gated → exercise excluded Required gear not in park inventory: [Object, Object] Available: [bodyweight, pullup_bar, dip_station, bench, low_bar, high_bar, step, park_bench, park_step] @ https://outrun.co.il/_next/static/chunks/5083-f6e420f10333a4df.js:0
[    5795ms] [WARNING] [ParkGating] "חתירות פרונט לבר בטאק מתקדם בעזרת גומייה" — 2 park method(s) all gated → exercise excluded Required gear not in park inventory: [Object, Object] Available: [bodyweight, pullup_bar, dip_station, bench, low_bar, high_bar, step, park_bench, park_step] @ https://outrun.co.il/_next/static/chunks/5083-f6e420f10333a4df.js:0
[    5795ms] [LOG] [ShadowLevel] TARGET PROGRAM: "פלאנק רחוק" → program="kDMpobbKsuVTByTIKUpe" (slug="core") userLevel=10 (adminTag=8) (movementGroup=core, muscle=back) @ https://outrun.co.il/_next/static/chunks/5083-f6e420f10333a4df.js:0
[    5795ms] [LOG] [WorkoutTrio] Shared pipeline: 20 scored exercises (45 excluded), 370 total in DB @ https://outrun.co.il/_next/static/chunks/1381-2a035a20bf094eec.js:0
[    5795ms] [LOG] [WorkoutTrio] Filter breakdown — program_filter: 29, level_tolerance: 6, skill_gate: 0, location: 9, injury: 0, passed: 20 @ https://outrun.co.il/_next/static/chunks/1381-2a035a20bf094eec.js:0
[    6115ms] [LOG] [HomeContext] Domain 'upper_body' resolved to L21 (Source: Tracks) @ https://outrun.co.il/_next/static/chunks/5083-f6e420f10333a4df.js:0
[    6116ms] [LOG] [HomeContext] Domain 'push' resolved to L21 (Source: Tracks) @ https://outrun.co.il/_next/static/chunks/5083-f6e420f10333a4df.js:0
[    6116ms] [LOG] [HomeContext] Domain 'full_body' resolved to L15 (Source: Tracks) @ https://outrun.co.il/_next/static/chunks/5083-f6e420f10333a4df.js:0
[    6116ms] [LOG] [HomeContext] Domain 'front_lever' resolved to L11 (Source: Tracks) @ https://outrun.co.il/_next/static/chunks/5083-f6e420f10333a4df.js:0
[    6116ms] [LOG] [HomeContext] Domain '47smw26hUyG5ZbE1bhr3' resolved to L21 (Source: Tracks) @ https://outrun.co.il/_next/static/chunks/5083-f6e420f10333a4df.js:0
[    6116ms] [LOG] [HomeContext] Domain 'H2279XsRGDg9G370J7S9' resolved to L15 (Source: Tracks) @ https://outrun.co.il/_next/static/chunks/5083-f6e420f10333a4df.js:0
[    6116ms] [LOG] [HomeContext] Domain 'pull' resolved to L20 (Source: Tracks) @ https://outrun.co.il/_next/static/chunks/5083-f6e420f10333a4df.js:0
[    6116ms] [LOG] [HomeContext] Domain 'planche' resolved to L12 (Source: Tracks) @ https://outrun.co.il/_next/static/chunks/5083-f6e420f10333a4df.js:0
[    6116ms] [LOG] [HomeContext] Domain 'fTLWzjP9gH2VNpamyCZF' → slug 'muscle_up' dual-keyed at L21 (Source: Tracks) @ https://outrun.co.il/_next/static/chunks/5083-f6e420f10333a4df.js:0
[    6116ms] [LOG] [HomeContext] Domain 'calisthenics_upper' resolved to L12 (Source: Tracks) @ https://outrun.co.il/_next/static/chunks/5083-f6e420f10333a4df.js:0
[    6116ms] [LOG] [HomeContext] Domain 'legs' resolved to L12 (Source: Tracks) @ https://outrun.co.il/_next/static/chunks/5083-f6e420f10333a4df.js:0
[    6116ms] [LOG] [HomeContext] Domain 'core' resolved to L10 (Source: Tracks) @ https://outrun.co.il/_next/static/chunks/5083-f6e420f10333a4df.js:0
[    6116ms] [LOG] [HomeContext] Domain 'muscle_up' resolved to L21 (Source: Tracks) @ https://outrun.co.il/_next/static/chunks/5083-f6e420f10333a4df.js:0
[    6116ms] [LOG] [HomeContext] Domain 'handstand' — no assessed level, left ABSENT (no invention) @ https://outrun.co.il/_next/static/chunks/5083-f6e420f10333a4df.js:0
[    6116ms] [LOG] [HomeContext] Domain 'handstand_pushup' — no assessed level, left ABSENT (no invention) @ https://outrun.co.il/_next/static/chunks/5083-f6e420f10333a4df.js:0
[    6116ms] [LOG] [HomeContext] Domain 'one_arm_pullup' — no assessed level, left ABSENT (no invention) @ https://outrun.co.il/_next/static/chunks/5083-f6e420f10333a4df.js:0
[    6116ms] [LOG] [HomeContext] Domain 'human_flag' — no assessed level, left ABSENT (no invention) @ https://outrun.co.il/_next/static/chunks/5083-f6e420f10333a4df.js:0
[    6412ms] [LOG] [ActivityStore] No Firestore data, created new day @ https://outrun.co.il/_next/static/chunks/1381-2a035a20bf094eec.js:0
[    6412ms] [LOG] [ActivityStore] No Firestore data, created new day @ https://outrun.co.il/_next/static/chunks/1381-2a035a20bf094eec.js:0
[    6412ms] [LOG] [ActivityStore] No Firestore data, created new day @ https://outrun.co.il/_next/static/chunks/1381-2a035a20bf094eec.js:0
[    6558ms] [LOG] [ActivityStore] Loaded from Firestore - Streak: 0 @ https://outrun.co.il/_next/static/chunks/1381-2a035a20bf094eec.js:0
[    6562ms] [LOG] [ActivityStore] Loaded from Firestore - Streak: 0 @ https://outrun.co.il/_next/static/chunks/1381-2a035a20bf094eec.js:0
[    6565ms] [LOG] [ActivityStore] Loaded from Firestore - Streak: 0 @ https://outrun.co.il/_next/static/chunks/1381-2a035a20bf094eec.js:0
[    7490ms] [LOG] [WorkoutTrio] Settings resolved → protocols: ⚠️  none (straight sets — check Firestore doc) | goals: none | tabata: p=0.22 from push@L21 @ https://outrun.co.il/_next/static/chunks/1381-2a035a20bf094eec.js:0
[    7902ms] [LOG] [ExerciseHistory] Loaded history for 0/20 exercises (1 chunked 'in' query) @ https://outrun.co.il/_next/static/chunks/1381-2a035a20bf094eec.js:0
[    7902ms] [LOG] [WorkoutTrio] Exercise history loaded: 0/20 exercises have prior session data (David Staircase floor active). @ https://outrun.co.il/_next/static/chunks/1381-2a035a20bf094eec.js:0
[    7903ms] [LOG] [WorkoutTrio] Protocol probability passed to generator: 0.00 (base=0, multiplier=1, week=1) @ https://outrun.co.il/_next/static/chunks/1381-2a035a20bf094eec.js:0
[    7903ms] [LOG] [WorkoutTrio] Tabata finisher probability: 0.22 × 1 = 0.22 (from push@L21) @ https://outrun.co.il/_next/static/chunks/1381-2a035a20bf094eec.js:0
[    8034ms] [LOG] [WorkoutTrio] No app_config/workout_trio doc → using pre-seeded Hebrew labels @ https://outrun.co.il/_next/static/chunks/1381-2a035a20bf094eec.js:0
[    8035ms] [LOG] [WorkoutTrio] Labels (fallback): [מאוזן, עצים ומהיר, אימון פארק קליל] @ https://outrun.co.il/_next/static/chunks/1381-2a035a20bf094eec.js:0
[    8035ms] [LOG] [WorkoutTrio] Bolt2: honouring requested 30min (ceiling 45min, explicit=false) @ https://outrun.co.il/_next/static/chunks/1381-2a035a20bf094eec.js:0
[    8035ms] [LOG] [PipelineOrchestrator] Pool OK: 20 survivors at location=park (gear=9) → normal generation (sparse contexts degrade to bodyweight, not recovery). @ https://outrun.co.il/_next/static/chunks/1381-2a035a20bf094eec.js:0
[    8036ms] [LOG] [PipelineOrchestrator] 🔓 Master-program bypass (calisthenics_upper): skipping single-domain tolerance gate — ContextualEngine shared pass already scoped pool to all child domains. Pool size preserved: 20 exercises. @ https://outrun.co.il/_next/static/chunks/1381-2a035a20bf094eec.js:0
[    8038ms] [LOG] [InputSanitizer:Periodization] Phase=BUILD(W1) effectiveDifficulty=2 @ https://outrun.co.il/_next/static/chunks/5083-f6e420f10333a4df.js:0
[    8038ms] [LOG]   planche L12: 8 sets/day (24/week) @ https://outrun.co.il/_next/static/chunks/1594-5a87e39473af2633.js:0
[    8038ms] [LOG]   front_lever L11: 8 sets/day (22/week) @ https://outrun.co.il/_next/static/chunks/1594-5a87e39473af2633.js:0
[    8038ms] [LOG]   push L21: 14 sets/day (42/week) @ https://outrun.co.il/_next/static/chunks/1594-5a87e39473af2633.js:0
[    8038ms] [LOG]   pull L20: 14 sets/day (40/week) @ https://outrun.co.il/_next/static/chunks/1594-5a87e39473af2633.js:0
[    8039ms] [LOG] Foundation Buffer: 8 exercises boosted (+30) — Pull-ups/Dips/Push-ups/Rows prioritised @ https://outrun.co.il/_next/static/chunks/1594-5a87e39473af2633.js:0
[    8039ms] [LOG] Vertical Preference: 4 exercises boosted (diminishing: 15/8) @ https://outrun.co.il/_next/static/chunks/1594-5a87e39473af2633.js:0
[    8039ms] [LOG] Naked Strength: 5 bodyweight exercises boosted (+8) @ https://outrun.co.il/_next/static/chunks/1594-5a87e39473af2633.js:0
[    8039ms] [LOG] Equipment Synergy: "pullup_bar" dominant → 11 exercises boosted (+8) @ https://outrun.co.il/_next/static/chunks/1594-5a87e39473af2633.js:0
[    8039ms] [LOG] Modality Match: "bent_arm" dominant → 8 exercises boosted (+10) @ https://outrun.co.il/_next/static/chunks/1594-5a87e39473af2633.js:0
[    8040ms] [LOG] [LevelSync] DifficultyFilter: globalLevel=L21, domainLevels={planche:L12, front_lever:L11, push:L21, pull:L20, upper_body:L21, full_body:L15, calisthenics_upper:L12, legs:L12, core:L10, muscle_up:L21} @ https://outrun.co.il/_next/static/chunks/5083-f6e420f10333a4df.js:0
[    8041ms] [LOG] [WorkoutGenerator] Domain Rescue: injected JgtE20xpoJKkWbf9OCYi for "planche" (L11, user L12, location:park) @ https://outrun.co.il/_next/static/chunks/5083-f6e420f10333a4df.js:0
[    8041ms] [LOG] [WorkoutGenerator] Domain quotas: planche, front_lever → 7 exercises @ https://outrun.co.il/_next/static/chunks/5083-f6e420f10333a4df.js:0
[    8042ms] [LOG] [MGDiversity] Single-domain mode: slug-dedup only, all 7 exercises kept @ https://outrun.co.il/_next/static/chunks/1594-5a87e39473af2633.js:0
[    8042ms] [LOG] [assignVolume] Budget guard: front_lever budget=8 ÷ 6 exercises (budgetCap=2) → consolidated to 2 receiver(s) @ https://outrun.co.il/_next/static/chunks/1594-5a87e39473af2633.js:0
[    8042ms] [LOG]   planche L12: 8 sets ÷ 1 exercises = 8 sets/each @ https://outrun.co.il/_next/static/chunks/1594-5a87e39473af2633.js:0
[    8042ms] [LOG]   front_lever L11: 8 sets ÷ 2 exercises = 4 sets/each @ https://outrun.co.il/_next/static/chunks/1594-5a87e39473af2633.js:0
[    8042ms] [LOG]   push L21: 14 sets ÷ 0 exercises = 0 sets/each @ https://outrun.co.il/_next/static/chunks/1594-5a87e39473af2633.js:0
[    8042ms] [LOG]   pull L20: 14 sets ÷ 0 exercises = 0 sets/each @ https://outrun.co.il/_next/static/chunks/1594-5a87e39473af2633.js:0
[    8044ms] [LOG] [BudgetDistributor.balancedClusterCap] D2 balanced session — culled 4 exercise(s) → 3 clustered exercises (diverse=false, domains=2, longSession=false, availableTime=30). Sets: 4/4/4 @ https://outrun.co.il/_next/static/chunks/1594-5a87e39473af2633.js:0
[    8044ms] [LOG] [WorkoutGenerator][selectProtocol] difficulty=2 | adminProtocols=null | adminProbability=0 | periodizationWeek=1 @ https://outrun.co.il/_next/static/chunks/1594-5a87e39473af2633.js:0
[    8044ms] [LOG] [WorkoutGenerator][selectProtocol] No protocols configured — straight sets @ https://outrun.co.il/_next/static/chunks/1594-5a87e39473af2633.js:0
[    8045ms] [LOG] [GuaranteePassRunner] ⏭️  Bypassing VerticalFoundationGuarantee — single_domain strategy (track-specialized session) @ https://outrun.co.il/_next/static/chunks/1594-5a87e39473af2633.js:0
[    8045ms] [LOG] ┌─────────────┬────────────┬────────────┬────────────┐
│  Section    │  Work      │  Rest      │  Subtotal  │
├─────────────┼────────────┼────────────┼────────────┤
│  Warmup     │ 0m 0s      │ 0m 0s      │ 0m 0s      │  ← 0s rest, 5s transitions, cap=6m
│  Main       │ 3m 0s      │ 17m 24s    │ 20m 24s    │  ← 17m rest = 85% of main block
│  Cooldown   │ 0m 0s      │ 0m 0s      │ 0m 0s      │
├─────────────┼────────────┼────────────┼────────────┤
│  TOTAL(raw) │             │             │ 20m 24s    │
└─────────────┴────────────┴────────────┴────────────┘ @ https://outrun.co.il/_next/static/chunks/1594-5a87e39473af2633.js:0
[    8045ms] [LOG]   + Main transitions (2 × 30s): 60s @ https://outrun.co.il/_next/static/chunks/1594-5a87e39473af2633.js:0
[    8045ms] [LOG]   = Final Duration: 22 min @ https://outrun.co.il/_next/static/chunks/1594-5a87e39473af2633.js:0
[    8045ms] [TABLE] [Object, Object, Object] @ https://outrun.co.il/_next/static/chunks/1594-5a87e39473af2633.js:0
[    8045ms] [LOG] ┌─────────────┬────────────┬────────────┬────────────┐
│  Section    │  Work      │  Rest      │  Subtotal  │
├─────────────┼────────────┼────────────┼────────────┤
│  Warmup     │ 0m 0s      │ 0m 0s      │ 0m 0s      │  ← 0s rest, 5s transitions, cap=6m
│  Main       │ 3m 0s      │ 17m 24s    │ 20m 24s    │  ← 17m rest = 85% of main block
│  Cooldown   │ 0m 0s      │ 0m 0s      │ 0m 0s      │
├─────────────┼────────────┼────────────┼────────────┤
│  TOTAL(raw) │             │             │ 20m 24s    │
└─────────────┴────────────┴────────────┴────────────┘ @ https://outrun.co.il/_next/static/chunks/1594-5a87e39473af2633.js:0
[    8045ms] [LOG]   + Main transitions (2 × 30s): 60s @ https://outrun.co.il/_next/static/chunks/1594-5a87e39473af2633.js:0
[    8045ms] [LOG]   = Final Duration: 22 min @ https://outrun.co.il/_next/static/chunks/1594-5a87e39473af2633.js:0
[    8045ms] [TABLE] [Object, Object, Object] @ https://outrun.co.il/_next/static/chunks/1594-5a87e39473af2633.js:0
[    8046ms] [LOG] [Engine] Pool: 65→36→20→20→7(raw)→7(diverse) | Selected: 3 | Budget: ?/21 remaining/daily | Difficulty: 2 | Sets: 12 @ https://outrun.co.il/_next/static/chunks/1594-5a87e39473af2633.js:0
[    8046ms] [LOG] [1] סקין דה קאט חצי גוף (סיבוב על הטבעות חצי גוף) | programLevel=13 [LevelResolution] סקין דה קאט חצי גוף (סיבוב על הטבעות חצי גוף) → L13 via front_lever | userDomainL=20 | Tier=flow | Sets=4 Hold=15s Rest=86s | Video=YES @ https://outrun.co.il/_next/static/chunks/1594-5a87e39473af2633.js:0
[    8046ms] [LOG] [2] הרמות פרונט לבר בפישוק | programLevel=12 [LevelResolution] הרמות פרונט לבר בפישוק → L12 via front_lever | userDomainL=20 | Tier=flow | Sets=4 Hold=15s Rest=87s | Video=YES @ https://outrun.co.il/_next/static/chunks/1594-5a87e39473af2633.js:0
[    8046ms] [LOG] [3] פרונט לבר בפישוק | programLevel=11 [LevelResolution] פרונט לבר בפישוק → L11 via front_lever | userDomainL=20 | Tier=flow | Sets=4 Hold=15s Rest=88s | Video=YES @ https://outrun.co.il/_next/static/chunks/1594-5a87e39473af2633.js:0
[    8047ms] [LOG] [Warmup] Pool: 370 total | follow-along: 13 | role=warmup: 1 | mobility-tag: 0 @ https://outrun.co.il/_next/static/chunks/1381-2a035a20bf094eec.js:0
[    8047ms] [LOG] [Warmup] Stage 1: "(none)" selected (none) @ https://outrun.co.il/_next/static/chunks/1381-2a035a20bf094eec.js:0
[    8047ms] [LOG] [Warmup] David Scale: pull(100%×4s) @ https://outrun.co.il/_next/static/chunks/1381-2a035a20bf094eec.js:0
[    8048ms] [WARNING] [ParkGating] "חתירות ב-15°" — 3 park method(s) all gated → exercise excluded Required gear not in park inventory: [Object, Object, Object] Available: [bodyweight, pullup_bar, dip_station, bench, low_bar, high_bar, step, park_bench, park_step] @ https://outrun.co.il/_next/static/chunks/5083-f6e420f10333a4df.js:0
[    8048ms] [WARNING] [ParkGating] "חתירות ב-75°" — 3 park method(s) all gated → exercise excluded Required gear not in park inventory: [Object, Object, Object] Available: [bodyweight, pullup_bar, dip_station, bench, low_bar, high_bar, step, park_bench, park_step] @ https://outrun.co.il/_next/static/chunks/5083-f6e420f10333a4df.js:0
[    8048ms] [WARNING] [ParkGating] "משיכות Y" — 3 park method(s) all gated → exercise excluded Required gear not in park inventory: [Object, Object, Object] Available: [bodyweight, pullup_bar, dip_station, bench, low_bar, high_bar, step, park_bench, park_step] @ https://outrun.co.il/_next/static/chunks/5083-f6e420f10333a4df.js:0
[    8048ms] [WARNING] [ParkGating] "פרפר הפוך" — 3 park method(s) all gated → exercise excluded Required gear not in park inventory: [Object, Object, Object] Available: [bodyweight, pullup_bar, dip_station, bench, low_bar, high_bar, step, park_bench, park_step] @ https://outrun.co.il/_next/static/chunks/5083-f6e420f10333a4df.js:0
[    8048ms] [WARNING] [ParkGating] "חתירות באחיזה עמוקה" — 1 park method(s) all gated → exercise excluded Required gear not in park inventory: [Object] Available: [bodyweight, pullup_bar, dip_station, bench, low_bar, high_bar, step, park_bench, park_step] @ https://outrun.co.il/_next/static/chunks/5083-f6e420f10333a4df.js:0
[    8049ms] [WARNING] [ParkGating] "משיכות פנים" — 3 park method(s) all gated → exercise excluded Required gear not in park inventory: [Object, Object, Object] Available: [bodyweight, pullup_bar, dip_station, bench, low_bar, high_bar, step, park_bench, park_step] @ https://outrun.co.il/_next/static/chunks/5083-f6e420f10333a4df.js:0
[    8049ms] [WARNING] [ParkGating] "חתירות ב-15°" — 3 park method(s) all gated → exercise excluded Required gear not in park inventory: [Object, Object, Object] Available: [bodyweight, pullup_bar, dip_station, bench, low_bar, high_bar, step, park_bench, park_step] @ https://outrun.co.il/_next/static/chunks/5083-f6e420f10333a4df.js:0
[    8049ms] [WARNING] [ParkGating] "חתירות ב-15° עם ברכיים כפופות" — 3 park method(s) all gated → exercise excluded Required gear not in park inventory: [Object, Object, Object] Available: [bodyweight, pullup_bar, dip_station, bench, low_bar, high_bar, step, park_bench, park_step] @ https://outrun.co.il/_next/static/chunks/5083-f6e420f10333a4df.js:0
[    8049ms] [WARNING] [ParkGating] "חתירות קשתים ב-30°" — 3 park method(s) all gated → exercise excluded Required gear not in park inventory: [Object, Object, Object] Available: [bodyweight, pullup_bar, dip_station, bench, low_bar, high_bar, step, park_bench, park_step] @ https://outrun.co.il/_next/static/chunks/5083-f6e420f10333a4df.js:0
[    8049ms] [WARNING] [ParkGating] "חתירות יד אחת ב-45°" — 2 park method(s) all gated → exercise excluded Required gear not in park inventory: [Object, Object] Available: [bodyweight, pullup_bar, dip_station, bench, low_bar, high_bar, step, park_bench, park_step] @ https://outrun.co.il/_next/static/chunks/5083-f6e420f10333a4df.js:0
[    8049ms] [WARNING] [ParkGating] "חתירות קשתים ב-45°" — 3 park method(s) all gated → exercise excluded Required gear not in park inventory: [Object, Object, Object] Available: [bodyweight, pullup_bar, dip_station, bench, low_bar, high_bar, step, park_bench, park_step] @ https://outrun.co.il/_next/static/chunks/5083-f6e420f10333a4df.js:0
[    8050ms] [WARNING] [ParkGating] "בק לבר בטאק" — 2 park method(s) all gated → exercise excluded Required gear not in park inventory: [Object, Object] Available: [bodyweight, pullup_bar, dip_station, bench, low_bar, high_bar, step, park_bench, park_step] @ https://outrun.co.il/_next/static/chunks/5083-f6e420f10333a4df.js:0
[    8050ms] [WARNING] [ParkGating] "סקין דה קאט בטאק (סיבוב על הטבעות בטאק)" — 2 park method(s) all gated → exercise excluded Required gear not in park inventory: [Object, Object] Available: [bodyweight, pullup_bar, dip_station, bench, low_bar, high_bar, step, park_bench, park_step] @ https://outrun.co.il/_next/static/chunks/5083-f6e420f10333a4df.js:0
[    8050ms] [WARNING] [ParkGating] "פרונט לבר בטאק מתקדם עם גומייה" — 2 park method(s) all gated → exercise excluded Required gear not in park inventory: [Object, Object] Available: [bodyweight, pullup_bar, dip_station, bench, low_bar, high_bar, step, park_bench, park_step] @ https://outrun.co.il/_next/static/chunks/5083-f6e420f10333a4df.js:0
[    8050ms] [WARNING] [ParkGating] "סקין דה קאט אקצנטרי (סיבוב על הטבעות שלילי)" — 1 park method(s) all gated → exercise excluded Required gear not in park inventory: [Object] Available: [bodyweight, pullup_bar, dip_station, bench, low_bar, high_bar, step, park_bench, park_step] @ https://outrun.co.il/_next/static/chunks/5083-f6e420f10333a4df.js:0
[    8051ms] [LOG] [Warmup] Activation pull slot1/4 F2: "מתח אוסטרלי ב-60° מעלות" L1 from 11 cands (zone [5–7], reps 8–12) @ https://outrun.co.il/_next/static/chunks/1381-2a035a20bf094eec.js:0
[    8051ms] [WARNING] [ParkGating] "משיכות Y" — 3 park method(s) all gated → exercise excluded Required gear not in park inventory: [Object, Object, Object] Available: [bodyweight, pullup_bar, dip_station, bench, low_bar, high_bar, step, park_bench, park_step] @ https://outrun.co.il/_next/static/chunks/5083-f6e420f10333a4df.js:0
[    8051ms] [WARNING] [ParkGating] "פרפר הפוך" — 3 park method(s) all gated → exercise excluded Required gear not in park inventory: [Object, Object, Object] Available: [bodyweight, pullup_bar, dip_station, bench, low_bar, high_bar, step, park_bench, park_step] @ https://outrun.co.il/_next/static/chunks/5083-f6e420f10333a4df.js:0
[    8051ms] [WARNING] [ParkGating] "משיכות פנים" — 3 park method(s) all gated → exercise excluded Required gear not in park inventory: [Object, Object, Object] Available: [bodyweight, pullup_bar, dip_station, bench, low_bar, high_bar, step, park_bench, park_step] @ https://outrun.co.il/_next/static/chunks/5083-f6e420f10333a4df.js:0
[    8051ms] [WARNING] [ParkGating] "חתירות ב-75°" — 3 park method(s) all gated → exercise excluded Required gear not in park inventory: [Object, Object, Object] Available: [bodyweight, pullup_bar, dip_station, bench, low_bar, high_bar, step, park_bench, park_step] @ https://outrun.co.il/_next/static/chunks/5083-f6e420f10333a4df.js:0
[    8051ms] [WARNING] [ParkGating] "משיכות Y" — 3 park method(s) all gated → exercise excluded Required gear not in park inventory: [Object, Object, Object] Available: [bodyweight, pullup_bar, dip_station, bench, low_bar, high_bar, step, park_bench, park_step] @ https://outrun.co.il/_next/static/chunks/5083-f6e420f10333a4df.js:0
[    8051ms] [WARNING] [ParkGating] "פרפר הפוך" — 3 park method(s) all gated → exercise excluded Required gear not in park inventory: [Object, Object, Object] Available: [bodyweight, pullup_bar, dip_station, bench, low_bar, high_bar, step, park_bench, park_step] @ https://outrun.co.il/_next/static/chunks/5083-f6e420f10333a4df.js:0
[    8051ms] [WARNING] [ParkGating] "חתירות באחיזה עמוקה" — 1 park method(s) all gated → exercise excluded Required gear not in park inventory: [Object] Available: [bodyweight, pullup_bar, dip_station, bench, low_bar, high_bar, step, park_bench, park_step] @ https://outrun.co.il/_next/static/chunks/5083-f6e420f10333a4df.js:0
[    8052ms] [WARNING] [ParkGating] "משיכות פנים" — 3 park method(s) all gated → exercise excluded Required gear not in park inventory: [Object, Object, Object] Available: [bodyweight, pullup_bar, dip_station, bench, low_bar, high_bar, step, park_bench, park_step] @ https://outrun.co.il/_next/static/chunks/5083-f6e420f10333a4df.js:0
[    8052ms] [WARNING] [ParkGating] "חתירות ב-15°" — 3 park method(s) all gated → exercise excluded Required gear not in park inventory: [Object, Object, Object] Available: [bodyweight, pullup_bar, dip_station, bench, low_bar, high_bar, step, park_bench, park_step] @ https://outrun.co.il/_next/static/chunks/5083-f6e420f10333a4df.js:0
[    8052ms] [WARNING] [ParkGating] "חתירות ב-15° עם ברכיים כפופות" — 3 park method(s) all gated → exercise excluded Required gear not in park inventory: [Object, Object, Object] Available: [bodyweight, pullup_bar, dip_station, bench, low_bar, high_bar, step, park_bench, park_step] @ https://outrun.co.il/_next/static/chunks/5083-f6e420f10333a4df.js:0
[    8052ms] [WARNING] [ParkGating] "חתירות קשתים ב-30°" — 3 park method(s) all gated → exercise excluded Required gear not in park inventory: [Object, Object, Object] Available: [bodyweight, pullup_bar, dip_station, bench, low_bar, high_bar, step, park_bench, park_step] @ https://outrun.co.il/_next/static/chunks/5083-f6e420f10333a4df.js:0
[    8052ms] [WARNING] [ParkGating] "חתירות יד אחת ב-45°" — 2 park method(s) all gated → exercise excluded Required gear not in park inventory: [Object, Object] Available: [bodyweight, pullup_bar, dip_station, bench, low_bar, high_bar, step, park_bench, park_step] @ https://outrun.co.il/_next/static/chunks/5083-f6e420f10333a4df.js:0
[    8052ms] [WARNING] [ParkGating] "חתירות קשתים ב-45°" — 3 park method(s) all gated → exercise excluded Required gear not in park inventory: [Object, Object, Object] Available: [bodyweight, pullup_bar, dip_station, bench, low_bar, high_bar, step, park_bench, park_step] @ https://outrun.co.il/_next/static/chunks/5083-f6e420f10333a4df.js:0
[    8052ms] [WARNING] [ParkGating] "בק לבר בטאק" — 2 park method(s) all gated → exercise excluded Required gear not in park inventory: [Object, Object] Available: [bodyweight, pullup_bar, dip_station, bench, low_bar, high_bar, step, park_bench, park_step] @ https://outrun.co.il/_next/static/chunks/5083-f6e420f10333a4df.js:0
[    8052ms] [WARNING] [ParkGating] "סקין דה קאט בטאק (סיבוב על הטבעות בטאק)" — 2 park method(s) all gated → exercise excluded Required gear not in park inventory: [Object, Object] Available: [bodyweight, pullup_bar, dip_station, bench, low_bar, high_bar, step, park_bench, park_step] @ https://outrun.co.il/_next/static/chunks/5083-f6e420f10333a4df.js:0
[    8053ms] [WARNING] [ParkGating] "פרונט לבר בטאק מתקדם עם גומייה" — 2 park method(s) all gated → exercise excluded Required gear not in park inventory: [Object, Object] Available: [bodyweight, pullup_bar, dip_station, bench, low_bar, high_bar, step, park_bench, park_step] @ https://outrun.co.il/_next/static/chunks/5083-f6e420f10333a4df.js:0
[    8053ms] [WARNING] [ParkGating] "סקין דה קאט אקצנטרי (סיבוב על הטבעות שלילי)" — 1 park method(s) all gated → exercise excluded Required gear not in park inventory: [Object] Available: [bodyweight, pullup_bar, dip_station, bench, low_bar, high_bar, step, park_bench, park_step] @ https://outrun.co.il/_next/static/chunks/5083-f6e420f10333a4df.js:0
[    8053ms] [LOG] [Warmup] Activation pull slot2/4 F2: "חתירות ב-60°" L1 from 10 cands (zone [7–11], reps 8–12) @ https://outrun.co.il/_next/static/chunks/1381-2a035a20bf094eec.js:0
[    8053ms] [WARNING] [ParkGating] "חתירות קשתים ב-30°" — 3 park method(s) all gated → exercise excluded Required gear not in park inventory: [Object, Object, Object] Available: [bodyweight, pullup_bar, dip_station, bench, low_bar, high_bar, step, park_bench, park_step] @ https://outrun.co.il/_next/static/chunks/5083-f6e420f10333a4df.js:0
[    8053ms] [WARNING] [ParkGating] "חתירות קשתים ב-45°" — 3 park method(s) all gated → exercise excluded Required gear not in park inventory: [Object, Object, Object] Available: [bodyweight, pullup_bar, dip_station, bench, low_bar, high_bar, step, park_bench, park_step] @ https://outrun.co.il/_next/static/chunks/5083-f6e420f10333a4df.js:0
[    8053ms] [WARNING] [ParkGating] "בק לבר בטאק" — 2 park method(s) all gated → exercise excluded Required gear not in park inventory: [Object, Object] Available: [bodyweight, pullup_bar, dip_station, bench, low_bar, high_bar, step, park_bench, park_step] @ https://outrun.co.il/_next/static/chunks/5083-f6e420f10333a4df.js:0
[    8053ms] [WARNING] [ParkGating] "סקין דה קאט בטאק (סיבוב על הטבעות בטאק)" — 2 park method(s) all gated → exercise excluded Required gear not in park inventory: [Object, Object] Available: [bodyweight, pullup_bar, dip_station, bench, low_bar, high_bar, step, park_bench, park_step] @ https://outrun.co.il/_next/static/chunks/5083-f6e420f10333a4df.js:0
[    8053ms] [WARNING] [ParkGating] "סקין דה קאט אקצנטרי (סיבוב על הטבעות שלילי)" — 1 park method(s) all gated → exercise excluded Required gear not in park inventory: [Object] Available: [bodyweight, pullup_bar, dip_station, bench, low_bar, high_bar, step, park_bench, park_step] @ https://outrun.co.il/_next/static/chunks/5083-f6e420f10333a4df.js:0
[    8053ms] [LOG] [Warmup] Activation pull slot3/4 F2: "פרונט לבר בטאק" L14 from 2 cands (zone [11–14], reps 8–12) @ https://outrun.co.il/_next/static/chunks/1381-2a035a20bf094eec.js:0
[    8054ms] [WARNING] [ParkGating] "חתירות יד אחת ב-45°" — 2 park method(s) all gated → exercise excluded Required gear not in park inventory: [Object, Object] Available: [bodyweight, pullup_bar, dip_station, bench, low_bar, high_bar, step, park_bench, park_step] @ https://outrun.co.il/_next/static/chunks/5083-f6e420f10333a4df.js:0
[    8054ms] [WARNING] [ParkGating] "סקין דה קאט טאק מתקדם" — 2 park method(s) all gated → exercise excluded Required gear not in park inventory: [Object, Object] Available: [bodyweight, pullup_bar, dip_station, bench, low_bar, high_bar, step, park_bench, park_step] @ https://outrun.co.il/_next/static/chunks/5083-f6e420f10333a4df.js:0
[    8054ms] [WARNING] [ParkGating] "פרונט לבר בטאק מתקדם עם גומייה" — 2 park method(s) all gated → exercise excluded Required gear not in park inventory: [Object, Object] Available: [bodyweight, pullup_bar, dip_station, bench, low_bar, high_bar, step, park_bench, park_step] @ https://outrun.co.il/_next/static/chunks/5083-f6e420f10333a4df.js:0
[    8054ms] [WARNING] [ParkGating] "פרונט לבר יהלום עם גומייה" — 2 park method(s) all gated → exercise excluded Required gear not in park inventory: [Object, Object] Available: [bodyweight, pullup_bar, dip_station, bench, low_bar, high_bar, step, park_bench, park_step] @ https://outrun.co.il/_next/static/chunks/5083-f6e420f10333a4df.js:0
[    8054ms] [WARNING] [ParkGating] "חתירות פרונט לבר בטאק מתקדם בעזרת גומייה" — 2 park method(s) all gated → exercise excluded Required gear not in park inventory: [Object, Object] Available: [bodyweight, pullup_bar, dip_station, bench, low_bar, high_bar, step, park_bench, park_step] @ https://outrun.co.il/_next/static/chunks/5083-f6e420f10333a4df.js:0
[    8054ms] [LOG] [Warmup] Priming pull slot4/4 F2: "פרונט לבר בטאק מתקדם" L16 from 7 cands (zone [14–17], reps 3–5) @ https://outrun.co.il/_next/static/chunks/1381-2a035a20bf094eec.js:0
[    8054ms] [LOG] [Warmup] Stage 2 Patterns primed: [pull] from active [pull] — 4 slots total @ https://outrun.co.il/_next/static/chunks/1381-2a035a20bf094eec.js:0
[    8054ms] [LOG] [Warmup] Time-aware trim: 4 → 3 slots (budget 3 for 30min, coverage-first) @ https://outrun.co.il/_next/static/chunks/1381-2a035a20bf094eec.js:0
[    8054ms] [LOG] [Warmup] Block finalised: 1 general + 4 ladder slots = 3 total (budget 3) @ https://outrun.co.il/_next/static/chunks/1381-2a035a20bf094eec.js:0
[    8054ms] [LOG]   ETMVVSpt0lIpeF3mkEn6 "מתיחות פלג גוף עליון לבדיקה": OK @ https://outrun.co.il/_next/static/chunks/1381-2a035a20bf094eec.js:0
[    8055ms] [LOG] ┌─────────────┬────────────┬────────────┬────────────┐
│  Section    │  Work      │  Rest      │  Subtotal  │
├─────────────┼────────────┼────────────┼────────────┤
│  Warmup     │ 3m 10s     │ 0m 0s      │ 3m 10s     │  ← 0s rest, 5s transitions, cap=6m
│  Main       │ 3m 0s      │ 17m 24s    │ 20m 24s    │  ← 17m rest = 85% of main block
│  Cooldown   │ 2m 30s     │ 0m 0s      │ 2m 30s     │
├─────────────┼────────────┼────────────┼────────────┤
│  TOTAL(raw) │             │             │ 25m 4s     │
└─────────────┴────────────┴────────────┴────────────┘ @ https://outrun.co.il/_next/static/chunks/1594-5a87e39473af2633.js:0
[    8055ms] [LOG]   + Main transitions (3 × 30s): 90s @ https://outrun.co.il/_next/static/chunks/1594-5a87e39473af2633.js:0
[    8055ms] [LOG]   = Final Duration: 27 min @ https://outrun.co.il/_next/static/chunks/1594-5a87e39473af2633.js:0
[    8055ms] [TABLE] [Object, Object, Object, Object, Object, Object, Object] @ https://outrun.co.il/_next/static/chunks/1594-5a87e39473af2633.js:0
[    8410ms] [LOG] [findSkillSub] ✅ planche: picked "שכיבות סמיכה פלאנץ׳ בטאק מתקדם" L11 (gap=1, radius=±2, skillLevel=L12, D2) @ https://outrun.co.il/_next/static/chunks/1594-5a87e39473af2633.js:0
[    8411ms] [LOG] [SkillRepresentation] ✅ "הרמות פרונט לבר בפישוק" → "שכיבות סמיכה פלאנץ׳ בטאק מתקדם" (L11) [skill=planche, gap=1] @ https://outrun.co.il/_next/static/chunks/1594-5a87e39473af2633.js:0
[    8411ms] [LOG] [PresentationFormatter] 🪜 Final domain-priority sort applied (order changed, 7 exercises, מאוזן) @ https://outrun.co.il/_next/static/chunks/1381-2a035a20bf094eec.js:0
[    8411ms] [LOG] [WorkoutTrio] Option 2 (מאוזן): D2, 7 exercises, 12 sets, ~27min @ https://outrun.co.il/_next/static/chunks/1381-2a035a20bf094eec.js:0
[    8411ms] [LOG] [WorkoutTrio] Single-option path — padded 3 slots with the same workout @ https://outrun.co.il/_next/static/chunks/1381-2a035a20bf094eec.js:0
[    8411ms] [LOG]   Difficulty: 2 ⚡⚡ @ https://outrun.co.il/_next/static/chunks/1381-2a035a20bf094eec.js:0
[    8411ms] [LOG]   Title: אתגר כל הרמות_הבאה בפארק @ https://outrun.co.il/_next/static/chunks/1381-2a035a20bf094eec.js:0
[    8411ms] [LOG]   Duration: ~27 min @ https://outrun.co.il/_next/static/chunks/1381-2a035a20bf094eec.js:0
[    8411ms] [LOG]   Warmups: 3 | Main: 3 | Sets: 12 @ https://outrun.co.il/_next/static/chunks/1381-2a035a20bf094eec.js:0
[    8411ms] [LOG]   Gear: 1 ⚠️ [VQoqHLfhHGhPsaz2zsQO] @ https://outrun.co.il/_next/static/chunks/1381-2a035a20bf094eec.js:0
[    8411ms] [LOG]   Exercises: [סקין דה קאט חצי גוף (סיבוב על הטבעות חצי גוף), שכיבות סמיכה פלאנץ׳ בטאק מתקדם, פרונט לבר בפישוק] @ https://outrun.co.il/_next/static/chunks/1381-2a035a20bf094eec.js:0
[    8411ms] [LOG]   Difficulty: 2 ⚡⚡ @ https://outrun.co.il/_next/static/chunks/1381-2a035a20bf094eec.js:0
[    8411ms] [LOG]   Title: אתגר כל הרמות_הבאה בפארק @ https://outrun.co.il/_next/static/chunks/1381-2a035a20bf094eec.js:0
[    8411ms] [LOG]   Duration: ~27 min @ https://outrun.co.il/_next/static/chunks/1381-2a035a20bf094eec.js:0
[    8411ms] [LOG]   Warmups: 3 | Main: 3 | Sets: 12 @ https://outrun.co.il/_next/static/chunks/1381-2a035a20bf094eec.js:0
[    8411ms] [LOG]   Gear: 1 ⚠️ [VQoqHLfhHGhPsaz2zsQO] @ https://outrun.co.il/_next/static/chunks/1381-2a035a20bf094eec.js:0
[    8411ms] [LOG]   Exercises: [סקין דה קאט חצי גוף (סיבוב על הטבעות חצי גוף), שכיבות סמיכה פלאנץ׳ בטאק מתקדם, פרונט לבר בפישוק] @ https://outrun.co.il/_next/static/chunks/1381-2a035a20bf094eec.js:0
[    8411ms] [LOG]   Difficulty: 2 ⚡⚡ @ https://outrun.co.il/_next/static/chunks/1381-2a035a20bf094eec.js:0
[    8411ms] [LOG]   Title: אתגר כל הרמות_הבאה בפארק @ https://outrun.co.il/_next/static/chunks/1381-2a035a20bf094eec.js:0
[    8411ms] [LOG]   Duration: ~27 min @ https://outrun.co.il/_next/static/chunks/1381-2a035a20bf094eec.js:0
[    8411ms] [LOG]   Warmups: 3 | Main: 3 | Sets: 12 @ https://outrun.co.il/_next/static/chunks/1381-2a035a20bf094eec.js:0
[    8411ms] [LOG]   Gear: 1 ⚠️ [VQoqHLfhHGhPsaz2zsQO] @ https://outrun.co.il/_next/static/chunks/1381-2a035a20bf094eec.js:0
[    8411ms] [LOG]   Exercises: [סקין דה קאט חצי גוף (סיבוב על הטבעות חצי גוף), שכיבות סמיכה פלאנץ׳ בטאק מתקדם, פרונט לבר בפישוק] @ https://outrun.co.il/_next/static/chunks/1381-2a035a20bf094eec.js:0
[    8412ms] [LOG] Overlap: 1↔2=3, 1↔3=3, 2↔3=3 @ https://outrun.co.il/_next/static/chunks/1381-2a035a20bf094eec.js:0
[   14314ms] [ERROR] [2026-09-22T13:23:37.032Z]  @firebase/firestore: Firestore (12.6.0): Uncaught Error in snapshot listener: FirebaseError: [code=aborted]: Firestore shutting down @ https://outrun.co.il/_next/static/chunks/2117-3c64067cbd5bff19.js:0
[   14314ms] [ERROR] [2026-09-22T13:23:37.032Z]  @firebase/firestore: Firestore (12.6.0): Uncaught Error in snapshot listener: FirebaseError: [code=aborted]: Firestore shutting down @ https://outrun.co.il/_next/static/chunks/2117-3c64067cbd5bff19.js:0
[   14314ms] [ERROR] [2026-09-22T13:23:37.032Z]  @firebase/firestore: Firestore (12.6.0): Uncaught Error in snapshot listener: FirebaseError: [code=aborted]: Firestore shutting down @ https://outrun.co.il/_next/static/chunks/2117-3c64067cbd5bff19.js:0
[   14315ms] [WARNING] [ActivityStore] Real-time listener error (non-fatal): aborted @ https://outrun.co.il/_next/static/chunks/1381-2a035a20bf094eec.js:0
[   14315ms] [WARNING] [ActivityStore] Real-time listener error (non-fatal): aborted @ https://outrun.co.il/_next/static/chunks/1381-2a035a20bf094eec.js:0
[   14315ms] [WARNING] [ActivityStore] Real-time listener error (non-fatal): aborted @ https://outrun.co.il/_next/static/chunks/1381-2a035a20bf094eec.js:0
[   14315ms] [WARNING] [ActivityStore] Streak listener error (non-fatal): aborted @ https://outrun.co.il/_next/static/chunks/1381-2a035a20bf094eec.js:0
[   14315ms] [WARNING] [ActivityStore] Streak listener error (non-fatal): aborted @ https://outrun.co.il/_next/static/chunks/1381-2a035a20bf094eec.js:0
[   14315ms] [WARNING] [ActivityStore] Streak listener error (non-fatal): aborted @ https://outrun.co.il/_next/static/chunks/1381-2a035a20bf094eec.js:0
[   14315ms] [ERROR] [useDailyProgress] Error listening to daily progress: FirebaseError: Firestore shutting down @ https://outrun.co.il/_next/static/chunks/2117-3c64067cbd5bff19.js:0
[   14316ms] [ERROR] [useDailyProgress] Error listening to daily progress: FirebaseError: Firestore shutting down @ https://outrun.co.il/_next/static/chunks/2117-3c64067cbd5bff19.js:0
