[     879ms] [LOG] [DEBUG-RESOLVER] Incoming Category: muscle_up Resolved Candidate IDs: [muscle_up, fTLWzjP9gH2VNpamyCZF] @ https://out-run-hf3b2s6td-davids-projects-0d6e1f97.vercel.app/_next/static/chunks/2390-dc57abc8d12f6b2f.js:0
[    1096ms] [WARNING] [2026-09-24T17:40:33.486Z]  @firebase/auth: Auth (12.6.0): Error while retrieving App Check token: FirebaseError: AppCheck: ReCAPTCHA error. (appCheck/recaptcha-error). @ https://out-run-hf3b2s6td-davids-projects-0d6e1f97.vercel.app/_next/static/chunks/2532-16f59635ee5a761a.js:14
[    1414ms] [ERROR] Access to manifest at 'https://vercel.com/sso-api?url=https%3A%2F%2Fout-run-hf3b2s6td-davids-projects-0d6e1f97.vercel.app%2Fmanifest.json&nonce=96525227933c9ba184cd9917aed5570b8a38001c27564350a8ffc6169a558205' (redirected from 'https://out-run-hf3b2s6td-davids-projects-0d6e1f97.vercel.app/manifest.json') from origin 'https://out-run-hf3b2s6td-davids-projects-0d6e1f97.vercel.app' has been blocked by CORS policy: No 'Access-Control-Allow-Origin' header is present on the requested resource. @ https://out-run-hf3b2s6td-davids-projects-0d6e1f97.vercel.app/onboarding-new/program-path:0
[    1414ms] [ERROR] Failed to load resource: net::ERR_FAILED @ https://vercel.com/sso-api?url=https%3A%2F%2Fout-run-hf3b2s6td-davids-projects-0d6e1f97.vercel.app%2Fmanifest.json&nonce=96525227933c9ba184cd9917aed5570b8a38001c27564350a8ffc6169a558205:0
[    1757ms] [LOG] [DEBUG-RESOLVER] loadCategoryMap built: {human_flag: EtY8YCol0qpF6DzgcTx1, push: J0fLpmJhG0KDN2tQouxh, core: kDMpobbKsuVTByTIKUpe, pull: UPDBtTdCvX748dtBlWYj, one_arm_pullup: cC0BOmm6KIqYAyQynEIo} @ https://out-run-hf3b2s6td-davids-projects-0d6e1f97.vercel.app/_next/static/chunks/2390-dc57abc8d12f6b2f.js:0
[    1757ms] [LOG] [DEBUG-RESOLVER] Incoming Category: front_lever Resolved Candidate IDs: [front_lever, mFcuYlNgKXLqWVUFo0zt] @ https://out-run-hf3b2s6td-davids-projects-0d6e1f97.vercel.app/_next/static/chunks/2390-dc57abc8d12f6b2f.js:0
[    1758ms] [LOG] [DEBUG-RESOLVER] loadCategoryMap built: {human_flag: EtY8YCol0qpF6DzgcTx1, push: J0fLpmJhG0KDN2tQouxh, core: kDMpobbKsuVTByTIKUpe, pull: UPDBtTdCvX748dtBlWYj, one_arm_pullup: cC0BOmm6KIqYAyQynEIo} @ https://out-run-hf3b2s6td-davids-projects-0d6e1f97.vercel.app/_next/static/chunks/2390-dc57abc8d12f6b2f.js:0
[    1758ms] [LOG] [DEBUG-RESOLVER] Incoming Category: planche Resolved Candidate IDs: [planche, pCI5NHXpowu2ySucqDn8] @ https://out-run-hf3b2s6td-davids-projects-0d6e1f97.vercel.app/_next/static/chunks/2390-dc57abc8d12f6b2f.js:0
[    1758ms] [LOG] [DEBUG-RESOLVER] loadCategoryMap built: {human_flag: EtY8YCol0qpF6DzgcTx1, push: J0fLpmJhG0KDN2tQouxh, core: kDMpobbKsuVTByTIKUpe, pull: UPDBtTdCvX748dtBlWYj, one_arm_pullup: cC0BOmm6KIqYAyQynEIo} @ https://out-run-hf3b2s6td-davids-projects-0d6e1f97.vercel.app/_next/static/chunks/2390-dc57abc8d12f6b2f.js:0
[    1758ms] [LOG] [DEBUG-RESOLVER] Incoming Category: handstand Resolved Candidate IDs: [handstand, IOfBZFeorTTDkcz3tOA6] @ https://out-run-hf3b2s6td-davids-projects-0d6e1f97.vercel.app/_next/static/chunks/2390-dc57abc8d12f6b2f.js:0
[    1758ms] [LOG] [DEBUG-RESOLVER] loadCategoryMap built: {human_flag: EtY8YCol0qpF6DzgcTx1, push: J0fLpmJhG0KDN2tQouxh, core: kDMpobbKsuVTByTIKUpe, pull: UPDBtTdCvX748dtBlWYj, one_arm_pullup: cC0BOmm6KIqYAyQynEIo} @ https://out-run-hf3b2s6td-davids-projects-0d6e1f97.vercel.app/_next/static/chunks/2390-dc57abc8d12f6b2f.js:0
[    1758ms] [LOG] [DEBUG-RESOLVER] Incoming Category: hspu Resolved Candidate IDs: [hspu, PAxprHuT7HjqrWU4wl0T] @ https://out-run-hf3b2s6td-davids-projects-0d6e1f97.vercel.app/_next/static/chunks/2390-dc57abc8d12f6b2f.js:0
[    1758ms] [LOG] [DEBUG-RESOLVER] loadCategoryMap built: {human_flag: EtY8YCol0qpF6DzgcTx1, push: J0fLpmJhG0KDN2tQouxh, core: kDMpobbKsuVTByTIKUpe, pull: UPDBtTdCvX748dtBlWYj, one_arm_pullup: cC0BOmm6KIqYAyQynEIo} @ https://out-run-hf3b2s6td-davids-projects-0d6e1f97.vercel.app/_next/static/chunks/2390-dc57abc8d12f6b2f.js:0
[    1758ms] [LOG] [DEBUG-RESOLVER] Incoming Category: one_arm_pullup Resolved Candidate IDs: [one_arm_pullup, cC0BOmm6KIqYAyQynEIo] @ https://out-run-hf3b2s6td-davids-projects-0d6e1f97.vercel.app/_next/static/chunks/2390-dc57abc8d12f6b2f.js:0
[    1758ms] [LOG] [DEBUG-FIRESTORE] Querying IDs: [muscle_up, fTLWzjP9gH2VNpamyCZF] Snapshot size returned: 0 @ https://out-run-hf3b2s6td-davids-projects-0d6e1f97.vercel.app/_next/static/chunks/2390-dc57abc8d12f6b2f.js:0
[    1759ms] [LOG] [DEBUG-FIRESTORE] showInOnboarding=true levels: [] (0 total) @ https://out-run-hf3b2s6td-davids-projects-0d6e1f97.vercel.app/_next/static/chunks/2390-dc57abc8d12f6b2f.js:0
[    1759ms] [LOG] [DEBUG-RESOLVER] Final onboarding levels for "muscle_up": [] (0 total) @ https://out-run-hf3b2s6td-davids-projects-0d6e1f97.vercel.app/_next/static/chunks/2390-dc57abc8d12f6b2f.js:0
[    2064ms] [LOG] [DEBUG-FIRESTORE] Querying IDs: [front_lever, mFcuYlNgKXLqWVUFo0zt] Snapshot size returned: 15 @ https://out-run-hf3b2s6td-davids-projects-0d6e1f97.vercel.app/_next/static/chunks/2390-dc57abc8d12f6b2f.js:0
[    2064ms] [LOG] [DEBUG-FIRESTORE] showInOnboarding=true levels: [1, 3, 5, 7, 9, 11, 13] (7 total) @ https://out-run-hf3b2s6td-davids-projects-0d6e1f97.vercel.app/_next/static/chunks/2390-dc57abc8d12f6b2f.js:0
[    2064ms] [LOG] [DEBUG-RESOLVER] Final onboarding levels for "front_lever": [1, 3, 5, 7, 9, 11, 13] (7 total) @ https://out-run-hf3b2s6td-davids-projects-0d6e1f97.vercel.app/_next/static/chunks/2390-dc57abc8d12f6b2f.js:0
[    2065ms] [LOG] [DEBUG-FIRESTORE] Querying IDs: [planche, pCI5NHXpowu2ySucqDn8] Snapshot size returned: 15 @ https://out-run-hf3b2s6td-davids-projects-0d6e1f97.vercel.app/_next/static/chunks/2390-dc57abc8d12f6b2f.js:0
[    2065ms] [LOG] [DEBUG-FIRESTORE] showInOnboarding=true levels: [1, 3, 5, 7, 10, 12, 13, 14, 15] (9 total) @ https://out-run-hf3b2s6td-davids-projects-0d6e1f97.vercel.app/_next/static/chunks/2390-dc57abc8d12f6b2f.js:0
[    2065ms] [LOG] [DEBUG-RESOLVER] Final onboarding levels for "planche": [1, 3, 5, 7, 10, 12, 13, 14, 15] (9 total) @ https://out-run-hf3b2s6td-davids-projects-0d6e1f97.vercel.app/_next/static/chunks/2390-dc57abc8d12f6b2f.js:0
[    2065ms] [LOG] [DEBUG-FIRESTORE] Querying IDs: [handstand, IOfBZFeorTTDkcz3tOA6] Snapshot size returned: 15 @ https://out-run-hf3b2s6td-davids-projects-0d6e1f97.vercel.app/_next/static/chunks/2390-dc57abc8d12f6b2f.js:0
[    2065ms] [LOG] [DEBUG-FIRESTORE] showInOnboarding=true levels: [] (0 total) @ https://out-run-hf3b2s6td-davids-projects-0d6e1f97.vercel.app/_next/static/chunks/2390-dc57abc8d12f6b2f.js:0
[    2065ms] [LOG] [DEBUG-RESOLVER] Final onboarding levels for "handstand": [] (0 total) @ https://out-run-hf3b2s6td-davids-projects-0d6e1f97.vercel.app/_next/static/chunks/2390-dc57abc8d12f6b2f.js:0
[    2065ms] [LOG] [DEBUG-FIRESTORE] Querying IDs: [hspu, PAxprHuT7HjqrWU4wl0T] Snapshot size returned: 15 @ https://out-run-hf3b2s6td-davids-projects-0d6e1f97.vercel.app/_next/static/chunks/2390-dc57abc8d12f6b2f.js:0
[    2065ms] [LOG] [DEBUG-FIRESTORE] showInOnboarding=true levels: [1, 3, 6, 8, 9, 10, 11, 12, 13, 14, 15] (11 total) @ https://out-run-hf3b2s6td-davids-projects-0d6e1f97.vercel.app/_next/static/chunks/2390-dc57abc8d12f6b2f.js:0
[    2065ms] [LOG] [DEBUG-RESOLVER] Final onboarding levels for "hspu": [1, 3, 6, 8, 9, 10, 11, 12, 13, 14, 15] (11 total) @ https://out-run-hf3b2s6td-davids-projects-0d6e1f97.vercel.app/_next/static/chunks/2390-dc57abc8d12f6b2f.js:0
[    2107ms] [LOG] [DEBUG-FIRESTORE] Querying IDs: [one_arm_pullup, cC0BOmm6KIqYAyQynEIo] Snapshot size returned: 15 @ https://out-run-hf3b2s6td-davids-projects-0d6e1f97.vercel.app/_next/static/chunks/2390-dc57abc8d12f6b2f.js:0
[    2107ms] [LOG] [DEBUG-FIRESTORE] showInOnboarding=true levels: [1, 4, 6, 7, 8, 10, 11, 13] (8 total) @ https://out-run-hf3b2s6td-davids-projects-0d6e1f97.vercel.app/_next/static/chunks/2390-dc57abc8d12f6b2f.js:0
[    2107ms] [LOG] [DEBUG-RESOLVER] Final onboarding levels for "one_arm_pullup": [1, 4, 6, 7, 8, 10, 11, 13] (8 total) @ https://out-run-hf3b2s6td-davids-projects-0d6e1f97.vercel.app/_next/static/chunks/2390-dc57abc8d12f6b2f.js:0
[   50220ms] [LOG] [DEBUG-PAGE] pathConfig.path: body_focus | categories passed to VisualSlider: [push] | skipTier: true @ https://out-run-hf3b2s6td-davids-projects-0d6e1f97.vercel.app/_next/static/chunks/app/onboarding-new/assessment-visual/page-dea2a20291a856c2.js:0
[   50376ms] [LOG] [DEBUG-PAGE] pathConfig.path: body_focus | categories passed to VisualSlider: [push] | skipTier: true @ https://out-run-hf3b2s6td-davids-projects-0d6e1f97.vercel.app/_next/static/chunks/app/onboarding-new/assessment-visual/page-dea2a20291a856c2.js:0
[   78749ms] [LOG] [DEBUG-RESOLVER] Incoming Category: muscle_up Resolved Candidate IDs: [muscle_up, fTLWzjP9gH2VNpamyCZF] @ https://out-run-hf3b2s6td-davids-projects-0d6e1f97.vercel.app/_next/static/chunks/2390-dc57abc8d12f6b2f.js:0
[   78904ms] [LOG] [DEBUG-RESOLVER] loadCategoryMap built: {human_flag: EtY8YCol0qpF6DzgcTx1, push: J0fLpmJhG0KDN2tQouxh, core: kDMpobbKsuVTByTIKUpe, pull: UPDBtTdCvX748dtBlWYj, one_arm_pullup: cC0BOmm6KIqYAyQynEIo} @ https://out-run-hf3b2s6td-davids-projects-0d6e1f97.vercel.app/_next/static/chunks/2390-dc57abc8d12f6b2f.js:0
[   78904ms] [LOG] [DEBUG-RESOLVER] Incoming Category: front_lever Resolved Candidate IDs: [front_lever, mFcuYlNgKXLqWVUFo0zt] @ https://out-run-hf3b2s6td-davids-projects-0d6e1f97.vercel.app/_next/static/chunks/2390-dc57abc8d12f6b2f.js:0
[   78904ms] [LOG] [DEBUG-RESOLVER] loadCategoryMap built: {human_flag: EtY8YCol0qpF6DzgcTx1, push: J0fLpmJhG0KDN2tQouxh, core: kDMpobbKsuVTByTIKUpe, pull: UPDBtTdCvX748dtBlWYj, one_arm_pullup: cC0BOmm6KIqYAyQynEIo} @ https://out-run-hf3b2s6td-davids-projects-0d6e1f97.vercel.app/_next/static/chunks/2390-dc57abc8d12f6b2f.js:0
[   78904ms] [LOG] [DEBUG-RESOLVER] Incoming Category: planche Resolved Candidate IDs: [planche, pCI5NHXpowu2ySucqDn8] @ https://out-run-hf3b2s6td-davids-projects-0d6e1f97.vercel.app/_next/static/chunks/2390-dc57abc8d12f6b2f.js:0
[   78904ms] [LOG] [DEBUG-RESOLVER] loadCategoryMap built: {human_flag: EtY8YCol0qpF6DzgcTx1, push: J0fLpmJhG0KDN2tQouxh, core: kDMpobbKsuVTByTIKUpe, pull: UPDBtTdCvX748dtBlWYj, one_arm_pullup: cC0BOmm6KIqYAyQynEIo} @ https://out-run-hf3b2s6td-davids-projects-0d6e1f97.vercel.app/_next/static/chunks/2390-dc57abc8d12f6b2f.js:0
[   78904ms] [LOG] [DEBUG-RESOLVER] Incoming Category: handstand Resolved Candidate IDs: [handstand, IOfBZFeorTTDkcz3tOA6] @ https://out-run-hf3b2s6td-davids-projects-0d6e1f97.vercel.app/_next/static/chunks/2390-dc57abc8d12f6b2f.js:0
[   78904ms] [LOG] [DEBUG-RESOLVER] loadCategoryMap built: {human_flag: EtY8YCol0qpF6DzgcTx1, push: J0fLpmJhG0KDN2tQouxh, core: kDMpobbKsuVTByTIKUpe, pull: UPDBtTdCvX748dtBlWYj, one_arm_pullup: cC0BOmm6KIqYAyQynEIo} @ https://out-run-hf3b2s6td-davids-projects-0d6e1f97.vercel.app/_next/static/chunks/2390-dc57abc8d12f6b2f.js:0
[   78904ms] [LOG] [DEBUG-RESOLVER] Incoming Category: hspu Resolved Candidate IDs: [hspu, PAxprHuT7HjqrWU4wl0T] @ https://out-run-hf3b2s6td-davids-projects-0d6e1f97.vercel.app/_next/static/chunks/2390-dc57abc8d12f6b2f.js:0
[   78904ms] [LOG] [DEBUG-RESOLVER] loadCategoryMap built: {human_flag: EtY8YCol0qpF6DzgcTx1, push: J0fLpmJhG0KDN2tQouxh, core: kDMpobbKsuVTByTIKUpe, pull: UPDBtTdCvX748dtBlWYj, one_arm_pullup: cC0BOmm6KIqYAyQynEIo} @ https://out-run-hf3b2s6td-davids-projects-0d6e1f97.vercel.app/_next/static/chunks/2390-dc57abc8d12f6b2f.js:0
[   78904ms] [LOG] [DEBUG-RESOLVER] Incoming Category: one_arm_pullup Resolved Candidate IDs: [one_arm_pullup, cC0BOmm6KIqYAyQynEIo] @ https://out-run-hf3b2s6td-davids-projects-0d6e1f97.vercel.app/_next/static/chunks/2390-dc57abc8d12f6b2f.js:0
[   78904ms] [LOG] [DEBUG-FIRESTORE] Querying IDs: [muscle_up, fTLWzjP9gH2VNpamyCZF] Snapshot size returned: 0 @ https://out-run-hf3b2s6td-davids-projects-0d6e1f97.vercel.app/_next/static/chunks/2390-dc57abc8d12f6b2f.js:0
[   78904ms] [LOG] [DEBUG-FIRESTORE] showInOnboarding=true levels: [] (0 total) @ https://out-run-hf3b2s6td-davids-projects-0d6e1f97.vercel.app/_next/static/chunks/2390-dc57abc8d12f6b2f.js:0
[   78904ms] [LOG] [DEBUG-RESOLVER] Final onboarding levels for "muscle_up": [] (0 total) @ https://out-run-hf3b2s6td-davids-projects-0d6e1f97.vercel.app/_next/static/chunks/2390-dc57abc8d12f6b2f.js:0
[   79087ms] [LOG] [DEBUG-FIRESTORE] Querying IDs: [front_lever, mFcuYlNgKXLqWVUFo0zt] Snapshot size returned: 15 @ https://out-run-hf3b2s6td-davids-projects-0d6e1f97.vercel.app/_next/static/chunks/2390-dc57abc8d12f6b2f.js:0
[   79087ms] [LOG] [DEBUG-FIRESTORE] showInOnboarding=true levels: [1, 3, 5, 7, 9, 11, 13] (7 total) @ https://out-run-hf3b2s6td-davids-projects-0d6e1f97.vercel.app/_next/static/chunks/2390-dc57abc8d12f6b2f.js:0
[   79087ms] [LOG] [DEBUG-RESOLVER] Final onboarding levels for "front_lever": [1, 3, 5, 7, 9, 11, 13] (7 total) @ https://out-run-hf3b2s6td-davids-projects-0d6e1f97.vercel.app/_next/static/chunks/2390-dc57abc8d12f6b2f.js:0
[   79087ms] [LOG] [DEBUG-FIRESTORE] Querying IDs: [planche, pCI5NHXpowu2ySucqDn8] Snapshot size returned: 15 @ https://out-run-hf3b2s6td-davids-projects-0d6e1f97.vercel.app/_next/static/chunks/2390-dc57abc8d12f6b2f.js:0
[   79087ms] [LOG] [DEBUG-FIRESTORE] showInOnboarding=true levels: [1, 3, 5, 7, 10, 12, 13, 14, 15] (9 total) @ https://out-run-hf3b2s6td-davids-projects-0d6e1f97.vercel.app/_next/static/chunks/2390-dc57abc8d12f6b2f.js:0
[   79087ms] [LOG] [DEBUG-RESOLVER] Final onboarding levels for "planche": [1, 3, 5, 7, 10, 12, 13, 14, 15] (9 total) @ https://out-run-hf3b2s6td-davids-projects-0d6e1f97.vercel.app/_next/static/chunks/2390-dc57abc8d12f6b2f.js:0
[   79087ms] [LOG] [DEBUG-FIRESTORE] Querying IDs: [handstand, IOfBZFeorTTDkcz3tOA6] Snapshot size returned: 15 @ https://out-run-hf3b2s6td-davids-projects-0d6e1f97.vercel.app/_next/static/chunks/2390-dc57abc8d12f6b2f.js:0
[   79087ms] [LOG] [DEBUG-FIRESTORE] showInOnboarding=true levels: [] (0 total) @ https://out-run-hf3b2s6td-davids-projects-0d6e1f97.vercel.app/_next/static/chunks/2390-dc57abc8d12f6b2f.js:0
[   79087ms] [LOG] [DEBUG-RESOLVER] Final onboarding levels for "handstand": [] (0 total) @ https://out-run-hf3b2s6td-davids-projects-0d6e1f97.vercel.app/_next/static/chunks/2390-dc57abc8d12f6b2f.js:0
[   79088ms] [LOG] [DEBUG-FIRESTORE] Querying IDs: [hspu, PAxprHuT7HjqrWU4wl0T] Snapshot size returned: 15 @ https://out-run-hf3b2s6td-davids-projects-0d6e1f97.vercel.app/_next/static/chunks/2390-dc57abc8d12f6b2f.js:0
[   79088ms] [LOG] [DEBUG-FIRESTORE] showInOnboarding=true levels: [1, 3, 6, 8, 9, 10, 11, 12, 13, 14, 15] (11 total) @ https://out-run-hf3b2s6td-davids-projects-0d6e1f97.vercel.app/_next/static/chunks/2390-dc57abc8d12f6b2f.js:0
[   79088ms] [LOG] [DEBUG-RESOLVER] Final onboarding levels for "hspu": [1, 3, 6, 8, 9, 10, 11, 12, 13, 14, 15] (11 total) @ https://out-run-hf3b2s6td-davids-projects-0d6e1f97.vercel.app/_next/static/chunks/2390-dc57abc8d12f6b2f.js:0
[   79138ms] [LOG] [DEBUG-FIRESTORE] Querying IDs: [one_arm_pullup, cC0BOmm6KIqYAyQynEIo] Snapshot size returned: 15 @ https://out-run-hf3b2s6td-davids-projects-0d6e1f97.vercel.app/_next/static/chunks/2390-dc57abc8d12f6b2f.js:0
[   79138ms] [LOG] [DEBUG-FIRESTORE] showInOnboarding=true levels: [1, 4, 6, 7, 8, 10, 11, 13] (8 total) @ https://out-run-hf3b2s6td-davids-projects-0d6e1f97.vercel.app/_next/static/chunks/2390-dc57abc8d12f6b2f.js:0
[   79138ms] [LOG] [DEBUG-RESOLVER] Final onboarding levels for "one_arm_pullup": [1, 4, 6, 7, 8, 10, 11, 13] (8 total) @ https://out-run-hf3b2s6td-davids-projects-0d6e1f97.vercel.app/_next/static/chunks/2390-dc57abc8d12f6b2f.js:0
[  135781ms] [LOG] [DEBUG-PAGE] pathConfig.path: body_focus | categories passed to VisualSlider: [push, pull] | skipTier: true @ https://out-run-hf3b2s6td-davids-projects-0d6e1f97.vercel.app/_next/static/chunks/app/onboarding-new/assessment-visual/page-dea2a20291a856c2.js:0
[  135988ms] [LOG] [DEBUG-RESOLVER] loadCategoryMap built: {human_flag: EtY8YCol0qpF6DzgcTx1, push: J0fLpmJhG0KDN2tQouxh, core: kDMpobbKsuVTByTIKUpe, pull: UPDBtTdCvX748dtBlWYj, one_arm_pullup: cC0BOmm6KIqYAyQynEIo} @ https://out-run-hf3b2s6td-davids-projects-0d6e1f97.vercel.app/_next/static/chunks/2390-dc57abc8d12f6b2f.js:0
[  135988ms] [LOG] [DEBUG-RESOLVER] Incoming Category: push Resolved Candidate IDs: [push, J0fLpmJhG0KDN2tQouxh] @ https://out-run-hf3b2s6td-davids-projects-0d6e1f97.vercel.app/_next/static/chunks/2390-dc57abc8d12f6b2f.js:0
[  135988ms] [LOG] [DEBUG-RESOLVER] loadCategoryMap built: {human_flag: EtY8YCol0qpF6DzgcTx1, push: J0fLpmJhG0KDN2tQouxh, core: kDMpobbKsuVTByTIKUpe, pull: UPDBtTdCvX748dtBlWYj, one_arm_pullup: cC0BOmm6KIqYAyQynEIo} @ https://out-run-hf3b2s6td-davids-projects-0d6e1f97.vercel.app/_next/static/chunks/2390-dc57abc8d12f6b2f.js:0
[  135988ms] [LOG] [DEBUG-RESOLVER] Incoming Category: pull Resolved Candidate IDs: [pull, UPDBtTdCvX748dtBlWYj] @ https://out-run-hf3b2s6td-davids-projects-0d6e1f97.vercel.app/_next/static/chunks/2390-dc57abc8d12f6b2f.js:0
[  135989ms] [LOG] [DEBUG-PAGE] pathConfig.path: body_focus | categories passed to VisualSlider: [push, pull] | skipTier: true @ https://out-run-hf3b2s6td-davids-projects-0d6e1f97.vercel.app/_next/static/chunks/app/onboarding-new/assessment-visual/page-dea2a20291a856c2.js:0
[  135989ms] [LOG] [DEBUG-RESOLVER] Incoming Category: push Resolved Candidate IDs: [push, J0fLpmJhG0KDN2tQouxh] @ https://out-run-hf3b2s6td-davids-projects-0d6e1f97.vercel.app/_next/static/chunks/2390-dc57abc8d12f6b2f.js:0
[  135989ms] [LOG] [DEBUG-RESOLVER] Incoming Category: pull Resolved Candidate IDs: [pull, UPDBtTdCvX748dtBlWYj] @ https://out-run-hf3b2s6td-davids-projects-0d6e1f97.vercel.app/_next/static/chunks/2390-dc57abc8d12f6b2f.js:0
[  136307ms] [LOG] [DEBUG-FIRESTORE] Querying IDs: [push, J0fLpmJhG0KDN2tQouxh] Snapshot size returned: 25 @ https://out-run-hf3b2s6td-davids-projects-0d6e1f97.vercel.app/_next/static/chunks/2390-dc57abc8d12f6b2f.js:0
[  136307ms] [LOG] [DEBUG-FIRESTORE] showInOnboarding=true levels: [1, 4, 6, 9, 12, 14, 16, 18, 19, 20] (10 total) @ https://out-run-hf3b2s6td-davids-projects-0d6e1f97.vercel.app/_next/static/chunks/2390-dc57abc8d12f6b2f.js:0
[  136307ms] [LOG] [DEBUG-RESOLVER] Final onboarding levels for "push": [1, 4, 6, 9, 12, 14, 16, 18, 19, 20] (10 total) @ https://out-run-hf3b2s6td-davids-projects-0d6e1f97.vercel.app/_next/static/chunks/2390-dc57abc8d12f6b2f.js:0
[  136307ms] [LOG] [DEBUG-RESOLVER] resolveContent("push", 1) → programId="J0fLpmJhG0KDN2tQouxh" @ https://out-run-hf3b2s6td-davids-projects-0d6e1f97.vercel.app/_next/static/chunks/2390-dc57abc8d12f6b2f.js:0
[  136307ms] [LOG] [DEBUG-RESOLVER] resolveContent("push", 4) → programId="J0fLpmJhG0KDN2tQouxh" @ https://out-run-hf3b2s6td-davids-projects-0d6e1f97.vercel.app/_next/static/chunks/2390-dc57abc8d12f6b2f.js:0
[  136307ms] [LOG] [DEBUG-FIRESTORE] Querying IDs: [push, J0fLpmJhG0KDN2tQouxh] Snapshot size returned: 25 @ https://out-run-hf3b2s6td-davids-projects-0d6e1f97.vercel.app/_next/static/chunks/2390-dc57abc8d12f6b2f.js:0
[  136307ms] [LOG] [DEBUG-FIRESTORE] showInOnboarding=true levels: [1, 4, 6, 9, 12, 14, 16, 18, 19, 20] (10 total) @ https://out-run-hf3b2s6td-davids-projects-0d6e1f97.vercel.app/_next/static/chunks/2390-dc57abc8d12f6b2f.js:0
[  136307ms] [LOG] [DEBUG-RESOLVER] Final onboarding levels for "push": [1, 4, 6, 9, 12, 14, 16, 18, 19, 20] (10 total) @ https://out-run-hf3b2s6td-davids-projects-0d6e1f97.vercel.app/_next/static/chunks/2390-dc57abc8d12f6b2f.js:0
[  136307ms] [LOG] [DEBUG-RESOLVER] resolveContent("push", 1) → programId="J0fLpmJhG0KDN2tQouxh" @ https://out-run-hf3b2s6td-davids-projects-0d6e1f97.vercel.app/_next/static/chunks/2390-dc57abc8d12f6b2f.js:0
[  136307ms] [LOG] [DEBUG-RESOLVER] resolveContent("push", 4) → programId="J0fLpmJhG0KDN2tQouxh" @ https://out-run-hf3b2s6td-davids-projects-0d6e1f97.vercel.app/_next/static/chunks/2390-dc57abc8d12f6b2f.js:0
[  136308ms] [LOG] [DEBUG-FIRESTORE] Querying IDs: [pull, UPDBtTdCvX748dtBlWYj] Snapshot size returned: 25 @ https://out-run-hf3b2s6td-davids-projects-0d6e1f97.vercel.app/_next/static/chunks/2390-dc57abc8d12f6b2f.js:0
[  136308ms] [LOG] [DEBUG-FIRESTORE] showInOnboarding=true levels: [1, 4, 6, 10, 14, 17, 19, 20] (8 total) @ https://out-run-hf3b2s6td-davids-projects-0d6e1f97.vercel.app/_next/static/chunks/2390-dc57abc8d12f6b2f.js:0
[  136308ms] [LOG] [DEBUG-RESOLVER] Final onboarding levels for "pull": [1, 4, 6, 10, 14, 17, 19, 20] (8 total) @ https://out-run-hf3b2s6td-davids-projects-0d6e1f97.vercel.app/_next/static/chunks/2390-dc57abc8d12f6b2f.js:0
[  136308ms] [LOG] [DEBUG-RESOLVER] resolveContent("pull", 1) → programId="UPDBtTdCvX748dtBlWYj" @ https://out-run-hf3b2s6td-davids-projects-0d6e1f97.vercel.app/_next/static/chunks/2390-dc57abc8d12f6b2f.js:0
[  136308ms] [LOG] [DEBUG-RESOLVER] resolveContent("pull", 4) → programId="UPDBtTdCvX748dtBlWYj" @ https://out-run-hf3b2s6td-davids-projects-0d6e1f97.vercel.app/_next/static/chunks/2390-dc57abc8d12f6b2f.js:0
[  136308ms] [LOG] [DEBUG-FIRESTORE] Querying IDs: [pull, UPDBtTdCvX748dtBlWYj] Snapshot size returned: 25 @ https://out-run-hf3b2s6td-davids-projects-0d6e1f97.vercel.app/_next/static/chunks/2390-dc57abc8d12f6b2f.js:0
[  136308ms] [LOG] [DEBUG-FIRESTORE] showInOnboarding=true levels: [1, 4, 6, 10, 14, 17, 19, 20] (8 total) @ https://out-run-hf3b2s6td-davids-projects-0d6e1f97.vercel.app/_next/static/chunks/2390-dc57abc8d12f6b2f.js:0
[  136308ms] [LOG] [DEBUG-RESOLVER] Final onboarding levels for "pull": [1, 4, 6, 10, 14, 17, 19, 20] (8 total) @ https://out-run-hf3b2s6td-davids-projects-0d6e1f97.vercel.app/_next/static/chunks/2390-dc57abc8d12f6b2f.js:0
[  136308ms] [LOG] [DEBUG-RESOLVER] resolveContent("pull", 1) → programId="UPDBtTdCvX748dtBlWYj" @ https://out-run-hf3b2s6td-davids-projects-0d6e1f97.vercel.app/_next/static/chunks/2390-dc57abc8d12f6b2f.js:0
[  136308ms] [LOG] [DEBUG-RESOLVER] resolveContent("pull", 4) → programId="UPDBtTdCvX748dtBlWYj" @ https://out-run-hf3b2s6td-davids-projects-0d6e1f97.vercel.app/_next/static/chunks/2390-dc57abc8d12f6b2f.js:0
[  136464ms] [LOG] [VisualContentService] docToContent "J0fLpmJhG0KDN2tQouxh_1": {hasVideoVariantsField: true, hasVariantsField: false, rawType: array[0], parsedVariantsCount: 0, allTopLevelKeys: Array(14)} @ https://out-run-hf3b2s6td-davids-projects-0d6e1f97.vercel.app/_next/static/chunks/2390-dc57abc8d12f6b2f.js:0
[  136464ms] [LOG] [DEBUG-RESOLVER] attempt1 getVisualContentItem("J0fLpmJhG0KDN2tQouxh", 1) → FOUND @ https://out-run-hf3b2s6td-davids-projects-0d6e1f97.vercel.app/_next/static/chunks/2390-dc57abc8d12f6b2f.js:0
[  136464ms] [LOG] [VisualContentService] docToContent "J0fLpmJhG0KDN2tQouxh_1": {hasVideoVariantsField: true, hasVariantsField: false, rawType: array[0], parsedVariantsCount: 0, allTopLevelKeys: Array(14)} @ https://out-run-hf3b2s6td-davids-projects-0d6e1f97.vercel.app/_next/static/chunks/2390-dc57abc8d12f6b2f.js:0
[  136464ms] [LOG] [DEBUG-RESOLVER] attempt1 getVisualContentItem("J0fLpmJhG0KDN2tQouxh", 1) → FOUND @ https://out-run-hf3b2s6td-davids-projects-0d6e1f97.vercel.app/_next/static/chunks/2390-dc57abc8d12f6b2f.js:0
[  136464ms] [LOG] [VisualContentService] docToContent "J0fLpmJhG0KDN2tQouxh_4": {hasVideoVariantsField: true, hasVariantsField: false, rawType: array[0], parsedVariantsCount: 0, allTopLevelKeys: Array(14)} @ https://out-run-hf3b2s6td-davids-projects-0d6e1f97.vercel.app/_next/static/chunks/2390-dc57abc8d12f6b2f.js:0
[  136464ms] [LOG] [DEBUG-RESOLVER] attempt1 getVisualContentItem("J0fLpmJhG0KDN2tQouxh", 4) → FOUND @ https://out-run-hf3b2s6td-davids-projects-0d6e1f97.vercel.app/_next/static/chunks/2390-dc57abc8d12f6b2f.js:0
[  136464ms] [LOG] [VisualContentService] docToContent "J0fLpmJhG0KDN2tQouxh_4": {hasVideoVariantsField: true, hasVariantsField: false, rawType: array[0], parsedVariantsCount: 0, allTopLevelKeys: Array(14)} @ https://out-run-hf3b2s6td-davids-projects-0d6e1f97.vercel.app/_next/static/chunks/2390-dc57abc8d12f6b2f.js:0
[  136464ms] [LOG] [DEBUG-RESOLVER] attempt1 getVisualContentItem("J0fLpmJhG0KDN2tQouxh", 4) → FOUND @ https://out-run-hf3b2s6td-davids-projects-0d6e1f97.vercel.app/_next/static/chunks/2390-dc57abc8d12f6b2f.js:0
[  136464ms] [LOG] [VisualContentService] docToContent "UPDBtTdCvX748dtBlWYj_1": {hasVideoVariantsField: true, hasVariantsField: false, rawType: array[0], parsedVariantsCount: 0, allTopLevelKeys: Array(14)} @ https://out-run-hf3b2s6td-davids-projects-0d6e1f97.vercel.app/_next/static/chunks/2390-dc57abc8d12f6b2f.js:0
[  136464ms] [LOG] [DEBUG-RESOLVER] attempt1 getVisualContentItem("UPDBtTdCvX748dtBlWYj", 1) → FOUND @ https://out-run-hf3b2s6td-davids-projects-0d6e1f97.vercel.app/_next/static/chunks/2390-dc57abc8d12f6b2f.js:0
[  136464ms] [LOG] [VisualContentService] docToContent "UPDBtTdCvX748dtBlWYj_1": {hasVideoVariantsField: true, hasVariantsField: false, rawType: array[0], parsedVariantsCount: 0, allTopLevelKeys: Array(14)} @ https://out-run-hf3b2s6td-davids-projects-0d6e1f97.vercel.app/_next/static/chunks/2390-dc57abc8d12f6b2f.js:0
[  136464ms] [LOG] [DEBUG-RESOLVER] attempt1 getVisualContentItem("UPDBtTdCvX748dtBlWYj", 1) → FOUND @ https://out-run-hf3b2s6td-davids-projects-0d6e1f97.vercel.app/_next/static/chunks/2390-dc57abc8d12f6b2f.js:0
[  136464ms] [LOG] [VisualContentService] docToContent "UPDBtTdCvX748dtBlWYj_4": {hasVideoVariantsField: true, hasVariantsField: false, rawType: array[0], parsedVariantsCount: 0, allTopLevelKeys: Array(14)} @ https://out-run-hf3b2s6td-davids-projects-0d6e1f97.vercel.app/_next/static/chunks/2390-dc57abc8d12f6b2f.js:0
[  136464ms] [LOG] [DEBUG-RESOLVER] attempt1 getVisualContentItem("UPDBtTdCvX748dtBlWYj", 4) → FOUND @ https://out-run-hf3b2s6td-davids-projects-0d6e1f97.vercel.app/_next/static/chunks/2390-dc57abc8d12f6b2f.js:0
[  136464ms] [LOG] [VisualContentService] docToContent "UPDBtTdCvX748dtBlWYj_4": {hasVideoVariantsField: true, hasVariantsField: false, rawType: array[0], parsedVariantsCount: 0, allTopLevelKeys: Array(14)} @ https://out-run-hf3b2s6td-davids-projects-0d6e1f97.vercel.app/_next/static/chunks/2390-dc57abc8d12f6b2f.js:0
[  136464ms] [LOG] [DEBUG-RESOLVER] attempt1 getVisualContentItem("UPDBtTdCvX748dtBlWYj", 4) → FOUND @ https://out-run-hf3b2s6td-davids-projects-0d6e1f97.vercel.app/_next/static/chunks/2390-dc57abc8d12f6b2f.js:0
[  136682ms] [LOG] [ContentResolver] Level 1 — exercise video resolved: "שכיבות סמיכה ב-75°" → https://vz-b17872ab-7a7.b-cdn.net/b1e43b30-37e1-49f7-8c17-74… @ https://out-run-hf3b2s6td-davids-projects-0d6e1f97.vercel.app/_next/static/chunks/2390-dc57abc8d12f6b2f.js:0
[  136683ms] [LOG] [ContentResolver] Level 1 — exercise video resolved: "שכיבות סמיכה ב-75°" → https://vz-b17872ab-7a7.b-cdn.net/b1e43b30-37e1-49f7-8c17-74… @ https://out-run-hf3b2s6td-davids-projects-0d6e1f97.vercel.app/_next/static/chunks/2390-dc57abc8d12f6b2f.js:0
[  136683ms] [LOG] [ContentResolver] Level 4 — exercise video resolved: "שכיבות סמיכה ברכיים" → https://vz-b17872ab-7a7.b-cdn.net/7413db0b-1702-4acd-8072-8a… @ https://out-run-hf3b2s6td-davids-projects-0d6e1f97.vercel.app/_next/static/chunks/2390-dc57abc8d12f6b2f.js:0
[  136683ms] [LOG] [ContentResolver] Level 4 — exercise video resolved: "שכיבות סמיכה ברכיים" → https://vz-b17872ab-7a7.b-cdn.net/7413db0b-1702-4acd-8072-8a… @ https://out-run-hf3b2s6td-davids-projects-0d6e1f97.vercel.app/_next/static/chunks/2390-dc57abc8d12f6b2f.js:0
[  136684ms] [LOG] [ContentResolver] Level 1 — exercise video resolved: "חתירות ב-75°" → https://vz-b17872ab-7a7.b-cdn.net/90762fc3-e7d8-4070-a312-46… @ https://out-run-hf3b2s6td-davids-projects-0d6e1f97.vercel.app/_next/static/chunks/2390-dc57abc8d12f6b2f.js:0
[  136684ms] [LOG] [ContentResolver] Level 1 — exercise video resolved: "חתירות ב-75°" → https://vz-b17872ab-7a7.b-cdn.net/90762fc3-e7d8-4070-a312-46… @ https://out-run-hf3b2s6td-davids-projects-0d6e1f97.vercel.app/_next/static/chunks/2390-dc57abc8d12f6b2f.js:0
[  136684ms] [LOG] [ContentResolver] Level 4 — exercise video resolved: "חתירות ב-15° עם ברכיים כפופות" → https://vz-b17872ab-7a7.b-cdn.net/65b8ee9b-baf7-4ed1-834a-2f… @ https://out-run-hf3b2s6td-davids-projects-0d6e1f97.vercel.app/_next/static/chunks/2390-dc57abc8d12f6b2f.js:0
[  136684ms] [LOG] [ContentResolver] Level 4 — exercise video resolved: "חתירות ב-15° עם ברכיים כפופות" → https://vz-b17872ab-7a7.b-cdn.net/65b8ee9b-baf7-4ed1-834a-2f… @ https://out-run-hf3b2s6td-davids-projects-0d6e1f97.vercel.app/_next/static/chunks/2390-dc57abc8d12f6b2f.js:0
