[    2614ms] [LOG] [DEBUG-PAGE] pathConfig.path: body_focus | categories passed to VisualSlider: [push, pull, legs, core] | skipTier: true @ https://out-run-app-git-worktree-streng-98e01f-davids-projects-0d6e1f97.vercel.app/_next/static/chunks/app/onboarding-new/assessment-visual/page-409b79241f638119.js:0
[    3033ms] [WARNING] [2026-09-22T18:04:34.807Z]  @firebase/auth: Auth (12.6.0): Error while retrieving App Check token: FirebaseError: AppCheck: ReCAPTCHA error. (appCheck/recaptcha-error). @ https://out-run-app-git-worktree-streng-98e01f-davids-projects-0d6e1f97.vercel.app/_next/static/chunks/2532-16f59635ee5a761a.js:14
[    3549ms] [ERROR] Access to manifest at 'https://vercel.com/sso-api?url=https%3A%2F%2Fout-run-app-git-worktree-streng-98e01f-davids-projects-0d6e1f97.vercel.app%2Fmanifest.json&nonce=f50e5c71d2e274a47fb2915638bb82bc1b52c3506f1c1c7e8ca3a7b39d76e040' (redirected from 'https://out-run-app-git-worktree-streng-98e01f-davids-projects-0d6e1f97.vercel.app/manifest.json') from origin 'https://out-run-app-git-worktree-streng-98e01f-davids-projects-0d6e1f97.vercel.app' has been blocked by CORS policy: No 'Access-Control-Allow-Origin' header is present on the requested resource. @ https://out-run-app-git-worktree-streng-98e01f-davids-projects-0d6e1f97.vercel.app/onboarding-new/assessment-visual:0
[    3549ms] [ERROR] Failed to load resource: net::ERR_FAILED @ https://vercel.com/sso-api?url=https%3A%2F%2Fout-run-app-git-worktree-streng-98e01f-davids-projects-0d6e1f97.vercel.app%2Fmanifest.json&nonce=f50e5c71d2e274a47fb2915638bb82bc1b52c3506f1c1c7e8ca3a7b39d76e040:0
[    3949ms] [WARNING] [2026-09-22T18:04:35.724Z]  @firebase/auth: Auth (12.6.0): Error while retrieving App Check token: FirebaseError: AppCheck: ReCAPTCHA error. (appCheck/recaptcha-error). @ https://out-run-app-git-worktree-streng-98e01f-davids-projects-0d6e1f97.vercel.app/_next/static/chunks/2532-16f59635ee5a761a.js:14
[   66870ms] [LOG] [DEBUG-PAGE] pathConfig.path: body_focus | categories passed to VisualSlider: [push] | skipTier: true @ https://out-run-app-git-worktree-streng-98e01f-davids-projects-0d6e1f97.vercel.app/_next/static/chunks/app/onboarding-new/assessment-visual/page-409b79241f638119.js:0
[   67100ms] [LOG] [DEBUG-RESOLVER] loadCategoryMap built: {human_flag: EtY8YCol0qpF6DzgcTx1, push: J0fLpmJhG0KDN2tQouxh, core: kDMpobbKsuVTByTIKUpe, pull: UPDBtTdCvX748dtBlWYj, one_arm_pullup: cC0BOmm6KIqYAyQynEIo} @ https://out-run-app-git-worktree-streng-98e01f-davids-projects-0d6e1f97.vercel.app/_next/static/chunks/5677-434fffbada2ccb6e.js:0
[   67100ms] [LOG] [DEBUG-RESOLVER] Incoming Category: push Resolved Candidate IDs: [push, J0fLpmJhG0KDN2tQouxh] @ https://out-run-app-git-worktree-streng-98e01f-davids-projects-0d6e1f97.vercel.app/_next/static/chunks/5677-434fffbada2ccb6e.js:0
[   67102ms] [LOG] [DEBUG-PAGE] pathConfig.path: body_focus | categories passed to VisualSlider: [push] | skipTier: true @ https://out-run-app-git-worktree-streng-98e01f-davids-projects-0d6e1f97.vercel.app/_next/static/chunks/app/onboarding-new/assessment-visual/page-409b79241f638119.js:0
[   67102ms] [LOG] [DEBUG-RESOLVER] Incoming Category: push Resolved Candidate IDs: [push, J0fLpmJhG0KDN2tQouxh] @ https://out-run-app-git-worktree-streng-98e01f-davids-projects-0d6e1f97.vercel.app/_next/static/chunks/5677-434fffbada2ccb6e.js:0
[   67283ms] [LOG] [DEBUG-FIRESTORE] Querying IDs: [push, J0fLpmJhG0KDN2tQouxh] Snapshot size returned: 25 @ https://out-run-app-git-worktree-streng-98e01f-davids-projects-0d6e1f97.vercel.app/_next/static/chunks/5677-434fffbada2ccb6e.js:0
[   67284ms] [LOG] [DEBUG-FIRESTORE] showInOnboarding=true levels: [1, 4, 6, 9, 12, 14, 16, 18, 19, 20] (10 total) @ https://out-run-app-git-worktree-streng-98e01f-davids-projects-0d6e1f97.vercel.app/_next/static/chunks/5677-434fffbada2ccb6e.js:0
[   67284ms] [LOG] [DEBUG-RESOLVER] Final onboarding levels for "push": [1, 4, 6, 9, 12, 14, 16, 18, 19, 20] (10 total) @ https://out-run-app-git-worktree-streng-98e01f-davids-projects-0d6e1f97.vercel.app/_next/static/chunks/5677-434fffbada2ccb6e.js:0
[   67284ms] [LOG] [DEBUG-RESOLVER] resolveContent("push", 1) → programId="J0fLpmJhG0KDN2tQouxh" @ https://out-run-app-git-worktree-streng-98e01f-davids-projects-0d6e1f97.vercel.app/_next/static/chunks/5677-434fffbada2ccb6e.js:0
[   67284ms] [LOG] [DEBUG-RESOLVER] resolveContent("push", 4) → programId="J0fLpmJhG0KDN2tQouxh" @ https://out-run-app-git-worktree-streng-98e01f-davids-projects-0d6e1f97.vercel.app/_next/static/chunks/5677-434fffbada2ccb6e.js:0
[   67285ms] [LOG] [DEBUG-FIRESTORE] Querying IDs: [push, J0fLpmJhG0KDN2tQouxh] Snapshot size returned: 25 @ https://out-run-app-git-worktree-streng-98e01f-davids-projects-0d6e1f97.vercel.app/_next/static/chunks/5677-434fffbada2ccb6e.js:0
[   67285ms] [LOG] [DEBUG-FIRESTORE] showInOnboarding=true levels: [1, 4, 6, 9, 12, 14, 16, 18, 19, 20] (10 total) @ https://out-run-app-git-worktree-streng-98e01f-davids-projects-0d6e1f97.vercel.app/_next/static/chunks/5677-434fffbada2ccb6e.js:0
[   67286ms] [LOG] [DEBUG-RESOLVER] Final onboarding levels for "push": [1, 4, 6, 9, 12, 14, 16, 18, 19, 20] (10 total) @ https://out-run-app-git-worktree-streng-98e01f-davids-projects-0d6e1f97.vercel.app/_next/static/chunks/5677-434fffbada2ccb6e.js:0
[   67286ms] [LOG] [DEBUG-RESOLVER] resolveContent("push", 1) → programId="J0fLpmJhG0KDN2tQouxh" @ https://out-run-app-git-worktree-streng-98e01f-davids-projects-0d6e1f97.vercel.app/_next/static/chunks/5677-434fffbada2ccb6e.js:0
[   67286ms] [LOG] [DEBUG-RESOLVER] resolveContent("push", 4) → programId="J0fLpmJhG0KDN2tQouxh" @ https://out-run-app-git-worktree-streng-98e01f-davids-projects-0d6e1f97.vercel.app/_next/static/chunks/5677-434fffbada2ccb6e.js:0
[   67431ms] [LOG] [VisualContentService] docToContent "J0fLpmJhG0KDN2tQouxh_1": {hasVideoVariantsField: true, hasVariantsField: false, rawType: array[0], parsedVariantsCount: 0, allTopLevelKeys: Array(14)} @ https://out-run-app-git-worktree-streng-98e01f-davids-projects-0d6e1f97.vercel.app/_next/static/chunks/5677-434fffbada2ccb6e.js:0
[   67432ms] [LOG] [DEBUG-RESOLVER] attempt1 getVisualContentItem("J0fLpmJhG0KDN2tQouxh", 1) → FOUND @ https://out-run-app-git-worktree-streng-98e01f-davids-projects-0d6e1f97.vercel.app/_next/static/chunks/5677-434fffbada2ccb6e.js:0
[   67432ms] [LOG] [VisualContentService] docToContent "J0fLpmJhG0KDN2tQouxh_1": {hasVideoVariantsField: true, hasVariantsField: false, rawType: array[0], parsedVariantsCount: 0, allTopLevelKeys: Array(14)} @ https://out-run-app-git-worktree-streng-98e01f-davids-projects-0d6e1f97.vercel.app/_next/static/chunks/5677-434fffbada2ccb6e.js:0
[   67432ms] [LOG] [DEBUG-RESOLVER] attempt1 getVisualContentItem("J0fLpmJhG0KDN2tQouxh", 1) → FOUND @ https://out-run-app-git-worktree-streng-98e01f-davids-projects-0d6e1f97.vercel.app/_next/static/chunks/5677-434fffbada2ccb6e.js:0
[   67432ms] [LOG] [VisualContentService] docToContent "J0fLpmJhG0KDN2tQouxh_4": {hasVideoVariantsField: true, hasVariantsField: false, rawType: array[0], parsedVariantsCount: 0, allTopLevelKeys: Array(14)} @ https://out-run-app-git-worktree-streng-98e01f-davids-projects-0d6e1f97.vercel.app/_next/static/chunks/5677-434fffbada2ccb6e.js:0
[   67433ms] [LOG] [DEBUG-RESOLVER] attempt1 getVisualContentItem("J0fLpmJhG0KDN2tQouxh", 4) → FOUND @ https://out-run-app-git-worktree-streng-98e01f-davids-projects-0d6e1f97.vercel.app/_next/static/chunks/5677-434fffbada2ccb6e.js:0
[   67433ms] [LOG] [VisualContentService] docToContent "J0fLpmJhG0KDN2tQouxh_4": {hasVideoVariantsField: true, hasVariantsField: false, rawType: array[0], parsedVariantsCount: 0, allTopLevelKeys: Array(14)} @ https://out-run-app-git-worktree-streng-98e01f-davids-projects-0d6e1f97.vercel.app/_next/static/chunks/5677-434fffbada2ccb6e.js:0
[   67433ms] [LOG] [DEBUG-RESOLVER] attempt1 getVisualContentItem("J0fLpmJhG0KDN2tQouxh", 4) → FOUND @ https://out-run-app-git-worktree-streng-98e01f-davids-projects-0d6e1f97.vercel.app/_next/static/chunks/5677-434fffbada2ccb6e.js:0
[   67591ms] [LOG] [ContentResolver] Level 1 — exercise video resolved: "שכיבות סמיכה ב-75°" → https://vz-b17872ab-7a7.b-cdn.net/b1e43b30-37e1-49f7-8c17-74… @ https://out-run-app-git-worktree-streng-98e01f-davids-projects-0d6e1f97.vercel.app/_next/static/chunks/5677-434fffbada2ccb6e.js:0
[   67592ms] [LOG] [ContentResolver] Level 1 — exercise video resolved: "שכיבות סמיכה ב-75°" → https://vz-b17872ab-7a7.b-cdn.net/b1e43b30-37e1-49f7-8c17-74… @ https://out-run-app-git-worktree-streng-98e01f-davids-projects-0d6e1f97.vercel.app/_next/static/chunks/5677-434fffbada2ccb6e.js:0
[   67593ms] [LOG] [ContentResolver] Level 4 — exercise video resolved: "שכיבות סמיכה ברכיים" → https://vz-b17872ab-7a7.b-cdn.net/7413db0b-1702-4acd-8072-8a… @ https://out-run-app-git-worktree-streng-98e01f-davids-projects-0d6e1f97.vercel.app/_next/static/chunks/5677-434fffbada2ccb6e.js:0
[   67593ms] [LOG] [ContentResolver] Level 4 — exercise video resolved: "שכיבות סמיכה ברכיים" → https://vz-b17872ab-7a7.b-cdn.net/7413db0b-1702-4acd-8072-8a… @ https://out-run-app-git-worktree-streng-98e01f-davids-projects-0d6e1f97.vercel.app/_next/static/chunks/5677-434fffbada2ccb6e.js:0
[   78864ms] [LOG] [DEBUG-RESOLVER] Incoming Category: push Resolved Candidate IDs: [push, J0fLpmJhG0KDN2tQouxh] @ https://out-run-app-git-worktree-streng-98e01f-davids-projects-0d6e1f97.vercel.app/_next/static/chunks/5677-434fffbada2ccb6e.js:0
[   79000ms] [LOG] [DEBUG-FIRESTORE] Querying IDs: [push, J0fLpmJhG0KDN2tQouxh] Snapshot size returned: 25 @ https://out-run-app-git-worktree-streng-98e01f-davids-projects-0d6e1f97.vercel.app/_next/static/chunks/5677-434fffbada2ccb6e.js:0
[   79000ms] [LOG] [DEBUG-FIRESTORE] showInOnboarding=true levels: [1, 4, 6, 9, 12, 14, 16, 18, 19, 20] (10 total) @ https://out-run-app-git-worktree-streng-98e01f-davids-projects-0d6e1f97.vercel.app/_next/static/chunks/5677-434fffbada2ccb6e.js:0
[   79000ms] [LOG] [DEBUG-RESOLVER] Final onboarding levels for "push": [1, 4, 6, 9, 12, 14, 16, 18, 19, 20] (10 total) @ https://out-run-app-git-worktree-streng-98e01f-davids-projects-0d6e1f97.vercel.app/_next/static/chunks/5677-434fffbada2ccb6e.js:0
[   79005ms] [LOG] [DEBUG-RESOLVER] resolveContent("push", 1) → programId="J0fLpmJhG0KDN2tQouxh" @ https://out-run-app-git-worktree-streng-98e01f-davids-projects-0d6e1f97.vercel.app/_next/static/chunks/5677-434fffbada2ccb6e.js:0
[   79005ms] [LOG] [DEBUG-RESOLVER] resolveContent("push", 4) → programId="J0fLpmJhG0KDN2tQouxh" @ https://out-run-app-git-worktree-streng-98e01f-davids-projects-0d6e1f97.vercel.app/_next/static/chunks/5677-434fffbada2ccb6e.js:0
[   79005ms] [LOG] [DEBUG-RESOLVER] resolveContent("push", 6) → programId="J0fLpmJhG0KDN2tQouxh" @ https://out-run-app-git-worktree-streng-98e01f-davids-projects-0d6e1f97.vercel.app/_next/static/chunks/5677-434fffbada2ccb6e.js:0
[   79005ms] [LOG] [DEBUG-RESOLVER] resolveContent("push", 9) → programId="J0fLpmJhG0KDN2tQouxh" @ https://out-run-app-git-worktree-streng-98e01f-davids-projects-0d6e1f97.vercel.app/_next/static/chunks/5677-434fffbada2ccb6e.js:0
[   79005ms] [LOG] [DEBUG-RESOLVER] resolveContent("push", 12) → programId="J0fLpmJhG0KDN2tQouxh" @ https://out-run-app-git-worktree-streng-98e01f-davids-projects-0d6e1f97.vercel.app/_next/static/chunks/5677-434fffbada2ccb6e.js:0
[   79005ms] [LOG] [DEBUG-RESOLVER] resolveContent("push", 14) → programId="J0fLpmJhG0KDN2tQouxh" @ https://out-run-app-git-worktree-streng-98e01f-davids-projects-0d6e1f97.vercel.app/_next/static/chunks/5677-434fffbada2ccb6e.js:0
[   79005ms] [LOG] [DEBUG-RESOLVER] resolveContent("push", 16) → programId="J0fLpmJhG0KDN2tQouxh" @ https://out-run-app-git-worktree-streng-98e01f-davids-projects-0d6e1f97.vercel.app/_next/static/chunks/5677-434fffbada2ccb6e.js:0
[   79005ms] [LOG] [DEBUG-RESOLVER] resolveContent("push", 18) → programId="J0fLpmJhG0KDN2tQouxh" @ https://out-run-app-git-worktree-streng-98e01f-davids-projects-0d6e1f97.vercel.app/_next/static/chunks/5677-434fffbada2ccb6e.js:0
[   79005ms] [LOG] [DEBUG-RESOLVER] resolveContent("push", 19) → programId="J0fLpmJhG0KDN2tQouxh" @ https://out-run-app-git-worktree-streng-98e01f-davids-projects-0d6e1f97.vercel.app/_next/static/chunks/5677-434fffbada2ccb6e.js:0
[   79005ms] [LOG] [DEBUG-RESOLVER] resolveContent("push", 20) → programId="J0fLpmJhG0KDN2tQouxh" @ https://out-run-app-git-worktree-streng-98e01f-davids-projects-0d6e1f97.vercel.app/_next/static/chunks/5677-434fffbada2ccb6e.js:0
[   79005ms] [LOG] [DEBUG-RESOLVER] resolveContent("push", 1) → programId="J0fLpmJhG0KDN2tQouxh" @ https://out-run-app-git-worktree-streng-98e01f-davids-projects-0d6e1f97.vercel.app/_next/static/chunks/5677-434fffbada2ccb6e.js:0
[   79006ms] [LOG] [DEBUG-RESOLVER] resolveContent("push", 2) → programId="J0fLpmJhG0KDN2tQouxh" @ https://out-run-app-git-worktree-streng-98e01f-davids-projects-0d6e1f97.vercel.app/_next/static/chunks/5677-434fffbada2ccb6e.js:0
[   79006ms] [LOG] [DEBUG-RESOLVER] resolveContent("push", 2) → programId="J0fLpmJhG0KDN2tQouxh" @ https://out-run-app-git-worktree-streng-98e01f-davids-projects-0d6e1f97.vercel.app/_next/static/chunks/5677-434fffbada2ccb6e.js:0
[   79186ms] [LOG] [VisualContentService] docToContent "J0fLpmJhG0KDN2tQouxh_6": {hasVideoVariantsField: true, hasVariantsField: false, rawType: array[0], parsedVariantsCount: 0, allTopLevelKeys: Array(14)} @ https://out-run-app-git-worktree-streng-98e01f-davids-projects-0d6e1f97.vercel.app/_next/static/chunks/5677-434fffbada2ccb6e.js:0
[   79186ms] [LOG] [DEBUG-RESOLVER] attempt1 getVisualContentItem("J0fLpmJhG0KDN2tQouxh", 6) → FOUND @ https://out-run-app-git-worktree-streng-98e01f-davids-projects-0d6e1f97.vercel.app/_next/static/chunks/5677-434fffbada2ccb6e.js:0
[   79249ms] [LOG] [VisualContentService] docToContent "J0fLpmJhG0KDN2tQouxh_9": {hasVideoVariantsField: true, hasVariantsField: false, rawType: array[0], parsedVariantsCount: 0, allTopLevelKeys: Array(14)} @ https://out-run-app-git-worktree-streng-98e01f-davids-projects-0d6e1f97.vercel.app/_next/static/chunks/5677-434fffbada2ccb6e.js:0
[   79249ms] [LOG] [DEBUG-RESOLVER] attempt1 getVisualContentItem("J0fLpmJhG0KDN2tQouxh", 9) → FOUND @ https://out-run-app-git-worktree-streng-98e01f-davids-projects-0d6e1f97.vercel.app/_next/static/chunks/5677-434fffbada2ccb6e.js:0
[   79249ms] [LOG] [VisualContentService] docToContent "J0fLpmJhG0KDN2tQouxh_12": {hasVideoVariantsField: true, hasVariantsField: false, rawType: array[0], parsedVariantsCount: 0, allTopLevelKeys: Array(14)} @ https://out-run-app-git-worktree-streng-98e01f-davids-projects-0d6e1f97.vercel.app/_next/static/chunks/5677-434fffbada2ccb6e.js:0
[   79249ms] [LOG] [DEBUG-RESOLVER] attempt1 getVisualContentItem("J0fLpmJhG0KDN2tQouxh", 12) → FOUND @ https://out-run-app-git-worktree-streng-98e01f-davids-projects-0d6e1f97.vercel.app/_next/static/chunks/5677-434fffbada2ccb6e.js:0
[   79249ms] [LOG] [VisualContentService] docToContent "J0fLpmJhG0KDN2tQouxh_14": {hasVideoVariantsField: true, hasVariantsField: false, rawType: array[0], parsedVariantsCount: 0, allTopLevelKeys: Array(14)} @ https://out-run-app-git-worktree-streng-98e01f-davids-projects-0d6e1f97.vercel.app/_next/static/chunks/5677-434fffbada2ccb6e.js:0
[   79249ms] [LOG] [DEBUG-RESOLVER] attempt1 getVisualContentItem("J0fLpmJhG0KDN2tQouxh", 14) → FOUND @ https://out-run-app-git-worktree-streng-98e01f-davids-projects-0d6e1f97.vercel.app/_next/static/chunks/5677-434fffbada2ccb6e.js:0
[   79249ms] [LOG] [VisualContentService] docToContent "J0fLpmJhG0KDN2tQouxh_16": {hasVideoVariantsField: true, hasVariantsField: false, rawType: array[0], parsedVariantsCount: 0, allTopLevelKeys: Array(14)} @ https://out-run-app-git-worktree-streng-98e01f-davids-projects-0d6e1f97.vercel.app/_next/static/chunks/5677-434fffbada2ccb6e.js:0
[   79249ms] [LOG] [DEBUG-RESOLVER] attempt1 getVisualContentItem("J0fLpmJhG0KDN2tQouxh", 16) → FOUND @ https://out-run-app-git-worktree-streng-98e01f-davids-projects-0d6e1f97.vercel.app/_next/static/chunks/5677-434fffbada2ccb6e.js:0
[   79249ms] [LOG] [VisualContentService] docToContent "J0fLpmJhG0KDN2tQouxh_18": {hasVideoVariantsField: true, hasVariantsField: false, rawType: array[0], parsedVariantsCount: 0, allTopLevelKeys: Array(14)} @ https://out-run-app-git-worktree-streng-98e01f-davids-projects-0d6e1f97.vercel.app/_next/static/chunks/5677-434fffbada2ccb6e.js:0
[   79249ms] [LOG] [DEBUG-RESOLVER] attempt1 getVisualContentItem("J0fLpmJhG0KDN2tQouxh", 18) → FOUND @ https://out-run-app-git-worktree-streng-98e01f-davids-projects-0d6e1f97.vercel.app/_next/static/chunks/5677-434fffbada2ccb6e.js:0
[   79311ms] [LOG] [VisualContentService] docToContent "J0fLpmJhG0KDN2tQouxh_19": {hasVideoVariantsField: true, hasVariantsField: false, rawType: array[0], parsedVariantsCount: 0, allTopLevelKeys: Array(14)} @ https://out-run-app-git-worktree-streng-98e01f-davids-projects-0d6e1f97.vercel.app/_next/static/chunks/5677-434fffbada2ccb6e.js:0
[   79311ms] [LOG] [DEBUG-RESOLVER] attempt1 getVisualContentItem("J0fLpmJhG0KDN2tQouxh", 19) → FOUND @ https://out-run-app-git-worktree-streng-98e01f-davids-projects-0d6e1f97.vercel.app/_next/static/chunks/5677-434fffbada2ccb6e.js:0
[   79311ms] [LOG] [VisualContentService] docToContent "J0fLpmJhG0KDN2tQouxh_20": {hasVideoVariantsField: true, hasVariantsField: false, rawType: array[0], parsedVariantsCount: 0, allTopLevelKeys: Array(14)} @ https://out-run-app-git-worktree-streng-98e01f-davids-projects-0d6e1f97.vercel.app/_next/static/chunks/5677-434fffbada2ccb6e.js:0
[   79311ms] [LOG] [DEBUG-RESOLVER] attempt1 getVisualContentItem("J0fLpmJhG0KDN2tQouxh", 20) → FOUND @ https://out-run-app-git-worktree-streng-98e01f-davids-projects-0d6e1f97.vercel.app/_next/static/chunks/5677-434fffbada2ccb6e.js:0
[   79311ms] [LOG] [VisualContentService] docToContent "J0fLpmJhG0KDN2tQouxh_2": {hasVideoVariantsField: true, hasVariantsField: false, rawType: array[0], parsedVariantsCount: 0, allTopLevelKeys: Array(14)} @ https://out-run-app-git-worktree-streng-98e01f-davids-projects-0d6e1f97.vercel.app/_next/static/chunks/5677-434fffbada2ccb6e.js:0
[   79311ms] [LOG] [DEBUG-RESOLVER] attempt1 getVisualContentItem("J0fLpmJhG0KDN2tQouxh", 2) → FOUND @ https://out-run-app-git-worktree-streng-98e01f-davids-projects-0d6e1f97.vercel.app/_next/static/chunks/5677-434fffbada2ccb6e.js:0
[   79311ms] [LOG] [VisualContentService] docToContent "J0fLpmJhG0KDN2tQouxh_2": {hasVideoVariantsField: true, hasVariantsField: false, rawType: array[0], parsedVariantsCount: 0, allTopLevelKeys: Array(14)} @ https://out-run-app-git-worktree-streng-98e01f-davids-projects-0d6e1f97.vercel.app/_next/static/chunks/5677-434fffbada2ccb6e.js:0
[   79311ms] [LOG] [DEBUG-RESOLVER] attempt1 getVisualContentItem("J0fLpmJhG0KDN2tQouxh", 2) → FOUND @ https://out-run-app-git-worktree-streng-98e01f-davids-projects-0d6e1f97.vercel.app/_next/static/chunks/5677-434fffbada2ccb6e.js:0
[   79314ms] [LOG] [ContentResolver] Level 6 — exercise video resolved: "מקבילים עם גומייה עבה" → https://vz-b17872ab-7a7.b-cdn.net/c6e95235-2dd7-481b-92ad-9e… @ https://out-run-app-git-worktree-streng-98e01f-davids-projects-0d6e1f97.vercel.app/_next/static/chunks/5677-434fffbada2ccb6e.js:0
[   79402ms] [LOG] [ContentResolver] Level 9 — exercise video resolved: "מקבילים אקצנטרי" → https://vz-b17872ab-7a7.b-cdn.net/0cf4aa4f-997b-4ff6-8243-c5… @ https://out-run-app-git-worktree-streng-98e01f-davids-projects-0d6e1f97.vercel.app/_next/static/chunks/5677-434fffbada2ccb6e.js:0
[   79402ms] [LOG] [ContentResolver] Level 12 — exercise video resolved: "ישיבת L" → https://vz-b17872ab-7a7.b-cdn.net/ff5f0220-761e-4805-9f96-74… @ https://out-run-app-git-worktree-streng-98e01f-davids-projects-0d6e1f97.vercel.app/_next/static/chunks/5677-434fffbada2ccb6e.js:0
[   79405ms] [LOG] [ContentResolver] Level 14 — exercise video resolved: "מקבילים על טבעות" → https://vz-b17872ab-7a7.b-cdn.net/7a815617-f091-41cd-a8f2-6f… @ https://out-run-app-git-worktree-streng-98e01f-davids-projects-0d6e1f97.vercel.app/_next/static/chunks/5677-434fffbada2ccb6e.js:0
[   79405ms] [LOG] [ContentResolver] Level 16 — exercise video resolved: "פלאנץ׳ בטאק" → https://vz-b17872ab-7a7.b-cdn.net/912c9beb-a881-4593-980b-38… @ https://out-run-app-git-worktree-streng-98e01f-davids-projects-0d6e1f97.vercel.app/_next/static/chunks/5677-434fffbada2ccb6e.js:0
[   79406ms] [LOG] [ContentResolver] Level 18 — exercise video resolved: "שכיבות סמיכה פלאנץ׳ טאק" → https://vz-b17872ab-7a7.b-cdn.net/849d609d-13fd-4bf6-ad46-7d… @ https://out-run-app-git-worktree-streng-98e01f-davids-projects-0d6e1f97.vercel.app/_next/static/chunks/5677-434fffbada2ccb6e.js:0
[   79740ms] [LOG] [ContentResolver] Level 19 — exercise video resolved: "שכיבות סמיכה בעמידת ידיים חזה לקיר" → https://vz-b17872ab-7a7.b-cdn.net/97901438-7f7a-43d1-9fa3-1a… @ https://out-run-app-git-worktree-streng-98e01f-davids-projects-0d6e1f97.vercel.app/_next/static/chunks/5677-434fffbada2ccb6e.js:0
[   79740ms] [LOG] [VisualContentService] docToContent "J0fLpmJhG0KDN2tQouxh_19": {hasVideoVariantsField: true, hasVariantsField: false, rawType: array[0], parsedVariantsCount: 0, allTopLevelKeys: Array(14)} @ https://out-run-app-git-worktree-streng-98e01f-davids-projects-0d6e1f97.vercel.app/_next/static/chunks/5677-434fffbada2ccb6e.js:0
[   79741ms] [LOG] [ContentResolver] Level 2 — exercise video resolved: "שכיבות סמיכה ב-45°" → https://vz-b17872ab-7a7.b-cdn.net/bb502550-744f-46e3-8b18-62… @ https://out-run-app-git-worktree-streng-98e01f-davids-projects-0d6e1f97.vercel.app/_next/static/chunks/5677-434fffbada2ccb6e.js:0
[   79742ms] [LOG] [ContentResolver] Level 2 — exercise video resolved: "שכיבות סמיכה ב-45°" → https://vz-b17872ab-7a7.b-cdn.net/bb502550-744f-46e3-8b18-62… @ https://out-run-app-git-worktree-streng-98e01f-davids-projects-0d6e1f97.vercel.app/_next/static/chunks/5677-434fffbada2ccb6e.js:0
[   79901ms] [LOG] [VisualContentService] docToContent "J0fLpmJhG0KDN2tQouxh_18": {hasVideoVariantsField: true, hasVariantsField: false, rawType: array[0], parsedVariantsCount: 0, allTopLevelKeys: Array(14)} @ https://out-run-app-git-worktree-streng-98e01f-davids-projects-0d6e1f97.vercel.app/_next/static/chunks/5677-434fffbada2ccb6e.js:0
[   80035ms] [LOG] [VisualContentService] docToContent "J0fLpmJhG0KDN2tQouxh_17": {hasVideoVariantsField: true, hasVariantsField: false, rawType: array[0], parsedVariantsCount: 0, allTopLevelKeys: Array(14)} @ https://out-run-app-git-worktree-streng-98e01f-davids-projects-0d6e1f97.vercel.app/_next/static/chunks/5677-434fffbada2ccb6e.js:0
[   80168ms] [LOG] [VisualContentService] docToContent "J0fLpmJhG0KDN2tQouxh_16": {hasVideoVariantsField: true, hasVariantsField: false, rawType: array[0], parsedVariantsCount: 0, allTopLevelKeys: Array(14)} @ https://out-run-app-git-worktree-streng-98e01f-davids-projects-0d6e1f97.vercel.app/_next/static/chunks/5677-434fffbada2ccb6e.js:0
[   80285ms] [LOG] [VisualContentService] docToContent "J0fLpmJhG0KDN2tQouxh_15": {hasVideoVariantsField: true, hasVariantsField: false, rawType: array[0], parsedVariantsCount: 0, allTopLevelKeys: Array(14)} @ https://out-run-app-git-worktree-streng-98e01f-davids-projects-0d6e1f97.vercel.app/_next/static/chunks/5677-434fffbada2ccb6e.js:0
[   80446ms] [LOG] [VisualContentService] docToContent "J0fLpmJhG0KDN2tQouxh_14": {hasVideoVariantsField: true, hasVariantsField: false, rawType: array[0], parsedVariantsCount: 0, allTopLevelKeys: Array(14)} @ https://out-run-app-git-worktree-streng-98e01f-davids-projects-0d6e1f97.vercel.app/_next/static/chunks/5677-434fffbada2ccb6e.js:0
[   80568ms] [LOG] [VisualContentService] docToContent "J0fLpmJhG0KDN2tQouxh_13": {hasVideoVariantsField: true, hasVariantsField: false, rawType: array[0], parsedVariantsCount: 0, allTopLevelKeys: Array(14)} @ https://out-run-app-git-worktree-streng-98e01f-davids-projects-0d6e1f97.vercel.app/_next/static/chunks/5677-434fffbada2ccb6e.js:0
[   80711ms] [LOG] [VisualContentService] docToContent "J0fLpmJhG0KDN2tQouxh_12": {hasVideoVariantsField: true, hasVariantsField: false, rawType: array[0], parsedVariantsCount: 0, allTopLevelKeys: Array(14)} @ https://out-run-app-git-worktree-streng-98e01f-davids-projects-0d6e1f97.vercel.app/_next/static/chunks/5677-434fffbada2ccb6e.js:0
[   80866ms] [LOG] [VisualContentService] docToContent "J0fLpmJhG0KDN2tQouxh_11": {hasVideoVariantsField: true, hasVariantsField: false, rawType: array[0], parsedVariantsCount: 0, allTopLevelKeys: Array(14)} @ https://out-run-app-git-worktree-streng-98e01f-davids-projects-0d6e1f97.vercel.app/_next/static/chunks/5677-434fffbada2ccb6e.js:0
[   81052ms] [LOG] [VisualContentService] docToContent "J0fLpmJhG0KDN2tQouxh_10": {hasVideoVariantsField: true, hasVariantsField: false, rawType: array[0], parsedVariantsCount: 0, allTopLevelKeys: Array(14)} @ https://out-run-app-git-worktree-streng-98e01f-davids-projects-0d6e1f97.vercel.app/_next/static/chunks/5677-434fffbada2ccb6e.js:0
[   81167ms] [LOG] [VisualContentService] docToContent "J0fLpmJhG0KDN2tQouxh_9": {hasVideoVariantsField: true, hasVariantsField: false, rawType: array[0], parsedVariantsCount: 0, allTopLevelKeys: Array(14)} @ https://out-run-app-git-worktree-streng-98e01f-davids-projects-0d6e1f97.vercel.app/_next/static/chunks/5677-434fffbada2ccb6e.js:0
[   81341ms] [LOG] [VisualContentService] docToContent "J0fLpmJhG0KDN2tQouxh_8": {hasVideoVariantsField: true, hasVariantsField: false, rawType: array[0], parsedVariantsCount: 0, allTopLevelKeys: Array(14)} @ https://out-run-app-git-worktree-streng-98e01f-davids-projects-0d6e1f97.vercel.app/_next/static/chunks/5677-434fffbada2ccb6e.js:0
[   81627ms] [LOG] [VisualContentService] docToContent "J0fLpmJhG0KDN2tQouxh_7": {hasVideoVariantsField: true, hasVariantsField: false, rawType: array[0], parsedVariantsCount: 0, allTopLevelKeys: Array(14)} @ https://out-run-app-git-worktree-streng-98e01f-davids-projects-0d6e1f97.vercel.app/_next/static/chunks/5677-434fffbada2ccb6e.js:0
[   81754ms] [LOG] [VisualContentService] docToContent "J0fLpmJhG0KDN2tQouxh_6": {hasVideoVariantsField: true, hasVariantsField: false, rawType: array[0], parsedVariantsCount: 0, allTopLevelKeys: Array(14)} @ https://out-run-app-git-worktree-streng-98e01f-davids-projects-0d6e1f97.vercel.app/_next/static/chunks/5677-434fffbada2ccb6e.js:0
[   81944ms] [LOG] [VisualContentService] docToContent "J0fLpmJhG0KDN2tQouxh_5": {hasVideoVariantsField: true, hasVariantsField: false, rawType: array[0], parsedVariantsCount: 0, allTopLevelKeys: Array(14)} @ https://out-run-app-git-worktree-streng-98e01f-davids-projects-0d6e1f97.vercel.app/_next/static/chunks/5677-434fffbada2ccb6e.js:0
[   82084ms] [LOG] [VisualContentService] docToContent "J0fLpmJhG0KDN2tQouxh_4": {hasVideoVariantsField: true, hasVariantsField: false, rawType: array[0], parsedVariantsCount: 0, allTopLevelKeys: Array(14)} @ https://out-run-app-git-worktree-streng-98e01f-davids-projects-0d6e1f97.vercel.app/_next/static/chunks/5677-434fffbada2ccb6e.js:0
[   82240ms] [LOG] [VisualContentService] docToContent "J0fLpmJhG0KDN2tQouxh_3": {hasVideoVariantsField: true, hasVariantsField: false, rawType: array[0], parsedVariantsCount: 0, allTopLevelKeys: Array(14)} @ https://out-run-app-git-worktree-streng-98e01f-davids-projects-0d6e1f97.vercel.app/_next/static/chunks/5677-434fffbada2ccb6e.js:0
[   82419ms] [LOG] [VisualContentService] docToContent "J0fLpmJhG0KDN2tQouxh_2": {hasVideoVariantsField: true, hasVariantsField: false, rawType: array[0], parsedVariantsCount: 0, allTopLevelKeys: Array(14)} @ https://out-run-app-git-worktree-streng-98e01f-davids-projects-0d6e1f97.vercel.app/_next/static/chunks/5677-434fffbada2ccb6e.js:0
[   82590ms] [LOG] [VisualContentService] docToContent "J0fLpmJhG0KDN2tQouxh_1": {hasVideoVariantsField: true, hasVariantsField: false, rawType: array[0], parsedVariantsCount: 0, allTopLevelKeys: Array(14)} @ https://out-run-app-git-worktree-streng-98e01f-davids-projects-0d6e1f97.vercel.app/_next/static/chunks/5677-434fffbada2ccb6e.js:0
[  117504ms] [LOG] [DEBUG-RESOLVER] resolveContent("push", 12) → programId="J0fLpmJhG0KDN2tQouxh" @ https://out-run-app-git-worktree-streng-98e01f-davids-projects-0d6e1f97.vercel.app/_next/static/chunks/5677-434fffbada2ccb6e.js:0
[  117505ms] [LOG] [DEBUG-RESOLVER] resolveContent("push", 11) → programId="J0fLpmJhG0KDN2tQouxh" @ https://out-run-app-git-worktree-streng-98e01f-davids-projects-0d6e1f97.vercel.app/_next/static/chunks/5677-434fffbada2ccb6e.js:0
[  117505ms] [LOG] [DEBUG-RESOLVER] resolveContent("push", 13) → programId="J0fLpmJhG0KDN2tQouxh" @ https://out-run-app-git-worktree-streng-98e01f-davids-projects-0d6e1f97.vercel.app/_next/static/chunks/5677-434fffbada2ccb6e.js:0
[  117505ms] [LOG] [DEBUG-RESOLVER] resolveContent("push", 13) → programId="J0fLpmJhG0KDN2tQouxh" @ https://out-run-app-git-worktree-streng-98e01f-davids-projects-0d6e1f97.vercel.app/_next/static/chunks/5677-434fffbada2ccb6e.js:0
[  117700ms] [LOG] [VisualContentService] docToContent "J0fLpmJhG0KDN2tQouxh_11": {hasVideoVariantsField: true, hasVariantsField: false, rawType: array[0], parsedVariantsCount: 0, allTopLevelKeys: Array(14)} @ https://out-run-app-git-worktree-streng-98e01f-davids-projects-0d6e1f97.vercel.app/_next/static/chunks/5677-434fffbada2ccb6e.js:0
[  117700ms] [LOG] [DEBUG-RESOLVER] attempt1 getVisualContentItem("J0fLpmJhG0KDN2tQouxh", 11) → FOUND @ https://out-run-app-git-worktree-streng-98e01f-davids-projects-0d6e1f97.vercel.app/_next/static/chunks/5677-434fffbada2ccb6e.js:0
[  117700ms] [LOG] [VisualContentService] docToContent "J0fLpmJhG0KDN2tQouxh_13": {hasVideoVariantsField: true, hasVariantsField: false, rawType: array[0], parsedVariantsCount: 0, allTopLevelKeys: Array(14)} @ https://out-run-app-git-worktree-streng-98e01f-davids-projects-0d6e1f97.vercel.app/_next/static/chunks/5677-434fffbada2ccb6e.js:0
[  117700ms] [LOG] [DEBUG-RESOLVER] attempt1 getVisualContentItem("J0fLpmJhG0KDN2tQouxh", 13) → FOUND @ https://out-run-app-git-worktree-streng-98e01f-davids-projects-0d6e1f97.vercel.app/_next/static/chunks/5677-434fffbada2ccb6e.js:0
[  117700ms] [LOG] [VisualContentService] docToContent "J0fLpmJhG0KDN2tQouxh_13": {hasVideoVariantsField: true, hasVariantsField: false, rawType: array[0], parsedVariantsCount: 0, allTopLevelKeys: Array(14)} @ https://out-run-app-git-worktree-streng-98e01f-davids-projects-0d6e1f97.vercel.app/_next/static/chunks/5677-434fffbada2ccb6e.js:0
[  117700ms] [LOG] [DEBUG-RESOLVER] attempt1 getVisualContentItem("J0fLpmJhG0KDN2tQouxh", 13) → FOUND @ https://out-run-app-git-worktree-streng-98e01f-davids-projects-0d6e1f97.vercel.app/_next/static/chunks/5677-434fffbada2ccb6e.js:0
[  117873ms] [LOG] [ContentResolver] Level 11 — exercise video resolved: "שכיבות סמיכה שיפוע שלילי" → https://vz-b17872ab-7a7.b-cdn.net/c03197dc-921b-4a03-ae4c-e8… @ https://out-run-app-git-worktree-streng-98e01f-davids-projects-0d6e1f97.vercel.app/_next/static/chunks/5677-434fffbada2ccb6e.js:0
[  117876ms] [LOG] [ContentResolver] Level 13 — exercise video resolved: "שכיבות סמיכה פייק גובה שוק" → https://vz-b17872ab-7a7.b-cdn.net/2cdcaf24-54cf-4d61-94fa-04… @ https://out-run-app-git-worktree-streng-98e01f-davids-projects-0d6e1f97.vercel.app/_next/static/chunks/5677-434fffbada2ccb6e.js:0
[  117876ms] [LOG] [ContentResolver] Level 13 — exercise video resolved: "שכיבות סמיכה פייק גובה שוק" → https://vz-b17872ab-7a7.b-cdn.net/2cdcaf24-54cf-4d61-94fa-04… @ https://out-run-app-git-worktree-streng-98e01f-davids-projects-0d6e1f97.vercel.app/_next/static/chunks/5677-434fffbada2ccb6e.js:0
[  140537ms] [LOG] [DEBUG-RESOLVER] resolveContent("push", 20) → programId="J0fLpmJhG0KDN2tQouxh" @ https://out-run-app-git-worktree-streng-98e01f-davids-projects-0d6e1f97.vercel.app/_next/static/chunks/5677-434fffbada2ccb6e.js:0
[  140537ms] [LOG] [DEBUG-RESOLVER] resolveContent("push", 19) → programId="J0fLpmJhG0KDN2tQouxh" @ https://out-run-app-git-worktree-streng-98e01f-davids-projects-0d6e1f97.vercel.app/_next/static/chunks/5677-434fffbada2ccb6e.js:0
[  140537ms] [LOG] [DEBUG-RESOLVER] resolveContent("push", 21) → programId="J0fLpmJhG0KDN2tQouxh" @ https://out-run-app-git-worktree-streng-98e01f-davids-projects-0d6e1f97.vercel.app/_next/static/chunks/5677-434fffbada2ccb6e.js:0
[  140537ms] [LOG] [DEBUG-RESOLVER] resolveContent("push", 21) → programId="J0fLpmJhG0KDN2tQouxh" @ https://out-run-app-git-worktree-streng-98e01f-davids-projects-0d6e1f97.vercel.app/_next/static/chunks/5677-434fffbada2ccb6e.js:0
[  140748ms] [LOG] [VisualContentService] docToContent "J0fLpmJhG0KDN2tQouxh_21": {hasVideoVariantsField: true, hasVariantsField: false, rawType: array[0], parsedVariantsCount: 0, allTopLevelKeys: Array(10)} @ https://out-run-app-git-worktree-streng-98e01f-davids-projects-0d6e1f97.vercel.app/_next/static/chunks/5677-434fffbada2ccb6e.js:0
[  140748ms] [LOG] [DEBUG-RESOLVER] attempt1 getVisualContentItem("J0fLpmJhG0KDN2tQouxh", 21) → FOUND @ https://out-run-app-git-worktree-streng-98e01f-davids-projects-0d6e1f97.vercel.app/_next/static/chunks/5677-434fffbada2ccb6e.js:0
[  140748ms] [LOG] [VisualContentService] docToContent "J0fLpmJhG0KDN2tQouxh_21": {hasVideoVariantsField: true, hasVariantsField: false, rawType: array[0], parsedVariantsCount: 0, allTopLevelKeys: Array(10)} @ https://out-run-app-git-worktree-streng-98e01f-davids-projects-0d6e1f97.vercel.app/_next/static/chunks/5677-434fffbada2ccb6e.js:0
[  140748ms] [LOG] [DEBUG-RESOLVER] attempt1 getVisualContentItem("J0fLpmJhG0KDN2tQouxh", 21) → FOUND @ https://out-run-app-git-worktree-streng-98e01f-davids-projects-0d6e1f97.vercel.app/_next/static/chunks/5677-434fffbada2ccb6e.js:0
[  140870ms] [LOG] [VisualContentService] docToContent "J0fLpmJhG0KDN2tQouxh_20": {hasVideoVariantsField: true, hasVariantsField: false, rawType: array[0], parsedVariantsCount: 0, allTopLevelKeys: Array(14)} @ https://out-run-app-git-worktree-streng-98e01f-davids-projects-0d6e1f97.vercel.app/_next/static/chunks/5677-434fffbada2ccb6e.js:0
[  140871ms] [LOG] [VisualContentService] docToContent "J0fLpmJhG0KDN2tQouxh_20": {hasVideoVariantsField: true, hasVariantsField: false, rawType: array[0], parsedVariantsCount: 0, allTopLevelKeys: Array(14)} @ https://out-run-app-git-worktree-streng-98e01f-davids-projects-0d6e1f97.vercel.app/_next/static/chunks/5677-434fffbada2ccb6e.js:0
[  140992ms] [LOG] [VisualContentService] docToContent "J0fLpmJhG0KDN2tQouxh_19": {hasVideoVariantsField: true, hasVariantsField: false, rawType: array[0], parsedVariantsCount: 0, allTopLevelKeys: Array(14)} @ https://out-run-app-git-worktree-streng-98e01f-davids-projects-0d6e1f97.vercel.app/_next/static/chunks/5677-434fffbada2ccb6e.js:0
[  140992ms] [LOG] [VisualContentService] docToContent "J0fLpmJhG0KDN2tQouxh_19": {hasVideoVariantsField: true, hasVariantsField: false, rawType: array[0], parsedVariantsCount: 0, allTopLevelKeys: Array(14)} @ https://out-run-app-git-worktree-streng-98e01f-davids-projects-0d6e1f97.vercel.app/_next/static/chunks/5677-434fffbada2ccb6e.js:0
[  141155ms] [LOG] [VisualContentService] docToContent "J0fLpmJhG0KDN2tQouxh_18": {hasVideoVariantsField: true, hasVariantsField: false, rawType: array[0], parsedVariantsCount: 0, allTopLevelKeys: Array(14)} @ https://out-run-app-git-worktree-streng-98e01f-davids-projects-0d6e1f97.vercel.app/_next/static/chunks/5677-434fffbada2ccb6e.js:0
[  141155ms] [LOG] [VisualContentService] docToContent "J0fLpmJhG0KDN2tQouxh_18": {hasVideoVariantsField: true, hasVariantsField: false, rawType: array[0], parsedVariantsCount: 0, allTopLevelKeys: Array(14)} @ https://out-run-app-git-worktree-streng-98e01f-davids-projects-0d6e1f97.vercel.app/_next/static/chunks/5677-434fffbada2ccb6e.js:0
[  141287ms] [LOG] [VisualContentService] docToContent "J0fLpmJhG0KDN2tQouxh_17": {hasVideoVariantsField: true, hasVariantsField: false, rawType: array[0], parsedVariantsCount: 0, allTopLevelKeys: Array(14)} @ https://out-run-app-git-worktree-streng-98e01f-davids-projects-0d6e1f97.vercel.app/_next/static/chunks/5677-434fffbada2ccb6e.js:0
[  141287ms] [LOG] [VisualContentService] docToContent "J0fLpmJhG0KDN2tQouxh_17": {hasVideoVariantsField: true, hasVariantsField: false, rawType: array[0], parsedVariantsCount: 0, allTopLevelKeys: Array(14)} @ https://out-run-app-git-worktree-streng-98e01f-davids-projects-0d6e1f97.vercel.app/_next/static/chunks/5677-434fffbada2ccb6e.js:0
[  141426ms] [LOG] [VisualContentService] docToContent "J0fLpmJhG0KDN2tQouxh_16": {hasVideoVariantsField: true, hasVariantsField: false, rawType: array[0], parsedVariantsCount: 0, allTopLevelKeys: Array(14)} @ https://out-run-app-git-worktree-streng-98e01f-davids-projects-0d6e1f97.vercel.app/_next/static/chunks/5677-434fffbada2ccb6e.js:0
[  141426ms] [LOG] [VisualContentService] docToContent "J0fLpmJhG0KDN2tQouxh_16": {hasVideoVariantsField: true, hasVariantsField: false, rawType: array[0], parsedVariantsCount: 0, allTopLevelKeys: Array(14)} @ https://out-run-app-git-worktree-streng-98e01f-davids-projects-0d6e1f97.vercel.app/_next/static/chunks/5677-434fffbada2ccb6e.js:0
[  141661ms] [LOG] [VisualContentService] docToContent "J0fLpmJhG0KDN2tQouxh_15": {hasVideoVariantsField: true, hasVariantsField: false, rawType: array[0], parsedVariantsCount: 0, allTopLevelKeys: Array(14)} @ https://out-run-app-git-worktree-streng-98e01f-davids-projects-0d6e1f97.vercel.app/_next/static/chunks/5677-434fffbada2ccb6e.js:0
[  141661ms] [LOG] [VisualContentService] docToContent "J0fLpmJhG0KDN2tQouxh_15": {hasVideoVariantsField: true, hasVariantsField: false, rawType: array[0], parsedVariantsCount: 0, allTopLevelKeys: Array(14)} @ https://out-run-app-git-worktree-streng-98e01f-davids-projects-0d6e1f97.vercel.app/_next/static/chunks/5677-434fffbada2ccb6e.js:0
[  141816ms] [LOG] [VisualContentService] docToContent "J0fLpmJhG0KDN2tQouxh_14": {hasVideoVariantsField: true, hasVariantsField: false, rawType: array[0], parsedVariantsCount: 0, allTopLevelKeys: Array(14)} @ https://out-run-app-git-worktree-streng-98e01f-davids-projects-0d6e1f97.vercel.app/_next/static/chunks/5677-434fffbada2ccb6e.js:0
[  141816ms] [LOG] [VisualContentService] docToContent "J0fLpmJhG0KDN2tQouxh_14": {hasVideoVariantsField: true, hasVariantsField: false, rawType: array[0], parsedVariantsCount: 0, allTopLevelKeys: Array(14)} @ https://out-run-app-git-worktree-streng-98e01f-davids-projects-0d6e1f97.vercel.app/_next/static/chunks/5677-434fffbada2ccb6e.js:0
[  141956ms] [LOG] [VisualContentService] docToContent "J0fLpmJhG0KDN2tQouxh_13": {hasVideoVariantsField: true, hasVariantsField: false, rawType: array[0], parsedVariantsCount: 0, allTopLevelKeys: Array(14)} @ https://out-run-app-git-worktree-streng-98e01f-davids-projects-0d6e1f97.vercel.app/_next/static/chunks/5677-434fffbada2ccb6e.js:0
[  141956ms] [LOG] [VisualContentService] docToContent "J0fLpmJhG0KDN2tQouxh_13": {hasVideoVariantsField: true, hasVariantsField: false, rawType: array[0], parsedVariantsCount: 0, allTopLevelKeys: Array(14)} @ https://out-run-app-git-worktree-streng-98e01f-davids-projects-0d6e1f97.vercel.app/_next/static/chunks/5677-434fffbada2ccb6e.js:0
[  142085ms] [LOG] [VisualContentService] docToContent "J0fLpmJhG0KDN2tQouxh_12": {hasVideoVariantsField: true, hasVariantsField: false, rawType: array[0], parsedVariantsCount: 0, allTopLevelKeys: Array(14)} @ https://out-run-app-git-worktree-streng-98e01f-davids-projects-0d6e1f97.vercel.app/_next/static/chunks/5677-434fffbada2ccb6e.js:0
[  142085ms] [LOG] [VisualContentService] docToContent "J0fLpmJhG0KDN2tQouxh_12": {hasVideoVariantsField: true, hasVariantsField: false, rawType: array[0], parsedVariantsCount: 0, allTopLevelKeys: Array(14)} @ https://out-run-app-git-worktree-streng-98e01f-davids-projects-0d6e1f97.vercel.app/_next/static/chunks/5677-434fffbada2ccb6e.js:0
[  142215ms] [LOG] [VisualContentService] docToContent "J0fLpmJhG0KDN2tQouxh_11": {hasVideoVariantsField: true, hasVariantsField: false, rawType: array[0], parsedVariantsCount: 0, allTopLevelKeys: Array(14)} @ https://out-run-app-git-worktree-streng-98e01f-davids-projects-0d6e1f97.vercel.app/_next/static/chunks/5677-434fffbada2ccb6e.js:0
[  142215ms] [LOG] [VisualContentService] docToContent "J0fLpmJhG0KDN2tQouxh_11": {hasVideoVariantsField: true, hasVariantsField: false, rawType: array[0], parsedVariantsCount: 0, allTopLevelKeys: Array(14)} @ https://out-run-app-git-worktree-streng-98e01f-davids-projects-0d6e1f97.vercel.app/_next/static/chunks/5677-434fffbada2ccb6e.js:0
[  142363ms] [LOG] [VisualContentService] docToContent "J0fLpmJhG0KDN2tQouxh_10": {hasVideoVariantsField: true, hasVariantsField: false, rawType: array[0], parsedVariantsCount: 0, allTopLevelKeys: Array(14)} @ https://out-run-app-git-worktree-streng-98e01f-davids-projects-0d6e1f97.vercel.app/_next/static/chunks/5677-434fffbada2ccb6e.js:0
[  142363ms] [LOG] [VisualContentService] docToContent "J0fLpmJhG0KDN2tQouxh_10": {hasVideoVariantsField: true, hasVariantsField: false, rawType: array[0], parsedVariantsCount: 0, allTopLevelKeys: Array(14)} @ https://out-run-app-git-worktree-streng-98e01f-davids-projects-0d6e1f97.vercel.app/_next/static/chunks/5677-434fffbada2ccb6e.js:0
[  142519ms] [LOG] [VisualContentService] docToContent "J0fLpmJhG0KDN2tQouxh_9": {hasVideoVariantsField: true, hasVariantsField: false, rawType: array[0], parsedVariantsCount: 0, allTopLevelKeys: Array(14)} @ https://out-run-app-git-worktree-streng-98e01f-davids-projects-0d6e1f97.vercel.app/_next/static/chunks/5677-434fffbada2ccb6e.js:0
[  142519ms] [LOG] [VisualContentService] docToContent "J0fLpmJhG0KDN2tQouxh_9": {hasVideoVariantsField: true, hasVariantsField: false, rawType: array[0], parsedVariantsCount: 0, allTopLevelKeys: Array(14)} @ https://out-run-app-git-worktree-streng-98e01f-davids-projects-0d6e1f97.vercel.app/_next/static/chunks/5677-434fffbada2ccb6e.js:0
[  142708ms] [LOG] [VisualContentService] docToContent "J0fLpmJhG0KDN2tQouxh_8": {hasVideoVariantsField: true, hasVariantsField: false, rawType: array[0], parsedVariantsCount: 0, allTopLevelKeys: Array(14)} @ https://out-run-app-git-worktree-streng-98e01f-davids-projects-0d6e1f97.vercel.app/_next/static/chunks/5677-434fffbada2ccb6e.js:0
[  142708ms] [LOG] [VisualContentService] docToContent "J0fLpmJhG0KDN2tQouxh_8": {hasVideoVariantsField: true, hasVariantsField: false, rawType: array[0], parsedVariantsCount: 0, allTopLevelKeys: Array(14)} @ https://out-run-app-git-worktree-streng-98e01f-davids-projects-0d6e1f97.vercel.app/_next/static/chunks/5677-434fffbada2ccb6e.js:0
[  142852ms] [LOG] [VisualContentService] docToContent "J0fLpmJhG0KDN2tQouxh_7": {hasVideoVariantsField: true, hasVariantsField: false, rawType: array[0], parsedVariantsCount: 0, allTopLevelKeys: Array(14)} @ https://out-run-app-git-worktree-streng-98e01f-davids-projects-0d6e1f97.vercel.app/_next/static/chunks/5677-434fffbada2ccb6e.js:0
[  142852ms] [LOG] [VisualContentService] docToContent "J0fLpmJhG0KDN2tQouxh_7": {hasVideoVariantsField: true, hasVariantsField: false, rawType: array[0], parsedVariantsCount: 0, allTopLevelKeys: Array(14)} @ https://out-run-app-git-worktree-streng-98e01f-davids-projects-0d6e1f97.vercel.app/_next/static/chunks/5677-434fffbada2ccb6e.js:0
[  142997ms] [LOG] [VisualContentService] docToContent "J0fLpmJhG0KDN2tQouxh_6": {hasVideoVariantsField: true, hasVariantsField: false, rawType: array[0], parsedVariantsCount: 0, allTopLevelKeys: Array(14)} @ https://out-run-app-git-worktree-streng-98e01f-davids-projects-0d6e1f97.vercel.app/_next/static/chunks/5677-434fffbada2ccb6e.js:0
[  142998ms] [LOG] [VisualContentService] docToContent "J0fLpmJhG0KDN2tQouxh_6": {hasVideoVariantsField: true, hasVariantsField: false, rawType: array[0], parsedVariantsCount: 0, allTopLevelKeys: Array(14)} @ https://out-run-app-git-worktree-streng-98e01f-davids-projects-0d6e1f97.vercel.app/_next/static/chunks/5677-434fffbada2ccb6e.js:0
[  143144ms] [LOG] [VisualContentService] docToContent "J0fLpmJhG0KDN2tQouxh_5": {hasVideoVariantsField: true, hasVariantsField: false, rawType: array[0], parsedVariantsCount: 0, allTopLevelKeys: Array(14)} @ https://out-run-app-git-worktree-streng-98e01f-davids-projects-0d6e1f97.vercel.app/_next/static/chunks/5677-434fffbada2ccb6e.js:0
[  143144ms] [LOG] [VisualContentService] docToContent "J0fLpmJhG0KDN2tQouxh_5": {hasVideoVariantsField: true, hasVariantsField: false, rawType: array[0], parsedVariantsCount: 0, allTopLevelKeys: Array(14)} @ https://out-run-app-git-worktree-streng-98e01f-davids-projects-0d6e1f97.vercel.app/_next/static/chunks/5677-434fffbada2ccb6e.js:0
[  143340ms] [LOG] [VisualContentService] docToContent "J0fLpmJhG0KDN2tQouxh_4": {hasVideoVariantsField: true, hasVariantsField: false, rawType: array[0], parsedVariantsCount: 0, allTopLevelKeys: Array(14)} @ https://out-run-app-git-worktree-streng-98e01f-davids-projects-0d6e1f97.vercel.app/_next/static/chunks/5677-434fffbada2ccb6e.js:0
[  143340ms] [LOG] [VisualContentService] docToContent "J0fLpmJhG0KDN2tQouxh_4": {hasVideoVariantsField: true, hasVariantsField: false, rawType: array[0], parsedVariantsCount: 0, allTopLevelKeys: Array(14)} @ https://out-run-app-git-worktree-streng-98e01f-davids-projects-0d6e1f97.vercel.app/_next/static/chunks/5677-434fffbada2ccb6e.js:0
[  143461ms] [LOG] [VisualContentService] docToContent "J0fLpmJhG0KDN2tQouxh_3": {hasVideoVariantsField: true, hasVariantsField: false, rawType: array[0], parsedVariantsCount: 0, allTopLevelKeys: Array(14)} @ https://out-run-app-git-worktree-streng-98e01f-davids-projects-0d6e1f97.vercel.app/_next/static/chunks/5677-434fffbada2ccb6e.js:0
[  143461ms] [LOG] [VisualContentService] docToContent "J0fLpmJhG0KDN2tQouxh_3": {hasVideoVariantsField: true, hasVariantsField: false, rawType: array[0], parsedVariantsCount: 0, allTopLevelKeys: Array(14)} @ https://out-run-app-git-worktree-streng-98e01f-davids-projects-0d6e1f97.vercel.app/_next/static/chunks/5677-434fffbada2ccb6e.js:0
[  143599ms] [LOG] [VisualContentService] docToContent "J0fLpmJhG0KDN2tQouxh_2": {hasVideoVariantsField: true, hasVariantsField: false, rawType: array[0], parsedVariantsCount: 0, allTopLevelKeys: Array(14)} @ https://out-run-app-git-worktree-streng-98e01f-davids-projects-0d6e1f97.vercel.app/_next/static/chunks/5677-434fffbada2ccb6e.js:0
[  143599ms] [LOG] [VisualContentService] docToContent "J0fLpmJhG0KDN2tQouxh_2": {hasVideoVariantsField: true, hasVariantsField: false, rawType: array[0], parsedVariantsCount: 0, allTopLevelKeys: Array(14)} @ https://out-run-app-git-worktree-streng-98e01f-davids-projects-0d6e1f97.vercel.app/_next/static/chunks/5677-434fffbada2ccb6e.js:0
[  143749ms] [LOG] [VisualContentService] docToContent "J0fLpmJhG0KDN2tQouxh_1": {hasVideoVariantsField: true, hasVariantsField: false, rawType: array[0], parsedVariantsCount: 0, allTopLevelKeys: Array(14)} @ https://out-run-app-git-worktree-streng-98e01f-davids-projects-0d6e1f97.vercel.app/_next/static/chunks/5677-434fffbada2ccb6e.js:0
[  143749ms] [LOG] [VisualContentService] docToContent "J0fLpmJhG0KDN2tQouxh_1": {hasVideoVariantsField: true, hasVariantsField: false, rawType: array[0], parsedVariantsCount: 0, allTopLevelKeys: Array(14)} @ https://out-run-app-git-worktree-streng-98e01f-davids-projects-0d6e1f97.vercel.app/_next/static/chunks/5677-434fffbada2ccb6e.js:0
[  165835ms] [LOG] [DEBUG-RESOLVER] resolveContent("push", 9) → programId="J0fLpmJhG0KDN2tQouxh" @ https://out-run-app-git-worktree-streng-98e01f-davids-projects-0d6e1f97.vercel.app/_next/static/chunks/5677-434fffbada2ccb6e.js:0
[  165836ms] [LOG] [DEBUG-RESOLVER] resolveContent("push", 8) → programId="J0fLpmJhG0KDN2tQouxh" @ https://out-run-app-git-worktree-streng-98e01f-davids-projects-0d6e1f97.vercel.app/_next/static/chunks/5677-434fffbada2ccb6e.js:0
[  165836ms] [LOG] [DEBUG-RESOLVER] resolveContent("push", 10) → programId="J0fLpmJhG0KDN2tQouxh" @ https://out-run-app-git-worktree-streng-98e01f-davids-projects-0d6e1f97.vercel.app/_next/static/chunks/5677-434fffbada2ccb6e.js:0
[  165836ms] [LOG] [DEBUG-RESOLVER] resolveContent("push", 10) → programId="J0fLpmJhG0KDN2tQouxh" @ https://out-run-app-git-worktree-streng-98e01f-davids-projects-0d6e1f97.vercel.app/_next/static/chunks/5677-434fffbada2ccb6e.js:0
[  166049ms] [LOG] [VisualContentService] docToContent "J0fLpmJhG0KDN2tQouxh_8": {hasVideoVariantsField: true, hasVariantsField: false, rawType: array[0], parsedVariantsCount: 0, allTopLevelKeys: Array(14)} @ https://out-run-app-git-worktree-streng-98e01f-davids-projects-0d6e1f97.vercel.app/_next/static/chunks/5677-434fffbada2ccb6e.js:0
[  166049ms] [LOG] [DEBUG-RESOLVER] attempt1 getVisualContentItem("J0fLpmJhG0KDN2tQouxh", 8) → FOUND @ https://out-run-app-git-worktree-streng-98e01f-davids-projects-0d6e1f97.vercel.app/_next/static/chunks/5677-434fffbada2ccb6e.js:0
[  166049ms] [LOG] [VisualContentService] docToContent "J0fLpmJhG0KDN2tQouxh_10": {hasVideoVariantsField: true, hasVariantsField: false, rawType: array[0], parsedVariantsCount: 0, allTopLevelKeys: Array(14)} @ https://out-run-app-git-worktree-streng-98e01f-davids-projects-0d6e1f97.vercel.app/_next/static/chunks/5677-434fffbada2ccb6e.js:0
[  166049ms] [LOG] [DEBUG-RESOLVER] attempt1 getVisualContentItem("J0fLpmJhG0KDN2tQouxh", 10) → FOUND @ https://out-run-app-git-worktree-streng-98e01f-davids-projects-0d6e1f97.vercel.app/_next/static/chunks/5677-434fffbada2ccb6e.js:0
[  166049ms] [LOG] [VisualContentService] docToContent "J0fLpmJhG0KDN2tQouxh_10": {hasVideoVariantsField: true, hasVariantsField: false, rawType: array[0], parsedVariantsCount: 0, allTopLevelKeys: Array(14)} @ https://out-run-app-git-worktree-streng-98e01f-davids-projects-0d6e1f97.vercel.app/_next/static/chunks/5677-434fffbada2ccb6e.js:0
[  166049ms] [LOG] [DEBUG-RESOLVER] attempt1 getVisualContentItem("J0fLpmJhG0KDN2tQouxh", 10) → FOUND @ https://out-run-app-git-worktree-streng-98e01f-davids-projects-0d6e1f97.vercel.app/_next/static/chunks/5677-434fffbada2ccb6e.js:0
[  166175ms] [LOG] [ContentResolver] Level 8 — exercise video resolved: "מקבילים טווח עליון" → https://vz-b17872ab-7a7.b-cdn.net/dc6c422a-f1a6-498f-afd7-35… @ https://out-run-app-git-worktree-streng-98e01f-davids-projects-0d6e1f97.vercel.app/_next/static/chunks/5677-434fffbada2ccb6e.js:0
[  166176ms] [LOG] [ContentResolver] Level 10 — exercise video resolved: "מקבילים" → https://vz-b17872ab-7a7.b-cdn.net/726dd77e-6f84-4862-a7ab-cd… @ https://out-run-app-git-worktree-streng-98e01f-davids-projects-0d6e1f97.vercel.app/_next/static/chunks/5677-434fffbada2ccb6e.js:0
[  166176ms] [LOG] [ContentResolver] Level 10 — exercise video resolved: "מקבילים" → https://vz-b17872ab-7a7.b-cdn.net/726dd77e-6f84-4862-a7ab-cd… @ https://out-run-app-git-worktree-streng-98e01f-davids-projects-0d6e1f97.vercel.app/_next/static/chunks/5677-434fffbada2ccb6e.js:0
[  185105ms] [LOG] [DEBUG-RESOLVER] resolveContent("push", 6) → programId="J0fLpmJhG0KDN2tQouxh" @ https://out-run-app-git-worktree-streng-98e01f-davids-projects-0d6e1f97.vercel.app/_next/static/chunks/5677-434fffbada2ccb6e.js:0
[  185106ms] [LOG] [DEBUG-RESOLVER] resolveContent("push", 5) → programId="J0fLpmJhG0KDN2tQouxh" @ https://out-run-app-git-worktree-streng-98e01f-davids-projects-0d6e1f97.vercel.app/_next/static/chunks/5677-434fffbada2ccb6e.js:0
[  185106ms] [LOG] [DEBUG-RESOLVER] resolveContent("push", 7) → programId="J0fLpmJhG0KDN2tQouxh" @ https://out-run-app-git-worktree-streng-98e01f-davids-projects-0d6e1f97.vercel.app/_next/static/chunks/5677-434fffbada2ccb6e.js:0
[  185106ms] [LOG] [DEBUG-RESOLVER] resolveContent("push", 7) → programId="J0fLpmJhG0KDN2tQouxh" @ https://out-run-app-git-worktree-streng-98e01f-davids-projects-0d6e1f97.vercel.app/_next/static/chunks/5677-434fffbada2ccb6e.js:0
[  185276ms] [LOG] [VisualContentService] docToContent "J0fLpmJhG0KDN2tQouxh_5": {hasVideoVariantsField: true, hasVariantsField: false, rawType: array[0], parsedVariantsCount: 0, allTopLevelKeys: Array(14)} @ https://out-run-app-git-worktree-streng-98e01f-davids-projects-0d6e1f97.vercel.app/_next/static/chunks/5677-434fffbada2ccb6e.js:0
[  185276ms] [LOG] [DEBUG-RESOLVER] attempt1 getVisualContentItem("J0fLpmJhG0KDN2tQouxh", 5) → FOUND @ https://out-run-app-git-worktree-streng-98e01f-davids-projects-0d6e1f97.vercel.app/_next/static/chunks/5677-434fffbada2ccb6e.js:0
[  185276ms] [LOG] [VisualContentService] docToContent "J0fLpmJhG0KDN2tQouxh_7": {hasVideoVariantsField: true, hasVariantsField: false, rawType: array[0], parsedVariantsCount: 0, allTopLevelKeys: Array(14)} @ https://out-run-app-git-worktree-streng-98e01f-davids-projects-0d6e1f97.vercel.app/_next/static/chunks/5677-434fffbada2ccb6e.js:0
[  185276ms] [LOG] [DEBUG-RESOLVER] attempt1 getVisualContentItem("J0fLpmJhG0KDN2tQouxh", 7) → FOUND @ https://out-run-app-git-worktree-streng-98e01f-davids-projects-0d6e1f97.vercel.app/_next/static/chunks/5677-434fffbada2ccb6e.js:0
[  185276ms] [LOG] [VisualContentService] docToContent "J0fLpmJhG0KDN2tQouxh_7": {hasVideoVariantsField: true, hasVariantsField: false, rawType: array[0], parsedVariantsCount: 0, allTopLevelKeys: Array(14)} @ https://out-run-app-git-worktree-streng-98e01f-davids-projects-0d6e1f97.vercel.app/_next/static/chunks/5677-434fffbada2ccb6e.js:0
[  185276ms] [LOG] [DEBUG-RESOLVER] attempt1 getVisualContentItem("J0fLpmJhG0KDN2tQouxh", 7) → FOUND @ https://out-run-app-git-worktree-streng-98e01f-davids-projects-0d6e1f97.vercel.app/_next/static/chunks/5677-434fffbada2ccb6e.js:0
[  185435ms] [LOG] [ContentResolver] Level 5 — exercise video resolved: "שכיבות סמיכה" → https://vz-b17872ab-7a7.b-cdn.net/a2412dd0-5f79-418b-856b-db… @ https://out-run-app-git-worktree-streng-98e01f-davids-projects-0d6e1f97.vercel.app/_next/static/chunks/5677-434fffbada2ccb6e.js:0
[  185438ms] [LOG] [ContentResolver] Level 7 — exercise video resolved: "ישיבת L ברכיים כפופות" → https://vz-b17872ab-7a7.b-cdn.net/d4e3274f-791d-4218-ba19-b1… @ https://out-run-app-git-worktree-streng-98e01f-davids-projects-0d6e1f97.vercel.app/_next/static/chunks/5677-434fffbada2ccb6e.js:0
[  185438ms] [LOG] [ContentResolver] Level 7 — exercise video resolved: "ישיבת L ברכיים כפופות" → https://vz-b17872ab-7a7.b-cdn.net/d4e3274f-791d-4218-ba19-b1… @ https://out-run-app-git-worktree-streng-98e01f-davids-projects-0d6e1f97.vercel.app/_next/static/chunks/5677-434fffbada2ccb6e.js:0
[  187171ms] [LOG] [DEBUG-RESOLVER] resolveContent("push", 12) → programId="J0fLpmJhG0KDN2tQouxh" @ https://out-run-app-git-worktree-streng-98e01f-davids-projects-0d6e1f97.vercel.app/_next/static/chunks/5677-434fffbada2ccb6e.js:0
[  187172ms] [LOG] [DEBUG-RESOLVER] resolveContent("push", 11) → programId="J0fLpmJhG0KDN2tQouxh" @ https://out-run-app-git-worktree-streng-98e01f-davids-projects-0d6e1f97.vercel.app/_next/static/chunks/5677-434fffbada2ccb6e.js:0
[  187172ms] [LOG] [DEBUG-RESOLVER] resolveContent("push", 13) → programId="J0fLpmJhG0KDN2tQouxh" @ https://out-run-app-git-worktree-streng-98e01f-davids-projects-0d6e1f97.vercel.app/_next/static/chunks/5677-434fffbada2ccb6e.js:0
[  187172ms] [LOG] [DEBUG-RESOLVER] resolveContent("push", 13) → programId="J0fLpmJhG0KDN2tQouxh" @ https://out-run-app-git-worktree-streng-98e01f-davids-projects-0d6e1f97.vercel.app/_next/static/chunks/5677-434fffbada2ccb6e.js:0
[  190881ms] [LOG] [DEBUG-RESOLVER] resolveContent("push", 9) → programId="J0fLpmJhG0KDN2tQouxh" @ https://out-run-app-git-worktree-streng-98e01f-davids-projects-0d6e1f97.vercel.app/_next/static/chunks/5677-434fffbada2ccb6e.js:0
[  190881ms] [LOG] [DEBUG-RESOLVER] resolveContent("push", 8) → programId="J0fLpmJhG0KDN2tQouxh" @ https://out-run-app-git-worktree-streng-98e01f-davids-projects-0d6e1f97.vercel.app/_next/static/chunks/5677-434fffbada2ccb6e.js:0
[  190881ms] [LOG] [DEBUG-RESOLVER] resolveContent("push", 10) → programId="J0fLpmJhG0KDN2tQouxh" @ https://out-run-app-git-worktree-streng-98e01f-davids-projects-0d6e1f97.vercel.app/_next/static/chunks/5677-434fffbada2ccb6e.js:0
[  190881ms] [LOG] [DEBUG-RESOLVER] resolveContent("push", 10) → programId="J0fLpmJhG0KDN2tQouxh" @ https://out-run-app-git-worktree-streng-98e01f-davids-projects-0d6e1f97.vercel.app/_next/static/chunks/5677-434fffbada2ccb6e.js:0
[  198112ms] [LOG] [DEBUG-RESOLVER] resolveContent("push", 4) → programId="J0fLpmJhG0KDN2tQouxh" @ https://out-run-app-git-worktree-streng-98e01f-davids-projects-0d6e1f97.vercel.app/_next/static/chunks/5677-434fffbada2ccb6e.js:0
[  198241ms] [LOG] [VisualContentService] docToContent "J0fLpmJhG0KDN2tQouxh_4": {hasVideoVariantsField: true, hasVariantsField: false, rawType: array[0], parsedVariantsCount: 0, allTopLevelKeys: Array(14)} @ https://out-run-app-git-worktree-streng-98e01f-davids-projects-0d6e1f97.vercel.app/_next/static/chunks/5677-434fffbada2ccb6e.js:0
[  198241ms] [LOG] [DEBUG-RESOLVER] attempt1 getVisualContentItem("J0fLpmJhG0KDN2tQouxh", 4) → FOUND @ https://out-run-app-git-worktree-streng-98e01f-davids-projects-0d6e1f97.vercel.app/_next/static/chunks/5677-434fffbada2ccb6e.js:0
[  198368ms] [LOG] [ContentResolver] Level 4 — exercise video resolved: "שכיבות סמיכה ברכיים" → https://vz-b17872ab-7a7.b-cdn.net/7413db0b-1702-4acd-8072-8a… @ https://out-run-app-git-worktree-streng-98e01f-davids-projects-0d6e1f97.vercel.app/_next/static/chunks/5677-434fffbada2ccb6e.js:0
[  198368ms] [LOG] [DEBUG-RESOLVER] resolveContent("push", 3) → programId="J0fLpmJhG0KDN2tQouxh" @ https://out-run-app-git-worktree-streng-98e01f-davids-projects-0d6e1f97.vercel.app/_next/static/chunks/5677-434fffbada2ccb6e.js:0
[  198368ms] [LOG] [DEBUG-RESOLVER] resolveContent("push", 5) → programId="J0fLpmJhG0KDN2tQouxh" @ https://out-run-app-git-worktree-streng-98e01f-davids-projects-0d6e1f97.vercel.app/_next/static/chunks/5677-434fffbada2ccb6e.js:0
[  198369ms] [LOG] [DEBUG-RESOLVER] resolveContent("push", 5) → programId="J0fLpmJhG0KDN2tQouxh" @ https://out-run-app-git-worktree-streng-98e01f-davids-projects-0d6e1f97.vercel.app/_next/static/chunks/5677-434fffbada2ccb6e.js:0
[  198524ms] [LOG] [VisualContentService] docToContent "J0fLpmJhG0KDN2tQouxh_3": {hasVideoVariantsField: true, hasVariantsField: false, rawType: array[0], parsedVariantsCount: 0, allTopLevelKeys: Array(14)} @ https://out-run-app-git-worktree-streng-98e01f-davids-projects-0d6e1f97.vercel.app/_next/static/chunks/5677-434fffbada2ccb6e.js:0
[  198524ms] [LOG] [DEBUG-RESOLVER] attempt1 getVisualContentItem("J0fLpmJhG0KDN2tQouxh", 3) → FOUND @ https://out-run-app-git-worktree-streng-98e01f-davids-projects-0d6e1f97.vercel.app/_next/static/chunks/5677-434fffbada2ccb6e.js:0
[  198643ms] [LOG] [ContentResolver] Level 3 — exercise video resolved: "פשיטת מרפקים על ספסל" → https://vz-b17872ab-7a7.b-cdn.net/baa1e44e-19ce-4939-bb77-20… @ https://out-run-app-git-worktree-streng-98e01f-davids-projects-0d6e1f97.vercel.app/_next/static/chunks/5677-434fffbada2ccb6e.js:0
[  200729ms] [LOG] [DEBUG-RESOLVER] resolveContent("push", 9) → programId="J0fLpmJhG0KDN2tQouxh" @ https://out-run-app-git-worktree-streng-98e01f-davids-projects-0d6e1f97.vercel.app/_next/static/chunks/5677-434fffbada2ccb6e.js:0
[  200871ms] [LOG] [VisualContentService] docToContent "J0fLpmJhG0KDN2tQouxh_9": {hasVideoVariantsField: true, hasVariantsField: false, rawType: array[0], parsedVariantsCount: 0, allTopLevelKeys: Array(14)} @ https://out-run-app-git-worktree-streng-98e01f-davids-projects-0d6e1f97.vercel.app/_next/static/chunks/5677-434fffbada2ccb6e.js:0
[  200871ms] [LOG] [DEBUG-RESOLVER] attempt1 getVisualContentItem("J0fLpmJhG0KDN2tQouxh", 9) → FOUND @ https://out-run-app-git-worktree-streng-98e01f-davids-projects-0d6e1f97.vercel.app/_next/static/chunks/5677-434fffbada2ccb6e.js:0
[  200997ms] [LOG] [ContentResolver] Level 9 — exercise video resolved: "מקבילים אקצנטרי" → https://vz-b17872ab-7a7.b-cdn.net/0cf4aa4f-997b-4ff6-8243-c5… @ https://out-run-app-git-worktree-streng-98e01f-davids-projects-0d6e1f97.vercel.app/_next/static/chunks/5677-434fffbada2ccb6e.js:0
[  200998ms] [LOG] [DEBUG-RESOLVER] resolveContent("push", 8) → programId="J0fLpmJhG0KDN2tQouxh" @ https://out-run-app-git-worktree-streng-98e01f-davids-projects-0d6e1f97.vercel.app/_next/static/chunks/5677-434fffbada2ccb6e.js:0
[  200998ms] [LOG] [DEBUG-RESOLVER] resolveContent("push", 10) → programId="J0fLpmJhG0KDN2tQouxh" @ https://out-run-app-git-worktree-streng-98e01f-davids-projects-0d6e1f97.vercel.app/_next/static/chunks/5677-434fffbada2ccb6e.js:0
[  200998ms] [LOG] [DEBUG-RESOLVER] resolveContent("push", 10) → programId="J0fLpmJhG0KDN2tQouxh" @ https://out-run-app-git-worktree-streng-98e01f-davids-projects-0d6e1f97.vercel.app/_next/static/chunks/5677-434fffbada2ccb6e.js:0
[  203564ms] [LOG] [DEBUG-RESOLVER] resolveContent("push", 12) → programId="J0fLpmJhG0KDN2tQouxh" @ https://out-run-app-git-worktree-streng-98e01f-davids-projects-0d6e1f97.vercel.app/_next/static/chunks/5677-434fffbada2ccb6e.js:0
[  203698ms] [LOG] [VisualContentService] docToContent "J0fLpmJhG0KDN2tQouxh_12": {hasVideoVariantsField: true, hasVariantsField: false, rawType: array[0], parsedVariantsCount: 0, allTopLevelKeys: Array(14)} @ https://out-run-app-git-worktree-streng-98e01f-davids-projects-0d6e1f97.vercel.app/_next/static/chunks/5677-434fffbada2ccb6e.js:0
[  203698ms] [LOG] [DEBUG-RESOLVER] attempt1 getVisualContentItem("J0fLpmJhG0KDN2tQouxh", 12) → FOUND @ https://out-run-app-git-worktree-streng-98e01f-davids-projects-0d6e1f97.vercel.app/_next/static/chunks/5677-434fffbada2ccb6e.js:0
[  203809ms] [LOG] [ContentResolver] Level 12 — exercise video resolved: "ישיבת L" → https://vz-b17872ab-7a7.b-cdn.net/ff5f0220-761e-4805-9f96-74… @ https://out-run-app-git-worktree-streng-98e01f-davids-projects-0d6e1f97.vercel.app/_next/static/chunks/5677-434fffbada2ccb6e.js:0
[  203810ms] [LOG] [DEBUG-RESOLVER] resolveContent("push", 11) → programId="J0fLpmJhG0KDN2tQouxh" @ https://out-run-app-git-worktree-streng-98e01f-davids-projects-0d6e1f97.vercel.app/_next/static/chunks/5677-434fffbada2ccb6e.js:0
[  203810ms] [LOG] [DEBUG-RESOLVER] resolveContent("push", 13) → programId="J0fLpmJhG0KDN2tQouxh" @ https://out-run-app-git-worktree-streng-98e01f-davids-projects-0d6e1f97.vercel.app/_next/static/chunks/5677-434fffbada2ccb6e.js:0
[  203810ms] [LOG] [DEBUG-RESOLVER] resolveContent("push", 13) → programId="J0fLpmJhG0KDN2tQouxh" @ https://out-run-app-git-worktree-streng-98e01f-davids-projects-0d6e1f97.vercel.app/_next/static/chunks/5677-434fffbada2ccb6e.js:0
[  207097ms] [LOG] [DEBUG-RESOLVER] resolveContent("push", 9) → programId="J0fLpmJhG0KDN2tQouxh" @ https://out-run-app-git-worktree-streng-98e01f-davids-projects-0d6e1f97.vercel.app/_next/static/chunks/5677-434fffbada2ccb6e.js:0
[  207098ms] [LOG] [DEBUG-RESOLVER] resolveContent("push", 8) → programId="J0fLpmJhG0KDN2tQouxh" @ https://out-run-app-git-worktree-streng-98e01f-davids-projects-0d6e1f97.vercel.app/_next/static/chunks/5677-434fffbada2ccb6e.js:0
[  207098ms] [LOG] [DEBUG-RESOLVER] resolveContent("push", 10) → programId="J0fLpmJhG0KDN2tQouxh" @ https://out-run-app-git-worktree-streng-98e01f-davids-projects-0d6e1f97.vercel.app/_next/static/chunks/5677-434fffbada2ccb6e.js:0
[  207098ms] [LOG] [DEBUG-RESOLVER] resolveContent("push", 10) → programId="J0fLpmJhG0KDN2tQouxh" @ https://out-run-app-git-worktree-streng-98e01f-davids-projects-0d6e1f97.vercel.app/_next/static/chunks/5677-434fffbada2ccb6e.js:0
