[    2976ms] [WARNING] [2026-09-22T11:41:20.955Z]  @firebase/auth: Auth (12.6.0): Error while retrieving App Check token: FirebaseError: AppCheck: ReCAPTCHA error. (appCheck/recaptcha-error). @ https://outrun.co.il/_next/static/chunks/2532-16f59635ee5a761a.js:14
[    4573ms] [LOG] [ActivityStore] No Firestore data, created new day @ https://outrun.co.il/_next/static/chunks/1381-2a035a20bf094eec.js:0
[    4573ms] [LOG] [ActivityStore] No Firestore data, created new day @ https://outrun.co.il/_next/static/chunks/1381-2a035a20bf094eec.js:0
[    4573ms] [LOG] [ActivityStore] No Firestore data, created new day @ https://outrun.co.il/_next/static/chunks/1381-2a035a20bf094eec.js:0
[    4710ms] [INFO] [User Service] User pYZv4stmwKQsQZLmOpDlppVriwG2 has missing or empty equipment profile. This may affect Smart Swap functionality. Please update user equipment in the admin panel. @ https://outrun.co.il/_next/static/chunks/9140-1ff4a1a79b8079de.js:0
[    4727ms] [LOG] [HomeContext] Domain 'legs' resolved to L1 (Source: Domains) @ https://outrun.co.il/_next/static/chunks/4861-0a4b1c61fcd6903d.js:0
[    4727ms] [LOG] [HomeContext] Domain 'upper_body' resolved to L1 (Source: Domains) @ https://outrun.co.il/_next/static/chunks/4861-0a4b1c61fcd6903d.js:0
[    4727ms] [LOG] [HomeContext] Domain 'push' resolved to L1 (Source: Domains) @ https://outrun.co.il/_next/static/chunks/4861-0a4b1c61fcd6903d.js:0
[    4727ms] [LOG] [HomeContext] Domain 'muscle_up' resolved to L1 (Source: Domains) @ https://outrun.co.il/_next/static/chunks/4861-0a4b1c61fcd6903d.js:0
[    4727ms] [LOG] [HomeContext] Domain 'core' resolved to L1 (Source: Domains) @ https://outrun.co.il/_next/static/chunks/4861-0a4b1c61fcd6903d.js:0
[    4727ms] [LOG] [HomeContext] Domain 'full_body' resolved to L1 (Source: Domains) @ https://outrun.co.il/_next/static/chunks/4861-0a4b1c61fcd6903d.js:0
[    4727ms] [LOG] [HomeContext] Domain 'fTLWzjP9gH2VNpamyCZF' resolved to L1 (Source: Domains) @ https://outrun.co.il/_next/static/chunks/4861-0a4b1c61fcd6903d.js:0
[    4727ms] [LOG] [HomeContext] Domain 'H2279XsRGDg9G370J7S9' resolved to L1 (Source: Domains) @ https://outrun.co.il/_next/static/chunks/4861-0a4b1c61fcd6903d.js:0
[    4727ms] [LOG] [HomeContext] Domain 'pull' resolved to L1 (Source: Domains) @ https://outrun.co.il/_next/static/chunks/4861-0a4b1c61fcd6903d.js:0
[    4727ms] [LOG] [HomeContext] Domain '47smw26hUyG5ZbE1bhr3' resolved to L1 (Source: Domains) @ https://outrun.co.il/_next/static/chunks/4861-0a4b1c61fcd6903d.js:0
[    4727ms] [LOG] [HomeContext] Domain 'front_lever' — no assessed level, left ABSENT (no invention) @ https://outrun.co.il/_next/static/chunks/4861-0a4b1c61fcd6903d.js:0
[    4727ms] [LOG] [HomeContext] Domain 'human_flag' — no assessed level, left ABSENT (no invention) @ https://outrun.co.il/_next/static/chunks/4861-0a4b1c61fcd6903d.js:0
[    4727ms] [LOG] [HomeContext] Domain 'handstand_pushup' — no assessed level, left ABSENT (no invention) @ https://outrun.co.il/_next/static/chunks/4861-0a4b1c61fcd6903d.js:0
[    4727ms] [LOG] [HomeContext] Domain 'planche' — no assessed level, left ABSENT (no invention) @ https://outrun.co.il/_next/static/chunks/4861-0a4b1c61fcd6903d.js:0
[    4727ms] [LOG] [HomeContext] Domain 'one_arm_pullup' — no assessed level, left ABSENT (no invention) @ https://outrun.co.il/_next/static/chunks/4861-0a4b1c61fcd6903d.js:0
[    4727ms] [LOG] [HomeContext] Domain 'calisthenics_upper' — no assessed level, left ABSENT (no invention) @ https://outrun.co.il/_next/static/chunks/4861-0a4b1c61fcd6903d.js:0
[    4727ms] [LOG] [HomeContext] Domain 'handstand' — no assessed level, left ABSENT (no invention) @ https://outrun.co.il/_next/static/chunks/4861-0a4b1c61fcd6903d.js:0
[    4728ms] [LOG] [home] scoreBreakdown "full-strength" (score=30): {goalMatch: 30, gapFilling: 0, stepDeficit: 0, preferenceMatch: 0, recoveryMatch: 0} @ https://outrun.co.il/_next/static/chunks/app/home/page-0b861422ab11cf63.js:0
[    4729ms] [LOG] [HomeWorkout] 🏞️ No location specified → "park" (PARK FORCE active) @ https://outrun.co.il/_next/static/chunks/1381-2a035a20bf094eec.js:0
[    4730ms] [LOG] [LOC-OVERRIDE] {"requested":null,"requestedSource":"none","resolved":"park","winner":"PARK_FORCE","path":"generateHomeWorkoutTrio"} @ https://outrun.co.il/_next/static/chunks/1381-2a035a20bf094eec.js:0
[    4730ms] [LOG] [HomeWorkout] scheduledProgramIds normalised: [] → [full_body] @ https://outrun.co.il/_next/static/chunks/1381-2a035a20bf094eec.js:0
[    4730ms] [LOG] [home] scoreBreakdown "safety-net" (score=0): {goalMatch: 0, gapFilling: 0, stepDeficit: 0, preferenceMatch: 0, recoveryMatch: 0} @ https://outrun.co.il/_next/static/chunks/app/home/page-0b861422ab11cf63.js:0
[    4846ms] [LOG] [ActivityStore] Loaded from Firestore - Streak: 0 @ https://outrun.co.il/_next/static/chunks/1381-2a035a20bf094eec.js:0
[    4849ms] [LOG] [ActivityStore] Loaded from Firestore - Streak: 0 @ https://outrun.co.il/_next/static/chunks/1381-2a035a20bf094eec.js:0
[    4851ms] [LOG] [ActivityStore] Loaded from Firestore - Streak: 0 @ https://outrun.co.il/_next/static/chunks/1381-2a035a20bf094eec.js:0
[    5551ms] [LOG] [HomeWorkout:Trio] Domain 'legs' resolved to L1 (Source: Domains) @ https://outrun.co.il/_next/static/chunks/4861-0a4b1c61fcd6903d.js:0
[    5551ms] [LOG] [HomeWorkout:Trio] Domain 'upper_body' resolved to L1 (Source: Domains) @ https://outrun.co.il/_next/static/chunks/4861-0a4b1c61fcd6903d.js:0
[    5551ms] [LOG] [HomeWorkout:Trio] Domain 'push' resolved to L1 (Source: Domains) @ https://outrun.co.il/_next/static/chunks/4861-0a4b1c61fcd6903d.js:0
[    5551ms] [LOG] [HomeWorkout:Trio] Domain 'muscle_up' resolved to L1 (Source: Domains) @ https://outrun.co.il/_next/static/chunks/4861-0a4b1c61fcd6903d.js:0
[    5551ms] [LOG] [HomeWorkout:Trio] Domain 'core' resolved to L1 (Source: Domains) @ https://outrun.co.il/_next/static/chunks/4861-0a4b1c61fcd6903d.js:0
[    5551ms] [LOG] [HomeWorkout:Trio] Domain 'full_body' resolved to L1 (Source: Domains) @ https://outrun.co.il/_next/static/chunks/4861-0a4b1c61fcd6903d.js:0
[    5551ms] [LOG] [HomeWorkout:Trio] Skipping master program "fTLWzjP9gH2VNpamyCZF" (display-only) @ https://outrun.co.il/_next/static/chunks/4861-0a4b1c61fcd6903d.js:0
[    5551ms] [LOG] [HomeWorkout:Trio] Skipping master program "H2279XsRGDg9G370J7S9" (display-only) @ https://outrun.co.il/_next/static/chunks/4861-0a4b1c61fcd6903d.js:0
[    5551ms] [LOG] [HomeWorkout:Trio] Domain 'pull' resolved to L1 (Source: Domains) @ https://outrun.co.il/_next/static/chunks/4861-0a4b1c61fcd6903d.js:0
[    5551ms] [LOG] [HomeWorkout:Trio] Skipping master program "47smw26hUyG5ZbE1bhr3" (display-only) @ https://outrun.co.il/_next/static/chunks/4861-0a4b1c61fcd6903d.js:0
[    5551ms] [LOG] [HomeWorkout:Trio] Domain 'front_lever' — no assessed level, left ABSENT (no invention) @ https://outrun.co.il/_next/static/chunks/4861-0a4b1c61fcd6903d.js:0
[    5551ms] [LOG] [HomeWorkout:Trio] Domain 'human_flag' — no assessed level, left ABSENT (no invention) @ https://outrun.co.il/_next/static/chunks/4861-0a4b1c61fcd6903d.js:0
[    5551ms] [LOG] [HomeWorkout:Trio] Domain 'handstand_pushup' — no assessed level, left ABSENT (no invention) @ https://outrun.co.il/_next/static/chunks/4861-0a4b1c61fcd6903d.js:0
[    5551ms] [LOG] [HomeWorkout:Trio] Domain 'planche' — no assessed level, left ABSENT (no invention) @ https://outrun.co.il/_next/static/chunks/4861-0a4b1c61fcd6903d.js:0
[    5551ms] [LOG] [HomeWorkout:Trio] Domain 'one_arm_pullup' — no assessed level, left ABSENT (no invention) @ https://outrun.co.il/_next/static/chunks/4861-0a4b1c61fcd6903d.js:0
[    5551ms] [LOG] [HomeWorkout:Trio] Domain 'calisthenics_upper' — no assessed level, left ABSENT (no invention) @ https://outrun.co.il/_next/static/chunks/4861-0a4b1c61fcd6903d.js:0
[    5551ms] [LOG] [HomeWorkout:Trio] Domain 'handstand' — no assessed level, left ABSENT (no invention) @ https://outrun.co.il/_next/static/chunks/4861-0a4b1c61fcd6903d.js:0
[    5551ms] [LOG] [HomeWorkout:Trio] [MasterDerive] "H2279XsRGDg9G370J7S9" → L1 (avg of [1,1,1] = 1, cap=15) @ https://outrun.co.il/_next/static/chunks/4861-0a4b1c61fcd6903d.js:0
[    5551ms] [LOG] [HomeWorkout:Trio] [MasterDerive] "fTLWzjP9gH2VNpamyCZF" → L1 (avg of [1,1,1] = 1, cap=15) @ https://outrun.co.il/_next/static/chunks/4861-0a4b1c61fcd6903d.js:0
[    5551ms] [LOG] [HomeWorkout:Trio] [MasterDerive] "47smw26hUyG5ZbE1bhr3" → L1 (avg of [1,1,1] = 1, cap=15) @ https://outrun.co.il/_next/static/chunks/4861-0a4b1c61fcd6903d.js:0
[    5551ms] [LOG] [HomeWorkout:Trio] [MasterDerive] "JCac76p48XGZ5MVahLI2" → L1 (avg of [1,1,1] = 1, cap=15) @ https://outrun.co.il/_next/static/chunks/4861-0a4b1c61fcd6903d.js:0
[    5551ms] [LOG] [HomeWorkout] Empty equipment profile for location "park" — defaulting to bodyweight @ https://outrun.co.il/_next/static/chunks/4861-0a4b1c61fcd6903d.js:0
[    5552ms] [WARNING] [InputSanitizer] ⚠️ No park inventory resolved — ESSENTIAL_PARK_GEAR fallback active @ https://outrun.co.il/_next/static/chunks/4861-0a4b1c61fcd6903d.js:0
[    5552ms] [LOG] [DomainBudget] activeProgramId="full_body" slug="full_body" resolvedChildDomains=[push, pull, legs, core] isFullBodyMaster=true isCalisthenicsUpperMaster=false isUpperBodyMaster=false @ https://outrun.co.il/_next/static/chunks/1381-2a035a20bf094eec.js:0
[    5552ms] [LOG] [LeadProgram] push: resolved L1 via pattern(push) @ https://outrun.co.il/_next/static/chunks/1381-2a035a20bf094eec.js:0
[    5697ms] [LOG] [WorkoutTrio] No app_config/workout_trio doc → using pre-seeded Hebrew labels @ https://outrun.co.il/_next/static/chunks/1381-2a035a20bf094eec.js:0
[    5697ms] [LOG] [LOC-OVERRIDE] {"requested":null,"requestedSource":"none","resolved":"park","winner":"DEFAULT_LOCATION","path":"tryRestDayFastPath"} @ https://outrun.co.il/_next/static/chunks/1381-2a035a20bf094eec.js:0
[    5698ms] [LOG] [WorkoutTrio] Rest-day fast path: 3 options from pool of 7 (targeted query, full pipeline skipped) @ https://outrun.co.il/_next/static/chunks/1381-2a035a20bf094eec.js:0
[    5698ms] [LOG] [home] scoreBreakdown "recovery-follow-up" (score=0): {goalMatch: 0, gapFilling: 0, stepDeficit: 0, preferenceMatch: 0, recoveryMatch: 0} @ https://outrun.co.il/_next/static/chunks/app/home/page-0b861422ab11cf63.js:0
[    5698ms] [LOG] [LeadProgram] pull: resolved L1 via pattern(pull) @ https://outrun.co.il/_next/static/chunks/1381-2a035a20bf094eec.js:0
[    5882ms] [LOG] [LeadProgram] legs: resolved L1 via pattern(legs) @ https://outrun.co.il/_next/static/chunks/1381-2a035a20bf094eec.js:0
[    5918ms] [LOG] [ActivityStore] No Firestore data, created new day @ https://outrun.co.il/_next/static/chunks/1381-2a035a20bf094eec.js:0
[    5918ms] [LOG] [ActivityStore] No Firestore data, created new day @ https://outrun.co.il/_next/static/chunks/1381-2a035a20bf094eec.js:0
[    5918ms] [LOG] [ActivityStore] No Firestore data, created new day @ https://outrun.co.il/_next/static/chunks/1381-2a035a20bf094eec.js:0
[    6052ms] [LOG] [HomeContext] Domain 'legs' resolved to L1 (Source: Domains) @ https://outrun.co.il/_next/static/chunks/4861-0a4b1c61fcd6903d.js:0
[    6052ms] [LOG] [HomeContext] Domain 'upper_body' resolved to L1 (Source: Domains) @ https://outrun.co.il/_next/static/chunks/4861-0a4b1c61fcd6903d.js:0
[    6052ms] [LOG] [HomeContext] Domain 'push' resolved to L1 (Source: Domains) @ https://outrun.co.il/_next/static/chunks/4861-0a4b1c61fcd6903d.js:0
[    6052ms] [LOG] [HomeContext] Domain 'muscle_up' resolved to L1 (Source: Domains) @ https://outrun.co.il/_next/static/chunks/4861-0a4b1c61fcd6903d.js:0
[    6052ms] [LOG] [HomeContext] Domain 'core' resolved to L1 (Source: Domains) @ https://outrun.co.il/_next/static/chunks/4861-0a4b1c61fcd6903d.js:0
[    6052ms] [LOG] [HomeContext] Domain 'full_body' resolved to L1 (Source: Domains) @ https://outrun.co.il/_next/static/chunks/4861-0a4b1c61fcd6903d.js:0
[    6052ms] [LOG] [HomeContext] Domain 'fTLWzjP9gH2VNpamyCZF' resolved to L1 (Source: Domains) @ https://outrun.co.il/_next/static/chunks/4861-0a4b1c61fcd6903d.js:0
[    6052ms] [LOG] [HomeContext] Domain 'H2279XsRGDg9G370J7S9' resolved to L1 (Source: Domains) @ https://outrun.co.il/_next/static/chunks/4861-0a4b1c61fcd6903d.js:0
[    6052ms] [LOG] [HomeContext] Domain 'pull' resolved to L1 (Source: Domains) @ https://outrun.co.il/_next/static/chunks/4861-0a4b1c61fcd6903d.js:0
[    6052ms] [LOG] [HomeContext] Domain '47smw26hUyG5ZbE1bhr3' resolved to L1 (Source: Domains) @ https://outrun.co.il/_next/static/chunks/4861-0a4b1c61fcd6903d.js:0
[    6052ms] [LOG] [HomeContext] Domain 'front_lever' — no assessed level, left ABSENT (no invention) @ https://outrun.co.il/_next/static/chunks/4861-0a4b1c61fcd6903d.js:0
[    6052ms] [LOG] [HomeContext] Domain 'human_flag' — no assessed level, left ABSENT (no invention) @ https://outrun.co.il/_next/static/chunks/4861-0a4b1c61fcd6903d.js:0
[    6052ms] [LOG] [HomeContext] Domain 'handstand_pushup' — no assessed level, left ABSENT (no invention) @ https://outrun.co.il/_next/static/chunks/4861-0a4b1c61fcd6903d.js:0
[    6052ms] [LOG] [HomeContext] Domain 'planche' — no assessed level, left ABSENT (no invention) @ https://outrun.co.il/_next/static/chunks/4861-0a4b1c61fcd6903d.js:0
[    6052ms] [LOG] [HomeContext] Domain 'one_arm_pullup' — no assessed level, left ABSENT (no invention) @ https://outrun.co.il/_next/static/chunks/4861-0a4b1c61fcd6903d.js:0
[    6052ms] [LOG] [HomeContext] Domain 'calisthenics_upper' — no assessed level, left ABSENT (no invention) @ https://outrun.co.il/_next/static/chunks/4861-0a4b1c61fcd6903d.js:0
[    6052ms] [LOG] [HomeContext] Domain 'handstand' — no assessed level, left ABSENT (no invention) @ https://outrun.co.il/_next/static/chunks/4861-0a4b1c61fcd6903d.js:0
[    6139ms] [LOG] [LeadProgram] core: resolved L1 via pattern(core) @ https://outrun.co.il/_next/static/chunks/1381-2a035a20bf094eec.js:0
[    6139ms] [LOG] [ActivityStore] Loaded from Firestore - Streak: 0 @ https://outrun.co.il/_next/static/chunks/1381-2a035a20bf094eec.js:0
[    6141ms] [LOG] [ActivityStore] Loaded from Firestore - Streak: 0 @ https://outrun.co.il/_next/static/chunks/1381-2a035a20bf094eec.js:0
[    6142ms] [LOG] [ActivityStore] Loaded from Firestore - Streak: 0 @ https://outrun.co.il/_next/static/chunks/1381-2a035a20bf094eec.js:0
[    6266ms] [LOG] [DomainBudget] resolvedDomainBudgets set: [push=L1, pull=L1, legs=L1, core=L1] @ https://outrun.co.il/_next/static/chunks/1381-2a035a20bf094eec.js:0
[    6267ms] [LOG] activeProgramId: full_body @ https://outrun.co.il/_next/static/chunks/1381-2a035a20bf094eec.js:0
[    6267ms] [LOG] progression.tracks: {legs: Object, upper_body: Object, push: Object, muscle_up: Object, core: Object} @ https://outrun.co.il/_next/static/chunks/1381-2a035a20bf094eec.js:0
[    6267ms] [LOG] progression.domains: {front_lever: Object, human_flag: Object, upper_body: Object, fTLWzjP9gH2VNpamyCZF: Object, 47smw26hUyG5ZbE1bhr3: Object} @ https://outrun.co.il/_next/static/chunks/1381-2a035a20bf094eec.js:0
[    6267ms] [LOG] progression.activePrograms: [Object] @ https://outrun.co.il/_next/static/chunks/1381-2a035a20bf094eec.js:0
[    6267ms] [LOG] progression.skillFocusIds: (none) @ https://outrun.co.il/_next/static/chunks/1381-2a035a20bf094eec.js:0
[    6267ms] [LOG] progression.masterProgramSubLevels: (none) @ https://outrun.co.il/_next/static/chunks/1381-2a035a20bf094eec.js:0
[    6267ms] [LOG] Derived userLevel (base): 1 @ https://outrun.co.il/_next/static/chunks/1381-2a035a20bf094eec.js:0
[    6267ms] [LOG] scheduleDays count: 2 @ https://outrun.co.il/_next/static/chunks/1381-2a035a20bf094eec.js:0
[    6267ms] [LOG] Source: Admin Panel (ProgramLevelSettings) per domain @ https://outrun.co.il/_next/static/chunks/1381-2a035a20bf094eec.js:0
[    6267ms] [LOG] Schedule Days: 2 @ https://outrun.co.il/_next/static/chunks/1381-2a035a20bf094eec.js:0
[    6267ms] [LOG]   push (L1): 10/2=4 @ https://outrun.co.il/_next/static/chunks/1381-2a035a20bf094eec.js:0
[    6267ms] [LOG]   pull (L1): 10/2=4 @ https://outrun.co.il/_next/static/chunks/1381-2a035a20bf094eec.js:0
[    6267ms] [LOG]   legs (L1): 10/2=4 @ https://outrun.co.il/_next/static/chunks/1381-2a035a20bf094eec.js:0
[    6267ms] [LOG]   core (L1): 8/2=3 @ https://outrun.co.il/_next/static/chunks/1381-2a035a20bf094eec.js:0
[    6267ms] [LOG] Total Daily Budget = 15 sets @ https://outrun.co.il/_next/static/chunks/1381-2a035a20bf094eec.js:0
[    6267ms] [LOG] [SplitDecision] P1/P2 sort (gender=default/male): [push, pull, legs, core] @ https://outrun.co.il/_next/static/chunks/1381-2a035a20bf094eec.js:0
[    6267ms] [LOG] [Periodization] Cycle clock: startDate=2026-09-21 daysSinceStart=0 → Week 1/5 @ https://outrun.co.il/_next/static/chunks/1381-2a035a20bf094eec.js:0
[    6267ms] [LOG]   Inputs:        cycleWeek=1, gapDays=0 @ https://outrun.co.il/_next/static/chunks/1381-2a035a20bf094eec.js:0
[    6267ms] [LOG]   Volume mult:   x1 @ https://outrun.co.il/_next/static/chunks/1381-2a035a20bf094eec.js:0
[    6268ms] [LOG]   Δ override:    none @ https://outrun.co.il/_next/static/chunks/1381-2a035a20bf094eec.js:0
[    6268ms] [LOG]   Protocol mult: x1 @ https://outrun.co.il/_next/static/chunks/1381-2a035a20bf094eec.js:0
[    6268ms] [LOG]   SA cap:        none @ https://outrun.co.il/_next/static/chunks/1381-2a035a20bf094eec.js:0
[    6268ms] [LOG]   Detraining:    false @ https://outrun.co.il/_next/static/chunks/1381-2a035a20bf094eec.js:0
[    6268ms] [LOG]   Default focus: Normal(1) @ https://outrun.co.il/_next/static/chunks/1381-2a035a20bf094eec.js:0
[    6268ms] [LOG]   Restart cycle: false @ https://outrun.co.il/_next/static/chunks/1381-2a035a20bf094eec.js:0
[    6268ms] [LOG] [SkillPriority] wired: resolvedChildDomains=[push, pull, legs, core] → priority={push:1, pull:2, legs:3, core:4} @ https://outrun.co.il/_next/static/chunks/1381-2a035a20bf094eec.js:0
[    6269ms] [WARNING] [ShadowLevel] UNMAPPED targetPrograms for "דגל פלאנק צידי": [EtY8YCol0qpF6DzgcTx1→human_flag]. Falling through to movementGroup resolution (Step 5). @ https://outrun.co.il/_next/static/chunks/4861-0a4b1c61fcd6903d.js:0
[    6269ms] [LOG] [ShadowLevel] DOMAIN (default): "דגל פלאנק צידי" → level=1 (movementGroup=undefined, muscle=shoulders) @ https://outrun.co.il/_next/static/chunks/4861-0a4b1c61fcd6903d.js:0
[    6269ms] [WARNING] [ParkGating] "חתירות ב-75°" — 3 park method(s) all gated → exercise excluded Required gear not in park inventory: [Object, Object, Object] Available: [bodyweight, pullup_bar, dip_station, bench, low_bar, high_bar, step, park_bench, park_step] @ https://outrun.co.il/_next/static/chunks/4861-0a4b1c61fcd6903d.js:0
[    6269ms] [WARNING] [ParkGating] "כפיפת ברך כנגד גומייה" — 1 park method(s) all gated → exercise excluded Required gear not in park inventory: [Object] Available: [bodyweight, pullup_bar, dip_station, bench, low_bar, high_bar, step, park_bench, park_step] @ https://outrun.co.il/_next/static/chunks/4861-0a4b1c61fcd6903d.js:0
[    6269ms] [WARNING] [ParkGating] "חתירות באחיזה עמוקה" — 1 park method(s) all gated → exercise excluded Required gear not in park inventory: [Object] Available: [bodyweight, pullup_bar, dip_station, bench, low_bar, high_bar, step, park_bench, park_step] @ https://outrun.co.il/_next/static/chunks/4861-0a4b1c61fcd6903d.js:0
[    6269ms] [WARNING] [ParkGating] "חתירות ב-15° עם ברכיים כפופות" — 3 park method(s) all gated → exercise excluded Required gear not in park inventory: [Object, Object, Object] Available: [bodyweight, pullup_bar, dip_station, bench, low_bar, high_bar, step, park_bench, park_step] @ https://outrun.co.il/_next/static/chunks/4861-0a4b1c61fcd6903d.js:0
[    6270ms] [WARNING] [ParkGating] "סקוואט כנגד גומייה" — 1 park method(s) all gated → exercise excluded Required gear not in park inventory: [Object] Available: [bodyweight, pullup_bar, dip_station, bench, low_bar, high_bar, step, park_bench, park_step] @ https://outrun.co.il/_next/static/chunks/4861-0a4b1c61fcd6903d.js:0
[    6270ms] [LOG] [ShadowLevel] TARGET PROGRAM: "בננה סופרמן על המתח" → program="fTLWzjP9gH2VNpamyCZF" (slug="muscle_up") userLevel=1 (adminTag=1) (movementGroup=isolation, muscle=shoulders) @ https://outrun.co.il/_next/static/chunks/4861-0a4b1c61fcd6903d.js:0
[    6270ms] [WARNING] [ParkGating] "דדליפט רומני בהתנגדות גומייה" — 1 park method(s) all gated → exercise excluded Required gear not in park inventory: [Object] Available: [bodyweight, pullup_bar, dip_station, bench, low_bar, high_bar, step, park_bench, park_step] @ https://outrun.co.il/_next/static/chunks/4861-0a4b1c61fcd6903d.js:0
[    6270ms] [WARNING] [ParkGating] "דדליפט רומני על הגבהה" — 2 park method(s) all gated → exercise excluded Required gear not in park inventory: [Object, Object] Available: [bodyweight, pullup_bar, dip_station, bench, low_bar, high_bar, step, park_bench, park_step] @ https://outrun.co.il/_next/static/chunks/4861-0a4b1c61fcd6903d.js:0
[    6270ms] [WARNING] [ShadowLevel] UNMAPPED targetPrograms for "דגל נמוך": [EtY8YCol0qpF6DzgcTx1→human_flag]. Falling through to movementGroup resolution (Step 5). @ https://outrun.co.il/_next/static/chunks/4861-0a4b1c61fcd6903d.js:0
[    6270ms] [LOG] [ShadowLevel] DOMAIN (default): "דגל נמוך" → level=1 (movementGroup=undefined, muscle=shoulders) @ https://outrun.co.il/_next/static/chunks/4861-0a4b1c61fcd6903d.js:0
[    6270ms] [WARNING] [ParkGating] "תלייה באחיזה עמוקה" — 1 park method(s) all gated → exercise excluded Required gear not in park inventory: [Object] Available: [bodyweight, pullup_bar, dip_station, bench, low_bar, high_bar, step, park_bench, park_step] @ https://outrun.co.il/_next/static/chunks/4861-0a4b1c61fcd6903d.js:0
[    6270ms] [WARNING] [ShadowLevel] UNMAPPED targetPrograms for "דגל ב-45°": [EtY8YCol0qpF6DzgcTx1→human_flag]. Falling through to movementGroup resolution (Step 5). @ https://outrun.co.il/_next/static/chunks/4861-0a4b1c61fcd6903d.js:0
[    6270ms] [LOG] [ShadowLevel] DOMAIN (default): "דגל ב-45°" → level=1 (movementGroup=undefined, muscle=shoulders) @ https://outrun.co.il/_next/static/chunks/4861-0a4b1c61fcd6903d.js:0
[    6270ms] [WARNING] [ParkGating] "דגל ב-45°" — 1 park method(s) all gated → exercise excluded Required gear not in park inventory: [Object] Available: [bodyweight, pullup_bar, dip_station, bench, low_bar, high_bar, step, park_bench, park_step] @ https://outrun.co.il/_next/static/chunks/4861-0a4b1c61fcd6903d.js:0
[    6270ms] [WARNING] [ParkGating] "סקוואט בעזרת רצועות" — 1 park method(s) all gated → exercise excluded Required gear not in park inventory: [Object] Available: [bodyweight, pullup_bar, dip_station, bench, low_bar, high_bar, step, park_bench, park_step] @ https://outrun.co.il/_next/static/chunks/4861-0a4b1c61fcd6903d.js:0
[    6270ms] [WARNING] [ParkGating] "עליית מדרגה גובה קרסול" — 1 park method(s) all gated → exercise excluded Required gear not in park inventory: [Object] Available: [bodyweight, pullup_bar, dip_station, bench, low_bar, high_bar, step, park_bench, park_step] @ https://outrun.co.il/_next/static/chunks/4861-0a4b1c61fcd6903d.js:0
[    6270ms] [WARNING] [ShadowLevel] UNMAPPED targetPrograms for "דגל פלאנק צידי": [EtY8YCol0qpF6DzgcTx1→human_flag]. Falling through to movementGroup resolution (Step 5). @ https://outrun.co.il/_next/static/chunks/4861-0a4b1c61fcd6903d.js:0
[    6270ms] [LOG] [ShadowLevel] DOMAIN (default): "דגל פלאנק צידי" → level=1 (movementGroup=undefined, muscle=shoulders) @ https://outrun.co.il/_next/static/chunks/4861-0a4b1c61fcd6903d.js:0
[    6271ms] [LOG] [ShadowLevel] TARGET PROGRAM: "בננה סופרמן על המתח" → program="fTLWzjP9gH2VNpamyCZF" (slug="muscle_up") userLevel=1 (adminTag=1) (movementGroup=isolation, muscle=shoulders) @ https://outrun.co.il/_next/static/chunks/4861-0a4b1c61fcd6903d.js:0
[    6271ms] [WARNING] [ShadowLevel] UNMAPPED targetPrograms for "דגל נמוך": [EtY8YCol0qpF6DzgcTx1→human_flag]. Falling through to movementGroup resolution (Step 5). @ https://outrun.co.il/_next/static/chunks/4861-0a4b1c61fcd6903d.js:0
[    6271ms] [LOG] [ShadowLevel] DOMAIN (default): "דגל נמוך" → level=1 (movementGroup=undefined, muscle=shoulders) @ https://outrun.co.il/_next/static/chunks/4861-0a4b1c61fcd6903d.js:0
[    6271ms] [WARNING] [PoolFactory] ⚠️ profileStale: all userProgramLevels are L≤1 — onboarding background sync (recalculateAncestorMasters) may still be in flight. Proceeding with L1 defaults; workout will regenerate on next mount. @ https://outrun.co.il/_next/static/chunks/1594-5a87e39473af2633.js:0
[    6271ms] [LOG] [WorkoutTrio] Shared pipeline: 64 scored exercises (39 excluded), 370 total in DB @ https://outrun.co.il/_next/static/chunks/1381-2a035a20bf094eec.js:0
[    6271ms] [LOG] [WorkoutTrio] Filter breakdown — program_filter: 2, level_tolerance: 26, skill_gate: 0, location: 11, injury: 0, passed: 64 @ https://outrun.co.il/_next/static/chunks/1381-2a035a20bf094eec.js:0
[    6677ms] [LOG] [WorkoutTrio] Settings resolved → protocols: ⚠️  none (straight sets — check Firestore doc) | goals: 1 exercises from push@L1 | tabata: off @ https://outrun.co.il/_next/static/chunks/1381-2a035a20bf094eec.js:0
[    6881ms] [LOG] [ExerciseHistory] Loaded history for 0/64 exercises (3 chunked 'in' queries) @ https://outrun.co.il/_next/static/chunks/1381-2a035a20bf094eec.js:0
[    6882ms] [LOG] [WorkoutTrio] Exercise history loaded: 0/64 exercises have prior session data (David Staircase floor active). @ https://outrun.co.il/_next/static/chunks/1381-2a035a20bf094eec.js:0
[    6882ms] [LOG] [WorkoutTrio] Protocol probability passed to generator: 0.00 (base=0, multiplier=1, week=1) @ https://outrun.co.il/_next/static/chunks/1381-2a035a20bf094eec.js:0
[    7198ms] [LOG] [WorkoutTrio] No app_config/workout_trio doc → using pre-seeded Hebrew labels @ https://outrun.co.il/_next/static/chunks/1381-2a035a20bf094eec.js:0
[    7198ms] [LOG] [WorkoutTrio] Labels (fallback): [מאוזן, עצים ומהיר, אימון פארק קליל] @ https://outrun.co.il/_next/static/chunks/1381-2a035a20bf094eec.js:0
[    7198ms] [LOG] [WorkoutTrio] Bolt2: honouring requested 30min (ceiling 45min, explicit=false) @ https://outrun.co.il/_next/static/chunks/1381-2a035a20bf094eec.js:0
[    7198ms] [LOG] [PipelineOrchestrator] Pool OK: 64 survivors at location=park (gear=9) → normal generation (sparse contexts degrade to bodyweight, not recovery). @ https://outrun.co.il/_next/static/chunks/1381-2a035a20bf094eec.js:0
[    7198ms] [LOG] [PipelineOrchestrator] 🔓 Master-program bypass (full_body): skipping single-domain tolerance gate — ContextualEngine shared pass already scoped pool to all child domains. Pool size preserved: 64 exercises. @ https://outrun.co.il/_next/static/chunks/1381-2a035a20bf094eec.js:0
[    7198ms] [WARNING] [PipelineOrchestrator] ⚠️ profileStale: userProgramLevels all ≤ L1 — onboarding background sync may still be in flight. Generation proceeds with L1 defaults. @ https://outrun.co.il/_next/static/chunks/1381-2a035a20bf094eec.js:0
[    7199ms] [LOG] [InputSanitizer:Periodization] Phase=BUILD(W1) effectiveDifficulty=2 @ https://outrun.co.il/_next/static/chunks/4861-0a4b1c61fcd6903d.js:0
[    7199ms] [LOG]   push L1: 4 sets/day (10/week) @ https://outrun.co.il/_next/static/chunks/1594-5a87e39473af2633.js:0
[    7199ms] [LOG]   pull L1: 4 sets/day (10/week) @ https://outrun.co.il/_next/static/chunks/1594-5a87e39473af2633.js:0
[    7199ms] [LOG]   legs L1: 4 sets/day (10/week) @ https://outrun.co.il/_next/static/chunks/1594-5a87e39473af2633.js:0
[    7199ms] [LOG]   core L1: 3 sets/day (8/week) @ https://outrun.co.il/_next/static/chunks/1594-5a87e39473af2633.js:0
[    7200ms] [LOG] Foundation Buffer: 22 exercises boosted (+30) — Pull-ups/Dips/Push-ups/Rows prioritised @ https://outrun.co.il/_next/static/chunks/1594-5a87e39473af2633.js:0
[    7200ms] [LOG] Vertical Preference: 2 exercises boosted (diminishing: 15/8) @ https://outrun.co.il/_next/static/chunks/1594-5a87e39473af2633.js:0
[    7200ms] [LOG] Naked Strength: 33 bodyweight exercises boosted (+8) @ https://outrun.co.il/_next/static/chunks/1594-5a87e39473af2633.js:0
[    7201ms] [LOG] Equipment Synergy: "mat" dominant → 5 exercises boosted (+8) @ https://outrun.co.il/_next/static/chunks/1594-5a87e39473af2633.js:0
[    7201ms] [LOG] Modality Match: "none" dominant → 39 exercises boosted (+10) @ https://outrun.co.il/_next/static/chunks/1594-5a87e39473af2633.js:0
[    7201ms] [LOG] [LevelSync] DifficultyFilter: globalLevel=L1, domainLevels={push:L1, pull:L1, legs:L1, core:L1, upper_body:L1, muscle_up:L1, full_body:L1} @ https://outrun.co.il/_next/static/chunks/4861-0a4b1c61fcd6903d.js:0
[    7201ms] [WARNING] [LevelSync] applyDifficultyFilter: 2 exercise-level resolution(s) had no assessed domain level — used explicit L1 floor, NOT globalLevel(L1) @ https://outrun.co.il/_next/static/chunks/4861-0a4b1c61fcd6903d.js:0
[    7201ms] [LOG] [Bolt2Cap] per-domain [push→L2, pull→L2, legs→L2, core→L2] (activeProgram=full_body): filtered out 35 above-ceiling exercise(s). Pool: 64 → 29 @ https://outrun.co.il/_next/static/chunks/1594-5a87e39473af2633.js:0
[    7201ms] [LOG] [WorkoutGenerator] Domain quotas: push, pull, legs, core → 6 exercises @ https://outrun.co.il/_next/static/chunks/4861-0a4b1c61fcd6903d.js:0
[    7202ms] [LOG] [assignVolume] Budget guard: pull budget=4 ÷ 2 exercises (budgetCap=1) → consolidated to 1 receiver(s) @ https://outrun.co.il/_next/static/chunks/1594-5a87e39473af2633.js:0
[    7202ms] [LOG] [assignVolume] Budget guard: core budget=3 ÷ 2 exercises (budgetCap=1) → consolidated to 1 receiver(s) @ https://outrun.co.il/_next/static/chunks/1594-5a87e39473af2633.js:0
[    7202ms] [LOG]   push L1: 4 sets ÷ 1 exercises = 4 sets/each @ https://outrun.co.il/_next/static/chunks/1594-5a87e39473af2633.js:0
[    7202ms] [LOG]   pull L1: 4 sets ÷ 1 exercises = 4 sets/each @ https://outrun.co.il/_next/static/chunks/1594-5a87e39473af2633.js:0
[    7202ms] [LOG]   legs L1: 4 sets ÷ 1 exercises = 4 sets/each @ https://outrun.co.il/_next/static/chunks/1594-5a87e39473af2633.js:0
[    7202ms] [LOG]   core L1: 3 sets ÷ 1 exercises = 3 sets/each @ https://outrun.co.il/_next/static/chunks/1594-5a87e39473af2633.js:0
[    7203ms] [LOG] [BudgetDistributor.balancedClusterCap] D2 balanced session — culled 2 exercise(s) → 4 clustered exercises (diverse=true, domains=4, longSession=false, availableTime=30). Sets: 3/4/4/4 @ https://outrun.co.il/_next/static/chunks/1594-5a87e39473af2633.js:0
[    7203ms] [LOG] [WorkoutGenerator][selectProtocol] difficulty=2 | adminProtocols=null | adminProbability=0 | periodizationWeek=1 @ https://outrun.co.il/_next/static/chunks/1594-5a87e39473af2633.js:0
[    7203ms] [LOG] [WorkoutGenerator][selectProtocol] No protocols configured — straight sets @ https://outrun.co.il/_next/static/chunks/1594-5a87e39473af2633.js:0
[    7204ms] [LOG] [findLevelSub] ✅ horizontal_pull: picked "מתח אוסטרלי ב-60° מעלות" L1 (gap=0, radius=±2, domain=pull L1, D2) @ https://outrun.co.il/_next/static/chunks/1594-5a87e39473af2633.js:0
[    7204ms] [LOG] [HorizontalGuarantee] ⏭️  Skipped rich-budget ADD for horizontal_pull — every other-domain candidate is a sole representative @ https://outrun.co.il/_next/static/chunks/1594-5a87e39473af2633.js:0
[    7204ms] [LOG] [HorizontalGuarantee] ✅ "תלייה פסיבית בתמיכת הרגליים"(vertical_pull) → "מתח אוסטרלי ב-60° מעלות" (L1, domain=pull L1, gap=0) [horizontal_pull] @ https://outrun.co.il/_next/static/chunks/1594-5a87e39473af2633.js:0
[    7204ms] [LOG] [VerticalFoundation] ⚠️ Could not guarantee vertical_pull foundation — no safe victim @ https://outrun.co.il/_next/static/chunks/1594-5a87e39473af2633.js:0
[    7204ms] [WARNING] [VerticalFoundation] ⚠️ No foundation candidate for vertical_push within ±6 of L1 @ https://outrun.co.il/_next/static/chunks/1594-5a87e39473af2633.js:0
[    7204ms] [LOG] ┌─────────────┬────────────┬────────────┬────────────┐
│  Section    │  Work      │  Rest      │  Subtotal  │
├─────────────┼────────────┼────────────┼────────────┤
│  Warmup     │ 0m 0s      │ 0m 0s      │ 0m 0s      │  ← 0s rest, 5s transitions, cap=6m
│  Main       │ 4m 57s     │ 32m 57s    │ 36m 54s    │  ← 32m rest = 89% of main block
│  Cooldown   │ 0m 0s      │ 0m 0s      │ 0m 0s      │
├─────────────┼────────────┼────────────┼────────────┤
│  TOTAL(raw) │             │             │ 36m 54s    │
└─────────────┴────────────┴────────────┴────────────┘ @ https://outrun.co.il/_next/static/chunks/1594-5a87e39473af2633.js:0
[    7204ms] [LOG]   + Main transitions (3 × 30s): 90s @ https://outrun.co.il/_next/static/chunks/1594-5a87e39473af2633.js:0
[    7204ms] [LOG]   = Final Duration: 38 min @ https://outrun.co.il/_next/static/chunks/1594-5a87e39473af2633.js:0
[    7204ms] [TABLE] [Object, Object, Object, Object] @ https://outrun.co.il/_next/static/chunks/1594-5a87e39473af2633.js:0
[    7205ms] [LOG] [CoreBlock] form=single @ https://outrun.co.il/_next/static/chunks/1594-5a87e39473af2633.js:0
[    7205ms] [LOG] ┌─────────────┬────────────┬────────────┬────────────┐
│  Section    │  Work      │  Rest      │  Subtotal  │
├─────────────┼────────────┼────────────┼────────────┤
│  Warmup     │ 0m 0s      │ 0m 0s      │ 0m 0s      │  ← 0s rest, 5s transitions, cap=6m
│  Main       │ 4m 57s     │ 32m 57s    │ 36m 54s    │  ← 32m rest = 89% of main block
│  Cooldown   │ 0m 0s      │ 0m 0s      │ 0m 0s      │
├─────────────┼────────────┼────────────┼────────────┤
│  TOTAL(raw) │             │             │ 36m 54s    │
└─────────────┴────────────┴────────────┴────────────┘ @ https://outrun.co.il/_next/static/chunks/1594-5a87e39473af2633.js:0
[    7205ms] [LOG]   + Main transitions (3 × 30s): 90s @ https://outrun.co.il/_next/static/chunks/1594-5a87e39473af2633.js:0
[    7205ms] [LOG]   = Final Duration: 38 min @ https://outrun.co.il/_next/static/chunks/1594-5a87e39473af2633.js:0
[    7205ms] [TABLE] [Object, Object, Object, Object] @ https://outrun.co.il/_next/static/chunks/1594-5a87e39473af2633.js:0
[    7205ms] [LOG] [WorkoutGenerator] Smart set cap: 13 sets (cap 13) @ https://outrun.co.il/_next/static/chunks/1594-5a87e39473af2633.js:0
[    7205ms] [LOG] ┌─────────────┬────────────┬────────────┬────────────┐
│  Section    │  Work      │  Rest      │  Subtotal  │
├─────────────┼────────────┼────────────┼────────────┤
│  Warmup     │ 0m 0s      │ 0m 0s      │ 0m 0s      │  ← 0s rest, 5s transitions, cap=6m
│  Main       │ 4m 39s     │ 30m 52s    │ 34m 31s    │  ← 30m rest = 89% of main block
│  Cooldown   │ 0m 0s      │ 0m 0s      │ 0m 0s      │
├─────────────┼────────────┼────────────┼────────────┤
│  TOTAL(raw) │             │             │ 34m 31s    │
└─────────────┴────────────┴────────────┴────────────┘ @ https://outrun.co.il/_next/static/chunks/1594-5a87e39473af2633.js:0
[    7205ms] [LOG]   + Main transitions (3 × 30s): 90s @ https://outrun.co.il/_next/static/chunks/1594-5a87e39473af2633.js:0
[    7205ms] [LOG]   = Final Duration: 36 min @ https://outrun.co.il/_next/static/chunks/1594-5a87e39473af2633.js:0
[    7205ms] [TABLE] [Object, Object, Object, Object] @ https://outrun.co.il/_next/static/chunks/1594-5a87e39473af2633.js:0
[    7205ms] [LOG] [WorkoutGenerator] Smart set cap: 12 sets (cap 12) @ https://outrun.co.il/_next/static/chunks/1594-5a87e39473af2633.js:0
[    7205ms] [LOG] ┌─────────────┬────────────┬────────────┬────────────┐
│  Section    │  Work      │  Rest      │  Subtotal  │
├─────────────┼────────────┼────────────┼────────────┤
│  Warmup     │ 0m 0s      │ 0m 0s      │ 0m 0s      │  ← 0s rest, 5s transitions, cap=6m
│  Main       │ 3m 27s     │ 27m 27s    │ 31m 54s    │  ← 27m rest = 89% of main block
│  Cooldown   │ 0m 0s      │ 0m 0s      │ 0m 0s      │
├─────────────┼────────────┼────────────┼────────────┤
│  TOTAL(raw) │             │             │ 31m 54s    │
└─────────────┴────────────┴────────────┴────────────┘ @ https://outrun.co.il/_next/static/chunks/1594-5a87e39473af2633.js:0
[    7205ms] [LOG]   + Main transitions (3 × 30s): 90s @ https://outrun.co.il/_next/static/chunks/1594-5a87e39473af2633.js:0
[    7205ms] [LOG]   = Final Duration: 33 min @ https://outrun.co.il/_next/static/chunks/1594-5a87e39473af2633.js:0
[    7205ms] [TABLE] [Object, Object, Object, Object] @ https://outrun.co.il/_next/static/chunks/1594-5a87e39473af2633.js:0
[    7205ms] [LOG] [TimeVolumeFeedback] 2 compression pass(es): 38 min → 33 min (ceiling=30 min, tolerance=3 min) @ https://outrun.co.il/_next/static/chunks/1594-5a87e39473af2633.js:0
[    7205ms] [LOG] ┌─────────────┬────────────┬────────────┬────────────┐
│  Section    │  Work      │  Rest      │  Subtotal  │
├─────────────┼────────────┼────────────┼────────────┤
│  Warmup     │ 0m 0s      │ 0m 0s      │ 0m 0s      │  ← 0s rest, 5s transitions, cap=6m
│  Main       │ 3m 27s     │ 27m 27s    │ 31m 54s    │  ← 27m rest = 89% of main block
│  Cooldown   │ 0m 0s      │ 0m 0s      │ 0m 0s      │
├─────────────┼────────────┼────────────┼────────────┤
│  TOTAL(raw) │             │             │ 31m 54s    │
└─────────────┴────────────┴────────────┴────────────┘ @ https://outrun.co.il/_next/static/chunks/1594-5a87e39473af2633.js:0
[    7205ms] [LOG]   + Main transitions (3 × 30s): 90s @ https://outrun.co.il/_next/static/chunks/1594-5a87e39473af2633.js:0
[    7205ms] [LOG]   = Final Duration: 33 min @ https://outrun.co.il/_next/static/chunks/1594-5a87e39473af2633.js:0
[    7205ms] [TABLE] [Object, Object, Object, Object] @ https://outrun.co.il/_next/static/chunks/1594-5a87e39473af2633.js:0
[    7206ms] [LOG] [Engine] Pool: 103→101→64→29→6(raw)→6(diverse) | Selected: 4 | Budget: ?/15 remaining/daily | Difficulty: 2 | Sets: 12 @ https://outrun.co.il/_next/static/chunks/1594-5a87e39473af2633.js:0
[    7206ms] [LOG] [1] שכיבות סמיכה ב-75° | programLevel=1 [LevelResolution] שכיבות סמיכה ב-75° → L1 via push | userDomainL=1 | Tier=match | Sets=3 Reps=5 Rest=145s | Video=YES @ https://outrun.co.il/_next/static/chunks/1594-5a87e39473af2633.js:0
[    7206ms] [LOG] [2] מתח אוסטרלי ב-60° מעלות | programLevel=1 [LevelResolution] תלייה פסיבית בתמיכת הרגליים → L1 via pull | userDomainL=1 | Tier=match | Sets=3 Reps=6 Rest=125s | Video=YES @ https://outrun.co.il/_next/static/chunks/1594-5a87e39473af2633.js:0
[    7206ms] [LOG] [3] היפ טראסט | programLevel=1 [LevelResolution] היפ טראסט → L1 via legs | userDomainL=1 | Tier=match | Sets=3 Reps=4 Rest=145s | Video=YES @ https://outrun.co.il/_next/static/chunks/1594-5a87e39473af2633.js:0
[    7206ms] [LOG] [4] פלאנק על הברכיים | programLevel=1 [LevelResolution] פלאנק על הברכיים → L1 via core | userDomainL=1 | Tier=match | Sets=3 Hold=24s Rest=134s | Video=YES @ https://outrun.co.il/_next/static/chunks/1594-5a87e39473af2633.js:0
[    7206ms] [LOG] [Warmup] Pool: 370 total | follow-along: 13 | role=warmup: 1 | mobility-tag: 0 @ https://outrun.co.il/_next/static/chunks/1381-2a035a20bf094eec.js:0
[    7207ms] [LOG] [Warmup] Stage 1: "(none)" selected (none) @ https://outrun.co.il/_next/static/chunks/1381-2a035a20bf094eec.js:0
[    7207ms] [LOG] [Warmup] Level 1 ≤ 2 → General Mobility only @ https://outrun.co.il/_next/static/chunks/1381-2a035a20bf094eec.js:0
[    7207ms] [LOG]   ETMVVSpt0lIpeF3mkEn6 "מתיחות פלג גוף עליון לבדיקה": OK @ https://outrun.co.il/_next/static/chunks/1381-2a035a20bf094eec.js:0
[    7207ms] [LOG] ┌─────────────┬────────────┬────────────┬────────────┐
│  Section    │  Work      │  Rest      │  Subtotal  │
├─────────────┼────────────┼────────────┼────────────┤
│  Warmup     │ 0m 0s      │ 0m 0s      │ 0m 0s      │  ← 0s rest, 5s transitions, cap=6m
│  Main       │ 3m 27s     │ 27m 27s    │ 31m 54s    │  ← 27m rest = 89% of main block
│  Cooldown   │ 2m 30s     │ 0m 0s      │ 2m 30s     │
├─────────────┼────────────┼────────────┼────────────┤
│  TOTAL(raw) │             │             │ 32m 24s    │
└─────────────┴────────────┴────────────┴────────────┘ @ https://outrun.co.il/_next/static/chunks/1594-5a87e39473af2633.js:0
[    7207ms] [LOG]   + Main transitions (4 × 30s): 120s @ https://outrun.co.il/_next/static/chunks/1594-5a87e39473af2633.js:0
[    7207ms] [LOG]   = Final Duration: 35 min @ https://outrun.co.il/_next/static/chunks/1594-5a87e39473af2633.js:0
[    7207ms] [TABLE] [Object, Object, Object, Object, Object] @ https://outrun.co.il/_next/static/chunks/1594-5a87e39473af2633.js:0
[    7207ms] [LOG] ┌─────────────┬────────────┬────────────┬────────────┐
│  Section    │  Work      │  Rest      │  Subtotal  │
├─────────────┼────────────┼────────────┼────────────┤
│  Warmup     │ 0m 0s      │ 0m 0s      │ 0m 0s      │  ← 0s rest, 5s transitions, cap=6m
│  Main       │ 3m 12s     │ 25m 2s     │ 28m 14s    │  ← 25m rest = 89% of main block
│  Cooldown   │ 2m 30s     │ 0m 0s      │ 2m 30s     │
├─────────────┼────────────┼────────────┼────────────┤
│  TOTAL(raw) │             │             │ 30m 44s    │
└─────────────┴────────────┴────────────┴────────────┘ @ https://outrun.co.il/_next/static/chunks/1594-5a87e39473af2633.js:0
[    7207ms] [LOG]   + Main transitions (4 × 30s): 120s @ https://outrun.co.il/_next/static/chunks/1594-5a87e39473af2633.js:0
[    7207ms] [LOG]   = Final Duration: 32 min @ https://outrun.co.il/_next/static/chunks/1594-5a87e39473af2633.js:0
[    7207ms] [TABLE] [Object, Object, Object, Object, Object] @ https://outrun.co.il/_next/static/chunks/1594-5a87e39473af2633.js:0
[    7207ms] [LOG] ┌─────────────┬────────────┬────────────┬────────────┐
│  Section    │  Work      │  Rest      │  Subtotal  │
├─────────────┼────────────┼────────────┼────────────┤
│  Warmup     │ 0m 0s      │ 0m 0s      │ 0m 0s      │  ← 0s rest, 5s transitions, cap=6m
│  Main       │ 3m 54s     │ 23m 57s    │ 26m 51s    │  ← 23m rest = 89% of main block
│  Cooldown   │ 2m 30s     │ 0m 0s      │ 2m 30s     │
├─────────────┼────────────┼────────────┼────────────┤
│  TOTAL(raw) │             │             │ 27m 21s    │
└─────────────┴────────────┴────────────┴────────────┘ @ https://outrun.co.il/_next/static/chunks/1594-5a87e39473af2633.js:0
[    7207ms] [LOG]   + Main transitions (4 × 30s): 120s @ https://outrun.co.il/_next/static/chunks/1594-5a87e39473af2633.js:0
[    7207ms] [LOG]   = Final Duration: 30 min @ https://outrun.co.il/_next/static/chunks/1594-5a87e39473af2633.js:0
[    7208ms] [TABLE] [Object, Object, Object, Object, Object] @ https://outrun.co.il/_next/static/chunks/1594-5a87e39473af2633.js:0
[    7208ms] [LOG] [PresentationFormatter.volumeCap] Done after 2 step(s): 30m, 11 sets, 4 main exercises @ https://outrun.co.il/_next/static/chunks/1381-2a035a20bf094eec.js:0
[    8391ms] [LOG] [PresentationFormatter] 🪜 Final domain-priority sort applied (order changed, 5 exercises, מאוזן) @ https://outrun.co.il/_next/static/chunks/1381-2a035a20bf094eec.js:0
[    8391ms] [LOG] [WorkoutTrio] Option 2 (מאוזן): D2, 5 exercises, 11 sets, ~30min @ https://outrun.co.il/_next/static/chunks/1381-2a035a20bf094eec.js:0
[    8391ms] [LOG] [WorkoutTrio] Single-option path — padded 3 slots with the same workout @ https://outrun.co.il/_next/static/chunks/1381-2a035a20bf094eec.js:0
[    8391ms] [LOG]   Difficulty: 2 ⚡⚡ @ https://outrun.co.il/_next/static/chunks/1381-2a035a20bf094eec.js:0
[    8391ms] [LOG]   Title: אימון כללי סוף יום בפארק @ https://outrun.co.il/_next/static/chunks/1381-2a035a20bf094eec.js:0
[    8391ms] [LOG]   Duration: ~30 min @ https://outrun.co.il/_next/static/chunks/1381-2a035a20bf094eec.js:0
[    8391ms] [LOG]   Warmups: 0 | Main: 4 | Sets: 11 @ https://outrun.co.il/_next/static/chunks/1381-2a035a20bf094eec.js:0
[    8391ms] [LOG]   Gear: 3 ⚠️ [VQoqHLfhHGhPsaz2zsQO, xQ617v3yzLpVQv4ChfRJ, PXmX6xgAAVq53gLceIcC] @ https://outrun.co.il/_next/static/chunks/1381-2a035a20bf094eec.js:0
[    8391ms] [LOG]   Exercises: [מתח אוסטרלי ב-60° מעלות, שכיבות סמיכה ב-75°, היפ טראסט, פלאנק על הברכיים] @ https://outrun.co.il/_next/static/chunks/1381-2a035a20bf094eec.js:0
[    8391ms] [LOG]   Difficulty: 2 ⚡⚡ @ https://outrun.co.il/_next/static/chunks/1381-2a035a20bf094eec.js:0
[    8391ms] [LOG]   Title: אימון כללי סוף יום בפארק @ https://outrun.co.il/_next/static/chunks/1381-2a035a20bf094eec.js:0
[    8391ms] [LOG]   Duration: ~30 min @ https://outrun.co.il/_next/static/chunks/1381-2a035a20bf094eec.js:0
[    8391ms] [LOG]   Warmups: 0 | Main: 4 | Sets: 11 @ https://outrun.co.il/_next/static/chunks/1381-2a035a20bf094eec.js:0
[    8391ms] [LOG]   Gear: 3 ⚠️ [VQoqHLfhHGhPsaz2zsQO, xQ617v3yzLpVQv4ChfRJ, PXmX6xgAAVq53gLceIcC] @ https://outrun.co.il/_next/static/chunks/1381-2a035a20bf094eec.js:0
[    8391ms] [LOG]   Exercises: [מתח אוסטרלי ב-60° מעלות, שכיבות סמיכה ב-75°, היפ טראסט, פלאנק על הברכיים] @ https://outrun.co.il/_next/static/chunks/1381-2a035a20bf094eec.js:0
[    8391ms] [LOG]   Difficulty: 2 ⚡⚡ @ https://outrun.co.il/_next/static/chunks/1381-2a035a20bf094eec.js:0
[    8391ms] [LOG]   Title: אימון כללי סוף יום בפארק @ https://outrun.co.il/_next/static/chunks/1381-2a035a20bf094eec.js:0
[    8391ms] [LOG]   Duration: ~30 min @ https://outrun.co.il/_next/static/chunks/1381-2a035a20bf094eec.js:0
[    8391ms] [LOG]   Warmups: 0 | Main: 4 | Sets: 11 @ https://outrun.co.il/_next/static/chunks/1381-2a035a20bf094eec.js:0
[    8391ms] [LOG]   Gear: 3 ⚠️ [VQoqHLfhHGhPsaz2zsQO, xQ617v3yzLpVQv4ChfRJ, PXmX6xgAAVq53gLceIcC] @ https://outrun.co.il/_next/static/chunks/1381-2a035a20bf094eec.js:0
[    8391ms] [LOG]   Exercises: [מתח אוסטרלי ב-60° מעלות, שכיבות סמיכה ב-75°, היפ טראסט, פלאנק על הברכיים] @ https://outrun.co.il/_next/static/chunks/1381-2a035a20bf094eec.js:0
[    8391ms] [LOG] Overlap: 1↔2=4, 1↔3=4, 2↔3=4 @ https://outrun.co.il/_next/static/chunks/1381-2a035a20bf094eec.js:0
[   16303ms] [ERROR] [2026-09-22T11:41:34.282Z]  @firebase/firestore: Firestore (12.6.0): Uncaught Error in snapshot listener: FirebaseError: [code=aborted]: Firestore shutting down @ https://outrun.co.il/_next/static/chunks/2117-3c64067cbd5bff19.js:0
[   16303ms] [ERROR] [2026-09-22T11:41:34.283Z]  @firebase/firestore: Firestore (12.6.0): Uncaught Error in snapshot listener: FirebaseError: [code=aborted]: Firestore shutting down @ https://outrun.co.il/_next/static/chunks/2117-3c64067cbd5bff19.js:0
[   16303ms] [ERROR] [2026-09-22T11:41:34.283Z]  @firebase/firestore: Firestore (12.6.0): Uncaught Error in snapshot listener: FirebaseError: [code=aborted]: Firestore shutting down @ https://outrun.co.il/_next/static/chunks/2117-3c64067cbd5bff19.js:0
[   16304ms] [WARNING] [ActivityStore] Real-time listener error (non-fatal): aborted @ https://outrun.co.il/_next/static/chunks/1381-2a035a20bf094eec.js:0
[   16304ms] [WARNING] [ActivityStore] Real-time listener error (non-fatal): aborted @ https://outrun.co.il/_next/static/chunks/1381-2a035a20bf094eec.js:0
[   16304ms] [WARNING] [ActivityStore] Real-time listener error (non-fatal): aborted @ https://outrun.co.il/_next/static/chunks/1381-2a035a20bf094eec.js:0
[   16304ms] [WARNING] [ActivityStore] Streak listener error (non-fatal): aborted @ https://outrun.co.il/_next/static/chunks/1381-2a035a20bf094eec.js:0
[   16304ms] [WARNING] [ActivityStore] Streak listener error (non-fatal): aborted @ https://outrun.co.il/_next/static/chunks/1381-2a035a20bf094eec.js:0
[   16304ms] [WARNING] [ActivityStore] Streak listener error (non-fatal): aborted @ https://outrun.co.il/_next/static/chunks/1381-2a035a20bf094eec.js:0
[   16304ms] [ERROR] [useDailyProgress] Error listening to daily progress: FirebaseError: Firestore shutting down @ https://outrun.co.il/_next/static/chunks/2117-3c64067cbd5bff19.js:0
[   16304ms] [ERROR] [useDailyProgress] Error listening to daily progress: FirebaseError: Firestore shutting down @ https://outrun.co.il/_next/static/chunks/2117-3c64067cbd5bff19.js:0
