[     484ms] [LOG] [DEBUG-PAGE] pathConfig.path: body_focus | categories passed to VisualSlider: [push] | skipTier: true @ https://outrun.co.il/_next/static/chunks/app/onboarding-new/assessment-visual/page-c4ac6e2686330360.js:0
[     685ms] [WARNING] [2026-09-22T18:24:51.596Z]  @firebase/auth: Auth (12.6.0): Error while retrieving App Check token: FirebaseError: AppCheck: ReCAPTCHA error. (appCheck/recaptcha-error). @ https://outrun.co.il/_next/static/chunks/2532-16f59635ee5a761a.js:14
[    1896ms] [LOG] [DEBUG-RESOLVER] loadCategoryMap built: {human_flag: EtY8YCol0qpF6DzgcTx1, push: J0fLpmJhG0KDN2tQouxh, core: kDMpobbKsuVTByTIKUpe, pull: UPDBtTdCvX748dtBlWYj, one_arm_pullup: cC0BOmm6KIqYAyQynEIo} @ https://outrun.co.il/_next/static/chunks/2378-c01d9a87a3ce5082.js:0
[    1896ms] [LOG] [DEBUG-RESOLVER] Incoming Category: push Resolved Candidate IDs: [push, J0fLpmJhG0KDN2tQouxh] @ https://outrun.co.il/_next/static/chunks/2378-c01d9a87a3ce5082.js:0
[    1898ms] [LOG] [DEBUG-PAGE] pathConfig.path: body_focus | categories passed to VisualSlider: [push] | skipTier: true @ https://outrun.co.il/_next/static/chunks/app/onboarding-new/assessment-visual/page-c4ac6e2686330360.js:0
[    1899ms] [LOG] [DEBUG-RESOLVER] Incoming Category: push Resolved Candidate IDs: [push, J0fLpmJhG0KDN2tQouxh] @ https://outrun.co.il/_next/static/chunks/2378-c01d9a87a3ce5082.js:0
[    2091ms] [LOG] [DEBUG-FIRESTORE] Querying IDs: [push, J0fLpmJhG0KDN2tQouxh] Snapshot size returned: 25 @ https://outrun.co.il/_next/static/chunks/2378-c01d9a87a3ce5082.js:0
[    2091ms] [LOG] [DEBUG-FIRESTORE] showInOnboarding=true levels: [1, 4, 6, 9, 12, 14, 16, 18, 19, 20] (10 total) @ https://outrun.co.il/_next/static/chunks/2378-c01d9a87a3ce5082.js:0
[    2091ms] [LOG] [DEBUG-RESOLVER] Final onboarding levels for "push": [1, 4, 6, 9, 12, 14, 16, 18, 19, 20] (10 total) @ https://outrun.co.il/_next/static/chunks/2378-c01d9a87a3ce5082.js:0
[    2091ms] [LOG] [DEBUG-RESOLVER] resolveContent("push", 1) → programId="J0fLpmJhG0KDN2tQouxh" @ https://outrun.co.il/_next/static/chunks/2378-c01d9a87a3ce5082.js:0
[    2091ms] [LOG] [DEBUG-RESOLVER] resolveContent("push", 4) → programId="J0fLpmJhG0KDN2tQouxh" @ https://outrun.co.il/_next/static/chunks/2378-c01d9a87a3ce5082.js:0
[    2092ms] [LOG] [DEBUG-FIRESTORE] Querying IDs: [push, J0fLpmJhG0KDN2tQouxh] Snapshot size returned: 25 @ https://outrun.co.il/_next/static/chunks/2378-c01d9a87a3ce5082.js:0
[    2092ms] [LOG] [DEBUG-FIRESTORE] showInOnboarding=true levels: [1, 4, 6, 9, 12, 14, 16, 18, 19, 20] (10 total) @ https://outrun.co.il/_next/static/chunks/2378-c01d9a87a3ce5082.js:0
[    2092ms] [LOG] [DEBUG-RESOLVER] Final onboarding levels for "push": [1, 4, 6, 9, 12, 14, 16, 18, 19, 20] (10 total) @ https://outrun.co.il/_next/static/chunks/2378-c01d9a87a3ce5082.js:0
[    2092ms] [LOG] [DEBUG-RESOLVER] resolveContent("push", 1) → programId="J0fLpmJhG0KDN2tQouxh" @ https://outrun.co.il/_next/static/chunks/2378-c01d9a87a3ce5082.js:0
[    2092ms] [LOG] [DEBUG-RESOLVER] resolveContent("push", 4) → programId="J0fLpmJhG0KDN2tQouxh" @ https://outrun.co.il/_next/static/chunks/2378-c01d9a87a3ce5082.js:0
[    2230ms] [LOG] [VisualContentService] docToContent "J0fLpmJhG0KDN2tQouxh_1": {hasVideoVariantsField: true, hasVariantsField: false, rawType: array[0], parsedVariantsCount: 0, allTopLevelKeys: Array(14)} @ https://outrun.co.il/_next/static/chunks/2378-c01d9a87a3ce5082.js:0
[    2231ms] [LOG] [DEBUG-RESOLVER] attempt1 getVisualContentItem("J0fLpmJhG0KDN2tQouxh", 1) → FOUND @ https://outrun.co.il/_next/static/chunks/2378-c01d9a87a3ce5082.js:0
[    2231ms] [LOG] [VisualContentService] docToContent "J0fLpmJhG0KDN2tQouxh_1": {hasVideoVariantsField: true, hasVariantsField: false, rawType: array[0], parsedVariantsCount: 0, allTopLevelKeys: Array(14)} @ https://outrun.co.il/_next/static/chunks/2378-c01d9a87a3ce5082.js:0
[    2231ms] [LOG] [DEBUG-RESOLVER] attempt1 getVisualContentItem("J0fLpmJhG0KDN2tQouxh", 1) → FOUND @ https://outrun.co.il/_next/static/chunks/2378-c01d9a87a3ce5082.js:0
[    2231ms] [LOG] [VisualContentService] docToContent "J0fLpmJhG0KDN2tQouxh_4": {hasVideoVariantsField: true, hasVariantsField: false, rawType: array[0], parsedVariantsCount: 0, allTopLevelKeys: Array(14)} @ https://outrun.co.il/_next/static/chunks/2378-c01d9a87a3ce5082.js:0
[    2231ms] [LOG] [DEBUG-RESOLVER] attempt1 getVisualContentItem("J0fLpmJhG0KDN2tQouxh", 4) → FOUND @ https://outrun.co.il/_next/static/chunks/2378-c01d9a87a3ce5082.js:0
[    2231ms] [LOG] [VisualContentService] docToContent "J0fLpmJhG0KDN2tQouxh_4": {hasVideoVariantsField: true, hasVariantsField: false, rawType: array[0], parsedVariantsCount: 0, allTopLevelKeys: Array(14)} @ https://outrun.co.il/_next/static/chunks/2378-c01d9a87a3ce5082.js:0
[    2231ms] [LOG] [DEBUG-RESOLVER] attempt1 getVisualContentItem("J0fLpmJhG0KDN2tQouxh", 4) → FOUND @ https://outrun.co.il/_next/static/chunks/2378-c01d9a87a3ce5082.js:0
[    2364ms] [LOG] [ContentResolver] Level 1 — exercise video resolved: "שכיבות סמיכה ב-75°" → https://vz-b17872ab-7a7.b-cdn.net/b1e43b30-37e1-49f7-8c17-74… @ https://outrun.co.il/_next/static/chunks/2378-c01d9a87a3ce5082.js:0
[    2364ms] [LOG] [ContentResolver] Level 1 — exercise video resolved: "שכיבות סמיכה ב-75°" → https://vz-b17872ab-7a7.b-cdn.net/b1e43b30-37e1-49f7-8c17-74… @ https://outrun.co.il/_next/static/chunks/2378-c01d9a87a3ce5082.js:0
[    2365ms] [LOG] [ContentResolver] Level 4 — exercise video resolved: "שכיבות סמיכה ברכיים" → https://vz-b17872ab-7a7.b-cdn.net/7413db0b-1702-4acd-8072-8a… @ https://outrun.co.il/_next/static/chunks/2378-c01d9a87a3ce5082.js:0
[    2365ms] [LOG] [ContentResolver] Level 4 — exercise video resolved: "שכיבות סמיכה ברכיים" → https://vz-b17872ab-7a7.b-cdn.net/7413db0b-1702-4acd-8072-8a… @ https://outrun.co.il/_next/static/chunks/2378-c01d9a87a3ce5082.js:0
[    9460ms] [LOG] [DEBUG-RESOLVER] Incoming Category: push Resolved Candidate IDs: [push, J0fLpmJhG0KDN2tQouxh] @ https://outrun.co.il/_next/static/chunks/2378-c01d9a87a3ce5082.js:0
[    9665ms] [LOG] [DEBUG-FIRESTORE] Querying IDs: [push, J0fLpmJhG0KDN2tQouxh] Snapshot size returned: 25 @ https://outrun.co.il/_next/static/chunks/2378-c01d9a87a3ce5082.js:0
[    9666ms] [LOG] [DEBUG-FIRESTORE] showInOnboarding=true levels: [1, 4, 6, 9, 12, 14, 16, 18, 19, 20] (10 total) @ https://outrun.co.il/_next/static/chunks/2378-c01d9a87a3ce5082.js:0
[    9666ms] [LOG] [DEBUG-RESOLVER] Final onboarding levels for "push": [1, 4, 6, 9, 12, 14, 16, 18, 19, 20] (10 total) @ https://outrun.co.il/_next/static/chunks/2378-c01d9a87a3ce5082.js:0
[    9670ms] [LOG] [DEBUG-RESOLVER] resolveContent("push", 1) → programId="J0fLpmJhG0KDN2tQouxh" @ https://outrun.co.il/_next/static/chunks/2378-c01d9a87a3ce5082.js:0
[    9670ms] [LOG] [DEBUG-RESOLVER] resolveContent("push", 2) → programId="J0fLpmJhG0KDN2tQouxh" @ https://outrun.co.il/_next/static/chunks/2378-c01d9a87a3ce5082.js:0
[    9670ms] [LOG] [DEBUG-RESOLVER] resolveContent("push", 2) → programId="J0fLpmJhG0KDN2tQouxh" @ https://outrun.co.il/_next/static/chunks/2378-c01d9a87a3ce5082.js:0
[    9827ms] [LOG] [VisualContentService] docToContent "J0fLpmJhG0KDN2tQouxh_2": {hasVideoVariantsField: true, hasVariantsField: false, rawType: array[0], parsedVariantsCount: 0, allTopLevelKeys: Array(14)} @ https://outrun.co.il/_next/static/chunks/2378-c01d9a87a3ce5082.js:0
[    9827ms] [LOG] [DEBUG-RESOLVER] attempt1 getVisualContentItem("J0fLpmJhG0KDN2tQouxh", 2) → FOUND @ https://outrun.co.il/_next/static/chunks/2378-c01d9a87a3ce5082.js:0
[    9827ms] [LOG] [VisualContentService] docToContent "J0fLpmJhG0KDN2tQouxh_2": {hasVideoVariantsField: true, hasVariantsField: false, rawType: array[0], parsedVariantsCount: 0, allTopLevelKeys: Array(14)} @ https://outrun.co.il/_next/static/chunks/2378-c01d9a87a3ce5082.js:0
[    9827ms] [LOG] [DEBUG-RESOLVER] attempt1 getVisualContentItem("J0fLpmJhG0KDN2tQouxh", 2) → FOUND @ https://outrun.co.il/_next/static/chunks/2378-c01d9a87a3ce5082.js:0
[    9966ms] [LOG] [ContentResolver] Level 2 — exercise video resolved: "שכיבות סמיכה ב-45°" → https://vz-b17872ab-7a7.b-cdn.net/bb502550-744f-46e3-8b18-62… @ https://outrun.co.il/_next/static/chunks/2378-c01d9a87a3ce5082.js:0
[    9966ms] [LOG] [ContentResolver] Level 2 — exercise video resolved: "שכיבות סמיכה ב-45°" → https://vz-b17872ab-7a7.b-cdn.net/bb502550-744f-46e3-8b18-62… @ https://outrun.co.il/_next/static/chunks/2378-c01d9a87a3ce5082.js:0
