[   17420ms] [INFO] %cDownload the React DevTools for a better development experience: https://reactjs.org/link/react-devtools font-weight:bold @ webpack-internal:///(app-pages-browser)/../../../node_modules/next/dist/compiled/react-dom/cjs/react-dom.development.js:38559
[   17467ms] [INFO] [firebase] App Check bypass: hostname="localhost" treated as local development. initializeAppCheck() will NOT be invoked — this prevents reCAPTCHA Enterprise 403s from crashing the Firestore snapshot listener. Set NEXT_PUBLIC_APP_CHECK_DEBUG_TOKEN to a token registered in the Firebase console (App Check → Apps → Manage debug tokens) if you need a real App Check handshake. @ webpack-internal:///(app-pages-browser)/./src/lib/firebase.ts:125
[   18048ms] [WARNING] [bunny] NEXT_PUBLIC_BUNNY_CDN_HOSTNAME is not set — falling back to hardcoded hostname. Set this variable in your Vercel project environment settings to silence this warning. @ webpack-internal:///(app-pages-browser)/./src/lib/bunny/bunny.config.ts:38
[   24138ms] [WARNING] [AffiliationService] GPS detection failed: Error: No GPS fix available
    at detectCityFromGPS (webpack-internal:///(app-pages-browser)/./src/features/user/identity/services/affiliation.service.ts:36:19)
    at handleExploreMap (webpack-internal:///(app-pages-browser)/./src/app/gateway/page.tsx:416:116) @ webpack-internal:///(app-pages-browser)/./src/features/user/identity/services/affiliation.service.ts:67
[   27072ms] [WARNING] Skipping auto-scroll behavior due to `position: sticky` or `position: fixed` on element: JSHandle@node @ webpack-internal:///(app-pages-browser)/../../../node_modules/next/dist/client/components/layout-router.js:109
[   27073ms] [WARNING] Skipping auto-scroll behavior due to `position: sticky` or `position: fixed` on element: JSHandle@node @ webpack-internal:///(app-pages-browser)/../../../node_modules/next/dist/client/components/layout-router.js:109
[   27073ms] [WARNING] Skipping auto-scroll behavior due to `position: sticky` or `position: fixed` on element: JSHandle@node @ webpack-internal:///(app-pages-browser)/../../../node_modules/next/dist/client/components/layout-router.js:109
[   27073ms] [WARNING] Skipping auto-scroll behavior due to `position: sticky` or `position: fixed` on element: JSHandle@node @ webpack-internal:///(app-pages-browser)/../../../node_modules/next/dist/client/components/layout-router.js:109
[   27401ms] [ERROR] Error: An API access token is required to use Mapbox GL. See https://docs.mapbox.com/api/overview/#access-tokens-and-token-scopes
    at t.RequestManager._makeAPIURL (webpack-internal:///(app-pages-browser)/../../../node_modules/mapbox-gl/dist/mapbox-gl.js:32:157562)
    at t.RequestManager.normalizeStyleURL (webpack-internal:///(app-pages-browser)/../../../node_modules/mapbox-gl/dist/mapbox-gl.js:32:155384)
    at Kt.loadURL (webpack-internal:///(app-pages-browser)/../../../node_modules/mapbox-gl/dist/mapbox-gl.js:36:100964)
    at Map._updateStyle (webpack-internal:///(app-pages-browser)/../../../node_modules/mapbox-gl/dist/mapbox-gl.js:36:462337)
    at Map.setStyle (webpack-internal:///(app-pages-browser)/../../../node_modules/mapbox-gl/dist/mapbox-gl.js:36:461985)
    at new Map (webpack-internal:///(app-pages-browser)/../../../node_modules/mapbox-gl/dist/mapbox-gl.js:36:452505)
    at Mapbox._initialize (webpack-internal:///(app-pages-browser)/../../../node_modules/react-map-gl/dist/esm/mapbox/mapbox.js:242:21)
    at new Mapbox (webpack-internal:///(app-pages-browser)/../../../node_modules/react-map-gl/dist/esm/mapbox/mapbox.js:135:14)
    at eval (webpack-internal:///(app-pages-browser)/../../../node_modules/react-map-gl/dist/esm/components/map.js:50:30) @ webpack-internal:///(app-pages-browser)/../../../node_modules/next/dist/client/app-index.js:32
[   54624ms] [ERROR] Failed to load resource: the server responded with a status of 401 () @ https://api.mapbox.com/geocoding/v5/mapbox.places/34.88247681573708,32.09391457536159.json?access_token=&language=he&types=place,locality,neighborhood:0
