[   22281ms] [INFO] %cDownload the React DevTools for a better development experience: https://reactjs.org/link/react-devtools font-weight:bold @ webpack-internal:///(app-pages-browser)/../../../node_modules/next/dist/compiled/react-dom/cjs/react-dom.development.js:38559
[   34107ms] [INFO] [firebase] App Check bypass: hostname="localhost" treated as local development. initializeAppCheck() will NOT be invoked — this prevents reCAPTCHA Enterprise 403s from crashing the Firestore snapshot listener. Set NEXT_PUBLIC_APP_CHECK_DEBUG_TOKEN to a token registered in the Firebase console (App Check → Apps → Manage debug tokens) if you need a real App Check handshake. @ webpack-internal:///(app-pages-browser)/./src/lib/firebase.ts:125
[   34131ms] [WARNING] [bunny] NEXT_PUBLIC_BUNNY_CDN_HOSTNAME is not set — falling back to hardcoded hostname. Set this variable in your Vercel project environment settings to silence this warning. @ webpack-internal:///(app-pages-browser)/./src/lib/bunny/bunny.config.ts:38
[   35680ms] [LOG] [ActivityStore] Streak updated from Firestore: 1 @ webpack-internal:///(app-pages-browser)/./src/features/activity/store/useActivityStore.ts:899
[   36117ms] [LOG] [buildIdToSlugMap] Built 14 entries: [EtY8YCol…→human_flag, J0fLpmJh…→push, H2279XsR…→full_body, kDMpobbK…→core, UPDBtTdC…→pull, cC0BOmm6…→one_arm_pullup, fTLWzjP9…→muscle_up, IOfBZFeo…→handstand, pCI5NHXp…→planche, 47smw26h…→upper_body, OrAmOH3F…→legs, mFcuYlNg…→front_lever, JCac76p4…→calisthenics_upper, PAxprHuT…→handstand_pushup] @ webpack-internal:///(app-pages-browser)/./src/features/workout-engine/services/program-hierarchy.utils.ts:121
[   36119ms] [LOG] [HomeContext] Domain 'legs' resolved to L1 (Source: Domains) @ webpack-internal:///(app-pages-browser)/./src/features/workout-engine/services/level-resolution.utils.ts:117
[   36119ms] [LOG] [HomeContext] Domain 'planche' resolved to L10 (Source: Tracks) @ webpack-internal:///(app-pages-browser)/./src/features/workout-engine/services/level-resolution.utils.ts:117
[   36119ms] [LOG] [HomeContext] Domain 'push' resolved to L12 (Source: Tracks) @ webpack-internal:///(app-pages-browser)/./src/features/workout-engine/services/level-resolution.utils.ts:117
[   36119ms] [LOG] [HomeContext] Domain 'front_lever' resolved to L13 (Source: Tracks) @ webpack-internal:///(app-pages-browser)/./src/features/workout-engine/services/level-resolution.utils.ts:117
[   36119ms] [LOG] [HomeContext] Domain 'pull' resolved to L22 (Source: Tracks) @ webpack-internal:///(app-pages-browser)/./src/features/workout-engine/services/level-resolution.utils.ts:117
[   36119ms] [LOG] [HomeContext] Domain 'core' resolved to L1 (Source: Domains) @ webpack-internal:///(app-pages-browser)/./src/features/workout-engine/services/level-resolution.utils.ts:117
[   36119ms] [LOG] [HomeContext] Domain 'calisthenics_upper' resolved to L13 (Source: Tracks) @ webpack-internal:///(app-pages-browser)/./src/features/workout-engine/services/level-resolution.utils.ts:117
[   36119ms] [LOG] [HomeContext] Domain 'upper_body' resolved to L21 (Source: Tracks) @ webpack-internal:///(app-pages-browser)/./src/features/workout-engine/services/level-resolution.utils.ts:117
[   36119ms] [LOG] [HomeContext] Domain '47smw26hUyG5ZbE1bhr3' resolved to L21 (Source: Tracks) @ webpack-internal:///(app-pages-browser)/./src/features/workout-engine/services/level-resolution.utils.ts:117
[   36119ms] [LOG] [HomeContext] Domain 'full_body' resolved to L15 (Source: Tracks) @ webpack-internal:///(app-pages-browser)/./src/features/workout-engine/services/level-resolution.utils.ts:117
[   36119ms] [LOG] [HomeContext] Domain 'H2279XsRGDg9G370J7S9' resolved to L15 (Source: Tracks) @ webpack-internal:///(app-pages-browser)/./src/features/workout-engine/services/level-resolution.utils.ts:117
[   36119ms] [LOG] [HomeContext] Domain 'fTLWzjP9gH2VNpamyCZF' → slug 'muscle_up' dual-keyed at L21 (Source: Tracks) @ webpack-internal:///(app-pages-browser)/./src/features/workout-engine/services/level-resolution.utils.ts:115
[   36119ms] [LOG] [HomeContext] Domain 'muscle_up' resolved to L21 (Source: Tracks) @ webpack-internal:///(app-pages-browser)/./src/features/workout-engine/services/level-resolution.utils.ts:117
[   36119ms] [LOG] [HomeContext] Domain 'human_flag' — no assessed level, left ABSENT (no invention) @ webpack-internal:///(app-pages-browser)/./src/features/workout-engine/services/level-resolution.utils.ts:104
[   36119ms] [LOG] [HomeContext] Domain 'one_arm_pullup' — no assessed level, left ABSENT (no invention) @ webpack-internal:///(app-pages-browser)/./src/features/workout-engine/services/level-resolution.utils.ts:104
[   36119ms] [LOG] [HomeContext] Domain 'handstand_pushup' — no assessed level, left ABSENT (no invention) @ webpack-internal:///(app-pages-browser)/./src/features/workout-engine/services/level-resolution.utils.ts:104
[   36119ms] [LOG] [HomeContext] Domain 'handstand' — no assessed level, left ABSENT (no invention) @ webpack-internal:///(app-pages-browser)/./src/features/workout-engine/services/level-resolution.utils.ts:104
[   36119ms] [LOG] [HomeContext] Domain 'legs' is L1 (max across tracks: L22) @ webpack-internal:///(app-pages-browser)/./src/features/workout-engine/services/level-resolution.utils.ts:185
[   36119ms] [LOG] [HomeContext] Domain 'core' is L1 (max across tracks: L22) @ webpack-internal:///(app-pages-browser)/./src/features/workout-engine/services/level-resolution.utils.ts:185
[   36120ms] [LOG] [home] scoreBreakdown "full-strength" (score=30): {goalMatch: 30, gapFilling: 0, stepDeficit: 0, preferenceMatch: 0, recoveryMatch: 0} @ webpack-internal:///(app-pages-browser)/./src/app/home/page.tsx:1343
[   36122ms] [LOG] [HomeWorkout] 🏞️ No location specified → "park" (PARK FORCE active) @ webpack-internal:///(app-pages-browser)/./src/features/workout-engine/services/home-workout.service.ts:1223
[   36122ms] [LOG] [HomeWorkout] scheduledProgramIds normalised: [] → [full_body] @ webpack-internal:///(app-pages-browser)/./src/features/workout-engine/services/home-workout.service.ts:1236
[   36122ms] [LOG] [home] scoreBreakdown "safety-net" (score=0): {goalMatch: 0, gapFilling: 0, stepDeficit: 0, preferenceMatch: 0, recoveryMatch: 0} @ webpack-internal:///(app-pages-browser)/./src/app/home/page.tsx:1343
[   36123ms] [LOG] [ActivityStore] No Firestore data, created new day @ webpack-internal:///(app-pages-browser)/./src/features/activity/store/useActivityStore.ts:672
[   36123ms] [LOG] [ActivityStore] No Firestore data, created new day @ webpack-internal:///(app-pages-browser)/./src/features/activity/store/useActivityStore.ts:672
[   36123ms] [LOG] [ActivityStore] No Firestore data, created new day @ webpack-internal:///(app-pages-browser)/./src/features/activity/store/useActivityStore.ts:672
[   36363ms] [LOG] [ActivityStore] Streak broken - missed days @ webpack-internal:///(app-pages-browser)/./src/features/activity/store/useActivityStore.ts:692
[   36363ms] [LOG] [ActivityStore] Streak broken - missed days @ webpack-internal:///(app-pages-browser)/./src/features/activity/store/useActivityStore.ts:692
[   36363ms] [LOG] [ActivityStore] Streak broken - missed days @ webpack-internal:///(app-pages-browser)/./src/features/activity/store/useActivityStore.ts:692
[   36590ms] [LOG] [buildIdToSlugMap] Built 14 entries: [EtY8YCol…→human_flag, J0fLpmJh…→push, H2279XsR…→full_body, kDMpobbK…→core, UPDBtTdC…→pull, cC0BOmm6…→one_arm_pullup, fTLWzjP9…→muscle_up, IOfBZFeo…→handstand, pCI5NHXp…→planche, 47smw26h…→upper_body, OrAmOH3F…→legs, mFcuYlNg…→front_lever, JCac76p4…→calisthenics_upper, PAxprHuT…→handstand_pushup] @ webpack-internal:///(app-pages-browser)/./src/features/workout-engine/services/program-hierarchy.utils.ts:121
[   36590ms] [LOG] [HomeWorkout:Trio] Domain 'legs' resolved to L1 (Source: Domains) @ webpack-internal:///(app-pages-browser)/./src/features/workout-engine/services/level-resolution.utils.ts:117
[   36590ms] [LOG] [HomeWorkout:Trio] Domain 'planche' resolved to L10 (Source: Tracks) @ webpack-internal:///(app-pages-browser)/./src/features/workout-engine/services/level-resolution.utils.ts:117
[   36590ms] [LOG] [HomeWorkout:Trio] Domain 'push' resolved to L12 (Source: Tracks) @ webpack-internal:///(app-pages-browser)/./src/features/workout-engine/services/level-resolution.utils.ts:117
[   36590ms] [LOG] [HomeWorkout:Trio] Domain 'front_lever' resolved to L13 (Source: Tracks) @ webpack-internal:///(app-pages-browser)/./src/features/workout-engine/services/level-resolution.utils.ts:117
[   36590ms] [LOG] [HomeWorkout:Trio] Domain 'pull' resolved to L22 (Source: Tracks) @ webpack-internal:///(app-pages-browser)/./src/features/workout-engine/services/level-resolution.utils.ts:117
[   36590ms] [LOG] [HomeWorkout:Trio] Domain 'core' resolved to L1 (Source: Domains) @ webpack-internal:///(app-pages-browser)/./src/features/workout-engine/services/level-resolution.utils.ts:117
[   36590ms] [LOG] [HomeWorkout:Trio] Domain 'calisthenics_upper' resolved to L13 (Source: Tracks) @ webpack-internal:///(app-pages-browser)/./src/features/workout-engine/services/level-resolution.utils.ts:117
[   36590ms] [LOG] [HomeWorkout:Trio] Domain 'upper_body' resolved to L21 (Source: Tracks) @ webpack-internal:///(app-pages-browser)/./src/features/workout-engine/services/level-resolution.utils.ts:117
[   36590ms] [LOG] [HomeWorkout:Trio] Skipping master program "47smw26hUyG5ZbE1bhr3" (display-only) @ webpack-internal:///(app-pages-browser)/./src/features/workout-engine/services/level-resolution.utils.ts:96
[   36590ms] [LOG] [HomeWorkout:Trio] Domain 'full_body' resolved to L15 (Source: Tracks) @ webpack-internal:///(app-pages-browser)/./src/features/workout-engine/services/level-resolution.utils.ts:117
[   36590ms] [LOG] [HomeWorkout:Trio] Skipping master program "H2279XsRGDg9G370J7S9" (display-only) @ webpack-internal:///(app-pages-browser)/./src/features/workout-engine/services/level-resolution.utils.ts:96
[   36590ms] [LOG] [HomeWorkout:Trio] Skipping master program "fTLWzjP9gH2VNpamyCZF" (display-only) @ webpack-internal:///(app-pages-browser)/./src/features/workout-engine/services/level-resolution.utils.ts:96
[   36591ms] [LOG] [HomeWorkout:Trio] Domain 'muscle_up' resolved to L21 (Source: Tracks) @ webpack-internal:///(app-pages-browser)/./src/features/workout-engine/services/level-resolution.utils.ts:117
[   36591ms] [LOG] [HomeWorkout:Trio] Domain 'human_flag' — no assessed level, left ABSENT (no invention) @ webpack-internal:///(app-pages-browser)/./src/features/workout-engine/services/level-resolution.utils.ts:104
[   36591ms] [LOG] [HomeWorkout:Trio] Domain 'one_arm_pullup' — no assessed level, left ABSENT (no invention) @ webpack-internal:///(app-pages-browser)/./src/features/workout-engine/services/level-resolution.utils.ts:104
[   36591ms] [LOG] [HomeWorkout:Trio] Domain 'handstand_pushup' — no assessed level, left ABSENT (no invention) @ webpack-internal:///(app-pages-browser)/./src/features/workout-engine/services/level-resolution.utils.ts:104
[   36591ms] [LOG] [HomeWorkout:Trio] Domain 'handstand' — no assessed level, left ABSENT (no invention) @ webpack-internal:///(app-pages-browser)/./src/features/workout-engine/services/level-resolution.utils.ts:104
[   36591ms] [LOG] [HomeWorkout:Trio] Domain 'legs' is L1 (max across tracks: L22) @ webpack-internal:///(app-pages-browser)/./src/features/workout-engine/services/level-resolution.utils.ts:185
[   36591ms] [LOG] [HomeWorkout:Trio] Domain 'core' is L1 (max across tracks: L22) @ webpack-internal:///(app-pages-browser)/./src/features/workout-engine/services/level-resolution.utils.ts:185
[   36591ms] [LOG] [HomeWorkout:Trio] [MasterDerive] "H2279XsRGDg9G370J7S9" → L12 (avg of [12,22,1] = 12, cap=15) @ webpack-internal:///(app-pages-browser)/./src/features/workout-engine/services/level-resolution.utils.ts:202
[   36591ms] [LOG] [HomeWorkout:Trio] [MasterDerive] "fTLWzjP9gH2VNpamyCZF" → L12 (avg of [12,22,1] = 12, cap=15) @ webpack-internal:///(app-pages-browser)/./src/features/workout-engine/services/level-resolution.utils.ts:202
[   36591ms] [LOG] [HomeWorkout:Trio] [MasterDerive] "47smw26hUyG5ZbE1bhr3" → L12 (avg of [12,22,1] = 12, cap=15) @ webpack-internal:///(app-pages-browser)/./src/features/workout-engine/services/level-resolution.utils.ts:202
[   36591ms] [LOG] [HomeWorkout:Trio] [MasterDerive] "JCac76p48XGZ5MVahLI2" → L12 (avg of [12,22,1] = 12, cap=15) @ webpack-internal:///(app-pages-browser)/./src/features/workout-engine/services/level-resolution.utils.ts:202
[   36591ms] [LOG] [HomeWorkout] Empty equipment profile for location "park" — defaulting to bodyweight @ webpack-internal:///(app-pages-browser)/./src/features/workout-engine/services/user-profile.utils.ts:148
[   36591ms] [WARNING] [InputSanitizer] ⚠️ No park inventory resolved — ESSENTIAL_PARK_GEAR fallback active @ webpack-internal:///(app-pages-browser)/./src/features/workout-engine/core/middleware/InputSanitizerMiddleware.ts:110
[   36591ms] [LOG] [buildIdToSlugMap] Built 14 entries: [EtY8YCol…→human_flag, J0fLpmJh…→push, H2279XsR…→full_body, kDMpobbK…→core, UPDBtTdC…→pull, cC0BOmm6…→one_arm_pullup, fTLWzjP9…→muscle_up, IOfBZFeo…→handstand, pCI5NHXp…→planche, 47smw26h…→upper_body, OrAmOH3F…→legs, mFcuYlNg…→front_lever, JCac76p4…→calisthenics_upper, PAxprHuT…→handstand_pushup] @ webpack-internal:///(app-pages-browser)/./src/features/workout-engine/services/program-hierarchy.utils.ts:121
[   36592ms] [LOG] [buildIdToSlugMap] Built 14 entries: [EtY8YCol…→human_flag, J0fLpmJh…→push, H2279XsR…→full_body, kDMpobbK…→core, UPDBtTdC…→pull, cC0BOmm6…→one_arm_pullup, fTLWzjP9…→muscle_up, IOfBZFeo…→handstand, pCI5NHXp…→planche, 47smw26h…→upper_body, OrAmOH3F…→legs, mFcuYlNg…→front_lever, JCac76p4…→calisthenics_upper, PAxprHuT…→handstand_pushup] @ webpack-internal:///(app-pages-browser)/./src/features/workout-engine/services/program-hierarchy.utils.ts:121
[   36592ms] [LOG] [buildIdToSlugMap] Built 14 entries: [EtY8YCol…→human_flag, J0fLpmJh…→push, H2279XsR…→full_body, kDMpobbK…→core, UPDBtTdC…→pull, cC0BOmm6…→one_arm_pullup, fTLWzjP9…→muscle_up, IOfBZFeo…→handstand, pCI5NHXp…→planche, 47smw26h…→upper_body, OrAmOH3F…→legs, mFcuYlNg…→front_lever, JCac76p4…→calisthenics_upper, PAxprHuT…→handstand_pushup] @ webpack-internal:///(app-pages-browser)/./src/features/workout-engine/services/program-hierarchy.utils.ts:121
[   36592ms] [LOG] [buildIdToSlugMap] Built 14 entries: [EtY8YCol…→human_flag, J0fLpmJh…→push, H2279XsR…→full_body, kDMpobbK…→core, UPDBtTdC…→pull, cC0BOmm6…→one_arm_pullup, fTLWzjP9…→muscle_up, IOfBZFeo…→handstand, pCI5NHXp…→planche, 47smw26h…→upper_body, OrAmOH3F…→legs, mFcuYlNg…→front_lever, JCac76p4…→calisthenics_upper, PAxprHuT…→handstand_pushup] @ webpack-internal:///(app-pages-browser)/./src/features/workout-engine/services/program-hierarchy.utils.ts:121
[   36592ms] [LOG] [buildIdToSlugMap] Built 14 entries: [EtY8YCol…→human_flag, J0fLpmJh…→push, H2279XsR…→full_body, kDMpobbK…→core, UPDBtTdC…→pull, cC0BOmm6…→one_arm_pullup, fTLWzjP9…→muscle_up, IOfBZFeo…→handstand, pCI5NHXp…→planche, 47smw26h…→upper_body, OrAmOH3F…→legs, mFcuYlNg…→front_lever, JCac76p4…→calisthenics_upper, PAxprHuT…→handstand_pushup] @ webpack-internal:///(app-pages-browser)/./src/features/workout-engine/services/program-hierarchy.utils.ts:121
[   36592ms] [LOG] [DomainBudget] activeProgramId="full_body" slug="full_body" resolvedChildDomains=[push, pull, legs, core] isFullBodyMaster=true isCalisthenicsUpperMaster=false isUpperBodyMaster=false @ webpack-internal:///(app-pages-browser)/./src/features/workout-engine/services/home-workout.service.ts:1387
[   36592ms] [LOG] [LeadProgram] push: resolved L12 via pattern(push) @ webpack-internal:///(app-pages-browser)/./src/features/workout-engine/services/lead-program.service.ts:264
[   36592ms] [LOG] [ActivityStore] Loaded from Firestore - Streak: 0 @ webpack-internal:///(app-pages-browser)/./src/features/activity/store/useActivityStore.ts:805
[   36597ms] [LOG] [ActivityStore] Loaded from Firestore - Streak: 0 @ webpack-internal:///(app-pages-browser)/./src/features/activity/store/useActivityStore.ts:805
[   36599ms] [LOG] [ActivityStore] Loaded from Firestore - Streak: 0 @ webpack-internal:///(app-pages-browser)/./src/features/activity/store/useActivityStore.ts:805
[   36614ms] [LOG] [WorkoutTrio] No app_config/workout_trio doc → using pre-seeded Hebrew labels @ webpack-internal:///(app-pages-browser)/./src/features/workout-engine/services/trio-labels.service.ts:53
[   36614ms] [LOG] [WorkoutTrio] Rest-day fast path: 3 options from pool of 7 (targeted query, full pipeline skipped) @ webpack-internal:///(app-pages-browser)/./src/features/workout-engine/services/home-workout.service.ts:448
[   36614ms] [LOG] [home] scoreBreakdown "recovery-follow-up" (score=0): {goalMatch: 0, gapFilling: 0, stepDeficit: 0, preferenceMatch: 0, recoveryMatch: 0} @ webpack-internal:///(app-pages-browser)/./src/app/home/page.tsx:1343
[   36825ms] [LOG] [LeadProgram] pull: resolved L22 via pattern(pull) @ webpack-internal:///(app-pages-browser)/./src/features/workout-engine/services/lead-program.service.ts:264
[   36954ms] [LOG] [HomeContext] Domain 'legs' resolved to L1 (Source: Domains) @ webpack-internal:///(app-pages-browser)/./src/features/workout-engine/services/level-resolution.utils.ts:117
[   36955ms] [LOG] [HomeContext] Domain 'planche' resolved to L10 (Source: Tracks) @ webpack-internal:///(app-pages-browser)/./src/features/workout-engine/services/level-resolution.utils.ts:117
[   36955ms] [LOG] [HomeContext] Domain 'push' resolved to L12 (Source: Tracks) @ webpack-internal:///(app-pages-browser)/./src/features/workout-engine/services/level-resolution.utils.ts:117
[   36955ms] [LOG] [HomeContext] Domain 'front_lever' resolved to L13 (Source: Tracks) @ webpack-internal:///(app-pages-browser)/./src/features/workout-engine/services/level-resolution.utils.ts:117
[   36955ms] [LOG] [HomeContext] Domain 'pull' resolved to L22 (Source: Tracks) @ webpack-internal:///(app-pages-browser)/./src/features/workout-engine/services/level-resolution.utils.ts:117
[   36955ms] [LOG] [HomeContext] Domain 'core' resolved to L1 (Source: Domains) @ webpack-internal:///(app-pages-browser)/./src/features/workout-engine/services/level-resolution.utils.ts:117
[   36955ms] [LOG] [HomeContext] Domain 'calisthenics_upper' resolved to L13 (Source: Tracks) @ webpack-internal:///(app-pages-browser)/./src/features/workout-engine/services/level-resolution.utils.ts:117
[   36955ms] [LOG] [HomeContext] Domain 'upper_body' resolved to L21 (Source: Tracks) @ webpack-internal:///(app-pages-browser)/./src/features/workout-engine/services/level-resolution.utils.ts:117
[   36955ms] [LOG] [HomeContext] Domain '47smw26hUyG5ZbE1bhr3' resolved to L21 (Source: Tracks) @ webpack-internal:///(app-pages-browser)/./src/features/workout-engine/services/level-resolution.utils.ts:117
[   36955ms] [LOG] [HomeContext] Domain 'full_body' resolved to L15 (Source: Tracks) @ webpack-internal:///(app-pages-browser)/./src/features/workout-engine/services/level-resolution.utils.ts:117
[   36955ms] [LOG] [HomeContext] Domain 'H2279XsRGDg9G370J7S9' resolved to L15 (Source: Tracks) @ webpack-internal:///(app-pages-browser)/./src/features/workout-engine/services/level-resolution.utils.ts:117
[   36955ms] [LOG] [HomeContext] Domain 'fTLWzjP9gH2VNpamyCZF' → slug 'muscle_up' dual-keyed at L21 (Source: Tracks) @ webpack-internal:///(app-pages-browser)/./src/features/workout-engine/services/level-resolution.utils.ts:115
[   36955ms] [LOG] [HomeContext] Domain 'muscle_up' resolved to L21 (Source: Tracks) @ webpack-internal:///(app-pages-browser)/./src/features/workout-engine/services/level-resolution.utils.ts:117
[   36955ms] [LOG] [HomeContext] Domain 'human_flag' — no assessed level, left ABSENT (no invention) @ webpack-internal:///(app-pages-browser)/./src/features/workout-engine/services/level-resolution.utils.ts:104
[   36955ms] [LOG] [HomeContext] Domain 'one_arm_pullup' — no assessed level, left ABSENT (no invention) @ webpack-internal:///(app-pages-browser)/./src/features/workout-engine/services/level-resolution.utils.ts:104
[   36955ms] [LOG] [HomeContext] Domain 'handstand_pushup' — no assessed level, left ABSENT (no invention) @ webpack-internal:///(app-pages-browser)/./src/features/workout-engine/services/level-resolution.utils.ts:104
[   36955ms] [LOG] [HomeContext] Domain 'handstand' — no assessed level, left ABSENT (no invention) @ webpack-internal:///(app-pages-browser)/./src/features/workout-engine/services/level-resolution.utils.ts:104
[   36955ms] [LOG] [HomeContext] Domain 'legs' is L1 (max across tracks: L22) @ webpack-internal:///(app-pages-browser)/./src/features/workout-engine/services/level-resolution.utils.ts:185
[   36955ms] [LOG] [HomeContext] Domain 'core' is L1 (max across tracks: L22) @ webpack-internal:///(app-pages-browser)/./src/features/workout-engine/services/level-resolution.utils.ts:185
[   37044ms] [LOG] [LeadProgram] legs: resolved L1 via pattern(legs) @ webpack-internal:///(app-pages-browser)/./src/features/workout-engine/services/lead-program.service.ts:264
[   37105ms] [LOG] [ActivityStore] No Firestore data, created new day @ webpack-internal:///(app-pages-browser)/./src/features/activity/store/useActivityStore.ts:672
[   37105ms] [LOG] [ActivityStore] No Firestore data, created new day @ webpack-internal:///(app-pages-browser)/./src/features/activity/store/useActivityStore.ts:672
[   37105ms] [LOG] [ActivityStore] No Firestore data, created new day @ webpack-internal:///(app-pages-browser)/./src/features/activity/store/useActivityStore.ts:672
[   37105ms] [LOG] [ActivityStore] Streak broken - missed days @ webpack-internal:///(app-pages-browser)/./src/features/activity/store/useActivityStore.ts:692
[   37105ms] [LOG] [ActivityStore] Streak broken - missed days @ webpack-internal:///(app-pages-browser)/./src/features/activity/store/useActivityStore.ts:692
[   37105ms] [LOG] [ActivityStore] Streak broken - missed days @ webpack-internal:///(app-pages-browser)/./src/features/activity/store/useActivityStore.ts:692
[   37268ms] [LOG] [LeadProgram] core: resolved L1 via pattern(core) @ webpack-internal:///(app-pages-browser)/./src/features/workout-engine/services/lead-program.service.ts:264
[   37268ms] [LOG] [ActivityStore] Loaded from Firestore - Streak: 0 @ webpack-internal:///(app-pages-browser)/./src/features/activity/store/useActivityStore.ts:805
[   37275ms] [LOG] [ActivityStore] Loaded from Firestore - Streak: 0 @ webpack-internal:///(app-pages-browser)/./src/features/activity/store/useActivityStore.ts:805
[   37281ms] [LOG] [ActivityStore] Loaded from Firestore - Streak: 0 @ webpack-internal:///(app-pages-browser)/./src/features/activity/store/useActivityStore.ts:805
[   37466ms] [LOG] [DomainBudget] resolvedDomainBudgets set: [push=L12, pull=L22, legs=L1, core=L1] @ webpack-internal:///(app-pages-browser)/./src/features/workout-engine/services/home-workout.service.ts:1395
[   37467ms] [LOG] activeProgramId: full_body @ webpack-internal:///(app-pages-browser)/./src/features/workout-engine/services/split-decision/SplitDecisionService.ts:407
[   37467ms] [LOG] progression.tracks: {legs: Object, planche: Object, push: Object, front_lever: Object, pull: Object} @ webpack-internal:///(app-pages-browser)/./src/features/workout-engine/services/split-decision/SplitDecisionService.ts:409
[   37467ms] [LOG] progression.domains: {human_flag: Object, one_arm_pullup: Object, handstand_pushup: Object, handstand: Object, front_lever: Object} @ webpack-internal:///(app-pages-browser)/./src/features/workout-engine/services/split-decision/SplitDecisionService.ts:411
[   37467ms] [LOG] progression.activePrograms: [Object] @ webpack-internal:///(app-pages-browser)/./src/features/workout-engine/services/split-decision/SplitDecisionService.ts:413
[   37467ms] [LOG] progression.skillFocusIds: [front_lever, planche] @ webpack-internal:///(app-pages-browser)/./src/features/workout-engine/services/split-decision/SplitDecisionService.ts:415
[   37467ms] [LOG] progression.masterProgramSubLevels: (none) @ webpack-internal:///(app-pages-browser)/./src/features/workout-engine/services/split-decision/SplitDecisionService.ts:417
[   37467ms] [LOG] Derived userLevel (base): 22 @ webpack-internal:///(app-pages-browser)/./src/features/workout-engine/services/split-decision/SplitDecisionService.ts:418
[   37467ms] [LOG] scheduleDays count: 3 @ webpack-internal:///(app-pages-browser)/./src/features/workout-engine/services/split-decision/SplitDecisionService.ts:419
[   37467ms] [LOG] Source: Admin Panel (ProgramLevelSettings) per domain @ webpack-internal:///(app-pages-browser)/./src/features/workout-engine/services/split-decision/SplitDecisionService.ts:444
[   37467ms] [LOG] Schedule Days: 3 @ webpack-internal:///(app-pages-browser)/./src/features/workout-engine/services/split-decision/SplitDecisionService.ts:445
[   37467ms] [LOG]   push (L12): 17/3=6 @ webpack-internal:///(app-pages-browser)/./src/features/workout-engine/services/split-decision/SplitDecisionService.ts:447
[   37467ms] [LOG]   pull (L22): 23/3=8 @ webpack-internal:///(app-pages-browser)/./src/features/workout-engine/services/split-decision/SplitDecisionService.ts:447
[   37467ms] [LOG]   legs (L1): 10/3=4 @ webpack-internal:///(app-pages-browser)/./src/features/workout-engine/services/split-decision/SplitDecisionService.ts:447
[   37467ms] [LOG]   core (L1): 8/3=3 @ webpack-internal:///(app-pages-browser)/./src/features/workout-engine/services/split-decision/SplitDecisionService.ts:447
[   37467ms] [LOG] Total Daily Budget = 21 sets @ webpack-internal:///(app-pages-browser)/./src/features/workout-engine/services/split-decision/SplitDecisionService.ts:449
[   37468ms] [LOG] [SplitDecision] P1/P2 sort (gender=default/male): [planche, push, front_lever, pull, legs, core] @ webpack-internal:///(app-pages-browser)/./src/features/workout-engine/services/split-decision/SplitDecisionService.ts:296
[   37468ms] [LOG] [Periodization] Cycle clock: startDate=2026-07-08 daysSinceStart=54 → Week 3/5 @ webpack-internal:///(app-pages-browser)/./src/features/workout-engine/services/periodization.service.ts:86
[   37468ms] [LOG]   Inputs:        cycleWeek=3, gapDays=10 @ webpack-internal:///(app-pages-browser)/./src/features/workout-engine/services/periodization.service.ts:225
[   37468ms] [LOG]   Volume mult:   x0.5 (override=0.5) @ webpack-internal:///(app-pages-browser)/./src/features/workout-engine/services/periodization.service.ts:226
[   37468ms] [LOG]   Δ override:    -2 @ webpack-internal:///(app-pages-browser)/./src/features/workout-engine/services/periodization.service.ts:228
[   37468ms] [LOG]   Protocol mult: x0 @ webpack-internal:///(app-pages-browser)/./src/features/workout-engine/services/periodization.service.ts:229
[   37468ms] [LOG]   SA cap:        0.15 @ webpack-internal:///(app-pages-browser)/./src/features/workout-engine/services/periodization.service.ts:231
[   37468ms] [LOG]   Detraining:    true @ webpack-internal:///(app-pages-browser)/./src/features/workout-engine/services/periodization.service.ts:232
[   37468ms] [LOG]   Default focus: Easy(0) @ webpack-internal:///(app-pages-browser)/./src/features/workout-engine/services/periodization.service.ts:233
[   37468ms] [LOG]   Restart cycle: false @ webpack-internal:///(app-pages-browser)/./src/features/workout-engine/services/periodization.service.ts:238
[   37468ms] [LOG]   Coach cue:     "חזרת אחרי 10 ימים — מפעיל את הגוף שוב בשבוע שחזור." @ webpack-internal:///(app-pages-browser)/./src/features/workout-engine/services/periodization.service.ts:239
[   37470ms] [WARNING] [ParkGating] "כפיפת ברך כנגד גומייה" — 1 park method(s) all gated → exercise excluded Required gear not in park inventory: [Object] Available: [bodyweight, pullup_bar, dip_station, bench, low_bar, high_bar, step, park_bench, park_step] @ webpack-internal:///(app-pages-browser)/./src/features/workout-engine/shared/utils/method-selection.utils.ts:119
[   37471ms] [WARNING] [ParkGating] "שכיבות סמיכה קשתים עם רצועות" — 1 park method(s) all gated → exercise excluded Required gear not in park inventory: [Object] Available: [bodyweight, pullup_bar, dip_station, bench, low_bar, high_bar, step, park_bench, park_step] @ webpack-internal:///(app-pages-browser)/./src/features/workout-engine/shared/utils/method-selection.utils.ts:119
[   37471ms] [WARNING] [ParkGating] "מקבילים על טבעות" — 1 park method(s) all gated → exercise excluded Required gear not in park inventory: [Object] Available: [bodyweight, pullup_bar, dip_station, bench, low_bar, high_bar, step, park_bench, park_step] @ webpack-internal:///(app-pages-browser)/./src/features/workout-engine/shared/utils/method-selection.utils.ts:119
[   37471ms] [WARNING] [ParkGating] "מקבילים על טבעות בעזרת גומיה דקה" — 1 park method(s) all gated → exercise excluded Required gear not in park inventory: [Object] Available: [bodyweight, pullup_bar, dip_station, bench, low_bar, high_bar, step, park_bench, park_step] @ webpack-internal:///(app-pages-browser)/./src/features/workout-engine/shared/utils/method-selection.utils.ts:119
[   37471ms] [WARNING] [ParkGating] "מתח יד אחת עם גומייה" — 2 park method(s) all gated → exercise excluded Required gear not in park inventory: [Object, Object] Available: [bodyweight, pullup_bar, dip_station, bench, low_bar, high_bar, step, park_bench, park_step] @ webpack-internal:///(app-pages-browser)/./src/features/workout-engine/shared/utils/method-selection.utils.ts:119
[   37471ms] [WARNING] [ParkGating] "מקבילים עם גומייה דקה" — 1 park method(s) all gated → exercise excluded Required gear not in park inventory: [Object] Available: [bodyweight, pullup_bar, dip_station, bench, low_bar, high_bar, step, park_bench, park_step] @ webpack-internal:///(app-pages-browser)/./src/features/workout-engine/shared/utils/method-selection.utils.ts:119
[   37471ms] [WARNING] [ParkGating] "החזקת תמיכה על טבעות" — 1 park method(s) all gated → exercise excluded Required gear not in park inventory: [Object] Available: [bodyweight, pullup_bar, dip_station, bench, low_bar, high_bar, step, park_bench, park_step] @ webpack-internal:///(app-pages-browser)/./src/features/workout-engine/shared/utils/method-selection.utils.ts:119
[   37471ms] [WARNING] [ParkGating] "החזקת תמיכה על טבעות עם עזרה" — 1 park method(s) all gated → exercise excluded Required gear not in park inventory: [Object] Available: [bodyweight, pullup_bar, dip_station, bench, low_bar, high_bar, step, park_bench, park_step] @ webpack-internal:///(app-pages-browser)/./src/features/workout-engine/shared/utils/method-selection.utils.ts:119
[   37472ms] [WARNING] [ParkGating] "סקוואט כנגד גומייה" — 1 park method(s) all gated → exercise excluded Required gear not in park inventory: [Object] Available: [bodyweight, pullup_bar, dip_station, bench, low_bar, high_bar, step, park_bench, park_step] @ webpack-internal:///(app-pages-browser)/./src/features/workout-engine/shared/utils/method-selection.utils.ts:119
[   37472ms] [WARNING] [ParkGating] "דדליפט רומני בהתנגדות גומייה" — 1 park method(s) all gated → exercise excluded Required gear not in park inventory: [Object] Available: [bodyweight, pullup_bar, dip_station, bench, low_bar, high_bar, step, park_bench, park_step] @ webpack-internal:///(app-pages-browser)/./src/features/workout-engine/shared/utils/method-selection.utils.ts:119
[   37472ms] [WARNING] [ParkGating] "דדליפט רומני על הגבהה" — 2 park method(s) all gated → exercise excluded Required gear not in park inventory: [Object, Object] Available: [bodyweight, pullup_bar, dip_station, bench, low_bar, high_bar, step, park_bench, park_step] @ webpack-internal:///(app-pages-browser)/./src/features/workout-engine/shared/utils/method-selection.utils.ts:119
[   37472ms] [WARNING] [ParkGating] "עמידת פייק גובה ברך" — 1 park method(s) all gated → exercise excluded Required gear not in park inventory: [Object] Available: [bodyweight, pullup_bar, dip_station, bench, low_bar, high_bar, step, park_bench, park_step] @ webpack-internal:///(app-pages-browser)/./src/features/workout-engine/shared/utils/method-selection.utils.ts:119
[   37472ms] [WARNING] [ParkGating] "שכיבות סמיכה פייק גובה שוק" — 1 park method(s) all gated → exercise excluded Required gear not in park inventory: [Object] Available: [bodyweight, pullup_bar, dip_station, bench, low_bar, high_bar, step, park_bench, park_step] @ webpack-internal:///(app-pages-browser)/./src/features/workout-engine/shared/utils/method-selection.utils.ts:119
[   37472ms] [WARNING] [ParkGating] "פלאנץ׳ בטאק בעזרת גומייה דקה" — 1 park method(s) all gated → exercise excluded Required gear not in park inventory: [Object] Available: [bodyweight, pullup_bar, dip_station, bench, low_bar, high_bar, step, park_bench, park_step] @ webpack-internal:///(app-pages-browser)/./src/features/workout-engine/shared/utils/method-selection.utils.ts:119
[   37472ms] [WARNING] [ParkGating] "סקוואט בעזרת רצועות" — 1 park method(s) all gated → exercise excluded Required gear not in park inventory: [Object] Available: [bodyweight, pullup_bar, dip_station, bench, low_bar, high_bar, step, park_bench, park_step] @ webpack-internal:///(app-pages-browser)/./src/features/workout-engine/shared/utils/method-selection.utils.ts:119
[   37472ms] [WARNING] [ParkGating] "עליית מדרגה גובה קרסול" — 1 park method(s) all gated → exercise excluded Required gear not in park inventory: [Object] Available: [bodyweight, pullup_bar, dip_station, bench, low_bar, high_bar, step, park_bench, park_step] @ webpack-internal:///(app-pages-browser)/./src/features/workout-engine/shared/utils/method-selection.utils.ts:119
[   37472ms] [WARNING] [ParkGating] "פרונט לבר בפישוק עם גומייה" — 2 park method(s) all gated → exercise excluded Required gear not in park inventory: [Object, Object] Available: [bodyweight, pullup_bar, dip_station, bench, low_bar, high_bar, step, park_bench, park_step] @ webpack-internal:///(app-pages-browser)/./src/features/workout-engine/shared/utils/method-selection.utils.ts:119
[   37473ms] [LOG] [WorkoutTrio] Shared pipeline: 62 scored exercises (40 excluded), 372 total in DB @ webpack-internal:///(app-pages-browser)/./src/features/workout-engine/services/home-workout.service.ts:1786
[   37473ms] [LOG] [WorkoutTrio] Filter breakdown — program_filter: 0, level_tolerance: 23, skill_gate: 0, location: 17, injury: 0, passed: 62 @ webpack-internal:///(app-pages-browser)/./src/features/workout-engine/services/home-workout.service.ts:1789
[   38802ms] [LOG] [WorkoutTrio] Settings resolved → protocols: [emom, pyramid, antagonist_pair] from pull@L22 | goals: none | tabata: p=0.22 from pull@L22 @ webpack-internal:///(app-pages-browser)/./src/features/workout-engine/services/home-workout.service.ts:1941
[   39099ms] [LOG] [ExerciseHistory] Loaded history for 18/62 exercises (3 chunked 'in' queries) @ webpack-internal:///(app-pages-browser)/./src/features/workout-engine/services/exercise-history.service.ts:150
[   39099ms] [LOG] [WorkoutTrio] Exercise history loaded: 18/62 exercises have prior session data (David Staircase floor active). @ webpack-internal:///(app-pages-browser)/./src/features/workout-engine/services/home-workout.service.ts:1965
[   39100ms] [LOG] [WorkoutTrio] ⛔ PROTOCOLS KILLED by periodization: baseProb=1 × multiplier=0 = 0 (reason: long_gap_deload, week=5) @ webpack-internal:///(app-pages-browser)/./src/features/workout-engine/services/home-workout.service.ts:1998
[   39100ms] [LOG] [WorkoutTrio] Tabata finisher probability: 0.22 × 0 = 0.00 (from pull@L22) @ webpack-internal:///(app-pages-browser)/./src/features/workout-engine/services/home-workout.service.ts:2013
[   39100ms] [LOG] [Periodization] Straight-arm ratio capped: 0.4 → 0.15 (Deload tendon protection) @ webpack-internal:///(app-pages-browser)/./src/features/workout-engine/services/home-workout.service.ts:2033
[   39301ms] [LOG] [WorkoutTrio] No app_config/workout_trio doc → using pre-seeded Hebrew labels @ webpack-internal:///(app-pages-browser)/./src/features/workout-engine/services/trio-labels.service.ts:53
[   39301ms] [LOG] [WorkoutTrio] Labels (fallback): [מאוזן, עצים ומהיר, אימון פארק קליל] @ webpack-internal:///(app-pages-browser)/./src/features/workout-engine/services/home-workout.service.ts:774
[   39301ms] [LOG] [WorkoutTrio] Bolt2: honouring requested 30min (ceiling 45min) @ webpack-internal:///(app-pages-browser)/./src/features/workout-engine/services/home-workout.service.ts:843
[   39302ms] [LOG] [PipelineOrchestrator] Pool OK: 62 survivors at location=park (gear=9) → normal generation (sparse contexts degrade to bodyweight, not recovery). @ webpack-internal:///(app-pages-browser)/./src/features/workout-engine/core/pipeline/PipelineOrchestrator.ts:130
[   39302ms] [LOG] [PipelineOrchestrator] 🔓 Master-program bypass (full_body): skipping single-domain tolerance gate — ContextualEngine shared pass already scoped pool to all child domains. Pool size preserved: 62 exercises. @ webpack-internal:///(app-pages-browser)/./src/features/workout-engine/core/pipeline/PipelineOrchestrator.ts:233
[   39303ms] [LOG] [InputSanitizer:Periodization] Phase=DELOAD effectiveDifficulty=2 @ webpack-internal:///(app-pages-browser)/./src/features/workout-engine/core/middleware/InputSanitizerMiddleware.ts:447
[   39303ms] [LOG]   push L12: 6 sets/day (17/week) @ webpack-internal:///(app-pages-browser)/./src/features/workout-engine/logic/WorkoutGenerator.ts:445
[   39303ms] [LOG]   pull L22: 8 sets/day (23/week) @ webpack-internal:///(app-pages-browser)/./src/features/workout-engine/logic/WorkoutGenerator.ts:445
[   39303ms] [LOG]   legs L1: 4 sets/day (10/week) @ webpack-internal:///(app-pages-browser)/./src/features/workout-engine/logic/WorkoutGenerator.ts:445
[   39303ms] [LOG]   core L1: 3 sets/day (8/week) @ webpack-internal:///(app-pages-browser)/./src/features/workout-engine/logic/WorkoutGenerator.ts:445
[   39305ms] [LOG] Foundation Buffer: 17 exercises boosted (+30) — Pull-ups/Dips/Push-ups/Rows prioritised @ webpack-internal:///(app-pages-browser)/./src/features/workout-engine/logic/WorkoutGenerator.ts:1331
[   39305ms] [LOG] Vertical Preference: 2 exercises boosted (diminishing: 15/8) @ webpack-internal:///(app-pages-browser)/./src/features/workout-engine/logic/WorkoutGenerator.ts:1333
[   39305ms] [LOG] Naked Strength: 34 bodyweight exercises boosted (+8) @ webpack-internal:///(app-pages-browser)/./src/features/workout-engine/logic/WorkoutGenerator.ts:1334
[   39305ms] [LOG] Modality Match: "bent_arm" dominant → 17 exercises boosted (+10) @ webpack-internal:///(app-pages-browser)/./src/features/workout-engine/logic/WorkoutGenerator.ts:1337
[   39306ms] [LOG] [LevelSync] DifficultyFilter: globalLevel=L22, domainLevels={push:L12, pull:L22, legs:L1, core:L1, planche:L10, front_lever:L13, calisthenics_upper:L13, upper_body:L21, full_body:L15, muscle_up:L21} @ webpack-internal:///(app-pages-browser)/./src/features/workout-engine/logic/workout-selection.utils.ts:308
[   39306ms] [LOG] [Bolt2Cap] per-domain [push→L13, pull→L23, legs→L2, core→L2] (activeProgram=full_body): filtered out 27 above-ceiling exercise(s). Pool: 62 → 35 @ webpack-internal:///(app-pages-browser)/./src/features/workout-engine/logic/WorkoutGenerator.ts:550
[   39306ms] [LOG] User base level (context.userLevel): 22 @ webpack-internal:///(app-pages-browser)/./src/features/workout-engine/logic/workout-selection.utils.ts:810
[   39307ms] [LOG] Target level per category — P1: [planche] | P2: [push] | P3: undefined @ webpack-internal:///(app-pages-browser)/./src/features/workout-engine/logic/workout-selection.utils.ts:811
[   39307ms] [LOG] Dominance ratio: {p1: 0.65, p2: 0.35, p3: 0} @ webpack-internal:///(app-pages-browser)/./src/features/workout-engine/logic/workout-selection.utils.ts:812
[   39307ms] [LOG] Daily set budget: 21 @ webpack-internal:///(app-pages-browser)/./src/features/workout-engine/logic/workout-selection.utils.ts:817
[   39307ms] [LOG] Exercise levels in pool (programLevel): {1: 9, 2: 4, 10: 7, 11: 1, 12: 1, 13: 3, 19: 4, 20: 3, 21: 2, 22: 1} @ webpack-internal:///(app-pages-browser)/./src/features/workout-engine/logic/workout-selection.utils.ts:824
[   39307ms] [WARNING] Level 1 or defaulted: 9 exercises. Reasons: programLevel undefined → defaults to 1; or Program mapping not found; or Defaulting due to missing progression. @ webpack-internal:///(app-pages-browser)/./src/features/workout-engine/logic/workout-selection.utils.ts:830
[   39307ms] [LOG]   - "גוד מורנינג בישיבה" programLevel=1 @ webpack-internal:///(app-pages-browser)/./src/features/workout-engine/logic/workout-selection.utils.ts:834
[   39307ms] [LOG]   - "סקוואט טווח חלקי (להגבהה)" programLevel=1 @ webpack-internal:///(app-pages-browser)/./src/features/workout-engine/logic/workout-selection.utils.ts:834
[   39307ms] [LOG]   - "שולחן הפוך" programLevel=1 @ webpack-internal:///(app-pages-browser)/./src/features/workout-engine/logic/workout-selection.utils.ts:834
[   39307ms] [LOG] [WorkoutGenerator] Dominance: P1=3 P2=2 accessory=-1 (budget: 13+7+1) @ webpack-internal:///(app-pages-browser)/./src/features/workout-engine/logic/workout-selection.utils.ts:899
[   39307ms] [LOG] [WorkoutGenerator] Budget allows: P1=13 sets, P2=7 sets @ webpack-internal:///(app-pages-browser)/./src/features/workout-engine/logic/workout-selection.utils.ts:900
[   39308ms] [LOG] [MGDiversity] Displaced 2 same-group duplicates → backfilled 2 (pool had 35 candidates) @ webpack-internal:///(app-pages-browser)/./src/features/workout-engine/logic/WorkoutGenerator.ts:733
[   39309ms] [LOG]   push L12: 6 sets ÷ 2 exercises = 3 sets/each @ webpack-internal:///(app-pages-browser)/./src/features/workout-engine/logic/workout-budgeting.utils.ts:693
[   39309ms] [LOG]   pull L22: 8 sets ÷ 2 exercises = 4 sets/each @ webpack-internal:///(app-pages-browser)/./src/features/workout-engine/logic/workout-budgeting.utils.ts:693
[   39309ms] [LOG]   legs L1: 4 sets ÷ 0 exercises = 0 sets/each @ webpack-internal:///(app-pages-browser)/./src/features/workout-engine/logic/workout-budgeting.utils.ts:693
[   39309ms] [LOG]   core L1: 3 sets ÷ 0 exercises = 0 sets/each @ webpack-internal:///(app-pages-browser)/./src/features/workout-engine/logic/workout-budgeting.utils.ts:693
[   39310ms] [LOG] [assignVolume] HistoryFloor "עליית כוח בעזרת תנופה": 10 → 12 reps (last session max: 30, capped at range max 12) @ webpack-internal:///(app-pages-browser)/./src/features/workout-engine/logic/workout-budgeting.utils.ts:841
[   39310ms] [LOG] [BudgetDistributor.balancedClusterCap] D2 balanced session — culled 1 exercise(s) → 3 clustered exercises (diverse=false, domains=2, longSession=false, availableTime=30). Sets: 4/4/4 @ webpack-internal:///(app-pages-browser)/./src/features/workout-engine/core/pipeline/BudgetDistributor.ts:556
[   39310ms] [LOG] [WorkoutGenerator][selectProtocol] difficulty=2 | adminProtocols=["emom","pyramid","antagonist_pair"] | adminProbability=0 | periodizationWeek=5 @ webpack-internal:///(app-pages-browser)/./src/features/workout-engine/logic/WorkoutGenerator.ts:1390
[   39310ms] [LOG] [WorkoutGenerator][selectProtocol] ⛔ Protocol probability = 0 (Deload/Rebuild week or protocolMultiplier killed it) — straight sets @ webpack-internal:///(app-pages-browser)/./src/features/workout-engine/logic/WorkoutGenerator.ts:1413
[   39312ms] [LOG] [findLevelSub] ✅ horizontal_pull: picked "פרונט לבר מלא" L22 (gap=0, radius=±2, domain=pull L22, D2) @ webpack-internal:///(app-pages-browser)/./src/features/workout-engine/core/pipeline/PoolFactory.ts:242
[   39312ms] [LOG] [HorizontalGuarantee] ✅ ADDED "פרונט לבר מלא"(L22) replacing accessory "החזקות מקבילים אקצנטרי"(vertical_push) — preserved vertical_pull [domain=pull L22, budget=4 sets] @ webpack-internal:///(app-pages-browser)/./src/features/workout-engine/core/pipeline/GuaranteePassRunner.ts:161
[   39312ms] [LOG] [VerticalFoundation] ✅ "פרונט לבר מלא"(skill) → "שכיבות סמיכה פייק"(foundation, L12) [vertical_push, domain=push L12] @ webpack-internal:///(app-pages-browser)/./src/features/workout-engine/core/pipeline/GuaranteePassRunner.ts:310
[   39312ms] [LOG] [findLevelSub] ✅ squat: picked "סקוואט טווח חלקי (להגבהה)" L1 (gap=0, radius=±2, domain=legs L1, D2) @ webpack-internal:///(app-pages-browser)/./src/features/workout-engine/core/pipeline/PoolFactory.ts:242
[   39313ms] [WARNING] [FullBodyGuarantee] ⚠️ Could not guarantee legs domain — no candidate within ±6 of L1 @ webpack-internal:///(app-pages-browser)/./src/features/workout-engine/core/pipeline/GuaranteePassRunner.ts:413
[   39313ms] [LOG] ┌─────────────┬────────────┬────────────┬────────────┐
│  Section    │  Work      │  Rest      │  Subtotal  │
├─────────────┼────────────┼────────────┼────────────┤
│  Warmup     │ 0m 0s      │ 0m 0s      │ 0m 0s      │  ← 0s rest, 5s transitions, cap=6m
│  Main       │ 6m 0s      │ 24m 4s     │ 30m 4s     │  ← 24m rest = 80% of main block
│  Cooldown   │ 0m 0s      │ 0m 0s      │ 0m 0s      │
├─────────────┼────────────┼────────────┼────────────┤
│  TOTAL(raw) │             │             │ 30m 4s     │
└─────────────┴────────────┴────────────┴────────────┘ @ webpack-internal:///(app-pages-browser)/./src/features/workout-engine/logic/workout-budgeting.utils.ts:1142
[   39313ms] [LOG]   + Main transitions (2 × 30s): 60s @ webpack-internal:///(app-pages-browser)/./src/features/workout-engine/logic/workout-budgeting.utils.ts:1143
[   39313ms] [LOG]   = Final Duration: 32 min @ webpack-internal:///(app-pages-browser)/./src/features/workout-engine/logic/workout-budgeting.utils.ts:1144
[   39313ms] [TABLE] [Object, Object, Object] @ webpack-internal:///(app-pages-browser)/./src/features/workout-engine/logic/workout-budgeting.utils.ts:1147
[   39313ms] [LOG] ┌─────────────┬────────────┬────────────┬────────────┐
│  Section    │  Work      │  Rest      │  Subtotal  │
├─────────────┼────────────┼────────────┼────────────┤
│  Warmup     │ 0m 0s      │ 0m 0s      │ 0m 0s      │  ← 0s rest, 5s transitions, cap=6m
│  Main       │ 6m 0s      │ 24m 4s     │ 30m 4s     │  ← 24m rest = 80% of main block
│  Cooldown   │ 0m 0s      │ 0m 0s      │ 0m 0s      │
├─────────────┼────────────┼────────────┼────────────┤
│  TOTAL(raw) │             │             │ 30m 4s     │
└─────────────┴────────────┴────────────┴────────────┘ @ webpack-internal:///(app-pages-browser)/./src/features/workout-engine/logic/workout-budgeting.utils.ts:1142
[   39313ms] [LOG]   + Main transitions (2 × 30s): 60s @ webpack-internal:///(app-pages-browser)/./src/features/workout-engine/logic/workout-budgeting.utils.ts:1143
[   39313ms] [LOG]   = Final Duration: 32 min @ webpack-internal:///(app-pages-browser)/./src/features/workout-engine/logic/workout-budgeting.utils.ts:1144
[   39313ms] [TABLE] [Object, Object, Object] @ webpack-internal:///(app-pages-browser)/./src/features/workout-engine/logic/workout-budgeting.utils.ts:1147
[   39314ms] [LOG] [Engine] Pool: 102→102→62→35→4(raw)→4(diverse) | Selected: 3 | Budget: ?/21 remaining/daily | Difficulty: 2 | Sets: 12 @ webpack-internal:///(app-pages-browser)/./src/features/workout-engine/logic/WorkoutGenerator.ts:1076
[   39314ms] [LOG] [1] עליית כוח בעזרת תנופה | programLevel=19 [LevelResolution] עליית כוח בעזרת תנופה → L19 via pull | userDomainL=22 | Tier=flow | Sets=4 Reps=12 Rest=82s | Video=YES @ webpack-internal:///(app-pages-browser)/./src/features/workout-engine/logic/WorkoutGenerator.ts:1087
[   39314ms] [LOG] [2] שכיבות סמיכה פייק | programLevel=12 [LevelResolution] החזקות מקבילים אקצנטרי → L10 via push | userDomainL=12 | Tier=easy | Sets=4 Reps=12 Rest=104s | Video=YES @ webpack-internal:///(app-pages-browser)/./src/features/workout-engine/logic/WorkoutGenerator.ts:1087
[   39314ms] [LOG] [3] שכיבות סמיכה קשתים בפישוק | programLevel=13 [LevelResolution] שכיבות סמיכה קשתים בפישוק → L13 via push | userDomainL=12 | Tier=hard | Sets=4 Reps=1 Rest=175s | Video=YES @ webpack-internal:///(app-pages-browser)/./src/features/workout-engine/logic/WorkoutGenerator.ts:1087
[   39315ms] [LOG] [Warmup] Pool: 372 total | follow-along: 13 | role=warmup: 1 | mobility-tag: 0 @ webpack-internal:///(app-pages-browser)/./src/features/workout-engine/services/warmup.service.ts:555
[   39315ms] [LOG] [Warmup] Stage 1: "מתיחות פלג גוף עליון לבדיקה" selected (follow-along [location-matched]) @ webpack-internal:///(app-pages-browser)/./src/features/workout-engine/services/warmup.service.ts:619
[   39315ms] [LOG] [Warmup] David Scale: push(67%×4s), pull(33%×2s) @ webpack-internal:///(app-pages-browser)/./src/features/workout-engine/services/warmup.service.ts:648
[   39316ms] [WARNING] [ParkGating] "מתח עם גומייה דקה" — 2 park method(s) all gated → exercise excluded Required gear not in park inventory: [Object, Object] Available: [bodyweight, pullup_bar, dip_station, bench, low_bar, high_bar, step, park_bench, park_step] @ webpack-internal:///(app-pages-browser)/./src/features/workout-engine/shared/utils/method-selection.utils.ts:119
[   39316ms] [WARNING] [ParkGating] "מתח עם גומייה בינונית" — 2 park method(s) all gated → exercise excluded Required gear not in park inventory: [Object, Object] Available: [bodyweight, pullup_bar, dip_station, bench, low_bar, high_bar, step, park_bench, park_step] @ webpack-internal:///(app-pages-browser)/./src/features/workout-engine/shared/utils/method-selection.utils.ts:119
[   39316ms] [WARNING] [ParkGating] "מתח עם גומייה עבה" — 2 park method(s) all gated → exercise excluded Required gear not in park inventory: [Object, Object] Available: [bodyweight, pullup_bar, dip_station, bench, low_bar, high_bar, step, park_bench, park_step] @ webpack-internal:///(app-pages-browser)/./src/features/workout-engine/shared/utils/method-selection.utils.ts:119
[   39316ms] [WARNING] [ParkGating] "מתח אקצנטרי עם תמיכה" — 2 park method(s) all gated → exercise excluded Required gear not in park inventory: [Object, Object] Available: [bodyweight, pullup_bar, dip_station, bench, low_bar, high_bar, step, park_bench, park_step] @ webpack-internal:///(app-pages-browser)/./src/features/workout-engine/shared/utils/method-selection.utils.ts:119
[   39316ms] [LOG] [Warmup] Activation pull slot1/2 F2: "החזקת מתח ב-90°" L7 from 8 cands (zone [5–9], reps 8–12) @ webpack-internal:///(app-pages-browser)/./src/features/workout-engine/services/warmup.service.ts:808
[   39317ms] [WARNING] [ParkGating] "מתח לא שוויוני עם טבעות" — 1 park method(s) all gated → exercise excluded Required gear not in park inventory: [Object] Available: [bodyweight, pullup_bar, dip_station, bench, low_bar, high_bar, step, park_bench, park_step] @ webpack-internal:///(app-pages-browser)/./src/features/workout-engine/shared/utils/method-selection.utils.ts:119
[   39317ms] [WARNING] [ParkGating] "מתח יד אחת עם גומייה" — 2 park method(s) all gated → exercise excluded Required gear not in park inventory: [Object, Object] Available: [bodyweight, pullup_bar, dip_station, bench, low_bar, high_bar, step, park_bench, park_step] @ webpack-internal:///(app-pages-browser)/./src/features/workout-engine/shared/utils/method-selection.utils.ts:119
[   39317ms] [WARNING] [ParkGating] "מתח מתפרץ עם טבעות" — 1 park method(s) all gated → exercise excluded Required gear not in park inventory: [Object] Available: [bodyweight, pullup_bar, dip_station, bench, low_bar, high_bar, step, park_bench, park_step] @ webpack-internal:///(app-pages-browser)/./src/features/workout-engine/shared/utils/method-selection.utils.ts:119
[   39317ms] [WARNING] [ParkGating] "עליית כוח בקפיצה עם טבעות" — 1 park method(s) all gated → exercise excluded Required gear not in park inventory: [Object] Available: [bodyweight, pullup_bar, dip_station, bench, low_bar, high_bar, step, park_bench, park_step] @ webpack-internal:///(app-pages-browser)/./src/features/workout-engine/shared/utils/method-selection.utils.ts:119
[   39317ms] [WARNING] [ParkGating] "עליית כוח אקצנטרי עם טבעות" — 1 park method(s) all gated → exercise excluded Required gear not in park inventory: [Object] Available: [bodyweight, pullup_bar, dip_station, bench, low_bar, high_bar, step, park_bench, park_step] @ webpack-internal:///(app-pages-browser)/./src/features/workout-engine/shared/utils/method-selection.utils.ts:119
[   39317ms] [WARNING] [ParkGating] "עליית כוח על טבעות בעזרת גומייה" — 1 park method(s) all gated → exercise excluded Required gear not in park inventory: [Object] Available: [bodyweight, pullup_bar, dip_station, bench, low_bar, high_bar, step, park_bench, park_step] @ webpack-internal:///(app-pages-browser)/./src/features/workout-engine/shared/utils/method-selection.utils.ts:119
[   39317ms] [WARNING] [ParkGating] "עליית כוח עם טבעות" — 1 park method(s) all gated → exercise excluded Required gear not in park inventory: [Object] Available: [bodyweight, pullup_bar, dip_station, bench, low_bar, high_bar, step, park_bench, park_step] @ webpack-internal:///(app-pages-browser)/./src/features/workout-engine/shared/utils/method-selection.utils.ts:119
[   39317ms] [WARNING] [ParkGating] "עליית כוח בעזרת גומייה" — 1 park method(s) all gated → exercise excluded Required gear not in park inventory: [Object] Available: [bodyweight, pullup_bar, dip_station, bench, low_bar, high_bar, step, park_bench, park_step] @ webpack-internal:///(app-pages-browser)/./src/features/workout-engine/shared/utils/method-selection.utils.ts:119
[   39317ms] [LOG] [Warmup] Priming pull slot2/2 F2: "מתח קשתים" L16 from 10 cands (zone [14–19], reps 3–5) @ webpack-internal:///(app-pages-browser)/./src/features/workout-engine/services/warmup.service.ts:808
[   39317ms] [WARNING] [ParkGating] "החזקת מקבילים ב-15° עם גומייה" — 1 park method(s) all gated → exercise excluded Required gear not in park inventory: [Object] Available: [bodyweight, pullup_bar, dip_station, bench, low_bar, high_bar, step, park_bench, park_step] @ webpack-internal:///(app-pages-browser)/./src/features/workout-engine/shared/utils/method-selection.utils.ts:119
[   39318ms] [WARNING] [ParkGating] "החזקת מקבילים ב-120° עם גומייה" — 2 park method(s) all gated → exercise excluded Required gear not in park inventory: [Object, Object] Available: [bodyweight, pullup_bar, dip_station, bench, low_bar, high_bar, step, park_bench, park_step] @ webpack-internal:///(app-pages-browser)/./src/features/workout-engine/shared/utils/method-selection.utils.ts:119
[   39318ms] [WARNING] [ParkGating] "החזקת מקבילים ב-90° עם גומייה" — 2 park method(s) all gated → exercise excluded Required gear not in park inventory: [Object, Object] Available: [bodyweight, pullup_bar, dip_station, bench, low_bar, high_bar, step, park_bench, park_step] @ webpack-internal:///(app-pages-browser)/./src/features/workout-engine/shared/utils/method-selection.utils.ts:119
[   39318ms] [LOG] [Warmup] Activation push slot1/4 F2: "שכיבות סמיכה טווח תחתון" L4 from 7 cands (zone [2–5], reps 8–12) @ webpack-internal:///(app-pages-browser)/./src/features/workout-engine/services/warmup.service.ts:808
[   39318ms] [WARNING] [ParkGating] "החזקת מקבילים ב-15° עם גומייה" — 1 park method(s) all gated → exercise excluded Required gear not in park inventory: [Object] Available: [bodyweight, pullup_bar, dip_station, bench, low_bar, high_bar, step, park_bench, park_step] @ webpack-internal:///(app-pages-browser)/./src/features/workout-engine/shared/utils/method-selection.utils.ts:119
[   39318ms] [WARNING] [ParkGating] "פרפר רצועות ב-45°" — 1 park method(s) all gated → exercise excluded Required gear not in park inventory: [Object] Available: [bodyweight, pullup_bar, dip_station, bench, low_bar, high_bar, step, park_bench, park_step] @ webpack-internal:///(app-pages-browser)/./src/features/workout-engine/shared/utils/method-selection.utils.ts:119
[   39318ms] [WARNING] [ParkGating] "שכיבות סמיכה רצועות ב-45°" — 1 park method(s) all gated → exercise excluded Required gear not in park inventory: [Object] Available: [bodyweight, pullup_bar, dip_station, bench, low_bar, high_bar, step, park_bench, park_step] @ webpack-internal:///(app-pages-browser)/./src/features/workout-engine/shared/utils/method-selection.utils.ts:119
[   39318ms] [WARNING] [ParkGating] "מקבילים עם גומייה בינונית" — 1 park method(s) all gated → exercise excluded Required gear not in park inventory: [Object] Available: [bodyweight, pullup_bar, dip_station, bench, low_bar, high_bar, step, park_bench, park_step] @ webpack-internal:///(app-pages-browser)/./src/features/workout-engine/shared/utils/method-selection.utils.ts:119
[   39318ms] [WARNING] [ParkGating] "מקבילים עם גומייה עבה" — 1 park method(s) all gated → exercise excluded Required gear not in park inventory: [Object] Available: [bodyweight, pullup_bar, dip_station, bench, low_bar, high_bar, step, park_bench, park_step] @ webpack-internal:///(app-pages-browser)/./src/features/workout-engine/shared/utils/method-selection.utils.ts:119
[   39318ms] [WARNING] [ParkGating] "החזקת מקבילים ב-120° עם גומייה" — 2 park method(s) all gated → exercise excluded Required gear not in park inventory: [Object, Object] Available: [bodyweight, pullup_bar, dip_station, bench, low_bar, high_bar, step, park_bench, park_step] @ webpack-internal:///(app-pages-browser)/./src/features/workout-engine/shared/utils/method-selection.utils.ts:119
[   39318ms] [WARNING] [ParkGating] "החזקת מקבילים ב-90° עם גומייה" — 2 park method(s) all gated → exercise excluded Required gear not in park inventory: [Object, Object] Available: [bodyweight, pullup_bar, dip_station, bench, low_bar, high_bar, step, park_bench, park_step] @ webpack-internal:///(app-pages-browser)/./src/features/workout-engine/shared/utils/method-selection.utils.ts:119
[   39318ms] [LOG] [Warmup] Activation push slot2/4 F2: "עמידת פייק" L7 from 7 cands (zone [4–7], reps 8–12) @ webpack-internal:///(app-pages-browser)/./src/features/workout-engine/services/warmup.service.ts:808
[   39319ms] [WARNING] [ParkGating] "פרפר רצועות ב-45°" — 1 park method(s) all gated → exercise excluded Required gear not in park inventory: [Object] Available: [bodyweight, pullup_bar, dip_station, bench, low_bar, high_bar, step, park_bench, park_step] @ webpack-internal:///(app-pages-browser)/./src/features/workout-engine/shared/utils/method-selection.utils.ts:119
[   39319ms] [WARNING] [ParkGating] "שכיבות סמיכה רצועות ב-45°" — 1 park method(s) all gated → exercise excluded Required gear not in park inventory: [Object] Available: [bodyweight, pullup_bar, dip_station, bench, low_bar, high_bar, step, park_bench, park_step] @ webpack-internal:///(app-pages-browser)/./src/features/workout-engine/shared/utils/method-selection.utils.ts:119
[   39319ms] [WARNING] [ParkGating] "מקבילים עם גומייה דקה" — 1 park method(s) all gated → exercise excluded Required gear not in park inventory: [Object] Available: [bodyweight, pullup_bar, dip_station, bench, low_bar, high_bar, step, park_bench, park_step] @ webpack-internal:///(app-pages-browser)/./src/features/workout-engine/shared/utils/method-selection.utils.ts:119
[   39319ms] [WARNING] [ParkGating] "מקבילים עם גומייה בינונית" — 1 park method(s) all gated → exercise excluded Required gear not in park inventory: [Object] Available: [bodyweight, pullup_bar, dip_station, bench, low_bar, high_bar, step, park_bench, park_step] @ webpack-internal:///(app-pages-browser)/./src/features/workout-engine/shared/utils/method-selection.utils.ts:119
[   39319ms] [WARNING] [ParkGating] "מקבילים עם גומייה עבה" — 1 park method(s) all gated → exercise excluded Required gear not in park inventory: [Object] Available: [bodyweight, pullup_bar, dip_station, bench, low_bar, high_bar, step, park_bench, park_step] @ webpack-internal:///(app-pages-browser)/./src/features/workout-engine/shared/utils/method-selection.utils.ts:119
[   39319ms] [LOG] [Warmup] Activation push slot3/4 F2: "שכיבות סמיכה יהלום" L8 from 2 cands (zone [6–9], reps 8–12) @ webpack-internal:///(app-pages-browser)/./src/features/workout-engine/services/warmup.service.ts:808
[   39319ms] [WARNING] [ParkGating] "מקבילים עם גומייה דקה" — 1 park method(s) all gated → exercise excluded Required gear not in park inventory: [Object] Available: [bodyweight, pullup_bar, dip_station, bench, low_bar, high_bar, step, park_bench, park_step] @ webpack-internal:///(app-pages-browser)/./src/features/workout-engine/shared/utils/method-selection.utils.ts:119
[   39319ms] [WARNING] [ParkGating] "החזקת תמיכה על טבעות" — 1 park method(s) all gated → exercise excluded Required gear not in park inventory: [Object] Available: [bodyweight, pullup_bar, dip_station, bench, low_bar, high_bar, step, park_bench, park_step] @ webpack-internal:///(app-pages-browser)/./src/features/workout-engine/shared/utils/method-selection.utils.ts:119
[   39319ms] [WARNING] [ParkGating] "החזקת תמיכה על טבעות עם עזרה" — 1 park method(s) all gated → exercise excluded Required gear not in park inventory: [Object] Available: [bodyweight, pullup_bar, dip_station, bench, low_bar, high_bar, step, park_bench, park_step] @ webpack-internal:///(app-pages-browser)/./src/features/workout-engine/shared/utils/method-selection.utils.ts:119
[   39319ms] [LOG] [Warmup] Priming push slot4/4 F2: "שכיבות סמיכה רחבות" L10 from 3 cands (zone [8–10], reps 3–5) @ webpack-internal:///(app-pages-browser)/./src/features/workout-engine/services/warmup.service.ts:808
[   39319ms] [LOG] [Warmup] Stage 2 Patterns primed: [pull, push] from active [pull, push] — 6 slots total @ webpack-internal:///(app-pages-browser)/./src/features/workout-engine/services/warmup.service.ts:843
[   39319ms] [LOG] [Warmup] Time-aware trim: 7 → 3 slots (budget 3 for 30min, coverage-first) @ webpack-internal:///(app-pages-browser)/./src/features/workout-engine/services/warmup.service.ts:877
[   39319ms] [LOG] [Warmup] Block finalised: 1 general + 6 ladder slots = 3 total (budget 3) @ webpack-internal:///(app-pages-browser)/./src/features/workout-engine/services/warmup.service.ts:882
[   39320ms] [LOG]   ETMVVSpt0lIpeF3mkEn6 "מתיחות פלג גוף עליון לבדיקה": already in workout @ webpack-internal:///(app-pages-browser)/./src/features/workout-engine/services/cooldown.service.ts:78
[   39320ms] [LOG] [Cooldown] Strict bodyweight yielded 0 candidates → fallback to ANY cooldown for location @ webpack-internal:///(app-pages-browser)/./src/features/workout-engine/services/cooldown.service.ts:100
[   39320ms] [LOG] ┌─────────────┬────────────┬────────────┬────────────┐
│  Section    │  Work      │  Rest      │  Subtotal  │
├─────────────┼────────────┼────────────┼────────────┤
│  Warmup     │ 3m 10s     │ 0m 0s      │ 3m 10s     │  ← 0s rest, 5s transitions, cap=6m
│  Main       │ 6m 0s      │ 24m 4s     │ 30m 4s     │  ← 24m rest = 80% of main block
│  Cooldown   │ 0m 0s      │ 0m 0s      │ 0m 0s      │
├─────────────┼────────────┼────────────┼────────────┤
│  TOTAL(raw) │             │             │ 33m 14s    │
└─────────────┴────────────┴────────────┴────────────┘ @ webpack-internal:///(app-pages-browser)/./src/features/workout-engine/logic/workout-budgeting.utils.ts:1142
[   39320ms] [LOG]   + Main transitions (2 × 30s): 60s @ webpack-internal:///(app-pages-browser)/./src/features/workout-engine/logic/workout-budgeting.utils.ts:1143
[   39320ms] [LOG]   = Final Duration: 35 min @ webpack-internal:///(app-pages-browser)/./src/features/workout-engine/logic/workout-budgeting.utils.ts:1144
[   39320ms] [TABLE] [Object, Object, Object, Object, Object, Object] @ webpack-internal:///(app-pages-browser)/./src/features/workout-engine/logic/workout-budgeting.utils.ts:1147
[   39320ms] [LOG] ┌─────────────┬────────────┬────────────┬────────────┐
│  Section    │  Work      │  Rest      │  Subtotal  │
├─────────────┼────────────┼────────────┼────────────┤
│  Warmup     │ 3m 10s     │ 0m 0s      │ 3m 10s     │  ← 0s rest, 5s transitions, cap=6m
│  Main       │ 5m 24s     │ 23m 42s    │ 28m 6s     │  ← 23m rest = 81% of main block
│  Cooldown   │ 0m 0s      │ 0m 0s      │ 0m 0s      │
├─────────────┼────────────┼────────────┼────────────┤
│  TOTAL(raw) │             │             │ 31m 16s    │
└─────────────┴────────────┴────────────┴────────────┘ @ webpack-internal:///(app-pages-browser)/./src/features/workout-engine/logic/workout-budgeting.utils.ts:1142
[   39320ms] [LOG]   + Main transitions (2 × 30s): 60s @ webpack-internal:///(app-pages-browser)/./src/features/workout-engine/logic/workout-budgeting.utils.ts:1143
[   39320ms] [LOG]   = Final Duration: 33 min @ webpack-internal:///(app-pages-browser)/./src/features/workout-engine/logic/workout-budgeting.utils.ts:1144
[   39320ms] [TABLE] [Object, Object, Object, Object, Object, Object] @ webpack-internal:///(app-pages-browser)/./src/features/workout-engine/logic/workout-budgeting.utils.ts:1147
[   39321ms] [LOG] ┌─────────────┬────────────┬────────────┬────────────┐
│  Section    │  Work      │  Rest      │  Subtotal  │
├─────────────┼────────────┼────────────┼────────────┤
│  Warmup     │ 3m 10s     │ 0m 0s      │ 3m 10s     │  ← 0s rest, 5s transitions, cap=6m
│  Main       │ 5m 48s     │ 21m 20s    │ 26m 8s     │  ← 21m rest = 82% of main block
│  Cooldown   │ 0m 0s      │ 0m 0s      │ 0m 0s      │
├─────────────┼────────────┼────────────┼────────────┤
│  TOTAL(raw) │             │             │ 29m 18s    │
└─────────────┴────────────┴────────────┴────────────┘ @ webpack-internal:///(app-pages-browser)/./src/features/workout-engine/logic/workout-budgeting.utils.ts:1142
[   39321ms] [LOG]   + Main transitions (2 × 30s): 60s @ webpack-internal:///(app-pages-browser)/./src/features/workout-engine/logic/workout-budgeting.utils.ts:1143
[   39321ms] [LOG]   = Final Duration: 31 min @ webpack-internal:///(app-pages-browser)/./src/features/workout-engine/logic/workout-budgeting.utils.ts:1144
[   39321ms] [TABLE] [Object, Object, Object, Object, Object, Object] @ webpack-internal:///(app-pages-browser)/./src/features/workout-engine/logic/workout-budgeting.utils.ts:1147
[   39321ms] [LOG] ┌─────────────┬────────────┬────────────┬────────────┐
│  Section    │  Work      │  Rest      │  Subtotal  │
├─────────────┼────────────┼────────────┼────────────┤
│  Warmup     │ 3m 10s     │ 0m 0s      │ 3m 10s     │  ← 0s rest, 5s transitions, cap=6m
│  Main       │ 4m 0s      │ 20m 36s    │ 24m 36s    │  ← 20m rest = 83% of main block
│  Cooldown   │ 0m 0s      │ 0m 0s      │ 0m 0s      │
├─────────────┼────────────┼────────────┼────────────┤
│  TOTAL(raw) │             │             │ 27m 46s    │
└─────────────┴────────────┴────────────┴────────────┘ @ webpack-internal:///(app-pages-browser)/./src/features/workout-engine/logic/workout-budgeting.utils.ts:1142
[   39321ms] [LOG]   + Main transitions (2 × 30s): 60s @ webpack-internal:///(app-pages-browser)/./src/features/workout-engine/logic/workout-budgeting.utils.ts:1143
[   39321ms] [LOG]   = Final Duration: 28 min @ webpack-internal:///(app-pages-browser)/./src/features/workout-engine/logic/workout-budgeting.utils.ts:1144
[   39321ms] [TABLE] [Object, Object, Object, Object, Object, Object] @ webpack-internal:///(app-pages-browser)/./src/features/workout-engine/logic/workout-budgeting.utils.ts:1147
[   39321ms] [LOG] [PresentationFormatter.volumeCap] Done after 3 step(s): 28m, 12 sets, 3 main exercises @ webpack-internal:///(app-pages-browser)/./src/features/workout-engine/core/presentation/PresentationFormatter.ts:430
[   39788ms] [LOG] [WorkoutGenerator] Antagonist pairing complete: 1 push+pull, 0 quad+hamstring, 0 domain+core fallback @ webpack-internal:///(app-pages-browser)/./src/features/workout-engine/logic/workout-sorting.utils.ts:494
[   39788ms] [LOG] [applyAntagonistPairing] Buckets — push:2 pull:1 legs:0 other:0 pyramids:0 warmupCooldown:3 @ webpack-internal:///(app-pages-browser)/./src/features/workout-engine/logic/workout-sorting.utils.ts:516
[   39788ms] [LOG]   [Pair] "עליית כוח בעזרת תנופה" (id=4ce7GeLA60a6zxtbDBW1) → pairedWith=UdcGfuqfagFg4g3pB1yt @ webpack-internal:///(app-pages-browser)/./src/features/workout-engine/logic/workout-sorting.utils.ts:520
[   39788ms] [LOG]   [Pair] "שכיבות סמיכה קשתים בפישוק" (id=UdcGfuqfagFg4g3pB1yt) → pairedWith=4ce7GeLA60a6zxtbDBW1 @ webpack-internal:///(app-pages-browser)/./src/features/workout-engine/logic/workout-sorting.utils.ts:520
[   39788ms] [LOG]   [Pair] "שכיבות סמיכה פייק" (id=MwH75rBMKq65J9B86yUq) → pairedWith=NONE @ webpack-internal:///(app-pages-browser)/./src/features/workout-engine/logic/workout-sorting.utils.ts:520
[   39788ms] [LOG] [PresentationFormatter] ✅ Re-applied antagonist pairing on final list (2 exercises have pairedWith, source: adminData, מאוזן) @ webpack-internal:///(app-pages-browser)/./src/features/workout-engine/core/presentation/PresentationFormatter.ts:284
[   39788ms] [LOG] [PresentationFormatter] 🪜 Final domain-priority sort applied (order changed, 6 exercises, מאוזן) @ webpack-internal:///(app-pages-browser)/./src/features/workout-engine/core/presentation/PresentationFormatter.ts:295
[   39788ms] [LOG] [WorkoutTrio] Option 2 (מאוזן): D2, 6 exercises, 12 sets, ~28min @ webpack-internal:///(app-pages-browser)/./src/features/workout-engine/services/home-workout.service.ts:1077
[   39788ms] [LOG] [WorkoutTrio] Single-option path — padded 3 slots with the same workout @ webpack-internal:///(app-pages-browser)/./src/features/workout-engine/services/home-workout.service.ts:1086
[   39788ms] [LOG]   Difficulty: 2 ⚡⚡ @ webpack-internal:///(app-pages-browser)/./src/features/workout-engine/services/trio-modifiers.service.ts:700
[   39788ms] [LOG]   Title: אימון כללי עצים: פונקציונלי בפארק @ webpack-internal:///(app-pages-browser)/./src/features/workout-engine/services/trio-modifiers.service.ts:701
[   39788ms] [LOG]   Duration: ~28 min @ webpack-internal:///(app-pages-browser)/./src/features/workout-engine/services/trio-modifiers.service.ts:702
[   39789ms] [LOG]   Warmups: 3 | Main: 3 | Sets: 12 @ webpack-internal:///(app-pages-browser)/./src/features/workout-engine/services/trio-modifiers.service.ts:703
[   39789ms] [LOG]   Gear: 1 ⚠️ [rsGezdRxG5hayY7x88pJ] @ webpack-internal:///(app-pages-browser)/./src/features/workout-engine/services/trio-modifiers.service.ts:704
[   39789ms] [LOG]   Exercises: [שכיבות סמיכה קשתים בפישוק, עליית כוח בעזרת תנופה, שכיבות סמיכה פייק] @ webpack-internal:///(app-pages-browser)/./src/features/workout-engine/services/trio-modifiers.service.ts:705
[   39789ms] [LOG]   Difficulty: 2 ⚡⚡ @ webpack-internal:///(app-pages-browser)/./src/features/workout-engine/services/trio-modifiers.service.ts:700
[   39789ms] [LOG]   Title: אימון כללי עצים: פונקציונלי בפארק @ webpack-internal:///(app-pages-browser)/./src/features/workout-engine/services/trio-modifiers.service.ts:701
[   39789ms] [LOG]   Duration: ~28 min @ webpack-internal:///(app-pages-browser)/./src/features/workout-engine/services/trio-modifiers.service.ts:702
[   39789ms] [LOG]   Warmups: 3 | Main: 3 | Sets: 12 @ webpack-internal:///(app-pages-browser)/./src/features/workout-engine/services/trio-modifiers.service.ts:703
[   39789ms] [LOG]   Gear: 1 ⚠️ [rsGezdRxG5hayY7x88pJ] @ webpack-internal:///(app-pages-browser)/./src/features/workout-engine/services/trio-modifiers.service.ts:704
[   39789ms] [LOG]   Exercises: [שכיבות סמיכה קשתים בפישוק, עליית כוח בעזרת תנופה, שכיבות סמיכה פייק] @ webpack-internal:///(app-pages-browser)/./src/features/workout-engine/services/trio-modifiers.service.ts:705
[   39789ms] [LOG]   Difficulty: 2 ⚡⚡ @ webpack-internal:///(app-pages-browser)/./src/features/workout-engine/services/trio-modifiers.service.ts:700
[   39789ms] [LOG]   Title: אימון כללי עצים: פונקציונלי בפארק @ webpack-internal:///(app-pages-browser)/./src/features/workout-engine/services/trio-modifiers.service.ts:701
[   39789ms] [LOG]   Duration: ~28 min @ webpack-internal:///(app-pages-browser)/./src/features/workout-engine/services/trio-modifiers.service.ts:702
[   39789ms] [LOG]   Warmups: 3 | Main: 3 | Sets: 12 @ webpack-internal:///(app-pages-browser)/./src/features/workout-engine/services/trio-modifiers.service.ts:703
[   39789ms] [LOG]   Gear: 1 ⚠️ [rsGezdRxG5hayY7x88pJ] @ webpack-internal:///(app-pages-browser)/./src/features/workout-engine/services/trio-modifiers.service.ts:704
[   39789ms] [LOG]   Exercises: [שכיבות סמיכה קשתים בפישוק, עליית כוח בעזרת תנופה, שכיבות סמיכה פייק] @ webpack-internal:///(app-pages-browser)/./src/features/workout-engine/services/trio-modifiers.service.ts:705
[   39789ms] [LOG] Overlap: 1↔2=3, 1↔3=3, 2↔3=3 @ webpack-internal:///(app-pages-browser)/./src/features/workout-engine/services/trio-modifiers.service.ts:710
[   42705ms] [LOG] ACTIVE CALENDAR FILE: MonthlyCalendarGrid.tsx {cellHeight: 60, engine: DayIconCell (unified with home screen), viewMode: rings} @ webpack-internal:///(app-pages-browser)/./src/features/home/components/calendar/MonthlyCalendarGrid.tsx:160
[   42706ms] [LOG] ACTIVE CALENDAR FILE: MonthlyCalendarGrid.tsx {cellHeight: 60, engine: DayIconCell (unified with home screen), viewMode: rings} @ webpack-internal:///(app-pages-browser)/./src/features/home/components/calendar/MonthlyCalendarGrid.tsx:160
[   42766ms] [LOG] ACTIVE CALENDAR FILE: MonthlyCalendarGrid.tsx {cellHeight: 60, engine: DayIconCell (unified with home screen), viewMode: rings} @ webpack-internal:///(app-pages-browser)/./src/features/home/components/calendar/MonthlyCalendarGrid.tsx:160
[   42766ms] [LOG] ACTIVE CALENDAR FILE: MonthlyCalendarGrid.tsx {cellHeight: 60, engine: DayIconCell (unified with home screen), viewMode: rings} @ webpack-internal:///(app-pages-browser)/./src/features/home/components/calendar/MonthlyCalendarGrid.tsx:160
[   42818ms] [LOG] ACTIVE CALENDAR FILE: MonthlyCalendarGrid.tsx {cellHeight: 60, engine: DayIconCell (unified with home screen), viewMode: rings} @ webpack-internal:///(app-pages-browser)/./src/features/home/components/calendar/MonthlyCalendarGrid.tsx:160
[   42820ms] [LOG] ACTIVE CALENDAR FILE: MonthlyCalendarGrid.tsx {cellHeight: 60, engine: DayIconCell (unified with home screen), viewMode: rings} @ webpack-internal:///(app-pages-browser)/./src/features/home/components/calendar/MonthlyCalendarGrid.tsx:160
[   43144ms] [LOG] ACTIVE CALENDAR FILE: MonthlyCalendarGrid.tsx {cellHeight: 60, engine: DayIconCell (unified with home screen), viewMode: rings} @ webpack-internal:///(app-pages-browser)/./src/features/home/components/calendar/MonthlyCalendarGrid.tsx:160
[   43144ms] [LOG] ACTIVE CALENDAR FILE: MonthlyCalendarGrid.tsx {cellHeight: 60, engine: DayIconCell (unified with home screen), viewMode: rings} @ webpack-internal:///(app-pages-browser)/./src/features/home/components/calendar/MonthlyCalendarGrid.tsx:160
[   81182ms] [LOG] ACTIVE CALENDAR FILE: MonthlyCalendarGrid.tsx {cellHeight: 60, engine: DayIconCell (unified with home screen), viewMode: rings} @ webpack-internal:///(app-pages-browser)/./src/features/home/components/calendar/MonthlyCalendarGrid.tsx:160
[   81182ms] [LOG] ACTIVE CALENDAR FILE: MonthlyCalendarGrid.tsx {cellHeight: 60, engine: DayIconCell (unified with home screen), viewMode: rings} @ webpack-internal:///(app-pages-browser)/./src/features/home/components/calendar/MonthlyCalendarGrid.tsx:160
[   81199ms] [LOG] [HomeContext] Domain 'legs' resolved to L1 (Source: Domains) @ webpack-internal:///(app-pages-browser)/./src/features/workout-engine/services/level-resolution.utils.ts:117
[   81199ms] [LOG] [HomeContext] Domain 'planche' resolved to L10 (Source: Tracks) @ webpack-internal:///(app-pages-browser)/./src/features/workout-engine/services/level-resolution.utils.ts:117
[   81199ms] [LOG] [HomeContext] Domain 'push' resolved to L12 (Source: Tracks) @ webpack-internal:///(app-pages-browser)/./src/features/workout-engine/services/level-resolution.utils.ts:117
[   81199ms] [LOG] [HomeContext] Domain 'front_lever' resolved to L13 (Source: Tracks) @ webpack-internal:///(app-pages-browser)/./src/features/workout-engine/services/level-resolution.utils.ts:117
[   81199ms] [LOG] [HomeContext] Domain 'pull' resolved to L22 (Source: Tracks) @ webpack-internal:///(app-pages-browser)/./src/features/workout-engine/services/level-resolution.utils.ts:117
[   81199ms] [LOG] [HomeContext] Domain 'core' resolved to L1 (Source: Domains) @ webpack-internal:///(app-pages-browser)/./src/features/workout-engine/services/level-resolution.utils.ts:117
[   81200ms] [LOG] [HomeContext] Domain 'calisthenics_upper' resolved to L13 (Source: Tracks) @ webpack-internal:///(app-pages-browser)/./src/features/workout-engine/services/level-resolution.utils.ts:117
[   81200ms] [LOG] [HomeContext] Domain 'upper_body' resolved to L21 (Source: Tracks) @ webpack-internal:///(app-pages-browser)/./src/features/workout-engine/services/level-resolution.utils.ts:117
[   81200ms] [LOG] [HomeContext] Domain '47smw26hUyG5ZbE1bhr3' resolved to L21 (Source: Tracks) @ webpack-internal:///(app-pages-browser)/./src/features/workout-engine/services/level-resolution.utils.ts:117
[   81200ms] [LOG] [HomeContext] Domain 'full_body' resolved to L15 (Source: Tracks) @ webpack-internal:///(app-pages-browser)/./src/features/workout-engine/services/level-resolution.utils.ts:117
[   81200ms] [LOG] [HomeContext] Domain 'H2279XsRGDg9G370J7S9' resolved to L15 (Source: Tracks) @ webpack-internal:///(app-pages-browser)/./src/features/workout-engine/services/level-resolution.utils.ts:117
[   81200ms] [LOG] [HomeContext] Domain 'fTLWzjP9gH2VNpamyCZF' → slug 'muscle_up' dual-keyed at L21 (Source: Tracks) @ webpack-internal:///(app-pages-browser)/./src/features/workout-engine/services/level-resolution.utils.ts:115
[   81200ms] [LOG] [HomeContext] Domain 'muscle_up' resolved to L21 (Source: Tracks) @ webpack-internal:///(app-pages-browser)/./src/features/workout-engine/services/level-resolution.utils.ts:117
[   81200ms] [LOG] [HomeContext] Domain 'human_flag' — no assessed level, left ABSENT (no invention) @ webpack-internal:///(app-pages-browser)/./src/features/workout-engine/services/level-resolution.utils.ts:104
[   81200ms] [LOG] [HomeContext] Domain 'one_arm_pullup' — no assessed level, left ABSENT (no invention) @ webpack-internal:///(app-pages-browser)/./src/features/workout-engine/services/level-resolution.utils.ts:104
[   81200ms] [LOG] [HomeContext] Domain 'handstand_pushup' — no assessed level, left ABSENT (no invention) @ webpack-internal:///(app-pages-browser)/./src/features/workout-engine/services/level-resolution.utils.ts:104
[   81200ms] [LOG] [HomeContext] Domain 'handstand' — no assessed level, left ABSENT (no invention) @ webpack-internal:///(app-pages-browser)/./src/features/workout-engine/services/level-resolution.utils.ts:104
[   81200ms] [LOG] [HomeContext] Domain 'legs' is L1 (max across tracks: L22) @ webpack-internal:///(app-pages-browser)/./src/features/workout-engine/services/level-resolution.utils.ts:185
[   81200ms] [LOG] [HomeContext] Domain 'core' is L1 (max across tracks: L22) @ webpack-internal:///(app-pages-browser)/./src/features/workout-engine/services/level-resolution.utils.ts:185
[   81203ms] [LOG] ACTIVE CALENDAR FILE: MonthlyCalendarGrid.tsx {cellHeight: 60, engine: DayIconCell (unified with home screen), viewMode: rings} @ webpack-internal:///(app-pages-browser)/./src/features/home/components/calendar/MonthlyCalendarGrid.tsx:160
[   81203ms] [LOG] ACTIVE CALENDAR FILE: MonthlyCalendarGrid.tsx {cellHeight: 60, engine: DayIconCell (unified with home screen), viewMode: rings} @ webpack-internal:///(app-pages-browser)/./src/features/home/components/calendar/MonthlyCalendarGrid.tsx:160
[   81228ms] [LOG] ACTIVE CALENDAR FILE: MonthlyCalendarGrid.tsx {cellHeight: 60, engine: DayIconCell (unified with home screen), viewMode: rings} @ webpack-internal:///(app-pages-browser)/./src/features/home/components/calendar/MonthlyCalendarGrid.tsx:160
[   81229ms] [LOG] ACTIVE CALENDAR FILE: MonthlyCalendarGrid.tsx {cellHeight: 60, engine: DayIconCell (unified with home screen), viewMode: rings} @ webpack-internal:///(app-pages-browser)/./src/features/home/components/calendar/MonthlyCalendarGrid.tsx:160
[   81241ms] [LOG] [UI][groupSections] exercise="מתיחות פלג גוף עליון לבדיקה" role=warmup pairedWith=NONE @ webpack-internal:///(app-pages-browser)/./src/features/workouts/components/workout-preview-drawer/utils/section-grouping.utils.ts:48
[   81241ms] [LOG] [UI][groupSections] exercise="החזקת מתח ב-90°" role=warmup pairedWith=NONE @ webpack-internal:///(app-pages-browser)/./src/features/workouts/components/workout-preview-drawer/utils/section-grouping.utils.ts:48
[   81241ms] [LOG] [UI][groupSections] exercise="שכיבות סמיכה טווח תחתון" role=warmup pairedWith=NONE @ webpack-internal:///(app-pages-browser)/./src/features/workouts/components/workout-preview-drawer/utils/section-grouping.utils.ts:48
[   81241ms] [LOG] [UI][groupSections] exercise="שכיבות סמיכה קשתים בפישוק" role=main pairedWith=4ce7GeLA60a6zxtbDBW1 @ webpack-internal:///(app-pages-browser)/./src/features/workouts/components/workout-preview-drawer/utils/section-grouping.utils.ts:48
[   81241ms] [LOG] [UI][groupSections] exercise="עליית כוח בעזרת תנופה" role=main pairedWith=UdcGfuqfagFg4g3pB1yt @ webpack-internal:///(app-pages-browser)/./src/features/workouts/components/workout-preview-drawer/utils/section-grouping.utils.ts:48
[   81241ms] [LOG] [UI][groupSections] exercise="שכיבות סמיכה פייק" role=main pairedWith=NONE @ webpack-internal:///(app-pages-browser)/./src/features/workouts/components/workout-preview-drawer/utils/section-grouping.utils.ts:48
[   81241ms] [LOG] [UI][groupSections] ✅ Superset pair: "שכיבות סמיכה קשתים בפישוק" ↔ "עליית כוח בעזרת תנופה" (rounds=4) @ webpack-internal:///(app-pages-browser)/./src/features/workouts/components/workout-preview-drawer/utils/section-grouping.utils.ts:95
[   81241ms] [LOG] [UI][groupSections] result — warmup:3 pairs:1 pyramids:0 straight:1 cooldown:0 @ webpack-internal:///(app-pages-browser)/./src/features/workouts/components/workout-preview-drawer/utils/section-grouping.utils.ts:171
[   81241ms] [LOG] [UI][groupSections] exercise="מתיחות פלג גוף עליון לבדיקה" role=warmup pairedWith=NONE @ webpack-internal:///(app-pages-browser)/./src/features/workouts/components/workout-preview-drawer/utils/section-grouping.utils.ts:48
[   81241ms] [LOG] [UI][groupSections] exercise="החזקת מתח ב-90°" role=warmup pairedWith=NONE @ webpack-internal:///(app-pages-browser)/./src/features/workouts/components/workout-preview-drawer/utils/section-grouping.utils.ts:48
[   81241ms] [LOG] [UI][groupSections] exercise="שכיבות סמיכה טווח תחתון" role=warmup pairedWith=NONE @ webpack-internal:///(app-pages-browser)/./src/features/workouts/components/workout-preview-drawer/utils/section-grouping.utils.ts:48
[   81241ms] [LOG] [UI][groupSections] exercise="שכיבות סמיכה קשתים בפישוק" role=main pairedWith=4ce7GeLA60a6zxtbDBW1 @ webpack-internal:///(app-pages-browser)/./src/features/workouts/components/workout-preview-drawer/utils/section-grouping.utils.ts:48
[   81241ms] [LOG] [UI][groupSections] exercise="עליית כוח בעזרת תנופה" role=main pairedWith=UdcGfuqfagFg4g3pB1yt @ webpack-internal:///(app-pages-browser)/./src/features/workouts/components/workout-preview-drawer/utils/section-grouping.utils.ts:48
[   81242ms] [LOG] [UI][groupSections] exercise="שכיבות סמיכה פייק" role=main pairedWith=NONE @ webpack-internal:///(app-pages-browser)/./src/features/workouts/components/workout-preview-drawer/utils/section-grouping.utils.ts:48
[   81242ms] [LOG] [UI][groupSections] ✅ Superset pair: "שכיבות סמיכה קשתים בפישוק" ↔ "עליית כוח בעזרת תנופה" (rounds=4) @ webpack-internal:///(app-pages-browser)/./src/features/workouts/components/workout-preview-drawer/utils/section-grouping.utils.ts:95
[   81242ms] [LOG] [UI][groupSections] result — warmup:3 pairs:1 pyramids:0 straight:1 cooldown:0 @ webpack-internal:///(app-pages-browser)/./src/features/workouts/components/workout-preview-drawer/utils/section-grouping.utils.ts:171
[   94720ms] [LOG] ACTIVE CALENDAR FILE: MonthlyCalendarGrid.tsx {cellHeight: 60, engine: DayIconCell (unified with home screen), viewMode: rings} @ webpack-internal:///(app-pages-browser)/./src/features/home/components/calendar/MonthlyCalendarGrid.tsx:160
[   94720ms] [LOG] ACTIVE CALENDAR FILE: MonthlyCalendarGrid.tsx {cellHeight: 60, engine: DayIconCell (unified with home screen), viewMode: rings} @ webpack-internal:///(app-pages-browser)/./src/features/home/components/calendar/MonthlyCalendarGrid.tsx:160
[  154722ms] [LOG] ACTIVE CALENDAR FILE: MonthlyCalendarGrid.tsx {cellHeight: 60, engine: DayIconCell (unified with home screen), viewMode: rings} @ webpack-internal:///(app-pages-browser)/./src/features/home/components/calendar/MonthlyCalendarGrid.tsx:160
[  154722ms] [LOG] ACTIVE CALENDAR FILE: MonthlyCalendarGrid.tsx {cellHeight: 60, engine: DayIconCell (unified with home screen), viewMode: rings} @ webpack-internal:///(app-pages-browser)/./src/features/home/components/calendar/MonthlyCalendarGrid.tsx:160
[  214718ms] [LOG] ACTIVE CALENDAR FILE: MonthlyCalendarGrid.tsx {cellHeight: 60, engine: DayIconCell (unified with home screen), viewMode: rings} @ webpack-internal:///(app-pages-browser)/./src/features/home/components/calendar/MonthlyCalendarGrid.tsx:160
[  214718ms] [LOG] ACTIVE CALENDAR FILE: MonthlyCalendarGrid.tsx {cellHeight: 60, engine: DayIconCell (unified with home screen), viewMode: rings} @ webpack-internal:///(app-pages-browser)/./src/features/home/components/calendar/MonthlyCalendarGrid.tsx:160
