[    7620ms] [ERROR] Failed to load resource: the server responded with a status of 404 () @ https://github.com/officeappout/out-run-app/issues/42/edit_form?textarea_id=issue-5485232760-body&comment_context=:0
[  654318ms] [WARNING] The AudioContext was not allowed to start. It must be resumed (or created) after a user gesture on the page. https://developer.chrome.com/blog/autoplay/#web_audio @ chrome-extension://fcoeoabgfenejglbffodgkkbkcdhcgfn/assets/agent-visual-indicator.js-CwioqiOd.js:0
[  654318ms] [WARNING] The AudioContext was not allowed to start. It must be resumed (or created) after a user gesture on the page. https://developer.chrome.com/blog/autoplay/#web_audio @ chrome-extension://fcoeoabgfenejglbffodgkkbkcdhcgfn/assets/agent-visual-indicator.js-CwioqiOd.js:0
[  658088ms] [WARNING] The AudioContext was not allowed to start. It must be resumed (or created) after a user gesture on the page. https://developer.chrome.com/blog/autoplay/#web_audio @ chrome-extension://fcoeoabgfenejglbffodgkkbkcdhcgfn/assets/agent-visual-indicator.js-CwioqiOd.js:0
[  658088ms] [WARNING] The AudioContext was not allowed to start. It must be resumed (or created) after a user gesture on the page. https://developer.chrome.com/blog/autoplay/#web_audio @ chrome-extension://fcoeoabgfenejglbffodgkkbkcdhcgfn/assets/agent-visual-indicator.js-CwioqiOd.js:0
[  659989ms] [ERROR] Access to manifest at 'https://vercel.com/sso-api?url=https%3A%2F%2Fout-run-app-git-worktree-fix-pa-e1e32f-davids-projects-0d6e1f97.vercel.app%2Fmanifest.json&nonce=49a976a321f0d9b20d0f2773388315dd0c6634a4a33f4085e0580ef35cde97f4' (redirected from 'https://out-run-app-git-worktree-fix-pa-e1e32f-davids-projects-0d6e1f97.vercel.app/manifest.json') from origin 'https://out-run-app-git-worktree-fix-pa-e1e32f-davids-projects-0d6e1f97.vercel.app' has been blocked by CORS policy: No 'Access-Control-Allow-Origin' header is present on the requested resource. @ https://out-run-app-git-worktree-fix-pa-e1e32f-davids-projects-0d6e1f97.vercel.app/admin/login?next=%2Fadmin%2Finsights:0
[  659989ms] [ERROR] Failed to load resource: net::ERR_FAILED @ https://vercel.com/sso-api?url=https%3A%2F%2Fout-run-app-git-worktree-fix-pa-e1e32f-davids-projects-0d6e1f97.vercel.app%2Fmanifest.json&nonce=49a976a321f0d9b20d0f2773388315dd0c6634a4a33f4085e0580ef35cde97f4:0
[  660850ms] [ERROR] Access to manifest at 'https://vercel.com/sso-api?url=https%3A%2F%2Fout-run-app-git-worktree-fix-pa-e1e32f-davids-projects-0d6e1f97.vercel.app%2Fmanifest.json&nonce=1b3ae68d3e42b36b2b21df9e8cb9fd339a6cebb676eebc8068e838e50b18f098' (redirected from 'https://out-run-app-git-worktree-fix-pa-e1e32f-davids-projects-0d6e1f97.vercel.app/manifest.json') from origin 'https://out-run-app-git-worktree-fix-pa-e1e32f-davids-projects-0d6e1f97.vercel.app' has been blocked by CORS policy: No 'Access-Control-Allow-Origin' header is present on the requested resource. @ https://out-run-app-git-worktree-fix-pa-e1e32f-davids-projects-0d6e1f97.vercel.app/admin/login?next=%2Fadmin%2Finsights:0
[  660850ms] [ERROR] Failed to load resource: net::ERR_FAILED @ https://vercel.com/sso-api?url=https%3A%2F%2Fout-run-app-git-worktree-fix-pa-e1e32f-davids-projects-0d6e1f97.vercel.app%2Fmanifest.json&nonce=1b3ae68d3e42b36b2b21df9e8cb9fd339a6cebb676eebc8068e838e50b18f098:0
[  668298ms] [ERROR] Access to manifest at 'https://vercel.com/sso-api?url=https%3A%2F%2Fout-run-app-git-worktree-fix-pa-e1e32f-davids-projects-0d6e1f97.vercel.app%2Fmanifest.json&nonce=c553ab4aa79c60c0ade29077617da65d72113101b64c79921dc3f46347b14c1d' (redirected from 'https://out-run-app-git-worktree-fix-pa-e1e32f-davids-projects-0d6e1f97.vercel.app/manifest.json') from origin 'https://out-run-app-git-worktree-fix-pa-e1e32f-davids-projects-0d6e1f97.vercel.app' has been blocked by CORS policy: No 'Access-Control-Allow-Origin' header is present on the requested resource. @ https://out-run-app-git-worktree-fix-pa-e1e32f-davids-projects-0d6e1f97.vercel.app/admin/login?next=%2Fadmin%2Finsights:0
[  668298ms] [ERROR] Failed to load resource: net::ERR_FAILED @ https://vercel.com/sso-api?url=https%3A%2F%2Fout-run-app-git-worktree-fix-pa-e1e32f-davids-projects-0d6e1f97.vercel.app%2Fmanifest.json&nonce=c553ab4aa79c60c0ade29077617da65d72113101b64c79921dc3f46347b14c1d:0
[  669838ms] [WARNING] The AudioContext was not allowed to start. It must be resumed (or created) after a user gesture on the page. https://developer.chrome.com/blog/autoplay/#web_audio @ chrome-extension://fcoeoabgfenejglbffodgkkbkcdhcgfn/assets/agent-visual-indicator.js-CwioqiOd.js:0
[  669838ms] [WARNING] The AudioContext was not allowed to start. It must be resumed (or created) after a user gesture on the page. https://developer.chrome.com/blog/autoplay/#web_audio @ chrome-extension://fcoeoabgfenejglbffodgkkbkcdhcgfn/assets/agent-visual-indicator.js-CwioqiOd.js:0
[  778534ms] [WARNING] [2026-09-17T09:24:53.285Z]  @firebase/auth: Auth (12.6.0): Error while retrieving App Check token: FirebaseError: AppCheck: ReCAPTCHA error. (appCheck/recaptcha-error). @ https://out-run-app-git-worktree-fix-pa-e1e32f-davids-projects-0d6e1f97.vercel.app/_next/static/chunks/2532-16f59635ee5a761a.js:14
[  779212ms] [ERROR] Failed to load resource: the server responded with a status of 400 () @ https://identitytoolkit.googleapis.com/v1/accounts:sendOobCode?key=AIzaSyCezG55zVQEZWCEs-lHzx_yQldg-Ej2X60:0
[  779214ms] [ERROR] Error sending magic link: FirebaseError: Firebase: Domain not allowlisted by project (auth/unauthorized-continue-uri).
    at f (https://out-run-app-git-worktree-fix-pa-e1e32f-davids-projects-0d6e1f97.vercel.app/_next/static/chunks/ebf8faf4-4b21e6e1cecfd8ac.js:1:1896)
    at O (https://out-run-app-git-worktree-fix-pa-e1e32f-davids-projects-0d6e1f97.vercel.app/_next/static/chunks/ebf8faf4-4b21e6e1cecfd8ac.js:1:8099)
    at async tU (https://out-run-app-git-worktree-fix-pa-e1e32f-davids-projects-0d6e1f97.vercel.app/_next/static/chunks/ebf8faf4-4b21e6e1cecfd8ac.js:1:60268)
    at async I (https://out-run-app-git-worktree-fix-pa-e1e32f-davids-projects-0d6e1f97.vercel.app/_next/static/chunks/7034-8d75aeb0a3f9a189.js:1:1270787)
    at async s (https://out-run-app-git-worktree-fix-pa-e1e32f-davids-projects-0d6e1f97.vercel.app/_next/static/chunks/69-cba87b863483d7ab.js:1:14247)
    at async w (https://out-run-app-git-worktree-fix-pa-e1e32f-davids-projects-0d6e1f97.vercel.app/_next/static/chunks/app/admin/login/page-c3155822d818cc29.js:1:1163) @ https://out-run-app-git-worktree-fix-pa-e1e32f-davids-projects-0d6e1f97.vercel.app/_next/static/chunks/2117-3c64067cbd5bff19.js:0
