[     338ms] [LOG] [DEBUG-PAGE] pathConfig.path: body_focus | categories passed to VisualSlider: [push] | skipTier: true @ https://outrun.co.il/_next/static/chunks/app/onboarding-new/assessment-visual/page-dbf274f6785e72db.js:0
[     541ms] [WARNING] [2026-09-24T17:35:12.505Z]  @firebase/auth: Auth (12.6.0): Error while retrieving App Check token: FirebaseError: AppCheck: ReCAPTCHA error. (appCheck/recaptcha-error). @ https://outrun.co.il/_next/static/chunks/2532-16f59635ee5a761a.js:14
[     994ms] [LOG] [DEBUG-RESOLVER] loadCategoryMap built: {human_flag: EtY8YCol0qpF6DzgcTx1, push: J0fLpmJhG0KDN2tQouxh, core: kDMpobbKsuVTByTIKUpe, pull: UPDBtTdCvX748dtBlWYj, one_arm_pullup: cC0BOmm6KIqYAyQynEIo} @ https://outrun.co.il/_next/static/chunks/2390-dc57abc8d12f6b2f.js:0
[     994ms] [LOG] [DEBUG-RESOLVER] Incoming Category: push Resolved Candidate IDs: [push, J0fLpmJhG0KDN2tQouxh] @ https://outrun.co.il/_next/static/chunks/2390-dc57abc8d12f6b2f.js:0
[     995ms] [LOG] [DEBUG-PAGE] pathConfig.path: body_focus | categories passed to VisualSlider: [push] | skipTier: true @ https://outrun.co.il/_next/static/chunks/app/onboarding-new/assessment-visual/page-dbf274f6785e72db.js:0
[     995ms] [LOG] [DEBUG-RESOLVER] Incoming Category: push Resolved Candidate IDs: [push, J0fLpmJhG0KDN2tQouxh] @ https://outrun.co.il/_next/static/chunks/2390-dc57abc8d12f6b2f.js:0
[    1206ms] [LOG] [DEBUG-FIRESTORE] Querying IDs: [push, J0fLpmJhG0KDN2tQouxh] Snapshot size returned: 25 @ https://outrun.co.il/_next/static/chunks/2390-dc57abc8d12f6b2f.js:0
[    1206ms] [LOG] [DEBUG-FIRESTORE] showInOnboarding=true levels: [1, 4, 6, 9, 12, 14, 16, 18, 19, 20] (10 total) @ https://outrun.co.il/_next/static/chunks/2390-dc57abc8d12f6b2f.js:0
[    1207ms] [LOG] [DEBUG-RESOLVER] Final onboarding levels for "push": [1, 4, 6, 9, 12, 14, 16, 18, 19, 20] (10 total) @ https://outrun.co.il/_next/static/chunks/2390-dc57abc8d12f6b2f.js:0
[    1207ms] [LOG] [DEBUG-RESOLVER] resolveContent("push", 1) → programId="J0fLpmJhG0KDN2tQouxh" @ https://outrun.co.il/_next/static/chunks/2390-dc57abc8d12f6b2f.js:0
[    1207ms] [LOG] [DEBUG-RESOLVER] resolveContent("push", 4) → programId="J0fLpmJhG0KDN2tQouxh" @ https://outrun.co.il/_next/static/chunks/2390-dc57abc8d12f6b2f.js:0
[    1207ms] [LOG] [DEBUG-FIRESTORE] Querying IDs: [push, J0fLpmJhG0KDN2tQouxh] Snapshot size returned: 25 @ https://outrun.co.il/_next/static/chunks/2390-dc57abc8d12f6b2f.js:0
[    1207ms] [LOG] [DEBUG-FIRESTORE] showInOnboarding=true levels: [1, 4, 6, 9, 12, 14, 16, 18, 19, 20] (10 total) @ https://outrun.co.il/_next/static/chunks/2390-dc57abc8d12f6b2f.js:0
[    1207ms] [LOG] [DEBUG-RESOLVER] Final onboarding levels for "push": [1, 4, 6, 9, 12, 14, 16, 18, 19, 20] (10 total) @ https://outrun.co.il/_next/static/chunks/2390-dc57abc8d12f6b2f.js:0
[    1207ms] [LOG] [DEBUG-RESOLVER] resolveContent("push", 1) → programId="J0fLpmJhG0KDN2tQouxh" @ https://outrun.co.il/_next/static/chunks/2390-dc57abc8d12f6b2f.js:0
[    1207ms] [LOG] [DEBUG-RESOLVER] resolveContent("push", 4) → programId="J0fLpmJhG0KDN2tQouxh" @ https://outrun.co.il/_next/static/chunks/2390-dc57abc8d12f6b2f.js:0
[    1395ms] [LOG] [VisualContentService] docToContent "J0fLpmJhG0KDN2tQouxh_1": {hasVideoVariantsField: true, hasVariantsField: false, rawType: array[0], parsedVariantsCount: 0, allTopLevelKeys: Array(14)} @ https://outrun.co.il/_next/static/chunks/2390-dc57abc8d12f6b2f.js:0
[    1395ms] [LOG] [DEBUG-RESOLVER] attempt1 getVisualContentItem("J0fLpmJhG0KDN2tQouxh", 1) → FOUND @ https://outrun.co.il/_next/static/chunks/2390-dc57abc8d12f6b2f.js:0
[    1395ms] [LOG] [VisualContentService] docToContent "J0fLpmJhG0KDN2tQouxh_1": {hasVideoVariantsField: true, hasVariantsField: false, rawType: array[0], parsedVariantsCount: 0, allTopLevelKeys: Array(14)} @ https://outrun.co.il/_next/static/chunks/2390-dc57abc8d12f6b2f.js:0
[    1395ms] [LOG] [DEBUG-RESOLVER] attempt1 getVisualContentItem("J0fLpmJhG0KDN2tQouxh", 1) → FOUND @ https://outrun.co.il/_next/static/chunks/2390-dc57abc8d12f6b2f.js:0
[    1395ms] [LOG] [VisualContentService] docToContent "J0fLpmJhG0KDN2tQouxh_4": {hasVideoVariantsField: true, hasVariantsField: false, rawType: array[0], parsedVariantsCount: 0, allTopLevelKeys: Array(14)} @ https://outrun.co.il/_next/static/chunks/2390-dc57abc8d12f6b2f.js:0
[    1395ms] [LOG] [DEBUG-RESOLVER] attempt1 getVisualContentItem("J0fLpmJhG0KDN2tQouxh", 4) → FOUND @ https://outrun.co.il/_next/static/chunks/2390-dc57abc8d12f6b2f.js:0
[    1395ms] [LOG] [VisualContentService] docToContent "J0fLpmJhG0KDN2tQouxh_4": {hasVideoVariantsField: true, hasVariantsField: false, rawType: array[0], parsedVariantsCount: 0, allTopLevelKeys: Array(14)} @ https://outrun.co.il/_next/static/chunks/2390-dc57abc8d12f6b2f.js:0
[    1395ms] [LOG] [DEBUG-RESOLVER] attempt1 getVisualContentItem("J0fLpmJhG0KDN2tQouxh", 4) → FOUND @ https://outrun.co.il/_next/static/chunks/2390-dc57abc8d12f6b2f.js:0
[    1571ms] [LOG] [ContentResolver] Level 1 — exercise video resolved: "שכיבות סמיכה ב-75°" → https://vz-b17872ab-7a7.b-cdn.net/b1e43b30-37e1-49f7-8c17-74… @ https://outrun.co.il/_next/static/chunks/2390-dc57abc8d12f6b2f.js:0
[    1571ms] [LOG] [ContentResolver] Level 1 — exercise video resolved: "שכיבות סמיכה ב-75°" → https://vz-b17872ab-7a7.b-cdn.net/b1e43b30-37e1-49f7-8c17-74… @ https://outrun.co.il/_next/static/chunks/2390-dc57abc8d12f6b2f.js:0
[    1582ms] [LOG] [ContentResolver] Level 4 — exercise video resolved: "שכיבות סמיכה ברכיים" → https://vz-b17872ab-7a7.b-cdn.net/7413db0b-1702-4acd-8072-8a… @ https://outrun.co.il/_next/static/chunks/2390-dc57abc8d12f6b2f.js:0
[    1582ms] [LOG] [ContentResolver] Level 4 — exercise video resolved: "שכיבות סמיכה ברכיים" → https://vz-b17872ab-7a7.b-cdn.net/7413db0b-1702-4acd-8072-8a… @ https://outrun.co.il/_next/static/chunks/2390-dc57abc8d12f6b2f.js:0
