[     915ms] [ERROR] Access to manifest at 'https://vercel.com/sso-api?url=https%3A%2F%2Fout-run-app-git-worktree-streng-98e01f-davids-projects-0d6e1f97.vercel.app%2Fmanifest.json&nonce=515b0d4c05fdd077c48eeba32309d92eb8fa7bc54c8a698d35de3721db93e072' (redirected from 'https://out-run-app-git-worktree-streng-98e01f-davids-projects-0d6e1f97.vercel.app/manifest.json') from origin 'https://out-run-app-git-worktree-streng-98e01f-davids-projects-0d6e1f97.vercel.app' has been blocked by CORS policy: No 'Access-Control-Allow-Origin' header is present on the requested resource. @ https://out-run-app-git-worktree-streng-98e01f-davids-projects-0d6e1f97.vercel.app/gateway:0
[     915ms] [ERROR] Failed to load resource: net::ERR_FAILED @ https://vercel.com/sso-api?url=https%3A%2F%2Fout-run-app-git-worktree-streng-98e01f-davids-projects-0d6e1f97.vercel.app%2Fmanifest.json&nonce=515b0d4c05fdd077c48eeba32309d92eb8fa7bc54c8a698d35de3721db93e072:0
[    7894ms] [WARNING] [2026-09-22T09:12:30.110Z]  @firebase/auth: Auth (12.6.0): Error while retrieving App Check token: FirebaseError: AppCheck: ReCAPTCHA error. (appCheck/recaptcha-error). @ https://out-run-app-git-worktree-streng-98e01f-davids-projects-0d6e1f97.vercel.app/_next/static/chunks/2532-16f59635ee5a761a.js:14
[    8449ms] [WARNING] [2026-09-22T09:12:30.665Z]  @firebase/auth: Auth (12.6.0): Error while retrieving App Check token: FirebaseError: AppCheck: ReCAPTCHA error. (appCheck/recaptcha-error). @ https://out-run-app-git-worktree-streng-98e01f-davids-projects-0d6e1f97.vercel.app/_next/static/chunks/2532-16f59635ee5a761a.js:14
[   40421ms] [INFO] [User Service] User XoM8TeqSRcUTTSWCniVihSJ1tnV2 has missing or empty equipment profile. This may affect Smart Swap functionality. Please update user equipment in the admin panel. @ https://out-run-app-git-worktree-streng-98e01f-davids-projects-0d6e1f97.vercel.app/_next/static/chunks/9140-39cc07ca47c189b3.js:0
[   49832ms] [ERROR] Failed to load resource: the server responded with a status of 404 () @ https://out-run-app-git-worktree-streng-98e01f-davids-projects-0d6e1f97.vercel.app/icons/programs/calisthenics_upper.svg:0
[   85454ms] [LOG] [DEBUG-PAGE] pathConfig.path: skills | categories passed to VisualSlider: [hspu, one_arm_pullup, core] | skipTier: true @ https://out-run-app-git-worktree-streng-98e01f-davids-projects-0d6e1f97.vercel.app/_next/static/chunks/app/onboarding-new/assessment-visual/page-6cc36b03c0fe4217.js:0
[   85651ms] [LOG] [DEBUG-RESOLVER] loadCategoryMap built: {human_flag: EtY8YCol0qpF6DzgcTx1, push: J0fLpmJhG0KDN2tQouxh, core: kDMpobbKsuVTByTIKUpe, pull: UPDBtTdCvX748dtBlWYj, one_arm_pullup: cC0BOmm6KIqYAyQynEIo} @ https://out-run-app-git-worktree-streng-98e01f-davids-projects-0d6e1f97.vercel.app/_next/static/chunks/2378-c01d9a87a3ce5082.js:0
[   85651ms] [LOG] [DEBUG-RESOLVER] Incoming Category: hspu Resolved Candidate IDs: [hspu] @ https://out-run-app-git-worktree-streng-98e01f-davids-projects-0d6e1f97.vercel.app/_next/static/chunks/2378-c01d9a87a3ce5082.js:0
[   85651ms] [LOG] [DEBUG-RESOLVER] loadCategoryMap built: {human_flag: EtY8YCol0qpF6DzgcTx1, push: J0fLpmJhG0KDN2tQouxh, core: kDMpobbKsuVTByTIKUpe, pull: UPDBtTdCvX748dtBlWYj, one_arm_pullup: cC0BOmm6KIqYAyQynEIo} @ https://out-run-app-git-worktree-streng-98e01f-davids-projects-0d6e1f97.vercel.app/_next/static/chunks/2378-c01d9a87a3ce5082.js:0
[   85651ms] [LOG] [DEBUG-RESOLVER] Incoming Category: one_arm_pullup Resolved Candidate IDs: [one_arm_pullup, cC0BOmm6KIqYAyQynEIo] @ https://out-run-app-git-worktree-streng-98e01f-davids-projects-0d6e1f97.vercel.app/_next/static/chunks/2378-c01d9a87a3ce5082.js:0
[   85651ms] [LOG] [DEBUG-RESOLVER] loadCategoryMap built: {human_flag: EtY8YCol0qpF6DzgcTx1, push: J0fLpmJhG0KDN2tQouxh, core: kDMpobbKsuVTByTIKUpe, pull: UPDBtTdCvX748dtBlWYj, one_arm_pullup: cC0BOmm6KIqYAyQynEIo} @ https://out-run-app-git-worktree-streng-98e01f-davids-projects-0d6e1f97.vercel.app/_next/static/chunks/2378-c01d9a87a3ce5082.js:0
[   85651ms] [LOG] [DEBUG-RESOLVER] Incoming Category: core Resolved Candidate IDs: [core, kDMpobbKsuVTByTIKUpe] @ https://out-run-app-git-worktree-streng-98e01f-davids-projects-0d6e1f97.vercel.app/_next/static/chunks/2378-c01d9a87a3ce5082.js:0
[   85909ms] [LOG] [DEBUG-FIRESTORE] Querying IDs: [hspu] Snapshot size returned: 0 @ https://out-run-app-git-worktree-streng-98e01f-davids-projects-0d6e1f97.vercel.app/_next/static/chunks/2378-c01d9a87a3ce5082.js:0
[   85909ms] [LOG] [DEBUG-FIRESTORE] showInOnboarding=true levels: [] (0 total) @ https://out-run-app-git-worktree-streng-98e01f-davids-projects-0d6e1f97.vercel.app/_next/static/chunks/2378-c01d9a87a3ce5082.js:0
[   85909ms] [LOG] [DEBUG-RESOLVER] Final onboarding levels for "hspu": [] (0 total) @ https://out-run-app-git-worktree-streng-98e01f-davids-projects-0d6e1f97.vercel.app/_next/static/chunks/2378-c01d9a87a3ce5082.js:0
[   85909ms] [LOG] [DEBUG-RESOLVER] resolveContent("hspu", 1) → programId="hspu" @ https://out-run-app-git-worktree-streng-98e01f-davids-projects-0d6e1f97.vercel.app/_next/static/chunks/2378-c01d9a87a3ce5082.js:0
[   85910ms] [LOG] [DEBUG-FIRESTORE] Querying IDs: [one_arm_pullup, cC0BOmm6KIqYAyQynEIo] Snapshot size returned: 15 @ https://out-run-app-git-worktree-streng-98e01f-davids-projects-0d6e1f97.vercel.app/_next/static/chunks/2378-c01d9a87a3ce5082.js:0
[   85910ms] [LOG] [DEBUG-FIRESTORE] showInOnboarding=true levels: [1, 4, 6, 7, 8, 10, 11, 13] (8 total) @ https://out-run-app-git-worktree-streng-98e01f-davids-projects-0d6e1f97.vercel.app/_next/static/chunks/2378-c01d9a87a3ce5082.js:0
[   85910ms] [LOG] [DEBUG-RESOLVER] Final onboarding levels for "one_arm_pullup": [1, 4, 6, 7, 8, 10, 11, 13] (8 total) @ https://out-run-app-git-worktree-streng-98e01f-davids-projects-0d6e1f97.vercel.app/_next/static/chunks/2378-c01d9a87a3ce5082.js:0
[   85910ms] [LOG] [DEBUG-RESOLVER] resolveContent("one_arm_pullup", 1) → programId="cC0BOmm6KIqYAyQynEIo" @ https://out-run-app-git-worktree-streng-98e01f-davids-projects-0d6e1f97.vercel.app/_next/static/chunks/2378-c01d9a87a3ce5082.js:0
[   85910ms] [LOG] [DEBUG-RESOLVER] resolveContent("one_arm_pullup", 4) → programId="cC0BOmm6KIqYAyQynEIo" @ https://out-run-app-git-worktree-streng-98e01f-davids-projects-0d6e1f97.vercel.app/_next/static/chunks/2378-c01d9a87a3ce5082.js:0
[   85910ms] [LOG] [DEBUG-FIRESTORE] Querying IDs: [core, kDMpobbKsuVTByTIKUpe] Snapshot size returned: 20 @ https://out-run-app-git-worktree-streng-98e01f-davids-projects-0d6e1f97.vercel.app/_next/static/chunks/2378-c01d9a87a3ce5082.js:0
[   85910ms] [LOG] [DEBUG-FIRESTORE] showInOnboarding=true levels: [1, 3, 5, 7, 8, 10, 11, 14] (8 total) @ https://out-run-app-git-worktree-streng-98e01f-davids-projects-0d6e1f97.vercel.app/_next/static/chunks/2378-c01d9a87a3ce5082.js:0
[   85910ms] [LOG] [DEBUG-RESOLVER] Final onboarding levels for "core": [1, 3, 5, 7, 8, 10, 11, 14] (8 total) @ https://out-run-app-git-worktree-streng-98e01f-davids-projects-0d6e1f97.vercel.app/_next/static/chunks/2378-c01d9a87a3ce5082.js:0
[   85910ms] [LOG] [DEBUG-RESOLVER] resolveContent("core", 1) → programId="kDMpobbKsuVTByTIKUpe" @ https://out-run-app-git-worktree-streng-98e01f-davids-projects-0d6e1f97.vercel.app/_next/static/chunks/2378-c01d9a87a3ce5082.js:0
[   85910ms] [LOG] [DEBUG-RESOLVER] resolveContent("core", 3) → programId="kDMpobbKsuVTByTIKUpe" @ https://out-run-app-git-worktree-streng-98e01f-davids-projects-0d6e1f97.vercel.app/_next/static/chunks/2378-c01d9a87a3ce5082.js:0
[   85933ms] [LOG] [DEBUG-PAGE] pathConfig.path: skills | categories passed to VisualSlider: [hspu, one_arm_pullup, core] | skipTier: true @ https://out-run-app-git-worktree-streng-98e01f-davids-projects-0d6e1f97.vercel.app/_next/static/chunks/app/onboarding-new/assessment-visual/page-6cc36b03c0fe4217.js:0
[   85933ms] [LOG] [DEBUG-RESOLVER] Incoming Category: hspu Resolved Candidate IDs: [hspu] @ https://out-run-app-git-worktree-streng-98e01f-davids-projects-0d6e1f97.vercel.app/_next/static/chunks/2378-c01d9a87a3ce5082.js:0
[   85933ms] [LOG] [DEBUG-RESOLVER] Incoming Category: one_arm_pullup Resolved Candidate IDs: [one_arm_pullup, cC0BOmm6KIqYAyQynEIo] @ https://out-run-app-git-worktree-streng-98e01f-davids-projects-0d6e1f97.vercel.app/_next/static/chunks/2378-c01d9a87a3ce5082.js:0
[   85933ms] [LOG] [DEBUG-RESOLVER] Incoming Category: core Resolved Candidate IDs: [core, kDMpobbKsuVTByTIKUpe] @ https://out-run-app-git-worktree-streng-98e01f-davids-projects-0d6e1f97.vercel.app/_next/static/chunks/2378-c01d9a87a3ce5082.js:0
[   86047ms] [LOG] [DEBUG-RESOLVER] attempt1 getVisualContentItem("hspu", 1) → null @ https://out-run-app-git-worktree-streng-98e01f-davids-projects-0d6e1f97.vercel.app/_next/static/chunks/2378-c01d9a87a3ce5082.js:0
[   86048ms] [LOG] [VisualContentService] docToContent "cC0BOmm6KIqYAyQynEIo_1": {hasVideoVariantsField: true, hasVariantsField: false, rawType: array[0], parsedVariantsCount: 0, allTopLevelKeys: Array(14)} @ https://out-run-app-git-worktree-streng-98e01f-davids-projects-0d6e1f97.vercel.app/_next/static/chunks/2378-c01d9a87a3ce5082.js:0
[   86048ms] [LOG] [DEBUG-RESOLVER] attempt1 getVisualContentItem("cC0BOmm6KIqYAyQynEIo", 1) → FOUND @ https://out-run-app-git-worktree-streng-98e01f-davids-projects-0d6e1f97.vercel.app/_next/static/chunks/2378-c01d9a87a3ce5082.js:0
[   86048ms] [LOG] [VisualContentService] docToContent "cC0BOmm6KIqYAyQynEIo_4": {hasVideoVariantsField: true, hasVariantsField: false, rawType: array[0], parsedVariantsCount: 0, allTopLevelKeys: Array(14)} @ https://out-run-app-git-worktree-streng-98e01f-davids-projects-0d6e1f97.vercel.app/_next/static/chunks/2378-c01d9a87a3ce5082.js:0
[   86048ms] [LOG] [DEBUG-RESOLVER] attempt1 getVisualContentItem("cC0BOmm6KIqYAyQynEIo", 4) → FOUND @ https://out-run-app-git-worktree-streng-98e01f-davids-projects-0d6e1f97.vercel.app/_next/static/chunks/2378-c01d9a87a3ce5082.js:0
[   86091ms] [LOG] [VisualContentService] docToContent "kDMpobbKsuVTByTIKUpe_1": {hasVideoVariantsField: true, hasVariantsField: false, rawType: array[0], parsedVariantsCount: 0, allTopLevelKeys: Array(14)} @ https://out-run-app-git-worktree-streng-98e01f-davids-projects-0d6e1f97.vercel.app/_next/static/chunks/2378-c01d9a87a3ce5082.js:0
[   86091ms] [LOG] [DEBUG-RESOLVER] attempt1 getVisualContentItem("kDMpobbKsuVTByTIKUpe", 1) → FOUND @ https://out-run-app-git-worktree-streng-98e01f-davids-projects-0d6e1f97.vercel.app/_next/static/chunks/2378-c01d9a87a3ce5082.js:0
[   86091ms] [LOG] [VisualContentService] docToContent "kDMpobbKsuVTByTIKUpe_3": {hasVideoVariantsField: true, hasVariantsField: false, rawType: array[0], parsedVariantsCount: 0, allTopLevelKeys: Array(14)} @ https://out-run-app-git-worktree-streng-98e01f-davids-projects-0d6e1f97.vercel.app/_next/static/chunks/2378-c01d9a87a3ce5082.js:0
[   86091ms] [LOG] [DEBUG-RESOLVER] attempt1 getVisualContentItem("kDMpobbKsuVTByTIKUpe", 3) → FOUND @ https://out-run-app-git-worktree-streng-98e01f-davids-projects-0d6e1f97.vercel.app/_next/static/chunks/2378-c01d9a87a3ce5082.js:0
[   86091ms] [LOG] [DEBUG-FIRESTORE] Querying IDs: [hspu] Snapshot size returned: 0 @ https://out-run-app-git-worktree-streng-98e01f-davids-projects-0d6e1f97.vercel.app/_next/static/chunks/2378-c01d9a87a3ce5082.js:0
[   86091ms] [LOG] [DEBUG-FIRESTORE] showInOnboarding=true levels: [] (0 total) @ https://out-run-app-git-worktree-streng-98e01f-davids-projects-0d6e1f97.vercel.app/_next/static/chunks/2378-c01d9a87a3ce5082.js:0
[   86091ms] [LOG] [DEBUG-RESOLVER] Final onboarding levels for "hspu": [] (0 total) @ https://out-run-app-git-worktree-streng-98e01f-davids-projects-0d6e1f97.vercel.app/_next/static/chunks/2378-c01d9a87a3ce5082.js:0
[   86091ms] [LOG] [DEBUG-RESOLVER] resolveContent("hspu", 1) → programId="hspu" @ https://out-run-app-git-worktree-streng-98e01f-davids-projects-0d6e1f97.vercel.app/_next/static/chunks/2378-c01d9a87a3ce5082.js:0
[   86180ms] [LOG] [DEBUG-FIRESTORE] Querying IDs: [one_arm_pullup, cC0BOmm6KIqYAyQynEIo] Snapshot size returned: 15 @ https://out-run-app-git-worktree-streng-98e01f-davids-projects-0d6e1f97.vercel.app/_next/static/chunks/2378-c01d9a87a3ce5082.js:0
[   86180ms] [LOG] [DEBUG-FIRESTORE] showInOnboarding=true levels: [1, 4, 6, 7, 8, 10, 11, 13] (8 total) @ https://out-run-app-git-worktree-streng-98e01f-davids-projects-0d6e1f97.vercel.app/_next/static/chunks/2378-c01d9a87a3ce5082.js:0
[   86180ms] [LOG] [DEBUG-RESOLVER] Final onboarding levels for "one_arm_pullup": [1, 4, 6, 7, 8, 10, 11, 13] (8 total) @ https://out-run-app-git-worktree-streng-98e01f-davids-projects-0d6e1f97.vercel.app/_next/static/chunks/2378-c01d9a87a3ce5082.js:0
[   86180ms] [LOG] [DEBUG-RESOLVER] resolveContent("one_arm_pullup", 1) → programId="cC0BOmm6KIqYAyQynEIo" @ https://out-run-app-git-worktree-streng-98e01f-davids-projects-0d6e1f97.vercel.app/_next/static/chunks/2378-c01d9a87a3ce5082.js:0
[   86180ms] [LOG] [DEBUG-RESOLVER] resolveContent("one_arm_pullup", 4) → programId="cC0BOmm6KIqYAyQynEIo" @ https://out-run-app-git-worktree-streng-98e01f-davids-projects-0d6e1f97.vercel.app/_next/static/chunks/2378-c01d9a87a3ce5082.js:0
[   86181ms] [LOG] [DEBUG-FIRESTORE] Querying IDs: [core, kDMpobbKsuVTByTIKUpe] Snapshot size returned: 20 @ https://out-run-app-git-worktree-streng-98e01f-davids-projects-0d6e1f97.vercel.app/_next/static/chunks/2378-c01d9a87a3ce5082.js:0
[   86181ms] [LOG] [DEBUG-FIRESTORE] showInOnboarding=true levels: [1, 3, 5, 7, 8, 10, 11, 14] (8 total) @ https://out-run-app-git-worktree-streng-98e01f-davids-projects-0d6e1f97.vercel.app/_next/static/chunks/2378-c01d9a87a3ce5082.js:0
[   86181ms] [LOG] [DEBUG-RESOLVER] Final onboarding levels for "core": [1, 3, 5, 7, 8, 10, 11, 14] (8 total) @ https://out-run-app-git-worktree-streng-98e01f-davids-projects-0d6e1f97.vercel.app/_next/static/chunks/2378-c01d9a87a3ce5082.js:0
[   86181ms] [LOG] [DEBUG-RESOLVER] resolveContent("core", 1) → programId="kDMpobbKsuVTByTIKUpe" @ https://out-run-app-git-worktree-streng-98e01f-davids-projects-0d6e1f97.vercel.app/_next/static/chunks/2378-c01d9a87a3ce5082.js:0
[   86181ms] [LOG] [DEBUG-RESOLVER] resolveContent("core", 3) → programId="kDMpobbKsuVTByTIKUpe" @ https://out-run-app-git-worktree-streng-98e01f-davids-projects-0d6e1f97.vercel.app/_next/static/chunks/2378-c01d9a87a3ce5082.js:0
[   86181ms] [LOG] [ContentResolver] Level 1 — exercise video resolved: "מתח סופינציה" → https://vz-b17872ab-7a7.b-cdn.net/6f2db76f-5634-4fe6-bfa8-b1… @ https://out-run-app-git-worktree-streng-98e01f-davids-projects-0d6e1f97.vercel.app/_next/static/chunks/2378-c01d9a87a3ce5082.js:0
[   86218ms] [LOG] [ContentResolver] Level 4 — exercise video resolved: "מתח באחיזה מעורבת" → https://vz-b17872ab-7a7.b-cdn.net/816e1256-d6a4-4691-8d93-ef… @ https://out-run-app-git-worktree-streng-98e01f-davids-projects-0d6e1f97.vercel.app/_next/static/chunks/2378-c01d9a87a3ce5082.js:0
[   86218ms] [LOG] [ContentResolver] Level 1 — exercise video resolved: "פלאנק על הברכיים" → https://vz-b17872ab-7a7.b-cdn.net/3011b6ff-f251-4c7b-81f4-e2… @ https://out-run-app-git-worktree-streng-98e01f-davids-projects-0d6e1f97.vercel.app/_next/static/chunks/2378-c01d9a87a3ce5082.js:0
[   86307ms] [LOG] [ContentResolver] Level 3 — exercise video resolved: "פלאנק עליות ונגיעות בכתפיים" → https://vz-b17872ab-7a7.b-cdn.net/4d5bc37c-3994-4574-ace7-12… @ https://out-run-app-git-worktree-streng-98e01f-davids-projects-0d6e1f97.vercel.app/_next/static/chunks/2378-c01d9a87a3ce5082.js:0
[   86313ms] [LOG] [VisualContentService] docToContent "cC0BOmm6KIqYAyQynEIo_1": {hasVideoVariantsField: true, hasVariantsField: false, rawType: array[0], parsedVariantsCount: 0, allTopLevelKeys: Array(14)} @ https://out-run-app-git-worktree-streng-98e01f-davids-projects-0d6e1f97.vercel.app/_next/static/chunks/2378-c01d9a87a3ce5082.js:0
[   86313ms] [LOG] [DEBUG-RESOLVER] attempt1 getVisualContentItem("cC0BOmm6KIqYAyQynEIo", 1) → FOUND @ https://out-run-app-git-worktree-streng-98e01f-davids-projects-0d6e1f97.vercel.app/_next/static/chunks/2378-c01d9a87a3ce5082.js:0
[   86313ms] [LOG] [VisualContentService] docToContent "cC0BOmm6KIqYAyQynEIo_4": {hasVideoVariantsField: true, hasVariantsField: false, rawType: array[0], parsedVariantsCount: 0, allTopLevelKeys: Array(14)} @ https://out-run-app-git-worktree-streng-98e01f-davids-projects-0d6e1f97.vercel.app/_next/static/chunks/2378-c01d9a87a3ce5082.js:0
[   86313ms] [LOG] [DEBUG-RESOLVER] attempt1 getVisualContentItem("cC0BOmm6KIqYAyQynEIo", 4) → FOUND @ https://out-run-app-git-worktree-streng-98e01f-davids-projects-0d6e1f97.vercel.app/_next/static/chunks/2378-c01d9a87a3ce5082.js:0
[   86313ms] [LOG] [VisualContentService] docToContent "kDMpobbKsuVTByTIKUpe_1": {hasVideoVariantsField: true, hasVariantsField: false, rawType: array[0], parsedVariantsCount: 0, allTopLevelKeys: Array(14)} @ https://out-run-app-git-worktree-streng-98e01f-davids-projects-0d6e1f97.vercel.app/_next/static/chunks/2378-c01d9a87a3ce5082.js:0
[   86313ms] [LOG] [DEBUG-RESOLVER] attempt1 getVisualContentItem("kDMpobbKsuVTByTIKUpe", 1) → FOUND @ https://out-run-app-git-worktree-streng-98e01f-davids-projects-0d6e1f97.vercel.app/_next/static/chunks/2378-c01d9a87a3ce5082.js:0
[   86313ms] [LOG] [VisualContentService] docToContent "kDMpobbKsuVTByTIKUpe_3": {hasVideoVariantsField: true, hasVariantsField: false, rawType: array[0], parsedVariantsCount: 0, allTopLevelKeys: Array(14)} @ https://out-run-app-git-worktree-streng-98e01f-davids-projects-0d6e1f97.vercel.app/_next/static/chunks/2378-c01d9a87a3ce5082.js:0
[   86313ms] [LOG] [DEBUG-RESOLVER] attempt1 getVisualContentItem("kDMpobbKsuVTByTIKUpe", 3) → FOUND @ https://out-run-app-git-worktree-streng-98e01f-davids-projects-0d6e1f97.vercel.app/_next/static/chunks/2378-c01d9a87a3ce5082.js:0
[   86432ms] [LOG] [ContentResolver] Level 1 — exercise video resolved: "מתח סופינציה" → https://vz-b17872ab-7a7.b-cdn.net/6f2db76f-5634-4fe6-bfa8-b1… @ https://out-run-app-git-worktree-streng-98e01f-davids-projects-0d6e1f97.vercel.app/_next/static/chunks/2378-c01d9a87a3ce5082.js:0
[   86433ms] [LOG] [ContentResolver] Level 4 — exercise video resolved: "מתח באחיזה מעורבת" → https://vz-b17872ab-7a7.b-cdn.net/816e1256-d6a4-4691-8d93-ef… @ https://out-run-app-git-worktree-streng-98e01f-davids-projects-0d6e1f97.vercel.app/_next/static/chunks/2378-c01d9a87a3ce5082.js:0
[   86433ms] [LOG] [ContentResolver] Level 1 — exercise video resolved: "פלאנק על הברכיים" → https://vz-b17872ab-7a7.b-cdn.net/3011b6ff-f251-4c7b-81f4-e2… @ https://out-run-app-git-worktree-streng-98e01f-davids-projects-0d6e1f97.vercel.app/_next/static/chunks/2378-c01d9a87a3ce5082.js:0
[   86433ms] [LOG] [ContentResolver] Level 3 — exercise video resolved: "פלאנק עליות ונגיעות בכתפיים" → https://vz-b17872ab-7a7.b-cdn.net/4d5bc37c-3994-4574-ace7-12… @ https://out-run-app-git-worktree-streng-98e01f-davids-projects-0d6e1f97.vercel.app/_next/static/chunks/2378-c01d9a87a3ce5082.js:0
[  101144ms] [LOG] [DEBUG-RESOLVER] Incoming Category: hspu Resolved Candidate IDs: [hspu] @ https://out-run-app-git-worktree-streng-98e01f-davids-projects-0d6e1f97.vercel.app/_next/static/chunks/2378-c01d9a87a3ce5082.js:0
[  101287ms] [LOG] [DEBUG-FIRESTORE] Querying IDs: [hspu] Snapshot size returned: 0 @ https://out-run-app-git-worktree-streng-98e01f-davids-projects-0d6e1f97.vercel.app/_next/static/chunks/2378-c01d9a87a3ce5082.js:0
[  101287ms] [LOG] [DEBUG-FIRESTORE] showInOnboarding=true levels: [] (0 total) @ https://out-run-app-git-worktree-streng-98e01f-davids-projects-0d6e1f97.vercel.app/_next/static/chunks/2378-c01d9a87a3ce5082.js:0
[  101287ms] [LOG] [DEBUG-RESOLVER] Final onboarding levels for "hspu": [] (0 total) @ https://out-run-app-git-worktree-streng-98e01f-davids-projects-0d6e1f97.vercel.app/_next/static/chunks/2378-c01d9a87a3ce5082.js:0
[  101292ms] [LOG] [DEBUG-RESOLVER] resolveContent("hspu", 1) → programId="hspu" @ https://out-run-app-git-worktree-streng-98e01f-davids-projects-0d6e1f97.vercel.app/_next/static/chunks/2378-c01d9a87a3ce5082.js:0
[  101292ms] [LOG] [DEBUG-RESOLVER] resolveContent("hspu", 2) → programId="hspu" @ https://out-run-app-git-worktree-streng-98e01f-davids-projects-0d6e1f97.vercel.app/_next/static/chunks/2378-c01d9a87a3ce5082.js:0
[  101292ms] [LOG] [DEBUG-RESOLVER] resolveContent("hspu", 2) → programId="hspu" @ https://out-run-app-git-worktree-streng-98e01f-davids-projects-0d6e1f97.vercel.app/_next/static/chunks/2378-c01d9a87a3ce5082.js:0
[  101428ms] [LOG] [DEBUG-RESOLVER] attempt1 getVisualContentItem("hspu", 2) → null @ https://out-run-app-git-worktree-streng-98e01f-davids-projects-0d6e1f97.vercel.app/_next/static/chunks/2378-c01d9a87a3ce5082.js:0
[  101429ms] [LOG] [DEBUG-RESOLVER] attempt1 getVisualContentItem("hspu", 2) → null @ https://out-run-app-git-worktree-streng-98e01f-davids-projects-0d6e1f97.vercel.app/_next/static/chunks/2378-c01d9a87a3ce5082.js:0
[  106146ms] [LOG] [DEBUG-RESOLVER] Incoming Category: one_arm_pullup Resolved Candidate IDs: [one_arm_pullup, cC0BOmm6KIqYAyQynEIo] @ https://out-run-app-git-worktree-streng-98e01f-davids-projects-0d6e1f97.vercel.app/_next/static/chunks/2378-c01d9a87a3ce5082.js:0
[  106329ms] [LOG] [DEBUG-FIRESTORE] Querying IDs: [one_arm_pullup, cC0BOmm6KIqYAyQynEIo] Snapshot size returned: 15 @ https://out-run-app-git-worktree-streng-98e01f-davids-projects-0d6e1f97.vercel.app/_next/static/chunks/2378-c01d9a87a3ce5082.js:0
[  106330ms] [LOG] [DEBUG-FIRESTORE] showInOnboarding=true levels: [1, 4, 6, 7, 8, 10, 11, 13] (8 total) @ https://out-run-app-git-worktree-streng-98e01f-davids-projects-0d6e1f97.vercel.app/_next/static/chunks/2378-c01d9a87a3ce5082.js:0
[  106330ms] [LOG] [DEBUG-RESOLVER] Final onboarding levels for "one_arm_pullup": [1, 4, 6, 7, 8, 10, 11, 13] (8 total) @ https://out-run-app-git-worktree-streng-98e01f-davids-projects-0d6e1f97.vercel.app/_next/static/chunks/2378-c01d9a87a3ce5082.js:0
[  106333ms] [LOG] [DEBUG-RESOLVER] resolveContent("one_arm_pullup", 1) → programId="cC0BOmm6KIqYAyQynEIo" @ https://out-run-app-git-worktree-streng-98e01f-davids-projects-0d6e1f97.vercel.app/_next/static/chunks/2378-c01d9a87a3ce5082.js:0
[  106334ms] [LOG] [DEBUG-RESOLVER] resolveContent("one_arm_pullup", 2) → programId="cC0BOmm6KIqYAyQynEIo" @ https://out-run-app-git-worktree-streng-98e01f-davids-projects-0d6e1f97.vercel.app/_next/static/chunks/2378-c01d9a87a3ce5082.js:0
[  106334ms] [LOG] [DEBUG-RESOLVER] resolveContent("one_arm_pullup", 2) → programId="cC0BOmm6KIqYAyQynEIo" @ https://out-run-app-git-worktree-streng-98e01f-davids-projects-0d6e1f97.vercel.app/_next/static/chunks/2378-c01d9a87a3ce5082.js:0
[  106470ms] [LOG] [VisualContentService] docToContent "cC0BOmm6KIqYAyQynEIo_2": {hasVideoVariantsField: true, hasVariantsField: false, rawType: array[0], parsedVariantsCount: 0, allTopLevelKeys: Array(14)} @ https://out-run-app-git-worktree-streng-98e01f-davids-projects-0d6e1f97.vercel.app/_next/static/chunks/2378-c01d9a87a3ce5082.js:0
[  106470ms] [LOG] [DEBUG-RESOLVER] attempt1 getVisualContentItem("cC0BOmm6KIqYAyQynEIo", 2) → FOUND @ https://out-run-app-git-worktree-streng-98e01f-davids-projects-0d6e1f97.vercel.app/_next/static/chunks/2378-c01d9a87a3ce5082.js:0
[  106470ms] [LOG] [VisualContentService] docToContent "cC0BOmm6KIqYAyQynEIo_2": {hasVideoVariantsField: true, hasVariantsField: false, rawType: array[0], parsedVariantsCount: 0, allTopLevelKeys: Array(14)} @ https://out-run-app-git-worktree-streng-98e01f-davids-projects-0d6e1f97.vercel.app/_next/static/chunks/2378-c01d9a87a3ce5082.js:0
[  106470ms] [LOG] [DEBUG-RESOLVER] attempt1 getVisualContentItem("cC0BOmm6KIqYAyQynEIo", 2) → FOUND @ https://out-run-app-git-worktree-streng-98e01f-davids-projects-0d6e1f97.vercel.app/_next/static/chunks/2378-c01d9a87a3ce5082.js:0
[  106593ms] [LOG] [ContentResolver] Level 2 — exercise video resolved: "מתח קומנדו" → https://vz-b17872ab-7a7.b-cdn.net/fc8e9782-ed5b-4047-9ac2-1f… @ https://out-run-app-git-worktree-streng-98e01f-davids-projects-0d6e1f97.vercel.app/_next/static/chunks/2378-c01d9a87a3ce5082.js:0
[  106593ms] [LOG] [ContentResolver] Level 2 — exercise video resolved: "מתח קומנדו" → https://vz-b17872ab-7a7.b-cdn.net/fc8e9782-ed5b-4047-9ac2-1f… @ https://out-run-app-git-worktree-streng-98e01f-davids-projects-0d6e1f97.vercel.app/_next/static/chunks/2378-c01d9a87a3ce5082.js:0
[  112929ms] [LOG] [DEBUG-RESOLVER] Incoming Category: core Resolved Candidate IDs: [core, kDMpobbKsuVTByTIKUpe] @ https://out-run-app-git-worktree-streng-98e01f-davids-projects-0d6e1f97.vercel.app/_next/static/chunks/2378-c01d9a87a3ce5082.js:0
[  113099ms] [LOG] [DEBUG-FIRESTORE] Querying IDs: [core, kDMpobbKsuVTByTIKUpe] Snapshot size returned: 20 @ https://out-run-app-git-worktree-streng-98e01f-davids-projects-0d6e1f97.vercel.app/_next/static/chunks/2378-c01d9a87a3ce5082.js:0
[  113099ms] [LOG] [DEBUG-FIRESTORE] showInOnboarding=true levels: [1, 3, 5, 7, 8, 10, 11, 14] (8 total) @ https://out-run-app-git-worktree-streng-98e01f-davids-projects-0d6e1f97.vercel.app/_next/static/chunks/2378-c01d9a87a3ce5082.js:0
[  113099ms] [LOG] [DEBUG-RESOLVER] Final onboarding levels for "core": [1, 3, 5, 7, 8, 10, 11, 14] (8 total) @ https://out-run-app-git-worktree-streng-98e01f-davids-projects-0d6e1f97.vercel.app/_next/static/chunks/2378-c01d9a87a3ce5082.js:0
[  113101ms] [LOG] [DEBUG-RESOLVER] resolveContent("core", 1) → programId="kDMpobbKsuVTByTIKUpe" @ https://out-run-app-git-worktree-streng-98e01f-davids-projects-0d6e1f97.vercel.app/_next/static/chunks/2378-c01d9a87a3ce5082.js:0
[  113102ms] [LOG] [DEBUG-RESOLVER] resolveContent("core", 2) → programId="kDMpobbKsuVTByTIKUpe" @ https://out-run-app-git-worktree-streng-98e01f-davids-projects-0d6e1f97.vercel.app/_next/static/chunks/2378-c01d9a87a3ce5082.js:0
[  113102ms] [LOG] [DEBUG-RESOLVER] resolveContent("core", 2) → programId="kDMpobbKsuVTByTIKUpe" @ https://out-run-app-git-worktree-streng-98e01f-davids-projects-0d6e1f97.vercel.app/_next/static/chunks/2378-c01d9a87a3ce5082.js:0
[  113229ms] [LOG] [VisualContentService] docToContent "kDMpobbKsuVTByTIKUpe_2": {hasVideoVariantsField: true, hasVariantsField: false, rawType: array[0], parsedVariantsCount: 0, allTopLevelKeys: Array(14)} @ https://out-run-app-git-worktree-streng-98e01f-davids-projects-0d6e1f97.vercel.app/_next/static/chunks/2378-c01d9a87a3ce5082.js:0
[  113229ms] [LOG] [DEBUG-RESOLVER] attempt1 getVisualContentItem("kDMpobbKsuVTByTIKUpe", 2) → FOUND @ https://out-run-app-git-worktree-streng-98e01f-davids-projects-0d6e1f97.vercel.app/_next/static/chunks/2378-c01d9a87a3ce5082.js:0
[  113229ms] [LOG] [VisualContentService] docToContent "kDMpobbKsuVTByTIKUpe_2": {hasVideoVariantsField: true, hasVariantsField: false, rawType: array[0], parsedVariantsCount: 0, allTopLevelKeys: Array(14)} @ https://out-run-app-git-worktree-streng-98e01f-davids-projects-0d6e1f97.vercel.app/_next/static/chunks/2378-c01d9a87a3ce5082.js:0
[  113229ms] [LOG] [DEBUG-RESOLVER] attempt1 getVisualContentItem("kDMpobbKsuVTByTIKUpe", 2) → FOUND @ https://out-run-app-git-worktree-streng-98e01f-davids-projects-0d6e1f97.vercel.app/_next/static/chunks/2378-c01d9a87a3ce5082.js:0
[  113351ms] [LOG] [ContentResolver] Level 2 — exercise video resolved: "כפיפות בטן" → https://vz-b17872ab-7a7.b-cdn.net/cc132d16-7560-4dbb-841e-9f… @ https://out-run-app-git-worktree-streng-98e01f-davids-projects-0d6e1f97.vercel.app/_next/static/chunks/2378-c01d9a87a3ce5082.js:0
[  113351ms] [LOG] [ContentResolver] Level 2 — exercise video resolved: "כפיפות בטן" → https://vz-b17872ab-7a7.b-cdn.net/cc132d16-7560-4dbb-841e-9f… @ https://out-run-app-git-worktree-streng-98e01f-davids-projects-0d6e1f97.vercel.app/_next/static/chunks/2378-c01d9a87a3ce5082.js:0
[  121275ms] [LOG] [DEBUG-RESOLVER] resolveContent("core", 7) → programId="kDMpobbKsuVTByTIKUpe" @ https://out-run-app-git-worktree-streng-98e01f-davids-projects-0d6e1f97.vercel.app/_next/static/chunks/2378-c01d9a87a3ce5082.js:0
[  121409ms] [LOG] [VisualContentService] docToContent "kDMpobbKsuVTByTIKUpe_7": {hasVideoVariantsField: true, hasVariantsField: false, rawType: array[0], parsedVariantsCount: 0, allTopLevelKeys: Array(14)} @ https://out-run-app-git-worktree-streng-98e01f-davids-projects-0d6e1f97.vercel.app/_next/static/chunks/2378-c01d9a87a3ce5082.js:0
[  121410ms] [LOG] [DEBUG-RESOLVER] attempt1 getVisualContentItem("kDMpobbKsuVTByTIKUpe", 7) → FOUND @ https://out-run-app-git-worktree-streng-98e01f-davids-projects-0d6e1f97.vercel.app/_next/static/chunks/2378-c01d9a87a3ce5082.js:0
[  121551ms] [LOG] [ContentResolver] Level 7 — exercise video resolved: "ישיבת L ברכיים כפופות" → https://vz-b17872ab-7a7.b-cdn.net/d4e3274f-791d-4218-ba19-b1… @ https://out-run-app-git-worktree-streng-98e01f-davids-projects-0d6e1f97.vercel.app/_next/static/chunks/2378-c01d9a87a3ce5082.js:0
[  121552ms] [LOG] [DEBUG-RESOLVER] resolveContent("core", 6) → programId="kDMpobbKsuVTByTIKUpe" @ https://out-run-app-git-worktree-streng-98e01f-davids-projects-0d6e1f97.vercel.app/_next/static/chunks/2378-c01d9a87a3ce5082.js:0
[  121552ms] [LOG] [DEBUG-RESOLVER] resolveContent("core", 8) → programId="kDMpobbKsuVTByTIKUpe" @ https://out-run-app-git-worktree-streng-98e01f-davids-projects-0d6e1f97.vercel.app/_next/static/chunks/2378-c01d9a87a3ce5082.js:0
[  121552ms] [LOG] [DEBUG-RESOLVER] resolveContent("core", 8) → programId="kDMpobbKsuVTByTIKUpe" @ https://out-run-app-git-worktree-streng-98e01f-davids-projects-0d6e1f97.vercel.app/_next/static/chunks/2378-c01d9a87a3ce5082.js:0
[  121700ms] [LOG] [VisualContentService] docToContent "kDMpobbKsuVTByTIKUpe_6": {hasVideoVariantsField: true, hasVariantsField: false, rawType: array[0], parsedVariantsCount: 0, allTopLevelKeys: Array(14)} @ https://out-run-app-git-worktree-streng-98e01f-davids-projects-0d6e1f97.vercel.app/_next/static/chunks/2378-c01d9a87a3ce5082.js:0
[  121701ms] [LOG] [DEBUG-RESOLVER] attempt1 getVisualContentItem("kDMpobbKsuVTByTIKUpe", 6) → FOUND @ https://out-run-app-git-worktree-streng-98e01f-davids-projects-0d6e1f97.vercel.app/_next/static/chunks/2378-c01d9a87a3ce5082.js:0
[  121746ms] [LOG] [VisualContentService] docToContent "kDMpobbKsuVTByTIKUpe_8": {hasVideoVariantsField: true, hasVariantsField: false, rawType: array[0], parsedVariantsCount: 0, allTopLevelKeys: Array(14)} @ https://out-run-app-git-worktree-streng-98e01f-davids-projects-0d6e1f97.vercel.app/_next/static/chunks/2378-c01d9a87a3ce5082.js:0
[  121746ms] [LOG] [DEBUG-RESOLVER] attempt1 getVisualContentItem("kDMpobbKsuVTByTIKUpe", 8) → FOUND @ https://out-run-app-git-worktree-streng-98e01f-davids-projects-0d6e1f97.vercel.app/_next/static/chunks/2378-c01d9a87a3ce5082.js:0
[  121746ms] [LOG] [VisualContentService] docToContent "kDMpobbKsuVTByTIKUpe_8": {hasVideoVariantsField: true, hasVariantsField: false, rawType: array[0], parsedVariantsCount: 0, allTopLevelKeys: Array(14)} @ https://out-run-app-git-worktree-streng-98e01f-davids-projects-0d6e1f97.vercel.app/_next/static/chunks/2378-c01d9a87a3ce5082.js:0
[  121746ms] [LOG] [DEBUG-RESOLVER] attempt1 getVisualContentItem("kDMpobbKsuVTByTIKUpe", 8) → FOUND @ https://out-run-app-git-worktree-streng-98e01f-davids-projects-0d6e1f97.vercel.app/_next/static/chunks/2378-c01d9a87a3ce5082.js:0
[  121825ms] [LOG] [ContentResolver] Level 6 — exercise video resolved: "החזקת הולו באדי" → https://vz-b17872ab-7a7.b-cdn.net/cbbb9f6e-ec4e-464c-a7d9-bd… @ https://out-run-app-git-worktree-streng-98e01f-davids-projects-0d6e1f97.vercel.app/_next/static/chunks/2378-c01d9a87a3ce5082.js:0
[  121903ms] [LOG] [ContentResolver] Level 8 — exercise video resolved: "עליות ברכיים כפופות בתלייה" → https://vz-b17872ab-7a7.b-cdn.net/4e483f34-7eee-4b7e-9fb6-44… @ https://out-run-app-git-worktree-streng-98e01f-davids-projects-0d6e1f97.vercel.app/_next/static/chunks/2378-c01d9a87a3ce5082.js:0
[  121903ms] [LOG] [ContentResolver] Level 8 — exercise video resolved: "עליות ברכיים כפופות בתלייה" → https://vz-b17872ab-7a7.b-cdn.net/4e483f34-7eee-4b7e-9fb6-44… @ https://out-run-app-git-worktree-streng-98e01f-davids-projects-0d6e1f97.vercel.app/_next/static/chunks/2378-c01d9a87a3ce5082.js:0
[  125431ms] [LOG] [DEBUG-RESOLVER] resolveContent("core", 1) → programId="kDMpobbKsuVTByTIKUpe" @ https://out-run-app-git-worktree-streng-98e01f-davids-projects-0d6e1f97.vercel.app/_next/static/chunks/2378-c01d9a87a3ce5082.js:0
[  125431ms] [LOG] [DEBUG-RESOLVER] resolveContent("core", 2) → programId="kDMpobbKsuVTByTIKUpe" @ https://out-run-app-git-worktree-streng-98e01f-davids-projects-0d6e1f97.vercel.app/_next/static/chunks/2378-c01d9a87a3ce5082.js:0
[  125431ms] [LOG] [DEBUG-RESOLVER] resolveContent("core", 2) → programId="kDMpobbKsuVTByTIKUpe" @ https://out-run-app-git-worktree-streng-98e01f-davids-projects-0d6e1f97.vercel.app/_next/static/chunks/2378-c01d9a87a3ce5082.js:0
[  138650ms] [LOG] [Assessment] Persisting results: {programId: hspu, levelMode: manual, resolvedLevelId: hspu_level_1, average: 3, levels: Object} @ https://out-run-app-git-worktree-streng-98e01f-davids-projects-0d6e1f97.vercel.app/_next/static/chunks/app/onboarding-new/assessment-visual/page-6cc36b03c0fe4217.js:0
[  138996ms] [LOG] [BranchingLogic] Computed context: {levels: Object, average: 0, tier: beginner, matchedRuleId: undefined, matchedRuleAction: undefined} @ https://out-run-app-git-worktree-streng-98e01f-davids-projects-0d6e1f97.vercel.app/_next/static/chunks/9140-39cc07ca47c189b3.js:0
[  139581ms] [LOG] [OnboardingSync][DIAG] doc snapshot {uid: XoM8TeqSRcUTTSWCniVihSJ1tnV2, step: COMPLETED, mode: UPDATE, hasCore: true, coreRole: (absent)} @ https://out-run-app-git-worktree-streng-98e01f-davids-projects-0d6e1f97.vercel.app/_next/static/chunks/9140-39cc07ca47c189b3.js:0
[  139581ms] [LOG] [OnboardingSync] Persona Engine → primaryTrack: health (goal-derived) → dashboardMode: DEFAULT @ https://out-run-app-git-worktree-streng-98e01f-davids-projects-0d6e1f97.vercel.app/_next/static/chunks/9140-39cc07ca47c189b3.js:0
[  139753ms] [LOG] [onboarding-sync] maxLevels source: CMS (14 programs) {human_flag: 10, push: 25, full_body: 15, core: 20, pull: 25} @ https://out-run-app-git-worktree-streng-98e01f-davids-projects-0d6e1f97.vercel.app/_next/static/chunks/9140-39cc07ca47c189b3.js:0
[  139753ms] [LOG] [OnboardingSync] Path C: activeProgram= calisthenics_upper skillFocusIds= [hspu, one_arm_pullup] focusDomains= [hspu, one_arm_pullup] @ https://out-run-app-git-worktree-streng-98e01f-davids-projects-0d6e1f97.vercel.app/_next/static/chunks/9140-39cc07ca47c189b3.js:0
[  139754ms] [LOG] [OnboardingSync] Using assignedResults from dynamic questionnaire: [Object] @ https://out-run-app-git-worktree-streng-98e01f-davids-projects-0d6e1f97.vercel.app/_next/static/chunks/9140-39cc07ca47c189b3.js:0
[  139754ms] [LOG] [OnboardingSync] Skill→Foundation (multi-skill): push L10 (max derived from sub-levels, offset +9) @ https://out-run-app-git-worktree-streng-98e01f-davids-projects-0d6e1f97.vercel.app/_next/static/chunks/9140-39cc07ca47c189b3.js:0
[  139754ms] [LOG] [OnboardingSync] Skill→Foundation (multi-skill): pull L10 (max derived from sub-levels, offset +9) @ https://out-run-app-git-worktree-streng-98e01f-davids-projects-0d6e1f97.vercel.app/_next/static/chunks/9140-39cc07ca47c189b3.js:0
[  139754ms] [LOG] [OnboardingSync] Writing progression.tracks (Path B/C assessment levels): {calisthenics_upper: Object, hspu: Object, one_arm_pullup: Object, core: Object, push: Object} @ https://out-run-app-git-worktree-streng-98e01f-davids-projects-0d6e1f97.vercel.app/_next/static/chunks/9140-39cc07ca47c189b3.js:0
[  139754ms] [LOG] [OnboardingSync] Path C Ghost Purge: stripped unassessed `legs`/`core` placeholders. Remaining domains: [human_flag, push, full_body, core, pull, one_arm_pullup, muscle_up, handstand, planche, upper_body, front_lever, calisthenics_upper, handstand_pushup, hspu], tracks: [calisthenics_upper, hspu, one_arm_pullup, core, push, pull] @ https://out-run-app-git-worktree-streng-98e01f-davids-projects-0d6e1f97.vercel.app/_next/static/chunks/9140-39cc07ca47c189b3.js:0
[  139754ms] [LOG] [OnboardingSync][DIAG] payload {uid: XoM8TeqSRcUTTSWCniVihSJ1tnV2, step: COMPLETED, mode: UPDATE, topLevelKeys: Array(14), coreKeys: Array(11)} @ https://out-run-app-git-worktree-streng-98e01f-davids-projects-0d6e1f97.vercel.app/_next/static/chunks/9140-39cc07ca47c189b3.js:0
[  139973ms] [LOG] [OnboardingSync] Kicking off background master-level recalculation for 6 tracks (non-blocking). @ https://out-run-app-git-worktree-streng-98e01f-davids-projects-0d6e1f97.vercel.app/_next/static/chunks/9140-39cc07ca47c189b3.js:0
[  140151ms] [LOG] [OnboardingSync] Synced step "COMPLETED" to Firestore for user XoM8TeqSRcUTTSWCniVihSJ1tnV2 @ https://out-run-app-git-worktree-streng-98e01f-davids-projects-0d6e1f97.vercel.app/_next/static/chunks/9140-39cc07ca47c189b3.js:0
[  140281ms] [INFO] [User Service] User XoM8TeqSRcUTTSWCniVihSJ1tnV2 has missing or empty equipment profile. This may affect Smart Swap functionality. Please update user equipment in the admin panel. @ https://out-run-app-git-worktree-streng-98e01f-davids-projects-0d6e1f97.vercel.app/_next/static/chunks/9140-39cc07ca47c189b3.js:0
[  140340ms] [LOG] [HealthDeclaration] pdf-service preloaded in background. @ https://out-run-app-git-worktree-streng-98e01f-davids-projects-0d6e1f97.vercel.app/_next/static/chunks/7343-52f937f3d4f34f2e.js:0
[  140780ms] [WARNING] [Programs] getProgramByTemplateId: no match for "hspu" @ https://out-run-app-git-worktree-streng-98e01f-davids-projects-0d6e1f97.vercel.app/_next/static/chunks/1418-c58e72d8b610d136.js:0
[  141335ms] [LOG] [Progression] Master "47smw26hUyG5ZbE1bhr3" (slug: "upper_body") recalculated → Level 10, 0.00% (from 2 children) @ https://out-run-app-git-worktree-streng-98e01f-davids-projects-0d6e1f97.vercel.app/_next/static/chunks/9140-39cc07ca47c189b3.js:0
[  141377ms] [LOG] [KellyBot] Welcome DM seeded for user: XoM8TeqSRcUTTSWCniVihSJ1tnV2 @ https://out-run-app-git-worktree-streng-98e01f-davids-projects-0d6e1f97.vercel.app/_next/static/chunks/9140-39cc07ca47c189b3.js:0
[  141545ms] [LOG] [Progression] Master "47smw26hUyG5ZbE1bhr3" (slug: "upper_body") recalculated → Level 10, 0.00% (from 2 children) @ https://out-run-app-git-worktree-streng-98e01f-davids-projects-0d6e1f97.vercel.app/_next/static/chunks/9140-39cc07ca47c189b3.js:0
[  141895ms] [LOG] [Progression] Master "H2279XsRGDg9G370J7S9" (slug: "full_body") recalculated → Level 10, 0.00% (from 5 children) @ https://out-run-app-git-worktree-streng-98e01f-davids-projects-0d6e1f97.vercel.app/_next/static/chunks/9140-39cc07ca47c189b3.js:0
[  142412ms] [LOG] [Progression] calisthenics_upper averaging: Tier 1 skillFocusIds → [hspu, one_arm_pullup] @ https://out-run-app-git-worktree-streng-98e01f-davids-projects-0d6e1f97.vercel.app/_next/static/chunks/9140-39cc07ca47c189b3.js:0
[  142412ms] [WARNING] [Progression] getMasterProgramProgress: empty filter for master "calisthenics_upper" (id: "JCac76p48XGZ5MVahLI2") — 3 configured children [core, push, pull] were ALL rejected by the averaging filter. skillFocusIds: [hspu, one_arm_pullup]. Aborting recalculation to prevent level wipeout (routingEmptySkip=true). @ https://out-run-app-git-worktree-streng-98e01f-davids-projects-0d6e1f97.vercel.app/_next/static/chunks/9140-39cc07ca47c189b3.js:0
[  142413ms] [WARNING] [Progression] recalculateMasterLevel: ABORTED write for master "JCac76p48XGZ5MVahLI2" (slug: "calisthenics_upper") — routingEmptySkip flag set by getMasterProgramProgress. Existing level 1 preserved. Check slug map coverage for skill program hashes in subPrograms[]. @ https://out-run-app-git-worktree-streng-98e01f-davids-projects-0d6e1f97.vercel.app/_next/static/chunks/9140-39cc07ca47c189b3.js:0
[  143149ms] [LOG] [Progression] Master "H2279XsRGDg9G370J7S9" (slug: "full_body") recalculated → Level 10, 0.00% (from 5 children) @ https://out-run-app-git-worktree-streng-98e01f-davids-projects-0d6e1f97.vercel.app/_next/static/chunks/9140-39cc07ca47c189b3.js:0
[  143217ms] [LOG] [Progression] Master "H2279XsRGDg9G370J7S9" (slug: "full_body") recalculated → Level 10, 0.00% (from 5 children) @ https://out-run-app-git-worktree-streng-98e01f-davids-projects-0d6e1f97.vercel.app/_next/static/chunks/9140-39cc07ca47c189b3.js:0
[  143359ms] [LOG] [Progression] calisthenics_upper averaging: Tier 1 skillFocusIds → [hspu, one_arm_pullup] @ https://out-run-app-git-worktree-streng-98e01f-davids-projects-0d6e1f97.vercel.app/_next/static/chunks/9140-39cc07ca47c189b3.js:0
[  143359ms] [WARNING] [Progression] getMasterProgramProgress: empty filter for master "calisthenics_upper" (id: "JCac76p48XGZ5MVahLI2") — 3 configured children [core, push, pull] were ALL rejected by the averaging filter. skillFocusIds: [hspu, one_arm_pullup]. Aborting recalculation to prevent level wipeout (routingEmptySkip=true). @ https://out-run-app-git-worktree-streng-98e01f-davids-projects-0d6e1f97.vercel.app/_next/static/chunks/9140-39cc07ca47c189b3.js:0
[  143359ms] [WARNING] [Progression] recalculateMasterLevel: ABORTED write for master "JCac76p48XGZ5MVahLI2" (slug: "calisthenics_upper") — routingEmptySkip flag set by getMasterProgramProgress. Existing level 1 preserved. Check slug map coverage for skill program hashes in subPrograms[]. @ https://out-run-app-git-worktree-streng-98e01f-davids-projects-0d6e1f97.vercel.app/_next/static/chunks/9140-39cc07ca47c189b3.js:0
[  144545ms] [LOG] [Progression] calisthenics_upper averaging: Tier 1 skillFocusIds → [hspu, one_arm_pullup] @ https://out-run-app-git-worktree-streng-98e01f-davids-projects-0d6e1f97.vercel.app/_next/static/chunks/9140-39cc07ca47c189b3.js:0
[  144545ms] [WARNING] [Progression] getMasterProgramProgress: empty filter for master "calisthenics_upper" (id: "JCac76p48XGZ5MVahLI2") — 3 configured children [core, push, pull] were ALL rejected by the averaging filter. skillFocusIds: [hspu, one_arm_pullup]. Aborting recalculation to prevent level wipeout (routingEmptySkip=true). @ https://out-run-app-git-worktree-streng-98e01f-davids-projects-0d6e1f97.vercel.app/_next/static/chunks/9140-39cc07ca47c189b3.js:0
[  144545ms] [WARNING] [Progression] recalculateMasterLevel: ABORTED write for master "JCac76p48XGZ5MVahLI2" (slug: "calisthenics_upper") — routingEmptySkip flag set by getMasterProgramProgress. Existing level 1 preserved. Check slug map coverage for skill program hashes in subPrograms[]. @ https://out-run-app-git-worktree-streng-98e01f-davids-projects-0d6e1f97.vercel.app/_next/static/chunks/9140-39cc07ca47c189b3.js:0
[  144545ms] [LOG] [Progression] calisthenics_upper averaging: Tier 1 skillFocusIds → [hspu, one_arm_pullup] @ https://out-run-app-git-worktree-streng-98e01f-davids-projects-0d6e1f97.vercel.app/_next/static/chunks/9140-39cc07ca47c189b3.js:0
[  144545ms] [WARNING] [Progression] getMasterProgramProgress: empty filter for master "calisthenics_upper" (id: "JCac76p48XGZ5MVahLI2") — 3 configured children [core, push, pull] were ALL rejected by the averaging filter. skillFocusIds: [hspu, one_arm_pullup]. Aborting recalculation to prevent level wipeout (routingEmptySkip=true). @ https://out-run-app-git-worktree-streng-98e01f-davids-projects-0d6e1f97.vercel.app/_next/static/chunks/9140-39cc07ca47c189b3.js:0
[  144545ms] [WARNING] [Progression] recalculateMasterLevel: ABORTED write for master "JCac76p48XGZ5MVahLI2" (slug: "calisthenics_upper") — routingEmptySkip flag set by getMasterProgramProgress. Existing level 1 preserved. Check slug map coverage for skill program hashes in subPrograms[]. @ https://out-run-app-git-worktree-streng-98e01f-davids-projects-0d6e1f97.vercel.app/_next/static/chunks/9140-39cc07ca47c189b3.js:0
[  145772ms] [LOG] [Progression] Master "fTLWzjP9gH2VNpamyCZF" (slug: "muscle_up") recalculated → Level 10, 0.00% (from 2 children) @ https://out-run-app-git-worktree-streng-98e01f-davids-projects-0d6e1f97.vercel.app/_next/static/chunks/9140-39cc07ca47c189b3.js:0
[  145792ms] [LOG] [Progression] Master "fTLWzjP9gH2VNpamyCZF" (slug: "muscle_up") recalculated → Level 10, 0.00% (from 2 children) @ https://out-run-app-git-worktree-streng-98e01f-davids-projects-0d6e1f97.vercel.app/_next/static/chunks/9140-39cc07ca47c189b3.js:0
[  146026ms] [LOG] ✅ [OnboardingSync] Background master program levels recalculated. @ https://out-run-app-git-worktree-streng-98e01f-davids-projects-0d6e1f97.vercel.app/_next/static/chunks/9140-39cc07ca47c189b3.js:0
